=== CERTIFY /var/lib/t3/tmp/orient-fine/pins/pin-159.078760404.json raw=159.07876040364795 fp=e28fba007f8031d49f1a8bb54a2776cd972196448aaa02a4251838b617c8237b sha256=1535067297279e46680826b3e28d2f8ec635575d0324626b9168fca7fdf6145f
[    2.8s] cert-replay-m27: mode=27 exactValid=True contractValid=True depth=159.079 raw=159.07876040364795 parent=159.079 fp=e28fba007f8031d4 | before Nonep/Noneb after Nonep/Noneb cap=None maxDisp=None moved=None resid=None | 
[    3.0s] cert-replay-m30: mode=30 exactValid=True contractValid=True depth=159.079 raw=159.07876040364795 parent=159.079 fp=e28fba007f8031d4 | before 0p/0b after 0p/0b cap=0.0 maxDisp=None moved=0 resid=0.0 | 
[    5.2s] cert-replay-m22-s0: mode=22 exactValid=True contractValid=True depth=159.079 raw=159.07876040364795 parent=159.079 fp=e28fba007f8031d4 | before Nonep/Noneb after Nonep/Noneb cap=None maxDisp=None moved=None resid=None | 
[    4.3s] cert-replay-m22-s1: mode=22 exactValid=True contractValid=True depth=159.079 raw=159.07876040364795 parent=159.079 fp=e28fba007f8031d4 | before Nonep/Noneb after Nonep/Noneb cap=None maxDisp=None moved=None resid=None | 
[    5.2s] cert-replay-m22-s2: mode=22 exactValid=True contractValid=True depth=159.079 raw=159.07876040364795 parent=159.079 fp=e28fba007f8031d4 | before Nonep/Noneb after Nonep/Noneb cap=None maxDisp=None moved=None resid=None | 
[    4.5s] cert-replay-m22-s3: mode=22 exactValid=True contractValid=True depth=159.079 raw=159.07876040364795 parent=159.079 fp=e28fba007f8031d4 | before Nonep/Noneb after Nonep/Noneb cap=None maxDisp=None moved=None resid=None | 
   REPLAY mode27: exactValid=True contractValid=True raw=159.07876040364795 fp=e28fba007f8031d4 reproduces=True
   REPLAY mode30: exactValid=True contractValid=True raw=159.07876040364795 fp=e28fba007f8031d4 reproduces=True
   REPLAY mode22-seed0: exactValid=True contractValid=True raw=159.07876040364795 fp=e28fba007f8031d4 reproduces=True
   REPLAY mode22-seed1: exactValid=True contractValid=True raw=159.07876040364795 fp=e28fba007f8031d4 reproduces=True
   REPLAY mode22-seed2: exactValid=True contractValid=True raw=159.07876040364795 fp=e28fba007f8031d4 reproduces=True
   REPLAY mode22-seed3: exactValid=True contractValid=True raw=159.07876040364795 fp=e28fba007f8031d4 reproduces=True
[    2.9s] cert-m31-e0.006: mode=31 exactValid=False contractValid=True depth=None raw=159.07876040364795 parent=159.079 fp= | before 0p/12b after 1p/11b cap=0.2278400000000147 maxDisp=0.22853664913969488 moved=49 resid=0.01538724172449233 | global legalization did not reach a feasible fixpoint: 1 violating pairs and 11 boundary p
[    2.9s] cert-m31-e0.012: mode=31 exactValid=False contractValid=True depth=None raw=159.07876040364795 parent=159.079 fp= | before 0p/12b after 1p/0b cap=0.32384000000001834 maxDisp=0.25100199202396783 moved=48 resid=0.02130992357623073 | global legalization did not reach a feasible fixpoint: 1 violating pairs and 0 boundary pi
[    3.0s] cert-m31-e0.025: mode=31 exactValid=False contractValid=True depth=None raw=159.07876040364795 parent=159.079 fp= | before 0p/12b after 1p/2b cap=0.5318399999996473 maxDisp=0.39404568263083406 moved=50 resid=0.04222549533065626 | global legalization did not reach a feasible fixpoint: 1 violating pairs and 2 boundary pi
[    3.0s] cert-m31-e0.04: mode=31 exactValid=False contractValid=True depth=None raw=159.07876040364795 parent=159.079 fp= | before 0p/12b after 1p/1b cap=0.7718399999998837 maxDisp=0.3790474904283103 moved=50 resid=0.057105788982312305 | global legalization did not reach a feasible fixpoint: 1 violating pairs and 1 boundary pi
-- flatten 0.0005: depth 159.078260404, 1 moved
[    2.9s] cert-new-flat0.0005-m33-p0.05: mode=33 exactValid=True contractValid=True depth=159.079 raw=159.07876040364792 parent=159.078 fp=e28fba007f8031d4 | before Nonep/Noneb after Nonep/Noneb cap=None maxDisp=None moved=None resid=None | 
   ~ pairs=1 bnd=0 comp=1 maxComp=2 /7 ej=2 /7 att=True matDef=None orders=1/2 swaps=0 cRep=1 cRef=0 | acceptedAnchorLocal=0 acceptedOrientation=0 acceptedStation=0 acceptedVacated=2 candidates=5217 finalists=5 rows=77 variants=74
[    2.9s] cert-new-flat0.0005-m33-p2.0: mode=33 exactValid=True contractValid=True depth=159.079 raw=159.07876040364792 parent=159.078 fp=e28fba007f8031d4 | before Nonep/Noneb after Nonep/Noneb cap=None maxDisp=None moved=None resid=None | 
   ~ pairs=1 bnd=0 comp=1 maxComp=2 /7 ej=2 /7 att=True matDef=None orders=1/2 swaps=0 cRep=1 cRef=0 | acceptedAnchorLocal=0 acceptedOrientation=0 acceptedStation=0 acceptedVacated=2 candidates=5217 finalists=5 rows=77 variants=74
[    2.9s] cert-base-flat0.0005-m33-p0.05: mode=33 exactValid=True contractValid=True depth=159.079 raw=159.07876040364792 parent=159.078 fp=e28fba007f8031d4 | before Nonep/Noneb after Nonep/Noneb cap=None maxDisp=None moved=None resid=None | 
   ~ pairs=1 bnd=0 comp=1 maxComp=2 /7 ej=2 /7 att=True matDef=None orders=1/2 swaps=0 cRep=1 cRef=0 | acceptedAnchorLocal=0 acceptedOrientation=0 acceptedStation=0 acceptedVacated=2 candidates=4089 finalists=3 rows=2074 variants=58
[    3.0s] cert-base-flat0.0005-m33-p2.0: mode=33 exactValid=True contractValid=True depth=159.079 raw=159.07876040364792 parent=159.078 fp=e28fba007f8031d4 | before Nonep/Noneb after Nonep/Noneb cap=None maxDisp=None moved=None resid=None | 
   ~ pairs=1 bnd=0 comp=1 maxComp=2 /7 ej=2 /7 att=True matDef=None orders=1/2 swaps=0 cRep=1 cRef=0 | acceptedAnchorLocal=0 acceptedOrientation=0 acceptedStation=0 acceptedVacated=2 candidates=4089 finalists=3 rows=2074 variants=58
-- flatten 0.001: depth 159.077760404, 2 moved
[    3.0s] cert-new-flat0.001-m33-p0.05: mode=33 exactValid=True contractValid=True depth=159.08 raw=159.07980956584512 parent=159.078 fp=e7ba4ccddcd5af54 | before Nonep/Noneb after Nonep/Noneb cap=None maxDisp=None moved=None resid=None | 
   ~ pairs=1 bnd=0 comp=1 maxComp=2 /7 ej=2 /7 att=True matDef=0.0001581767953826585 orders=1/2 swaps=0 cRep=1 cRef=0 | acceptedAnchorLocal=0 acceptedAngles=[('54345eb7-a37e-45eb-b0fd-eccffdfa14cc-copy-3', 179.946411, -0.0032, False)] acceptedOrientation=1 acceptedStation=0 acceptedVacated=1 candidates=5217 finalists=4 rows=2646 variants=74
[    3.1s] cert-new-flat0.001-m33-p2.0: mode=33 exactValid=True contractValid=True depth=159.08 raw=159.07980956584512 parent=159.078 fp=e7ba4ccddcd5af54 | before Nonep/Noneb after Nonep/Noneb cap=None maxDisp=None moved=None resid=None | 
   ~ pairs=1 bnd=0 comp=1 maxComp=2 /7 ej=2 /7 att=True matDef=0.0001581767953826585 orders=1/2 swaps=0 cRep=1 cRef=0 | acceptedAnchorLocal=0 acceptedAngles=[('54345eb7-a37e-45eb-b0fd-eccffdfa14cc-copy-3', 179.946411, -0.0032, False)] acceptedOrientation=1 acceptedStation=0 acceptedVacated=1 candidates=5217 finalists=4 rows=2646 variants=74
[    3.1s] cert-base-flat0.001-m33-p0.05: mode=33 exactValid=False contractValid=False depth=None raw=159.07776040364794 parent=159.078 fp= | before Nonep/Noneb after Nonep/Noneb cap=None maxDisp=None moved=None resid=None | no insertion order re-placed the 1 violation components inside the 159.12876 mm bound
   ~ pairs=1 bnd=0 comp=1 maxComp=2 /7 ej=2 /7 att=True matDef=0.0001581767953826585 orders=2/2 swaps=1 cRep=0 cRef=1 | acceptedAnchorLocal=4 acceptedAngles=[('28f5a1d1-afd4-46e4-b2b9-f1841386be28-copy-3', 359.944444, 0.0, True), ('28f5a1d1-afd4-46e4-b2b9-f1841386be28-copy-3', 359.944444, 0.0, True), ('28f5a1d1-afd4-46e4-b2b9-f1841386be28-copy-3', 359.944444, 0.0, True), ('28f5a1d1-afd4-46e4-b2b9-f1841386be28-copy-3', 359.944444, 0.0, True), ('28f5a1d1-afd4-46e4-b2b9-f1841386be28-copy-3', 359.944444, 0.0, True), ('28f5a1d1-afd4-46e4-b2b9-f1841386be28-copy-3', 359.944444, 0.0, True), ('28f5a1d1-afd4-46e4-b2b9-f1841386be28-copy-3', 359.944444, 0.0, True), ('28f5a1d1-afd4-46e4-b2b9-f1841386be28-copy-3', 359.944444, 0.0, True)] acceptedOrientation=8 acceptedStation=0 acceptedVacated=5 candidates=71572 finalists=32 rows=37302 variants=1015
[    3.1s] cert-base-flat0.001-m33-p2.0: mode=33 exactValid=False contractValid=False depth=None raw=159.07776040364794 parent=159.078 fp= | before Nonep/Noneb after Nonep/Noneb cap=None maxDisp=None moved=None resid=None | no insertion order re-placed the 1 violation components inside the 161.07876 mm bound
   ~ pairs=1 bnd=0 comp=1 maxComp=2 /7 ej=2 /7 att=True matDef=0.0001581767953826585 orders=2/2 swaps=1 cRep=0 cRef=1 | acceptedAnchorLocal=4 acceptedAngles=[('28f5a1d1-afd4-46e4-b2b9-f1841386be28-copy-3', 359.944444, 0.0, True), ('28f5a1d1-afd4-46e4-b2b9-f1841386be28-copy-3', 359.944444, 0.0, True), ('28f5a1d1-afd4-46e4-b2b9-f1841386be28-copy-3', 359.944444, 0.0, True), ('28f5a1d1-afd4-46e4-b2b9-f1841386be28-copy-3', 359.944444, 0.0, True), ('28f5a1d1-afd4-46e4-b2b9-f1841386be28-copy-3', 359.944444, 0.0, True), ('28f5a1d1-afd4-46e4-b2b9-f1841386be28-copy-3', 359.944444, 0.0, True), ('28f5a1d1-afd4-46e4-b2b9-f1841386be28-copy-3', 359.944444, 0.0, True), ('28f5a1d1-afd4-46e4-b2b9-f1841386be28-copy-3', 359.944444, 0.0, True)] acceptedOrientation=8 acceptedStation=0 acceptedVacated=5 candidates=71572 finalists=32 rows=37302 variants=1015
-- flatten 0.002: depth 159.076760404, 3 moved
[    2.9s] cert-new-flat0.002-m33-p0.05: mode=33 exactValid=True contractValid=True depth=159.079 raw=159.07876040364792 parent=159.077 fp=5ddb62de2c119d97 | before Nonep/Noneb after Nonep/Noneb cap=None maxDisp=None moved=None resid=None | 
   ~ pairs=2 bnd=0 comp=2 maxComp=2 /7 ej=4 /7 att=True matDef=0.0011581763252932475 orders=3/4 swaps=0 cRep=2 cRef=0 | acceptedAnchorLocal=1 acceptedAngles=[('54345eb7-a37e-45eb-b0fd-eccffdfa14cc-copy-2', 359.989925, -0.0032, False)] acceptedOrientation=1 acceptedStation=0 acceptedVacated=3 candidates=19351 finalists=2 rows=5180 variants=222
[    2.8s] cert-new-flat0.002-m33-p2.0: mode=33 exactValid=True contractValid=True depth=159.177 raw=159.17699885062 parent=159.077 fp=94b23bee672ea2b0 | before Nonep/Noneb after Nonep/Noneb cap=None maxDisp=None moved=None resid=None | 
   ~ pairs=2 bnd=0 comp=2 maxComp=2 /7 ej=4 /7 att=True matDef=0.0011581763252932475 orders=3/4 swaps=0 cRep=2 cRef=0 | acceptedAnchorLocal=2 acceptedOrientation=0 acceptedStation=0 acceptedVacated=3 candidates=19351 finalists=0 rows=2590 variants=222
[    3.2s] cert-base-flat0.002-m33-p0.05: mode=33 exactValid=False contractValid=False depth=None raw=159.07676040364794 parent=159.077 fp= | before Nonep/Noneb after Nonep/Noneb cap=None maxDisp=None moved=None resid=None | no insertion order re-placed the 2 violation components inside the 159.12876 mm bound
   ~ pairs=2 bnd=0 comp=2 maxComp=2 /7 ej=4 /7 att=True matDef=0.0011581763252932475 orders=3/4 swaps=1 cRep=1 cRef=1 | acceptedAnchorLocal=13 acceptedOrientation=0 acceptedStation=1 acceptedVacated=6 candidates=80127 finalists=0 rows=38570 variants=1102
[    2.9s] cert-base-flat0.002-m33-p2.0: mode=33 exactValid=True contractValid=True depth=159.177 raw=159.17699885062 parent=159.077 fp=94b23bee672ea2b0 | before Nonep/Noneb after Nonep/Noneb cap=None maxDisp=None moved=None resid=None | 
   ~ pairs=2 bnd=0 comp=2 maxComp=2 /7 ej=4 /7 att=True matDef=0.0011581763252932475 orders=3/4 swaps=0 cRep=2 cRef=0 | acceptedAnchorLocal=2 acceptedOrientation=0 acceptedStation=0 acceptedVacated=3 candidates=15167 finalists=0 rows=2030 variants=174
-- flatten 0.003: depth 159.075760404, 4 moved
[    3.5s] cert-new-flat0.003-m33-p0.05: mode=33 exactValid=False contractValid=False depth=None raw=159.07576040364796 parent=159.076 fp= | before Nonep/Noneb after Nonep/Noneb cap=None maxDisp=None moved=None resid=None | no insertion order re-placed the 3 violation components inside the 159.12876 mm bound
   ~ pairs=4 bnd=0 comp=3 maxComp=3 /7 ej=7 /7 att=True matDef=0.002158175855175415 orders=4/10 swaps=1 cRep=2 cRef=1 | acceptedAnchorLocal=15 acceptedOrientation=0 acceptedStation=1 acceptedVacated=7 candidates=116032 finalists=0 rows=49210 variants=1517
[    3.1s] cert-new-flat0.003-m33-p2.0: mode=33 exactValid=True contractValid=True depth=159.176 raw=159.17599885062 parent=159.076 fp=892086df1b365dcd | before Nonep/Noneb after Nonep/Noneb cap=None maxDisp=None moved=None resid=None | 
   ~ pairs=4 bnd=0 comp=3 maxComp=3 /7 ej=7 /7 att=True matDef=0.002158175855175415 orders=4/10 swaps=0 cRep=3 cRef=0 | acceptedAnchorLocal=4 acceptedOrientation=0 acceptedStation=0 acceptedVacated=4 candidates=33152 finalists=0 rows=2590 variants=333
[    3.5s] cert-base-flat0.003-m33-p0.05: mode=33 exactValid=False contractValid=False depth=None raw=159.07576040364796 parent=159.076 fp= | before Nonep/Noneb after Nonep/Noneb cap=None maxDisp=None moved=None resid=None | no insertion order re-placed the 3 violation components inside the 159.12876 mm bound
   ~ pairs=4 bnd=0 comp=3 maxComp=3 /7 ej=7 /7 att=True matDef=0.002158175855175415 orders=4/10 swaps=1 cRep=2 cRef=1 | acceptedAnchorLocal=15 acceptedOrientation=0 acceptedStation=1 acceptedVacated=7 candidates=90944 finalists=0 rows=38570 variants=1189
[    3.0s] cert-base-flat0.003-m33-p2.0: mode=33 exactValid=True contractValid=True depth=159.176 raw=159.17599885062 parent=159.076 fp=892086df1b365dcd | before Nonep/Noneb after Nonep/Noneb cap=None maxDisp=None moved=None resid=None | 
   ~ pairs=4 bnd=0 comp=3 maxComp=3 /7 ej=7 /7 att=True matDef=0.002158175855175415 orders=4/10 swaps=0 cRep=3 cRef=0 | acceptedAnchorLocal=4 acceptedOrientation=0 acceptedStation=0 acceptedVacated=4 candidates=25984 finalists=0 rows=2030 variants=261
-- flatten 0.004: depth 159.074760404, 4 moved
[    3.0s] cert-new-flat0.004-m33-p0.05: mode=33 exactValid=True contractValid=True depth=159.081 raw=159.08076040364793 parent=159.075 fp=9b9dc2434bec74ce | before Nonep/Noneb after Nonep/Noneb cap=None maxDisp=None moved=None resid=None | 
   ~ pairs=6 bnd=0 comp=4 maxComp=3 /7 ej=10 /7 att=True matDef=0.003158175385086004 orders=7/16 swaps=0 cRep=4 cRef=0 | acceptedAnchorLocal=5 acceptedAngles=[('604bc424-469c-4ab8-93f1-80c0fc4090b3-copy-1', 359.958191, -0.0032, False)] acceptedOrientation=1 acceptedStation=0 acceptedVacated=7 candidates=66304 finalists=4 rows=11626 variants=592
[    3.0s] cert-new-flat0.004-m33-p2.0: mode=33 exactValid=True contractValid=True depth=159.129 raw=159.1289863776172 parent=159.075 fp=4b5248e3c7a613cd | before Nonep/Noneb after Nonep/Noneb cap=None maxDisp=None moved=None resid=None | 
   ~ pairs=6 bnd=0 comp=4 maxComp=3 /7 ej=10 /7 att=True matDef=0.003158175385086004 orders=7/16 swaps=0 cRep=4 cRef=0 | acceptedAnchorLocal=6 acceptedOrientation=0 acceptedStation=0 acceptedVacated=7 candidates=66304 finalists=2 rows=11622 variants=592
[    3.0s] cert-base-flat0.004-m33-p0.05: mode=33 exactValid=True contractValid=True depth=159.089 raw=159.08896860904164 parent=159.075 fp=e52a6ad48a81fdc9 | before Nonep/Noneb after Nonep/Noneb cap=None maxDisp=None moved=None resid=None | 
   ~ pairs=6 bnd=0 comp=4 maxComp=3 /7 ej=10 /7 att=True matDef=0.003158175385086004 orders=7/16 swaps=0 cRep=4 cRef=0 | acceptedAnchorLocal=5 acceptedAngles=[('604bc424-469c-4ab8-93f1-80c0fc4090b3-copy-1', 359.941391, -0.02, False)] acceptedOrientation=1 acceptedStation=0 acceptedVacated=7 candidates=51968 finalists=4 rows=9125 variants=464
[    3.0s] cert-base-flat0.004-m33-p2.0: mode=33 exactValid=True contractValid=True depth=159.129 raw=159.1289863776172 parent=159.075 fp=4b5248e3c7a613cd | before Nonep/Noneb after Nonep/Noneb cap=None maxDisp=None moved=None resid=None | 
   ~ pairs=6 bnd=0 comp=4 maxComp=3 /7 ej=10 /7 att=True matDef=0.003158175385086004 orders=7/16 swaps=0 cRep=4 cRef=0 | acceptedAnchorLocal=6 acceptedOrientation=0 acceptedStation=0 acceptedVacated=7 candidates=51968 finalists=2 rows=9110 variants=464
-- flatten 0.01: depth 159.068760404, 4 moved
[    4.2s] cert-new-flat0.01-m33-p0.05: mode=33 exactValid=True contractValid=True depth=159.084 raw=159.08445419009516 parent=159.069 fp=f9ca247ca8d1ab1b | before Nonep/Noneb after Nonep/Noneb cap=None maxDisp=None moved=None resid=None | 
   ~ pairs=8 bnd=0 comp=4 maxComp=4 /7 ej=12 /7 att=True matDef=0.009158172564506017 orders=19/38 swaps=0 cRep=4 cRef=0 | acceptedAnchorLocal=11 acceptedAngles=[('54345eb7-a37e-45eb-b0fd-eccffdfa14cc-copy-3', 179.946411, -0.0032, False)] acceptedOrientation=1 acceptedStation=3 acceptedVacated=29 candidates=280571 finalists=23 rows=104248 variants=2183
[    4.1s] cert-new-flat0.01-m33-p2.0: mode=33 exactValid=True contractValid=True depth=159.084 raw=159.08445419009516 parent=159.069 fp=f9ca247ca8d1ab1b | before Nonep/Noneb after Nonep/Noneb cap=None maxDisp=None moved=None resid=None | 
   ~ pairs=8 bnd=0 comp=4 maxComp=4 /7 ej=12 /7 att=True matDef=0.009158172564506017 orders=19/38 swaps=0 cRep=4 cRef=0 | acceptedAnchorLocal=10 acceptedAngles=[('54345eb7-a37e-45eb-b0fd-eccffdfa14cc-copy-3', 179.946411, -0.0032, False)] acceptedOrientation=1 acceptedStation=3 acceptedVacated=30 candidates=280571 finalists=11 rows=86476 variants=2183
[    4.3s] cert-base-flat0.01-m33-p0.05: mode=33 exactValid=False contractValid=False depth=None raw=159.06876040364796 parent=159.069 fp= | before Nonep/Noneb after Nonep/Noneb cap=None maxDisp=None moved=None resid=None | no insertion order re-placed the 4 violation components inside the 159.12876 mm bound
   ~ pairs=8 bnd=0 comp=4 maxComp=4 /7 ej=12 /7 att=True matDef=0.009158172564506017 orders=20/38 swaps=1 cRep=3 cRef=1 | acceptedAnchorLocal=22 acceptedOrientation=0 acceptedStation=3 acceptedVacated=34 candidates=336197 finalists=14 rows=144417 variants=2668
[    4.9s] cert-base-flat0.01-m33-p2.0: mode=33 exactValid=False contractValid=False depth=None raw=159.06876040364796 parent=159.069 fp= | before Nonep/Noneb after Nonep/Noneb cap=None maxDisp=None moved=None resid=None | no insertion order re-placed the 4 violation components inside the 161.07876 mm bound
   ~ pairs=8 bnd=0 comp=4 maxComp=4 /7 ej=12 /7 att=True matDef=0.009158172564506017 orders=20/38 swaps=1 cRep=3 cRef=1 | acceptedAnchorLocal=22 acceptedOrientation=0 acceptedStation=3 acceptedVacated=34 candidates=336197 finalists=5 rows=133375 variants=2668
[   15.2s] cert-m26-d0.3-s0: mode=26 exactValid=True contractValid=True depth=159.079 raw=159.07876040364795 parent=159.079 fp=e28fba007f8031d4 | before Nonep/Noneb after Nonep/Noneb cap=None maxDisp=None moved=None resid=None | 
[   21.7s] cert-m26-d0.3-s1: mode=26 exactValid=True contractValid=True depth=159.079 raw=159.07876040364795 parent=159.079 fp=e28fba007f8031d4 | before Nonep/Noneb after Nonep/Noneb cap=None maxDisp=None moved=None resid=None | 
[   43.3s] cert-m26-d0.55-s0: mode=26 exactValid=True contractValid=True depth=159.079 raw=159.07876040364795 parent=159.079 fp=e28fba007f8031d4 | before Nonep/Noneb after Nonep/Noneb cap=None maxDisp=None moved=None resid=None | 
[   49.9s] cert-m26-d0.55-s1: mode=26 exactValid=True contractValid=True depth=159.079 raw=159.07876040364795 parent=159.079 fp=e28fba007f8031d4 | before Nonep/Noneb after Nonep/Noneb cap=None maxDisp=None moved=None resid=None | 
[   85.5s] cert-m26-d1.0-s0: mode=26 exactValid=True contractValid=True depth=159.079 raw=159.07876040364795 parent=159.079 fp=e28fba007f8031d4 | before Nonep/Noneb after Nonep/Noneb cap=None maxDisp=None moved=None resid=None | 
[   97.8s] cert-m26-d1.0-s1: mode=26 exactValid=True contractValid=True depth=159.079 raw=159.07876040364795 parent=159.079 fp=e28fba007f8031d4 | before Nonep/Noneb after Nonep/Noneb cap=None maxDisp=None moved=None resid=None | 
=== CERTIFY replayPass=True arms=40 below=0 fixpoint=True (429s)
    rungs {"mirror:0": 16, "rot:0.0032": 6, "rot:0.02": 1}
