wide cascade start 164.039568 from /var/lib/t3/tmp/combo/pinned/narrow-fixpoint-164.040.json
round 0 at 164.039568: 146 runs
  0 improving publications of 146 runs (538s)
WIDE FIXPOINT at raw 164.039568 after 0 rounds
    ctl-alt-s0: mode=22 exactValid=True contractValid=True depth=164.04 raw=164.03956779906775 parentDepth=164.04 fp=85a1df686c83d93c 
    ctl-alt-s1: mode=22 exactValid=True contractValid=True depth=164.04 raw=164.03956779906775 parentDepth=164.04 fp=85a1df686c83d93c 
    ctl-alt-s2: mode=22 exactValid=True contractValid=True depth=164.04 raw=164.03956779906775 parentDepth=164.04 fp=85a1df686c83d93c 
    ctl-alt-s3: mode=22 exactValid=True contractValid=True depth=164.04 raw=164.03956779906775 parentDepth=164.04 fp=85a1df686c83d93c 
    ctl-b0.003: mode=31 exactValid=False contractValid=True depth=None raw=164.03956779906775 parentDepth=164.04 fp= global legalization did not reach a feasible fixpoint: 15 violating pairs and 1 boundary pieces remain
    ctl-b0.006: mode=31 exactValid=False contractValid=True depth=None raw=164.03956779906775 parentDepth=164.04 fp= global legalization did not reach a feasible fixpoint: 21 violating pairs and 2 boundary pieces remain
    ctl-b0.012: mode=31 exactValid=False contractValid=True depth=None raw=164.03956779906775 parentDepth=164.04 fp= global legalization did not reach a feasible fixpoint: 26 violating pairs and 2 boundary pieces remain
    ctl-b0.02: mode=31 exactValid=False contractValid=True depth=None raw=164.03956779906775 parentDepth=164.04 fp= global legalization did not reach a feasible fixpoint: 40 violating pairs and 2 boundary pieces remain
    ctl-b0.025: mode=31 exactValid=False contractValid=True depth=None raw=164.03956779906775 parentDepth=164.04 fp= global legalization did not reach a feasible fixpoint: 56 violating pairs and 2 boundary pieces remain
    ctl-b0.035: mode=31 exactValid=False contractValid=True depth=None raw=164.03956779906775 parentDepth=164.04 fp= global legalization did not reach a feasible fixpoint: 56 violating pairs and 2 boundary pieces remain
    ctl-b0.05: mode=31 exactValid=False contractValid=True depth=None raw=164.03956779906775 parentDepth=164.04 fp= global legalization did not reach a feasible fixpoint: 30 violating pairs and 2 boundary pieces remain
    ctl-b0.075: mode=31 exactValid=False contractValid=True depth=None raw=164.03956779906775 parentDepth=164.04 fp= global legalization did not reach a feasible fixpoint: 57 violating pairs and 16 boundary pieces remain
    ctl-b0.1: mode=31 exactValid=False contractValid=True depth=None raw=164.03956779906775 parentDepth=164.04 fp= global legalization did not reach a feasible fixpoint: 42 violating pairs and 2 boundary pieces remain
    ctl-b0.15: mode=31 exactValid=False contractValid=True depth=None raw=164.03956779906775 parentDepth=164.04 fp= global legalization did not reach a feasible fixpoint: 45 violating pairs and 2 boundary pieces remain
    ctl-lad-0.3-s0: mode=26 exactValid=True contractValid=True depth=164.04 raw=164.03956779906775 parentDepth=164.04 fp=85a1df686c83d93c 
    ctl-lad-0.3-s1: mode=26 exactValid=True contractValid=True depth=164.04 raw=164.03956779906775 parentDepth=164.04 fp=85a1df686c83d93c 
    ctl-lad-0.55-s0: mode=26 exactValid=True contractValid=True depth=164.04 raw=164.03956779906775 parentDepth=164.04 fp=85a1df686c83d93c 
    ctl-lad-0.55-s1: mode=26 exactValid=True contractValid=True depth=164.04 raw=164.03956779906775 parentDepth=164.04 fp=85a1df686c83d93c 
    ctl-lad-1.0-s0: mode=26 exactValid=True contractValid=True depth=164.04 raw=164.03956779906775 parentDepth=164.04 fp=85a1df686c83d93c 
    ctl-lad-1.0-s1: mode=26 exactValid=True contractValid=True depth=164.04 raw=164.03956779906775 parentDepth=164.04 fp=85a1df686c83d93c 
    ctl-lad-1.6-s0: mode=26 exactValid=True contractValid=True depth=164.04 raw=164.03956779906775 parentDepth=164.04 fp=85a1df686c83d93c 
    ctl-lad-1.6-s1: mode=26 exactValid=True contractValid=True depth=164.04 raw=164.03956779906775 parentDepth=164.04 fp=85a1df686c83d93c 
    ctl-lad-2.5-s0: mode=26 exactValid=True contractValid=True depth=164.04 raw=164.03956779906775 parentDepth=164.04 fp=85a1df686c83d93c 
    ctl-lad-2.5-s1: mode=26 exactValid=True contractValid=True depth=164.04 raw=164.03956779906775 parentDepth=164.04 fp=85a1df686c83d93c 
    ctl-lad-4.0-s0: mode=26 exactValid=True contractValid=True depth=164.04 raw=164.03956779906775 parentDepth=164.04 fp=85a1df686c83d93c 
    ctl-lad-4.0-s1: mode=26 exactValid=True contractValid=True depth=164.04 raw=164.03956779906775 parentDepth=164.04 fp=85a1df686c83d93c 
    k2-d1.0-b0.003: mode=31 exactValid=False contractValid=False depth=None raw=164.0359918302575 parentDepth=164.036 fp= global legalization did not reach a feasible fixpoint: 2 violating pairs and 1 boundary pieces remain
    k2-d1.0-b0.006: mode=31 exactValid=False contractValid=False depth=None raw=164.0359918302575 parentDepth=164.036 fp= global legalization did not reach a feasible fixpoint: 3 violating pairs and 2 boundary pieces remain
    k2-d1.0-b0.012: mode=31 exactValid=False contractValid=False depth=None raw=164.0359918302575 parentDepth=164.036 fp= global legalization did not reach a feasible fixpoint: 3 violating pairs and 2 boundary pieces remain
    k2-d1.0-b0.02: mode=31 exactValid=False contractValid=False depth=None raw=164.0359918302575 parentDepth=164.036 fp= global legalization did not reach a feasible fixpoint: 5 violating pairs and 2 boundary pieces remain
    k2-d1.0-b0.025: mode=31 exactValid=False contractValid=False depth=None raw=164.0359918302575 parentDepth=164.036 fp= global legalization did not reach a feasible fixpoint: 7 violating pairs and 2 boundary pieces remain
    k2-d1.0-b0.035: mode=31 exactValid=False contractValid=False depth=None raw=164.0359918302575 parentDepth=164.036 fp= global legalization did not reach a feasible fixpoint: 8 violating pairs and 2 boundary pieces remain
    k2-d1.0-b0.05: mode=31 exactValid=False contractValid=False depth=None raw=164.0359918302575 parentDepth=164.036 fp= global legalization did not reach a feasible fixpoint: 11 violating pairs and 2 boundary pieces remain
    k2-d1.0-b0.075: mode=31 exactValid=False contractValid=False depth=None raw=164.0359918302575 parentDepth=164.036 fp= global legalization did not reach a feasible fixpoint: 17 violating pairs and 2 boundary pieces remain
    k2-d1.0-b0.1: mode=31 exactValid=False contractValid=False depth=None raw=164.0359918302575 parentDepth=164.036 fp= global legalization did not reach a feasible fixpoint: 33 violating pairs and 2 boundary pieces remain
    k2-d1.0-b0.15: mode=31 exactValid=False contractValid=False depth=None raw=164.0359918302575 parentDepth=164.036 fp= global legalization did not reach a feasible fixpoint: 33 violating pairs and 2 boundary pieces remain
    k2-d2.0-b0.003: mode=31 exactValid=False contractValid=False depth=None raw=164.0359918302575 parentDepth=164.036 fp= global legalization did not reach a feasible fixpoint: 3 violating pairs and 1 boundary pieces remain
    k2-d2.0-b0.006: mode=31 exactValid=False contractValid=False depth=None raw=164.0359918302575 parentDepth=164.036 fp= global legalization did not reach a feasible fixpoint: 2 violating pairs and 2 boundary pieces remain
    k2-d2.0-b0.012: mode=31 exactValid=False contractValid=False depth=None raw=164.0359918302575 parentDepth=164.036 fp= global legalization did not reach a feasible fixpoint: 3 violating pairs and 2 boundary pieces remain
    k2-d2.0-b0.02: mode=31 exactValid=False contractValid=False depth=None raw=164.0359918302575 parentDepth=164.036 fp= global legalization did not reach a feasible fixpoint: 4 violating pairs and 2 boundary pieces remain
    k2-d2.0-b0.025: mode=31 exactValid=False contractValid=False depth=None raw=164.0359918302575 parentDepth=164.036 fp= global legalization did not reach a feasible fixpoint: 5 violating pairs and 2 boundary pieces remain
    k2-d2.0-b0.035: mode=31 exactValid=False contractValid=False depth=None raw=164.0359918302575 parentDepth=164.036 fp= global legalization did not reach a feasible fixpoint: 9 violating pairs and 2 boundary pieces remain
    k2-d2.0-b0.05: mode=31 exactValid=False contractValid=False depth=None raw=164.0359918302575 parentDepth=164.036 fp= global legalization did not reach a feasible fixpoint: 12 violating pairs and 2 boundary pieces remain
    k2-d2.0-b0.075: mode=31 exactValid=False contractValid=False depth=None raw=164.0359918302575 parentDepth=164.036 fp= global legalization did not reach a feasible fixpoint: 16 violating pairs and 2 boundary pieces remain
    k2-d2.0-b0.1: mode=31 exactValid=False contractValid=False depth=None raw=164.0359918302575 parentDepth=164.036 fp= global legalization did not reach a feasible fixpoint: 30 violating pairs and 2 boundary pieces remain
    k2-d2.0-b0.15: mode=31 exactValid=False contractValid=False depth=None raw=164.0359918302575 parentDepth=164.036 fp= global legalization did not reach a feasible fixpoint: 34 violating pairs and 2 boundary pieces remain
    k2-d3.5-b0.003: mode=31 exactValid=False contractValid=False depth=None raw=164.0359918302575 parentDepth=164.036 fp= global legalization did not reach a feasible fixpoint: 3 violating pairs and 1 boundary pieces remain
    k2-d3.5-b0.006: mode=31 exactValid=False contractValid=False depth=None raw=164.0359918302575 parentDepth=164.036 fp= global legalization did not reach a feasible fixpoint: 3 violating pairs and 2 boundary pieces remain
    k2-d3.5-b0.012: mode=31 exactValid=False contractValid=False depth=None raw=164.0359918302575 parentDepth=164.036 fp= global legalization did not reach a feasible fixpoint: 3 violating pairs and 2 boundary pieces remain
    k2-d3.5-b0.02: mode=31 exactValid=False contractValid=False depth=None raw=164.0359918302575 parentDepth=164.036 fp= global legalization did not reach a feasible fixpoint: 3 violating pairs and 2 boundary pieces remain
    k2-d3.5-b0.025: mode=31 exactValid=False contractValid=False depth=None raw=164.0359918302575 parentDepth=164.036 fp= global legalization did not reach a feasible fixpoint: 8 violating pairs and 2 boundary pieces remain
    k2-d3.5-b0.035: mode=31 exactValid=False contractValid=False depth=None raw=164.0359918302575 parentDepth=164.036 fp= global legalization did not reach a feasible fixpoint: 11 violating pairs and 2 boundary pieces remain
    k2-d3.5-b0.05: mode=31 exactValid=False contractValid=False depth=None raw=164.0359918302575 parentDepth=164.036 fp= global legalization did not reach a feasible fixpoint: 17 violating pairs and 2 boundary pieces remain
    k2-d3.5-b0.075: mode=31 exactValid=False contractValid=False depth=None raw=164.0359918302575 parentDepth=164.036 fp= global legalization did not reach a feasible fixpoint: 22 violating pairs and 2 boundary pieces remain
    k2-d3.5-b0.1: mode=31 exactValid=False contractValid=False depth=None raw=164.0359918302575 parentDepth=164.036 fp= global legalization did not reach a feasible fixpoint: 25 violating pairs and 2 boundary pieces remain
    k2-d3.5-b0.15: mode=31 exactValid=False contractValid=False depth=None raw=164.0359918302575 parentDepth=164.036 fp= global legalization did not reach a feasible fixpoint: 33 violating pairs and 2 boundary pieces remain
    k3-d1.0-b0.003: mode=31 exactValid=False contractValid=False depth=None raw=164.03399266157405 parentDepth=164.034 fp= global legalization did not reach a feasible fixpoint: 2 violating pairs and 1 boundary pieces remain
    k3-d1.0-b0.006: mode=31 exactValid=False contractValid=False depth=None raw=164.03399266157405 parentDepth=164.034 fp= global legalization did not reach a feasible fixpoint: 3 violating pairs and 2 boundary pieces remain
    k3-d1.0-b0.012: mode=31 exactValid=False contractValid=False depth=None raw=164.03399266157405 parentDepth=164.034 fp= global legalization did not reach a feasible fixpoint: 3 violating pairs and 2 boundary pieces remain
    k3-d1.0-b0.02: mode=31 exactValid=False contractValid=False depth=None raw=164.03399266157405 parentDepth=164.034 fp= global legalization did not reach a feasible fixpoint: 4 violating pairs and 2 boundary pieces remain
    k3-d1.0-b0.025: mode=31 exactValid=False contractValid=False depth=None raw=164.03399266157405 parentDepth=164.034 fp= global legalization did not reach a feasible fixpoint: 9 violating pairs and 2 boundary pieces remain
    k3-d1.0-b0.035: mode=31 exactValid=False contractValid=False depth=None raw=164.03399266157405 parentDepth=164.034 fp= global legalization did not reach a feasible fixpoint: 12 violating pairs and 2 boundary pieces remain
    k3-d1.0-b0.05: mode=31 exactValid=False contractValid=False depth=None raw=164.03399266157405 parentDepth=164.034 fp= global legalization did not reach a feasible fixpoint: 13 violating pairs and 2 boundary pieces remain
    k3-d1.0-b0.075: mode=31 exactValid=False contractValid=False depth=None raw=164.03399266157405 parentDepth=164.034 fp= global legalization did not reach a feasible fixpoint: 17 violating pairs and 2 boundary pieces remain
    k3-d1.0-b0.1: mode=31 exactValid=False contractValid=False depth=None raw=164.03399266157405 parentDepth=164.034 fp= global legalization did not reach a feasible fixpoint: 31 violating pairs and 2 boundary pieces remain
    k3-d1.0-b0.15: mode=31 exactValid=False contractValid=False depth=None raw=164.03399266157405 parentDepth=164.034 fp= global legalization did not reach a feasible fixpoint: 33 violating pairs and 2 boundary pieces remain
    k3-d2.0-b0.003: mode=31 exactValid=False contractValid=False depth=None raw=164.03399266157405 parentDepth=164.034 fp= global legalization did not reach a feasible fixpoint: 3 violating pairs and 1 boundary pieces remain
    k3-d2.0-b0.006: mode=31 exactValid=False contractValid=False depth=None raw=164.03399266157405 parentDepth=164.034 fp= global legalization did not reach a feasible fixpoint: 3 violating pairs and 2 boundary pieces remain
    k3-d2.0-b0.012: mode=31 exactValid=False contractValid=False depth=None raw=164.03399266157405 parentDepth=164.034 fp= global legalization did not reach a feasible fixpoint: 3 violating pairs and 2 boundary pieces remain
    k3-d2.0-b0.02: mode=31 exactValid=False contractValid=False depth=None raw=164.03399266157405 parentDepth=164.034 fp= global legalization did not reach a feasible fixpoint: 7 violating pairs and 2 boundary pieces remain
    k3-d2.0-b0.025: mode=31 exactValid=False contractValid=False depth=None raw=164.03399266157405 parentDepth=164.034 fp= global legalization did not reach a feasible fixpoint: 8 violating pairs and 2 boundary pieces remain
    k3-d2.0-b0.035: mode=31 exactValid=False contractValid=False depth=None raw=164.03399266157405 parentDepth=164.034 fp= global legalization did not reach a feasible fixpoint: 8 violating pairs and 2 boundary pieces remain
    k3-d2.0-b0.05: mode=31 exactValid=False contractValid=False depth=None raw=164.03399266157405 parentDepth=164.034 fp= global legalization did not reach a feasible fixpoint: 14 violating pairs and 2 boundary pieces remain
    k3-d2.0-b0.075: mode=31 exactValid=False contractValid=False depth=None raw=164.03399266157405 parentDepth=164.034 fp= global legalization did not reach a feasible fixpoint: 17 violating pairs and 2 boundary pieces remain
    k3-d2.0-b0.1: mode=31 exactValid=False contractValid=False depth=None raw=164.03399266157405 parentDepth=164.034 fp= global legalization did not reach a feasible fixpoint: 29 violating pairs and 2 boundary pieces remain
    k3-d2.0-b0.15: mode=31 exactValid=False contractValid=False depth=None raw=164.03399266157405 parentDepth=164.034 fp= global legalization did not reach a feasible fixpoint: 33 violating pairs and 2 boundary pieces remain
    k3-d3.5-b0.003: mode=31 exactValid=False contractValid=False depth=None raw=164.03399266157405 parentDepth=164.034 fp= global legalization did not reach a feasible fixpoint: 3 violating pairs and 1 boundary pieces remain
    k3-d3.5-b0.006: mode=31 exactValid=False contractValid=False depth=None raw=164.03399266157405 parentDepth=164.034 fp= global legalization did not reach a feasible fixpoint: 2 violating pairs and 2 boundary pieces remain
    k3-d3.5-b0.012: mode=31 exactValid=False contractValid=False depth=None raw=164.03399266157405 parentDepth=164.034 fp= global legalization did not reach a feasible fixpoint: 3 violating pairs and 2 boundary pieces remain
    k3-d3.5-b0.02: mode=31 exactValid=False contractValid=False depth=None raw=164.03399266157405 parentDepth=164.034 fp= global legalization did not reach a feasible fixpoint: 7 violating pairs and 2 boundary pieces remain
    k3-d3.5-b0.025: mode=31 exactValid=False contractValid=False depth=None raw=164.03399266157405 parentDepth=164.034 fp= global legalization did not reach a feasible fixpoint: 9 violating pairs and 2 boundary pieces remain
    k3-d3.5-b0.035: mode=31 exactValid=False contractValid=False depth=None raw=164.03399266157405 parentDepth=164.034 fp= global legalization did not reach a feasible fixpoint: 12 violating pairs and 2 boundary pieces remain
    k3-d3.5-b0.05: mode=31 exactValid=False contractValid=False depth=None raw=164.03399266157405 parentDepth=164.034 fp= global legalization did not reach a feasible fixpoint: 14 violating pairs and 2 boundary pieces remain
    k3-d3.5-b0.075: mode=31 exactValid=False contractValid=False depth=None raw=164.03399266157405 parentDepth=164.034 fp= global legalization did not reach a feasible fixpoint: 24 violating pairs and 2 boundary pieces remain
    k3-d3.5-b0.1: mode=31 exactValid=False contractValid=False depth=None raw=164.03399266157405 parentDepth=164.034 fp= global legalization did not reach a feasible fixpoint: 34 violating pairs and 2 boundary pieces remain
    k3-d3.5-b0.15: mode=31 exactValid=False contractValid=False depth=None raw=164.03399266157405 parentDepth=164.034 fp= global legalization did not reach a feasible fixpoint: 33 violating pairs and 2 boundary pieces remain
    k4-d1.0-b0.003: mode=31 exactValid=False contractValid=False depth=None raw=164.033977742483 parentDepth=164.034 fp= global legalization did not reach a feasible fixpoint: 2 violating pairs and 1 boundary pieces remain
    k4-d1.0-b0.006: mode=31 exactValid=False contractValid=False depth=None raw=164.033977742483 parentDepth=164.034 fp= global legalization did not reach a feasible fixpoint: 3 violating pairs and 2 boundary pieces remain
    k4-d1.0-b0.012: mode=31 exactValid=False contractValid=False depth=None raw=164.033977742483 parentDepth=164.034 fp= global legalization did not reach a feasible fixpoint: 3 violating pairs and 2 boundary pieces remain
    k4-d1.0-b0.02: mode=31 exactValid=False contractValid=False depth=None raw=164.033977742483 parentDepth=164.034 fp= global legalization did not reach a feasible fixpoint: 4 violating pairs and 2 boundary pieces remain
    k4-d1.0-b0.025: mode=31 exactValid=False contractValid=False depth=None raw=164.033977742483 parentDepth=164.034 fp= global legalization did not reach a feasible fixpoint: 9 violating pairs and 2 boundary pieces remain
    k4-d1.0-b0.035: mode=31 exactValid=False contractValid=False depth=None raw=164.033977742483 parentDepth=164.034 fp= global legalization did not reach a feasible fixpoint: 12 violating pairs and 2 boundary pieces remain
    k4-d1.0-b0.05: mode=31 exactValid=False contractValid=False depth=None raw=164.033977742483 parentDepth=164.034 fp= global legalization did not reach a feasible fixpoint: 13 violating pairs and 2 boundary pieces remain
    k4-d1.0-b0.075: mode=31 exactValid=False contractValid=False depth=None raw=164.033977742483 parentDepth=164.034 fp= global legalization did not reach a feasible fixpoint: 17 violating pairs and 2 boundary pieces remain
    k4-d1.0-b0.1: mode=31 exactValid=False contractValid=False depth=None raw=164.033977742483 parentDepth=164.034 fp= global legalization did not reach a feasible fixpoint: 31 violating pairs and 2 boundary pieces remain
    k4-d1.0-b0.15: mode=31 exactValid=False contractValid=False depth=None raw=164.033977742483 parentDepth=164.034 fp= global legalization did not reach a feasible fixpoint: 33 violating pairs and 2 boundary pieces remain
    k4-d2.0-b0.003: mode=31 exactValid=False contractValid=False depth=None raw=164.033977742483 parentDepth=164.034 fp= global legalization did not reach a feasible fixpoint: 3 violating pairs and 1 boundary pieces remain
    k4-d2.0-b0.006: mode=31 exactValid=False contractValid=False depth=None raw=164.033977742483 parentDepth=164.034 fp= global legalization did not reach a feasible fixpoint: 3 violating pairs and 2 boundary pieces remain
    k4-d2.0-b0.012: mode=31 exactValid=False contractValid=False depth=None raw=164.033977742483 parentDepth=164.034 fp= global legalization did not reach a feasible fixpoint: 3 violating pairs and 2 boundary pieces remain
    k4-d2.0-b0.02: mode=31 exactValid=False contractValid=False depth=None raw=164.033977742483 parentDepth=164.034 fp= global legalization did not reach a feasible fixpoint: 7 violating pairs and 2 boundary pieces remain
    k4-d2.0-b0.025: mode=31 exactValid=False contractValid=False depth=None raw=164.033977742483 parentDepth=164.034 fp= global legalization did not reach a feasible fixpoint: 8 violating pairs and 2 boundary pieces remain
    k4-d2.0-b0.035: mode=31 exactValid=False contractValid=False depth=None raw=164.033977742483 parentDepth=164.034 fp= global legalization did not reach a feasible fixpoint: 8 violating pairs and 2 boundary pieces remain
    k4-d2.0-b0.05: mode=31 exactValid=False contractValid=False depth=None raw=164.033977742483 parentDepth=164.034 fp= global legalization did not reach a feasible fixpoint: 14 violating pairs and 2 boundary pieces remain
    k4-d2.0-b0.075: mode=31 exactValid=False contractValid=False depth=None raw=164.033977742483 parentDepth=164.034 fp= global legalization did not reach a feasible fixpoint: 17 violating pairs and 2 boundary pieces remain
    k4-d2.0-b0.1: mode=31 exactValid=False contractValid=False depth=None raw=164.033977742483 parentDepth=164.034 fp= global legalization did not reach a feasible fixpoint: 29 violating pairs and 2 boundary pieces remain
    k4-d2.0-b0.15: mode=31 exactValid=False contractValid=False depth=None raw=164.033977742483 parentDepth=164.034 fp= global legalization did not reach a feasible fixpoint: 33 violating pairs and 2 boundary pieces remain
    k4-d3.5-b0.003: mode=31 exactValid=False contractValid=False depth=None raw=164.033977742483 parentDepth=164.034 fp= global legalization did not reach a feasible fixpoint: 3 violating pairs and 1 boundary pieces remain
    k4-d3.5-b0.006: mode=31 exactValid=False contractValid=False depth=None raw=164.033977742483 parentDepth=164.034 fp= global legalization did not reach a feasible fixpoint: 2 violating pairs and 2 boundary pieces remain
    k4-d3.5-b0.012: mode=31 exactValid=False contractValid=False depth=None raw=164.033977742483 parentDepth=164.034 fp= global legalization did not reach a feasible fixpoint: 3 violating pairs and 2 boundary pieces remain
    k4-d3.5-b0.02: mode=31 exactValid=False contractValid=False depth=None raw=164.033977742483 parentDepth=164.034 fp= global legalization did not reach a feasible fixpoint: 7 violating pairs and 2 boundary pieces remain
    k4-d3.5-b0.025: mode=31 exactValid=False contractValid=False depth=None raw=164.033977742483 parentDepth=164.034 fp= global legalization did not reach a feasible fixpoint: 9 violating pairs and 2 boundary pieces remain
    k4-d3.5-b0.035: mode=31 exactValid=False contractValid=False depth=None raw=164.033977742483 parentDepth=164.034 fp= global legalization did not reach a feasible fixpoint: 12 violating pairs and 2 boundary pieces remain
    k4-d3.5-b0.05: mode=31 exactValid=False contractValid=False depth=None raw=164.033977742483 parentDepth=164.034 fp= global legalization did not reach a feasible fixpoint: 14 violating pairs and 2 boundary pieces remain
    k4-d3.5-b0.075: mode=31 exactValid=False contractValid=False depth=None raw=164.033977742483 parentDepth=164.034 fp= global legalization did not reach a feasible fixpoint: 24 violating pairs and 2 boundary pieces remain
    k4-d3.5-b0.1: mode=31 exactValid=False contractValid=False depth=None raw=164.033977742483 parentDepth=164.034 fp= global legalization did not reach a feasible fixpoint: 34 violating pairs and 2 boundary pieces remain
    k4-d3.5-b0.15: mode=31 exactValid=False contractValid=False depth=None raw=164.033977742483 parentDepth=164.034 fp= global legalization did not reach a feasible fixpoint: 33 violating pairs and 2 boundary pieces remain
    k6-d1.0-b0.003: mode=31 exactValid=False contractValid=False depth=None raw=164.01975706202006 parentDepth=164.02 fp= global legalization did not reach a feasible fixpoint: 2 violating pairs and 1 boundary pieces remain
    k6-d1.0-b0.006: mode=31 exactValid=False contractValid=False depth=None raw=164.01975706202006 parentDepth=164.02 fp= global legalization did not reach a feasible fixpoint: 3 violating pairs and 2 boundary pieces remain
    k6-d1.0-b0.012: mode=31 exactValid=False contractValid=False depth=None raw=164.01975706202006 parentDepth=164.02 fp= global legalization did not reach a feasible fixpoint: 3 violating pairs and 2 boundary pieces remain
    k6-d1.0-b0.02: mode=31 exactValid=False contractValid=False depth=None raw=164.01975706202006 parentDepth=164.02 fp= global legalization did not reach a feasible fixpoint: 4 violating pairs and 2 boundary pieces remain
    k6-d1.0-b0.025: mode=31 exactValid=False contractValid=False depth=None raw=164.01975706202006 parentDepth=164.02 fp= global legalization did not reach a feasible fixpoint: 6 violating pairs and 2 boundary pieces remain
    k6-d1.0-b0.035: mode=31 exactValid=False contractValid=False depth=None raw=164.01975706202006 parentDepth=164.02 fp= global legalization did not reach a feasible fixpoint: 9 violating pairs and 2 boundary pieces remain
    k6-d1.0-b0.05: mode=31 exactValid=False contractValid=False depth=None raw=164.01975706202006 parentDepth=164.02 fp= global legalization did not reach a feasible fixpoint: 11 violating pairs and 2 boundary pieces remain
    k6-d1.0-b0.075: mode=31 exactValid=False contractValid=False depth=None raw=164.01975706202006 parentDepth=164.02 fp= global legalization did not reach a feasible fixpoint: 23 violating pairs and 2 boundary pieces remain
    k6-d1.0-b0.1: mode=31 exactValid=False contractValid=False depth=None raw=164.01975706202006 parentDepth=164.02 fp= global legalization did not reach a feasible fixpoint: 30 violating pairs and 2 boundary pieces remain
    k6-d1.0-b0.15: mode=31 exactValid=False contractValid=False depth=None raw=164.01975706202006 parentDepth=164.02 fp= global legalization did not reach a feasible fixpoint: 33 violating pairs and 2 boundary pieces remain
    k6-d2.0-b0.003: mode=31 exactValid=False contractValid=False depth=None raw=164.01975706202006 parentDepth=164.02 fp= global legalization did not reach a feasible fixpoint: 3 violating pairs and 1 boundary pieces remain
    k6-d2.0-b0.006: mode=31 exactValid=False contractValid=False depth=None raw=164.01975706202006 parentDepth=164.02 fp= global legalization did not reach a feasible fixpoint: 3 violating pairs and 2 boundary pieces remain
    k6-d2.0-b0.012: mode=31 exactValid=False contractValid=False depth=None raw=164.01975706202006 parentDepth=164.02 fp= global legalization did not reach a feasible fixpoint: 3 violating pairs and 2 boundary pieces remain
    k6-d2.0-b0.02: mode=31 exactValid=False contractValid=False depth=None raw=164.01975706202006 parentDepth=164.02 fp= global legalization did not reach a feasible fixpoint: 5 violating pairs and 2 boundary pieces remain
    k6-d2.0-b0.025: mode=31 exactValid=False contractValid=False depth=None raw=164.01975706202006 parentDepth=164.02 fp= global legalization did not reach a feasible fixpoint: 7 violating pairs and 2 boundary pieces remain
    k6-d2.0-b0.035: mode=31 exactValid=False contractValid=False depth=None raw=164.01975706202006 parentDepth=164.02 fp= global legalization did not reach a feasible fixpoint: 9 violating pairs and 2 boundary pieces remain
    k6-d2.0-b0.05: mode=31 exactValid=False contractValid=False depth=None raw=164.01975706202006 parentDepth=164.02 fp= global legalization did not reach a feasible fixpoint: 14 violating pairs and 2 boundary pieces remain
    k6-d2.0-b0.075: mode=31 exactValid=False contractValid=False depth=None raw=164.01975706202006 parentDepth=164.02 fp= global legalization did not reach a feasible fixpoint: 17 violating pairs and 2 boundary pieces remain
    k6-d2.0-b0.1: mode=31 exactValid=False contractValid=False depth=None raw=164.01975706202006 parentDepth=164.02 fp= global legalization did not reach a feasible fixpoint: 30 violating pairs and 2 boundary pieces remain
    k6-d2.0-b0.15: mode=31 exactValid=False contractValid=False depth=None raw=164.01975706202006 parentDepth=164.02 fp= global legalization did not reach a feasible fixpoint: 34 violating pairs and 2 boundary pieces remain
    k6-d3.5-b0.003: mode=31 exactValid=False contractValid=False depth=None raw=164.01975706202006 parentDepth=164.02 fp= global legalization did not reach a feasible fixpoint: 3 violating pairs and 1 boundary pieces remain
    k6-d3.5-b0.006: mode=31 exactValid=False contractValid=False depth=None raw=164.01975706202006 parentDepth=164.02 fp= global legalization did not reach a feasible fixpoint: 3 violating pairs and 2 boundary pieces remain
    k6-d3.5-b0.012: mode=31 exactValid=False contractValid=False depth=None raw=164.01975706202006 parentDepth=164.02 fp= global legalization did not reach a feasible fixpoint: 3 violating pairs and 2 boundary pieces remain
    k6-d3.5-b0.02: mode=31 exactValid=False contractValid=False depth=None raw=164.01975706202006 parentDepth=164.02 fp= global legalization did not reach a feasible fixpoint: 5 violating pairs and 2 boundary pieces remain
    k6-d3.5-b0.025: mode=31 exactValid=False contractValid=False depth=None raw=164.01975706202006 parentDepth=164.02 fp= global legalization did not reach a feasible fixpoint: 7 violating pairs and 2 boundary pieces remain
    k6-d3.5-b0.035: mode=31 exactValid=False contractValid=False depth=None raw=164.01975706202006 parentDepth=164.02 fp= global legalization did not reach a feasible fixpoint: 9 violating pairs and 2 boundary pieces remain
    k6-d3.5-b0.05: mode=31 exactValid=False contractValid=False depth=None raw=164.01975706202006 parentDepth=164.02 fp= global legalization did not reach a feasible fixpoint: 14 violating pairs and 2 boundary pieces remain
    k6-d3.5-b0.075: mode=31 exactValid=False contractValid=False depth=None raw=164.01975706202006 parentDepth=164.02 fp= global legalization did not reach a feasible fixpoint: 23 violating pairs and 2 boundary pieces remain
    k6-d3.5-b0.1: mode=31 exactValid=False contractValid=False depth=None raw=164.01975706202006 parentDepth=164.02 fp= global legalization did not reach a feasible fixpoint: 32 violating pairs and 2 boundary pieces remain
    k6-d3.5-b0.15: mode=31 exactValid=False contractValid=False depth=None raw=164.01975706202006 parentDepth=164.02 fp= global legalization did not reach a feasible fixpoint: 33 violating pairs and 2 boundary pieces remain
TRAJECTORY
  164.039568  start  /var/lib/t3/tmp/combo/pinned/narrow-fixpoint-164.040.json
FINAL /var/lib/t3/tmp/combo/pinned/narrow-fixpoint-164.040.json raw=164.03956779906775
