stress pid=35002 workers=8 duty=0.7 periodMs=250
1787340855.9	7.00	7.16	7.20
1787340856.9	7.00	7.16	7.20
1787340857.9	7.64	7.29	7.24
1787340858.9	7.64	7.29	7.24
1787340859.9	7.64	7.29	7.24
1787340860.9	7.64	7.29	7.24
1787340861.9	7.64	7.29	7.24
1787340862.9	8.07	7.38	7.27
1787340863.9	8.07	7.38	7.27
1787340864.9	8.07	7.38	7.27
1787340865.9	8.07	7.38	7.27
1787340866.9	8.07	7.38	7.27
1787340867.9	8.87	7.56	7.33
1787340868.9	8.87	7.56	7.33
1787340869.9	8.87	7.56	7.33
1787340870.9	8.87	7.56	7.33
1787340871.9	8.87	7.56	7.33
1787340872.9	9.60	7.73	7.39
1787340873.9	9.60	7.73	7.39
1787340874.9	9.60	7.73	7.39
1787340875.9	9.60	7.73	7.39
1787340876.9	9.60	7.73	7.39
1787340877.9	9.71	7.79	7.41
1787340878.9	9.71	7.79	7.41
1787340879.9	9.71	7.79	7.41
1787340880.9	9.71	7.79	7.41
1787340881.9	9.71	7.79	7.41
1787340882.9	10.22	7.92	7.45
1787340883.9	10.22	7.92	7.45
1787340884.9	10.22	7.92	7.45
1787340885.9	10.22	7.92	7.45
1787340886.9	10.22	7.92	7.45
1787340887.9	10.28	7.98	7.47
1787340888.9	10.28	7.98	7.47
1787340889.9	10.28	7.98	7.47
1787340890.9	10.28	7.98	7.47
1787340891.9	10.28	7.98	7.47
1787340892.9	10.90	8.14	7.53
1787340893.9	10.90	8.14	7.53
1787340894.9	10.90	8.14	7.53
1787340895.9	10.90	8.14	7.53
1787340896.9	10.90	8.14	7.53
1787340897.9	11.55	8.32	7.59
1787340898.9	11.55	8.32	7.59
1787340899.9	11.55	8.32	7.59
1787340900.9	11.55	8.32	7.59
1787340901.9	11.55	8.32	7.59
1787340902.9	11.50	8.37	7.61
1787340903.9	11.50	8.37	7.61
1787340904.9	11.50	8.37	7.61
1787340905.9	11.50	8.37	7.61
1787340906.9	11.50	8.37	7.61
1787340907.9	11.94	8.51	7.66
1787340908.9	11.94	8.51	7.66
1787340909.9	11.94	8.51	7.66
1787340910.9	11.94	8.51	7.66
1787340911.9	11.94	8.51	7.66
1787340912.9	11.87	8.55	7.68
1787340913.9	11.87	8.55	7.68
1787340914.9	11.87	8.55	7.68
1787340915.9	11.87	8.55	7.68
1787340916.9	11.87	8.55	7.68
1787340917.9	12.28	8.69	7.73
1787340918.9	12.28	8.69	7.73
1787340919.9	12.28	8.69	7.73
1787340920.9	12.28	8.69	7.73
1787340921.9	12.28	8.69	7.73
1787340922.9	12.50	8.80	7.77
1787340923.9	12.50	8.80	7.77
1787340924.9	12.50	8.80	7.77
1787340925.9	12.50	8.80	7.77
1787340926.9	12.50	8.80	7.77
1787340927.9	12.30	8.82	7.78
1787340928.9	12.30	8.82	7.78
1787340929.9	12.30	8.82	7.78
1787340930.9	12.30	8.82	7.78
1787340931.9	12.30	8.82	7.78
1787340932.9	12.51	8.92	7.82
1787340933.9	12.51	8.92	7.82
1787340934.9	12.51	8.92	7.82
1787340935.9	12.51	8.92	7.82
1787340936.9	12.51	8.92	7.82
1787340937.9	12.79	9.04	7.86
1787340938.9	12.79	9.04	7.86
1787340939.9	12.79	9.04	7.86
1787340940.9	12.79	9.04	7.86
1787340941.9	12.79	9.04	7.86
1787340942.9	13.05	9.15	7.91
1787340943.9	13.05	9.15	7.91
1787340944.9	13.05	9.15	7.91
1787340945.9	13.05	9.15	7.91
1787340946.9	13.05	9.15	7.91
1787340947.9	13.45	9.30	7.96
1787340948.9	13.45	9.30	7.96
1787340949.9	13.45	9.30	7.96
1787340950.9	13.45	9.30	7.96
1787340951.9	13.45	9.30	7.96
1787340952.9	13.01	9.28	7.96
1787340953.9	13.01	9.28	7.96
1787340954.9	13.01	9.28	7.96
1787340955.9	13.01	9.28	7.96
1787340956.9	13.01	9.28	7.96
1787340957.9	12.93	9.32	7.98
1787340958.9	12.93	9.32	7.98
1787340959.9	12.93	9.32	7.98
1787340960.9	12.93	9.32	7.98
1787340961.9	12.93	9.32	7.98
1787340962.9	12.61	9.32	7.99
1787340963.9	12.61	9.32	7.99
1787340964.9	12.61	9.32	7.99
1787340965.9	12.61	9.32	7.99
1787340966.9	12.61	9.32	7.99
1787340967.9	12.89	9.43	8.03
1787340968.9	12.89	9.43	8.03
1787340969.9	12.89	9.43	8.03
1787340970.9	12.89	9.43	8.03
1787340971.9	12.89	9.43	8.03
1787340972.9	13.13	9.54	8.08
1787340973.9	13.13	9.54	8.08
1787340974.9	13.13	9.54	8.08
1787340975.9	13.13	9.54	8.08
1787340976.9	13.13	9.54	8.08
1787340977.9	13.60	9.70	8.13
1787340978.9	13.60	9.70	8.13
1787340979.9	13.60	9.70	8.13
1787340980.9	13.60	9.70	8.13
1787340981.9	13.60	9.70	8.13
1787340982.9	13.88	9.82	8.18
1787340983.9	13.88	9.82	8.18
1787340984.9	13.88	9.82	8.18
1787340985.9	13.88	9.82	8.18
1787340986.9	13.88	9.82	8.18
1787340987.9	13.89	9.89	8.21
1787340988.9	13.89	9.89	8.21
1787340989.9	13.89	9.89	8.21
1787340990.9	13.89	9.89	8.21
1787340991.9	13.89	9.89	8.21
1787340992.9	13.50	9.87	8.22
1787340993.9	13.50	9.87	8.22
1787340994.9	13.50	9.87	8.22
1787340995.9	13.50	9.87	8.22
1787340996.9	13.50	9.87	8.22
1787340997.9	13.46	9.93	8.24
1787340998.9	13.46	9.93	8.24
1787340999.9	13.46	9.93	8.24
1787341000.9	13.46	9.93	8.24
1787341001.9	13.46	9.93	8.24
1787341002.9	13.66	10.03	8.29
1787341003.9	13.66	10.03	8.29
1787341004.9	13.66	10.03	8.29
1787341005.9	13.66	10.03	8.29
1787341006.9	13.66	10.03	8.29
1787341007.9	13.21	9.99	8.28
1787341008.9	13.21	9.99	8.28
1787341009.9	13.21	9.99	8.28
1787341010.9	13.21	9.99	8.28
1787341011.9	13.21	9.99	8.28
1787341012.9	13.11	10.03	8.30
1787341013.9	13.11	10.03	8.30
1787341014.9	13.11	10.03	8.30
1787341015.9	13.11	10.03	8.30
1787341016.9	13.11	10.03	8.30
1787341017.9	12.78	10.01	8.31
1787341018.9	12.78	10.01	8.31
1787341019.9	12.78	10.01	8.31
1787341020.9	12.78	10.01	8.31
1787341021.9	12.78	10.01	8.31
1787341022.9	12.24	9.94	8.30
1787341023.9	12.24	9.94	8.30
1787341024.9	12.24	9.94	8.30
1787341025.9	12.24	9.94	8.30
1787341026.9	12.24	9.94	8.30
1787341027.9	12.38	10.01	8.33
1787341028.9	12.38	10.01	8.33
1787341029.9	12.38	10.01	8.33
1787341030.9	12.38	10.01	8.33
1787341031.9	12.38	10.01	8.33
1787341032.9	12.03	9.98	8.32
1787341033.9	12.03	9.98	8.32
1787341034.9	12.03	9.98	8.32
1787341035.9	12.03	9.98	8.32
1787341036.9	12.03	9.98	8.32
1787341037.9	12.19	10.04	8.35
1787341038.9	12.19	10.04	8.35
1787341039.9	12.19	10.04	8.35
1787341040.9	12.19	10.04	8.35
1787341041.9	12.19	10.04	8.35
1787341042.9	12.09	10.06	8.37
1787341043.9	12.09	10.06	8.37
1787341044.9	12.09	10.06	8.37
1787341045.9	12.09	10.06	8.37
1787341046.9	12.09	10.06	8.37
1787341047.9	12.16	10.11	8.39
1787341048.9	12.16	10.11	8.39
1787341049.9	12.16	10.11	8.39
1787341050.9	12.16	10.11	8.39
1787341051.9	12.16	10.11	8.39
1787341053.0	12.47	10.21	8.44
1787341054.0	12.47	10.21	8.44
1787341055.0	12.47	10.21	8.44
1787341056.0	12.47	10.21	8.44
1787341057.0	12.47	10.21	8.44
1787341058.0	12.59	10.27	8.47
1787341059.0	12.59	10.27	8.47
1787341060.0	12.59	10.27	8.47
1787341061.0	12.59	10.27	8.47
1787341062.0	12.59	10.27	8.47
1787341063.0	12.47	10.28	8.48
1787341064.0	12.47	10.28	8.48
1787341065.0	12.47	10.28	8.48
1787341066.0	12.47	10.28	8.48
1787341067.0	12.47	10.28	8.48
1787341068.0	12.19	10.26	8.48
1787341069.0	12.19	10.26	8.48
1787341070.0	12.19	10.26	8.48
1787341071.0	12.19	10.26	8.48
1787341072.0	12.19	10.26	8.48
1787341073.0	12.57	10.37	8.53
1787341074.0	12.57	10.37	8.53
1787341075.0	12.57	10.37	8.53
1787341076.0	12.57	10.37	8.53
1787341077.0	12.57	10.37	8.53
1787341078.0	12.13	10.32	8.52
1787341079.0	12.13	10.32	8.52
1787341080.0	12.13	10.32	8.52
1787341081.0	12.13	10.32	8.52
1787341082.0	12.13	10.32	8.52
1787341083.0	12.44	10.41	8.56
1787341084.0	12.44	10.41	8.56
1787341085.0	12.44	10.41	8.56
1787341086.0	12.44	10.41	8.56
1787341087.0	12.44	10.41	8.56
1787341088.0	12.08	10.37	8.56
1787341089.0	12.08	10.37	8.56
1787341090.0	12.08	10.37	8.56
1787341091.0	12.08	10.37	8.56
1787341092.0	12.08	10.37	8.56
1787341093.0	12.16	10.41	8.58
1787341094.0	12.16	10.41	8.58
1787341095.0	12.16	10.41	8.58
1787341096.0	12.16	10.41	8.58
1787341097.0	12.16	10.41	8.58
1787341098.0	12.38	10.49	8.62
1787341099.0	12.38	10.49	8.62
1787341100.0	12.38	10.49	8.62
1787341101.0	12.38	10.49	8.62
1787341102.0	12.38	10.49	8.62
1787341103.0	12.11	10.47	8.62
1787341104.0	12.11	10.47	8.62
1787341105.0	12.11	10.47	8.62
1787341106.0	12.11	10.47	8.62
1787341107.0	12.11	10.47	8.62
1787341108.0	11.94	10.46	8.63
1787341109.0	11.94	10.46	8.63
1787341110.0	11.94	10.46	8.63
1787341111.0	11.94	10.46	8.63
1787341112.0	11.94	10.46	8.63
1787341113.0	12.03	10.50	8.65
1787341114.0	12.03	10.50	8.65
1787341115.0	12.03	10.50	8.65
1787341116.0	12.03	10.50	8.65
1787341117.0	12.03	10.50	8.65
1787341118.0	11.79	10.48	8.65
1787341119.0	11.79	10.48	8.65
1787341120.0	11.79	10.48	8.65
1787341121.0	11.79	10.48	8.65
1787341122.0	11.79	10.48	8.65
1787341123.0	13.08	10.77	8.76
1787341124.0	13.08	10.77	8.76
1787341125.0	13.08	10.77	8.76
1787341126.0	13.08	10.77	8.76
1787341127.0	13.08	10.77	8.76
1787341128.0	13.64	10.92	8.82
1787341129.0	13.64	10.92	8.82
1787341130.0	13.64	10.92	8.82
1787341131.0	13.64	10.92	8.82
1787341132.0	13.64	10.92	8.82
1787341133.0	14.23	11.09	8.88
1787341134.0	14.23	11.09	8.88
1787341135.0	14.23	11.09	8.88
1787341136.0	14.23	11.09	8.88
1787341137.0	14.23	11.09	8.88
1787341138.0	14.45	11.19	8.93
1787341139.0	14.45	11.19	8.93
1787341140.0	14.45	11.19	8.93
1787341141.0	14.45	11.19	8.93
1787341142.0	14.45	11.19	8.93
1787341143.0	14.74	11.30	8.98
1787341144.0	14.74	11.30	8.98
1787341145.0	14.74	11.30	8.98
1787341146.0	14.74	11.30	8.98
1787341147.0	14.74	11.30	8.98
1787341148.0	14.76	11.36	9.01
1787341149.0	14.76	11.36	9.01
1787341150.0	14.76	11.36	9.01
1787341151.0	14.76	11.36	9.01
1787341152.0	14.76	11.36	9.01
1787341153.0	15.02	11.47	9.06
1787341154.0	15.02	11.47	9.06
1787341155.0	15.02	11.47	9.06
1787341156.0	15.02	11.47	9.06
1787341157.0	15.02	11.47	9.06
1787341158.0	14.77	11.48	9.07
1787341159.0	14.77	11.48	9.07
1787341160.0	14.77	11.48	9.07
1787341161.0	14.77	11.48	9.07
1787341162.0	14.77	11.48	9.07
1787341163.0	15.27	11.64	9.14
1787341164.0	15.27	11.64	9.14
1787341165.0	15.27	11.64	9.14
1787341166.0	15.27	11.64	9.14
1787341167.0	15.27	11.64	9.14
1787341168.0	15.57	11.76	9.19
1787341169.0	15.57	11.76	9.19
1787341170.0	15.57	11.76	9.19
1787341171.0	15.57	11.76	9.19
1787341172.0	15.57	11.76	9.19
1787341173.0	15.45	11.80	9.22
1787341174.0	15.45	11.80	9.22
1787341175.0	15.45	11.80	9.22
1787341176.0	15.45	11.80	9.22
1787341177.0	15.45	11.80	9.22
1787341178.0	15.09	11.78	9.23
1787341179.0	15.09	11.78	9.23
1787341180.0	15.09	11.78	9.23
1787341181.0	15.09	11.78	9.23
1787341182.0	15.09	11.78	9.23
1787341183.0	15.00	11.82	9.25
1787341184.0	15.00	11.82	9.25
1787341185.0	15.00	11.82	9.25
1787341186.0	15.00	11.82	9.25
1787341187.0	15.00	11.82	9.25
1787341188.0	14.60	11.79	9.26
1787341189.0	14.60	11.79	9.26
1787341190.0	14.60	11.79	9.26
1787341191.0	14.60	11.79	9.26
1787341192.0	14.60	11.79	9.26
1787341193.0	14.07	11.73	9.25
1787341194.0	14.07	11.73	9.25
1787341195.0	14.07	11.73	9.25
1787341196.0	14.07	11.73	9.25
1787341197.0	14.07	11.73	9.25
1787341198.0	13.75	11.70	9.25
1787341199.0	13.75	11.70	9.25
1787341200.0	13.75	11.70	9.25
1787341201.0	13.75	11.70	9.25
1787341202.0	13.75	11.70	9.25
1787341203.0	13.69	11.72	9.27
1787341204.0	13.69	11.72	9.27
1787341205.0	13.69	11.72	9.27
1787341206.0	13.69	11.72	9.27
1787341207.0	13.69	11.72	9.27
1787341208.0	13.07	11.63	9.26
1787341209.0	13.07	11.63	9.26
1787341210.0	13.07	11.63	9.26
1787341211.0	13.07	11.63	9.26
1787341212.0	13.07	11.63	9.26
1787341213.0	13.15	11.67	9.28
1787341214.0	13.15	11.67	9.28
1787341215.0	13.15	11.67	9.28
1787341216.0	13.15	11.67	9.28
1787341217.0	13.15	11.67	9.28
1787341218.0	13.29	11.72	9.31
1787341219.0	13.29	11.72	9.31
1787341220.0	13.29	11.72	9.31
1787341221.0	13.29	11.72	9.31
1787341222.0	13.29	11.72	9.31
1787341223.0	13.43	11.78	9.34
1787341224.0	13.43	11.78	9.34
1787341225.0	13.43	11.78	9.34
1787341226.0	13.43	11.78	9.34
1787341227.0	13.43	11.78	9.34
1787341228.0	13.32	11.78	9.36
1787341229.0	13.32	11.78	9.36
1787341230.0	13.32	11.78	9.36
1787341231.0	13.32	11.78	9.36
1787341232.0	13.32	11.78	9.36
1787341233.0	13.37	11.82	9.38
1787341234.0	13.37	11.82	9.38
1787341235.0	13.37	11.82	9.38
1787341236.0	13.37	11.82	9.38
1787341237.0	13.37	11.82	9.38
1787341238.0	13.18	11.80	9.39
1787341239.0	13.18	11.80	9.39
1787341240.0	13.18	11.80	9.39
1787341241.0	13.18	11.80	9.39
1787341242.0	13.18	11.80	9.39
1787341243.0	13.49	11.89	9.43
1787341244.0	13.49	11.89	9.43
1787341245.0	13.49	11.89	9.43
1787341246.0	13.49	11.89	9.43
1787341247.0	13.49	11.89	9.43
1787341248.0	13.21	11.86	9.44
1787341249.0	13.21	11.86	9.44
1787341250.0	13.21	11.86	9.44
1787341251.0	13.21	11.86	9.44
1787341252.0	13.21	11.86	9.44
1787341253.0	13.27	11.89	9.46
1787341254.0	13.27	11.89	9.46
1787341255.0	13.27	11.89	9.46
1787341256.0	13.27	11.89	9.46
1787341257.0	13.27	11.89	9.46
1787341258.0	13.41	11.95	9.49
1787341259.0	13.41	11.95	9.49
1787341260.0	13.41	11.95	9.49
1787341261.0	13.41	11.95	9.49
1787341262.0	13.41	11.95	9.49
1787341263.0	13.78	12.05	9.54
1787341264.0	13.78	12.05	9.54
1787341265.0	13.78	12.05	9.54
1787341266.0	13.78	12.05	9.54
1787341267.0	13.78	12.05	9.54
1787341268.0	13.40	12.00	9.53
1787341269.0	13.40	12.00	9.53
1787341270.0	13.40	12.00	9.53
1787341271.0	13.40	12.00	9.53
1787341272.0	13.40	12.00	9.53
1787341273.0	13.52	12.05	9.56
1787341274.0	13.52	12.05	9.56
1787341275.0	13.52	12.05	9.56
1787341276.0	13.52	12.05	9.56
1787341277.0	13.52	12.05	9.56
1787341278.0	13.40	12.04	9.58
1787341279.0	13.40	12.04	9.58
1787341280.0	13.40	12.04	9.58
1787341281.0	13.40	12.04	9.58
1787341282.0	13.40	12.04	9.58
1787341283.0	13.53	12.09	9.61
1787341284.0	13.53	12.09	9.61
1787341285.0	13.53	12.09	9.61
1787341286.0	13.53	12.09	9.61
1787341287.0	13.53	12.09	9.61
1787341288.0	13.25	12.06	9.61
1787341289.0	13.25	12.06	9.61
1787341290.0	13.25	12.06	9.61
1787341291.0	13.25	12.06	9.61
1787341292.0	13.25	12.06	9.61
1787341293.0	12.83	11.99	9.60
1787341294.0	12.83	11.99	9.60
1787341295.0	12.83	11.99	9.60
1787341296.0	12.83	11.99	9.60
1787341297.0	12.83	11.99	9.60
1787341298.0	12.84	12.01	9.62
1787341299.0	12.84	12.01	9.62
1787341300.0	12.84	12.01	9.62
1787341301.0	12.84	12.01	9.62
1787341302.0	12.84	12.01	9.62
1787341303.0	14.54	12.37	9.75
1787341304.0	14.54	12.37	9.75
1787341305.0	14.54	12.37	9.75
1787341306.0	14.54	12.37	9.75
1787341307.0	14.54	12.37	9.75
1787341308.0	23.06	14.18	10.35
1787341309.0	23.06	14.18	10.35
1787341310.0	23.06	14.18	10.35
1787341311.0	23.06	14.18	10.35
1787341312.0	23.06	14.18	10.35
1787341313.0	25.70	14.87	10.59
1787341314.0	25.70	14.87	10.59
1787341315.0	25.70	14.87	10.59
1787341316.0	25.70	14.87	10.59
1787341317.0	25.70	14.87	10.59
1787341318.0	26.77	15.27	10.75
1787341319.0	26.77	15.27	10.75
1787341320.0	26.77	15.27	10.75
1787341321.0	26.77	15.27	10.75
1787341322.1	26.77	15.27	10.75
1787341323.1	27.18	15.55	10.86
1787341324.1	27.18	15.55	10.86
1787341325.1	27.18	15.55	10.86
1787341326.1	27.18	15.55	10.86
1787341327.1	27.18	15.55	10.86
1787341328.1	25.81	15.46	10.86
1787341329.1	25.81	15.46	10.86
1787341330.1	25.81	15.46	10.86
1787341331.1	25.81	15.46	10.86
1787341332.1	25.81	15.46	10.86
1787341333.1	25.02	15.47	10.88
1787341334.1	25.02	15.47	10.88
1787341335.1	25.02	15.47	10.88
1787341336.1	25.02	15.47	10.88
1787341337.1	25.02	15.47	10.88
1787341338.1	25.34	15.69	10.98
1787341339.1	25.34	15.69	10.98
1787341340.1	25.34	15.69	10.98
1787341341.1	25.34	15.69	10.98
1787341342.1	25.34	15.69	10.98
1787341343.1	24.19	15.61	10.98
1787341344.1	24.19	15.61	10.98
1787341345.1	24.19	15.61	10.98
1787341346.1	24.19	15.61	10.98
1787341347.1	24.19	15.61	10.98
1787341348.1	23.54	15.62	11.01
1787341349.1	23.54	15.62	11.01
1787341350.1	23.54	15.62	11.01
1787341351.1	23.54	15.62	11.01
1787341352.1	23.54	15.62	11.01
1787341353.1	23.17	15.68	11.05
1787341354.1	23.17	15.68	11.05
1787341355.1	23.17	15.68	11.05
1787341356.1	23.17	15.68	11.05
1787341357.1	23.17	15.68	11.05
1787341358.1	22.36	15.63	11.06
1787341359.1	22.36	15.63	11.06
1787341360.1	22.36	15.63	11.06
1787341361.1	22.36	15.63	11.06
1787341362.1	22.36	15.63	11.06
1787341363.1	21.85	15.64	11.09
1787341364.1	21.85	15.64	11.09
1787341365.1	21.85	15.64	11.09
1787341366.1	21.85	15.64	11.09
1787341367.1	21.85	15.64	11.09
1787341368.1	21.38	15.65	11.12
1787341369.1	21.38	15.65	11.12
1787341370.1	21.38	15.65	11.12
1787341371.1	21.38	15.65	11.12
1787341372.1	21.38	15.65	11.12
1787341373.1	20.39	15.53	11.10
1787341374.1	20.39	15.53	11.10
1787341375.1	20.39	15.53	11.10
1787341376.1	20.39	15.53	11.10
1787341377.1	20.39	15.53	11.10
1787341378.1	20.20	15.58	11.14
1787341379.1	20.20	15.58	11.14
1787341380.1	20.20	15.58	11.14
1787341381.1	20.20	15.58	11.14
1787341382.1	20.20	15.58	11.14
1787341383.1	19.94	15.60	11.17
1787341384.1	19.94	15.60	11.17
1787341385.1	19.94	15.60	11.17
1787341386.1	19.94	15.60	11.17
1787341387.1	19.94	15.60	11.17
1787341388.1	19.22	15.52	11.17
1787341389.1	19.22	15.52	11.17
1787341390.1	19.22	15.52	11.17
1787341391.1	19.22	15.52	11.17
1787341392.1	19.22	15.52	11.17
1787341393.1	18.41	15.41	11.16
1787341394.1	18.41	15.41	11.16
1787341395.1	18.41	15.41	11.16
1787341396.1	18.41	15.41	11.16
1787341397.1	18.41	15.41	11.16
1787341398.1	18.85	15.56	11.23
1787341399.1	18.85	15.56	11.23
1787341400.1	18.85	15.56	11.23
1787341401.1	18.85	15.56	11.23
1787341402.1	18.85	15.56	11.23
1787341403.1	18.62	15.56	11.26
1787341404.1	18.62	15.56	11.26
1787341405.1	18.62	15.56	11.26
1787341406.1	18.62	15.56	11.26
1787341407.1	18.62	15.56	11.26
1787341408.1	18.49	15.59	11.29
1787341409.1	18.49	15.59	11.29
1787341410.1	18.49	15.59	11.29
1787341411.1	18.49	15.59	11.29
1787341412.1	18.49	15.59	11.29
1787341413.1	18.86	15.71	11.35
1787341414.1	18.86	15.71	11.35
1787341415.1	18.86	15.71	11.35
1787341416.1	18.86	15.71	11.35
1787341417.1	18.86	15.71	11.35
1787341418.1	18.39	15.67	11.36
1787341419.1	18.39	15.67	11.36
1787341420.1	18.39	15.67	11.36
1787341421.1	18.39	15.67	11.36
1787341422.1	18.39	15.67	11.36
1787341423.1	18.52	15.74	11.41
1787341424.1	18.52	15.74	11.41
1787341425.1	18.52	15.74	11.41
1787341426.1	18.52	15.74	11.41
1787341427.1	18.52	15.74	11.41
1787341428.1	18.23	15.73	11.43
1787341429.1	18.23	15.73	11.43
1787341430.1	18.23	15.73	11.43
1787341431.1	18.23	15.73	11.43
1787341432.1	18.23	15.73	11.43
1787341433.1	17.81	15.68	11.43
1787341434.1	17.81	15.68	11.43
1787341435.1	17.81	15.68	11.43
1787341436.1	17.81	15.68	11.43
1787341437.1	17.81	15.68	11.43
1787341438.1	18.15	15.79	11.49
1787341439.1	18.15	15.79	11.49
1787341440.1	18.15	15.79	11.49
1787341441.1	18.15	15.79	11.49
1787341442.1	18.15	15.79	11.49
1787341443.1	18.54	15.91	11.55
1787341444.1	18.54	15.91	11.55
1787341445.1	18.54	15.91	11.55
1787341446.1	18.54	15.91	11.55
1787341447.1	18.54	15.91	11.55
1787341448.1	17.93	15.82	11.55
1787341449.1	17.93	15.82	11.55
1787341450.1	17.93	15.82	11.55
1787341451.1	17.93	15.82	11.55
1787341452.1	17.93	15.82	11.55
1787341453.1	17.30	15.73	11.54
1787341454.1	17.30	15.73	11.54
1787341455.1	17.30	15.73	11.54
1787341456.1	17.30	15.73	11.54
1787341457.1	17.30	15.73	11.54
1787341458.1	17.68	15.83	11.60
1787341459.1	17.68	15.83	11.60
1787341460.1	17.68	15.83	11.60
1787341461.1	17.68	15.83	11.60
1787341462.1	17.68	15.83	11.60
1787341463.1	16.98	15.72	11.58
1787341464.1	16.98	15.72	11.58
1787341465.1	16.98	15.72	11.58
1787341466.1	16.98	15.72	11.58
1787341467.1	16.98	15.72	11.58
1787341468.1	16.98	15.74	11.61
1787341469.1	16.98	15.74	11.61
1787341470.1	16.98	15.74	11.61
1787341471.1	16.98	15.74	11.61
1787341472.1	16.98	15.74	11.61
1787341473.1	17.14	15.79	11.65
1787341474.1	17.14	15.79	11.65
1787341475.1	17.14	15.79	11.65
1787341476.1	17.14	15.79	11.65
1787341477.1	17.14	15.79	11.65
1787341478.1	17.61	15.91	11.71
1787341479.1	17.61	15.91	11.71
1787341480.1	17.61	15.91	11.71
1787341481.1	17.61	15.91	11.71
1787341482.1	17.61	15.91	11.71
1787341483.1	18.29	16.08	11.79
1787341484.1	18.29	16.08	11.79
1787341485.1	18.29	16.08	11.79
1787341486.1	18.29	16.08	11.79
1787341487.1	18.29	16.08	11.79
1787341488.1	17.94	16.05	11.80
1787341489.1	17.94	16.05	11.80
1787341490.1	17.94	16.05	11.80
1787341491.1	17.94	16.05	11.80
1787341492.1	17.94	16.05	11.80
1787341493.1	17.47	15.98	11.81
1787341494.1	17.47	15.98	11.81
1787341495.1	17.47	15.98	11.81
1787341496.1	17.47	15.98	11.81
1787341497.1	17.47	15.98	11.81
1787341498.1	17.59	16.03	11.84
1787341499.1	17.59	16.03	11.84
1787341500.1	17.59	16.03	11.84
1787341501.1	17.59	16.03	11.84
1787341502.1	17.59	16.03	11.84
1787341503.1	17.54	16.05	11.87
1787341504.1	17.54	16.05	11.87
1787341505.1	17.54	16.05	11.87
1787341506.1	17.54	16.05	11.87
1787341507.1	17.54	16.05	11.87
1787341508.1	18.06	16.18	11.94
1787341509.1	18.06	16.18	11.94
1787341510.1	18.06	16.18	11.94
1787341511.1	18.06	16.18	11.94
1787341512.1	18.06	16.18	11.94
1787341513.1	17.97	16.19	11.96
1787341514.1	17.97	16.19	11.96
1787341515.1	17.97	16.19	11.96
1787341516.1	17.97	16.19	11.96
1787341517.1	17.97	16.19	11.96
1787341518.1	18.30	16.29	12.02
1787341519.1	18.30	16.29	12.02
1787341520.1	18.30	16.29	12.02
1787341521.1	18.30	16.29	12.02
1787341522.1	18.30	16.29	12.02
1787341523.1	18.19	16.30	12.05
1787341524.1	18.19	16.30	12.05
1787341525.1	18.19	16.30	12.05
1787341526.1	18.19	16.30	12.05
1787341527.1	18.19	16.30	12.05
1787341528.1	18.18	16.33	12.08
1787341529.1	18.18	16.33	12.08
1787341530.1	18.18	16.33	12.08
1787341531.1	18.18	16.33	12.08
1787341532.1	18.18	16.33	12.08
1787341533.1	18.24	16.37	12.12
1787341534.1	18.24	16.37	12.12
1787341535.1	18.24	16.37	12.12
1787341536.1	18.24	16.37	12.12
1787341537.1	18.24	16.37	12.12
1787341538.1	17.82	16.32	12.12
1787341539.1	17.82	16.32	12.12
1787341540.1	17.82	16.32	12.12
1787341541.1	17.82	16.32	12.12
1787341542.1	17.82	16.32	12.12
1787341543.1	17.84	16.35	12.15
1787341544.1	17.84	16.35	12.15
1787341545.1	17.84	16.35	12.15
1787341546.1	17.84	16.35	12.15
1787341547.1	17.84	16.35	12.15
1787341548.1	17.45	16.29	12.16
1787341549.1	17.45	16.29	12.16
1787341550.1	17.45	16.29	12.16
1787341551.1	17.45	16.29	12.16
1787341552.1	17.45	16.29	12.16
1787341553.1	16.77	16.17	12.14
1787341554.1	16.77	16.17	12.14
1787341555.1	16.77	16.17	12.14
1787341556.1	16.77	16.17	12.14
1787341557.1	16.77	16.17	12.14
1787341558.1	16.87	16.20	12.17
1787341559.1	16.87	16.20	12.17
1787341560.1	16.87	16.20	12.17
1787341561.1	16.87	16.20	12.17
1787341562.1	16.87	16.20	12.17
1787341563.1	16.96	16.23	12.20
1787341564.1	16.96	16.23	12.20
1787341565.1	16.96	16.23	12.20
1787341566.1	16.96	16.23	12.20
1787341567.1	16.96	16.23	12.20
1787341568.1	16.89	16.23	12.22
1787341569.1	16.89	16.23	12.22
1787341570.1	16.89	16.23	12.22
1787341571.1	16.89	16.23	12.22
1787341572.1	16.89	16.23	12.22
1787341573.1	16.73	16.21	12.24
1787341574.1	16.73	16.21	12.24
1787341575.1	16.73	16.21	12.24
1787341576.1	16.73	16.21	12.24
1787341577.1	16.73	16.21	12.24
1787341578.1	15.95	16.05	12.21
1787341579.1	15.95	16.05	12.21
1787341580.1	15.95	16.05	12.21
1787341581.2	15.95	16.05	12.21
1787341582.2	15.95	16.05	12.21
1787341583.2	15.88	16.04	12.23
1787341584.2	15.88	16.04	12.23
1787341585.2	15.88	16.04	12.23
1787341586.2	15.88	16.04	12.23
1787341587.2	15.88	16.04	12.23
1787341588.2	15.25	15.90	12.20
1787341589.2	15.25	15.90	12.20
1787341590.2	15.25	15.90	12.20
1787341591.2	15.25	15.90	12.20
1787341592.2	15.25	15.90	12.20
1787341593.2	15.79	16.00	12.26
1787341594.2	15.79	16.00	12.26
1787341595.2	15.79	16.00	12.26
1787341596.2	15.79	16.00	12.26
1787341597.2	15.79	16.00	12.26
1787341598.2	15.88	16.02	12.28
1787341599.2	15.88	16.02	12.28
1787341600.2	15.88	16.02	12.28
1787341601.2	15.88	16.02	12.28
1787341602.2	15.88	16.02	12.28
1787341603.2	15.25	15.89	12.26
1787341604.2	15.25	15.89	12.26
1787341605.2	15.25	15.89	12.26
1787341606.2	15.25	15.89	12.26
1787341607.2	15.25	15.89	12.26
1787341608.2	15.15	15.85	12.27
1787341609.2	15.15	15.85	12.27
1787341610.2	15.15	15.85	12.27
1787341611.2	15.15	15.85	12.27
