stress pid=3989687 workers=8 duty=0.7 periodMs=250
1787335945.2	2.44	3.32	3.72
1787335946.2	2.44	3.32	3.72
1787335947.2	3.68	3.56	3.79
1787335948.2	3.68	3.56	3.79
1787335949.2	3.68	3.56	3.79
1787335950.2	3.68	3.56	3.79
1787335951.2	3.68	3.56	3.79
1787335952.2	4.75	3.78	3.86
1787335953.2	4.75	3.78	3.86
1787335954.2	4.75	3.78	3.86
1787335955.2	4.75	3.78	3.86
1787335956.2	4.75	3.78	3.86
1787335957.2	6.29	4.12	3.97
1787335958.2	6.29	4.12	3.97
1787335959.2	6.29	4.12	3.97
1787335960.2	6.29	4.12	3.97
1787335961.2	6.29	4.12	3.97
1787335962.2	7.15	4.33	4.04
1787335963.2	7.15	4.33	4.04
1787335964.2	7.15	4.33	4.04
1787335965.2	7.15	4.33	4.04
1787335966.2	7.15	4.33	4.04
1787335967.2	7.38	4.43	4.07
1787335968.2	7.38	4.43	4.07
1787335969.2	7.38	4.43	4.07
1787335970.2	7.38	4.43	4.07
1787335971.2	7.38	4.43	4.07
1787335972.2	7.59	4.52	4.11
1787335973.2	7.59	4.52	4.11
1787335974.2	7.59	4.52	4.11
1787335975.2	7.59	4.52	4.11
1787335976.2	7.59	4.52	4.11
1787335977.2	8.18	4.70	4.17
1787335978.2	8.18	4.70	4.17
1787335979.2	8.18	4.70	4.17
1787335980.2	8.18	4.70	4.17
1787335981.2	8.18	4.70	4.17
1787335982.2	8.81	4.88	4.23
1787335983.2	8.81	4.88	4.23
1787335984.2	8.81	4.88	4.23
1787335985.2	8.81	4.88	4.23
1787335986.2	8.81	4.88	4.23
1787335987.2	9.62	5.12	4.31
1787335988.2	9.62	5.12	4.31
1787335989.2	9.62	5.12	4.31
1787335990.2	9.62	5.12	4.31
1787335991.2	9.62	5.12	4.31
1787335992.2	9.98	5.27	4.36
1787335993.2	9.98	5.27	4.36
1787335994.2	9.98	5.27	4.36
1787335995.2	9.98	5.27	4.36
1787335996.2	9.98	5.27	4.36
1787335997.2	10.06	5.36	4.40
1787335998.2	10.06	5.36	4.40
1787335999.2	10.06	5.36	4.40
1787336000.2	10.06	5.36	4.40
1787336001.2	10.06	5.36	4.40
1787336002.2	9.97	5.42	4.42
1787336003.2	9.97	5.42	4.42
1787336004.2	9.97	5.42	4.42
1787336005.2	9.97	5.42	4.42
1787336006.2	9.97	5.42	4.42
1787336007.2	11.02	5.71	4.52
1787336008.2	11.02	5.71	4.52
1787336009.2	11.02	5.71	4.52
1787336010.2	11.02	5.71	4.52
1787336011.2	11.02	5.71	4.52
1787336012.2	11.90	5.98	4.62
1787336013.2	11.90	5.98	4.62
1787336014.2	11.90	5.98	4.62
1787336015.2	11.90	5.98	4.62
1787336016.2	11.90	5.98	4.62
1787336017.2	12.63	6.23	4.71
1787336018.2	12.63	6.23	4.71
1787336019.2	12.63	6.23	4.71
1787336020.2	12.63	6.23	4.71
1787336021.2	12.63	6.23	4.71
1787336022.2	13.06	6.43	4.78
1787336023.2	13.06	6.43	4.78
1787336024.2	13.06	6.43	4.78
1787336025.2	13.06	6.43	4.78
1787336026.2	13.06	6.43	4.78
1787336027.2	12.65	6.46	4.79
1787336028.2	12.65	6.46	4.79
1787336029.2	12.65	6.46	4.79
1787336030.2	12.65	6.46	4.79
1787336031.2	12.65	6.46	4.79
1787336032.2	12.76	6.58	4.84
1787336033.2	12.76	6.58	4.84
1787336034.2	12.76	6.58	4.84
1787336035.2	12.76	6.58	4.84
1787336036.2	12.76	6.58	4.84
1787336037.2	12.46	6.62	4.87
1787336038.2	12.46	6.62	4.87
1787336039.2	12.46	6.62	4.87
1787336040.2	12.46	6.62	4.87
1787336041.2	12.46	6.62	4.87
1787336042.2	12.74	6.78	4.93
1787336043.2	12.74	6.78	4.93
1787336044.2	12.74	6.78	4.93
1787336045.2	12.74	6.78	4.93
1787336046.2	12.74	6.78	4.93
1787336047.2	12.28	6.78	4.94
1787336048.2	12.28	6.78	4.94
1787336049.2	12.28	6.78	4.94
1787336050.2	12.28	6.78	4.94
1787336051.2	12.28	6.78	4.94
1787336052.2	12.18	6.85	4.97
1787336053.2	12.18	6.85	4.97
1787336054.2	12.18	6.85	4.97
1787336055.2	12.18	6.85	4.97
1787336056.2	12.18	6.85	4.97
1787336057.2	12.40	6.99	5.02
1787336058.2	12.40	6.99	5.02
1787336059.2	12.40	6.99	5.02
1787336060.2	12.40	6.99	5.02
1787336061.2	12.40	6.99	5.02
1787336062.2	11.97	6.99	5.04
1787336063.2	11.97	6.99	5.04
1787336064.2	11.97	6.99	5.04
1787336065.2	11.97	6.99	5.04
1787336066.2	11.97	6.99	5.04
1787336067.2	11.89	7.05	5.07
1787336068.2	11.89	7.05	5.07
1787336069.2	11.89	7.05	5.07
1787336070.2	11.89	7.05	5.07
1787336071.2	11.89	7.05	5.07
1787336072.2	11.34	7.02	5.07
1787336073.2	11.34	7.02	5.07
1787336074.2	11.34	7.02	5.07
1787336075.2	11.34	7.02	5.07
1787336076.2	11.34	7.02	5.07
1787336077.2	11.79	7.19	5.13
1787336078.2	11.79	7.19	5.13
1787336079.2	11.79	7.19	5.13
1787336080.2	11.79	7.19	5.13
1787336081.2	11.79	7.19	5.13
1787336082.2	12.21	7.35	5.20
1787336083.2	12.21	7.35	5.20
1787336084.2	12.21	7.35	5.20
1787336085.2	12.21	7.35	5.20
1787336086.2	12.21	7.35	5.20
1787336087.2	12.28	7.44	5.24
1787336088.2	12.28	7.44	5.24
1787336089.2	12.28	7.44	5.24
1787336090.2	12.28	7.44	5.24
1787336091.2	12.28	7.44	5.24
1787336092.2	12.25	7.52	5.27
1787336093.2	12.25	7.52	5.27
1787336094.2	12.25	7.52	5.27
1787336095.2	12.25	7.52	5.27
1787336096.2	12.25	7.52	5.27
1787336097.2	12.47	7.64	5.33
1787336098.2	12.47	7.64	5.33
1787336099.2	12.47	7.64	5.33
1787336100.2	12.47	7.64	5.33
1787336101.2	12.47	7.64	5.33
1787336102.2	12.03	7.63	5.34
1787336103.2	12.03	7.63	5.34
1787336104.2	12.03	7.63	5.34
1787336105.2	12.03	7.63	5.34
1787336106.2	12.03	7.63	5.34
1787336107.2	12.59	7.82	5.41
1787336108.2	12.59	7.82	5.41
1787336109.2	12.59	7.82	5.41
1787336110.2	12.59	7.82	5.41
1787336111.2	12.59	7.82	5.41
1787336112.2	12.87	7.96	5.47
1787336113.2	12.87	7.96	5.47
1787336114.2	12.87	7.96	5.47
1787336115.2	12.87	7.96	5.47
1787336116.2	12.87	7.96	5.47
1787336117.2	13.84	8.24	5.57
1787336118.2	13.84	8.24	5.57
1787336119.2	13.84	8.24	5.57
1787336120.2	13.84	8.24	5.57
1787336121.2	13.84	8.24	5.57
1787336122.2	13.37	8.24	5.58
1787336123.2	13.37	8.24	5.58
1787336124.2	13.37	8.24	5.58
1787336125.2	13.37	8.24	5.58
1787336126.2	13.37	8.24	5.58
1787336127.2	14.06	8.47	5.67
1787336128.2	14.06	8.47	5.67
1787336129.2	14.06	8.47	5.67
1787336130.3	14.06	8.47	5.67
1787336131.3	14.06	8.47	5.67
1787336132.3	13.58	8.46	5.69
1787336133.3	13.58	8.46	5.69
1787336134.3	13.58	8.46	5.69
1787336135.3	13.58	8.46	5.69
1787336136.3	13.58	8.46	5.69
1787336137.3	13.61	8.55	5.73
1787336138.3	13.61	8.55	5.73
1787336139.3	13.61	8.55	5.73
1787336140.3	13.61	8.55	5.73
1787336141.3	13.61	8.55	5.73
1787336142.3	13.08	8.52	5.74
1787336143.3	13.08	8.52	5.74
1787336144.3	13.08	8.52	5.74
1787336145.3	13.08	8.52	5.74
1787336146.3	13.08	8.52	5.74
1787336147.3	13.63	8.72	5.81
1787336148.3	13.63	8.72	5.81
1787336149.3	13.63	8.72	5.81
1787336150.3	13.63	8.72	5.81
1787336151.3	13.63	8.72	5.81
1787336152.3	13.74	8.82	5.86
1787336153.3	13.74	8.82	5.86
1787336154.3	13.74	8.82	5.86
1787336155.3	13.74	8.82	5.86
1787336156.3	13.74	8.82	5.86
1787336157.3	13.44	8.84	5.89
1787336158.3	13.44	8.84	5.89
1787336159.3	13.44	8.84	5.89
1787336160.3	13.44	8.84	5.89
1787336161.3	13.44	8.84	5.89
1787336162.3	13.41	8.91	5.93
1787336163.3	13.41	8.91	5.93
1787336164.3	13.41	8.91	5.93
1787336165.3	13.41	8.91	5.93
1787336166.3	13.41	8.91	5.93
1787336167.3	13.14	8.93	5.95
1787336168.3	13.14	8.93	5.95
1787336169.3	13.14	8.93	5.95
1787336170.3	13.14	8.93	5.95
1787336171.3	13.14	8.93	5.95
1787336172.3	13.04	8.98	5.98
1787336173.3	13.04	8.98	5.98
1787336174.3	13.04	8.98	5.98
1787336175.3	13.04	8.98	5.98
1787336176.3	13.04	8.98	5.98
1787336177.3	13.20	9.08	6.03
1787336178.3	13.20	9.08	6.03
1787336179.3	13.20	9.08	6.03
1787336180.3	13.20	9.08	6.03
1787336181.3	13.20	9.08	6.03
1787336182.3	12.86	9.08	6.04
1787336183.3	12.86	9.08	6.04
1787336184.3	12.86	9.08	6.04
1787336185.3	12.86	9.08	6.04
1787336186.3	12.86	9.08	6.04
1787336187.3	12.39	9.04	6.05
1787336188.3	12.39	9.04	6.05
1787336189.3	12.39	9.04	6.05
1787336190.3	12.39	9.04	6.05
1787336191.3	12.39	9.04	6.05
1787336192.3	12.52	9.13	6.09
1787336193.3	12.52	9.13	6.09
1787336194.3	12.52	9.13	6.09
1787336195.3	12.52	9.13	6.09
1787336196.3	12.52	9.13	6.09
1787336197.3	12.56	9.19	6.13
1787336198.3	12.56	9.19	6.13
1787336199.3	12.56	9.19	6.13
1787336200.3	12.56	9.19	6.13
1787336201.3	12.56	9.19	6.13
1787336202.3	12.84	9.30	6.18
1787336203.3	12.84	9.30	6.18
1787336204.3	12.84	9.30	6.18
1787336205.3	12.84	9.30	6.18
1787336206.3	12.84	9.30	6.18
1787336207.3	13.17	9.43	6.24
1787336208.3	13.17	9.43	6.24
1787336209.3	13.17	9.43	6.24
1787336210.3	13.17	9.43	6.24
1787336211.3	13.17	9.43	6.24
1787336212.3	13.08	9.47	6.27
1787336213.3	13.08	9.47	6.27
1787336214.3	13.08	9.47	6.27
1787336215.3	13.08	9.47	6.27
1787336216.3	13.08	9.47	6.27
1787336217.3	13.07	9.53	6.31
1787336218.3	13.07	9.53	6.31
1787336219.3	13.07	9.53	6.31
1787336220.3	13.07	9.53	6.31
1787336221.3	13.07	9.53	6.31
1787336222.3	12.58	9.49	6.31
1787336223.3	12.58	9.49	6.31
1787336224.3	12.58	9.49	6.31
1787336225.3	12.58	9.49	6.31
1787336226.3	12.58	9.49	6.31
1787336227.3	12.62	9.55	6.35
1787336228.3	12.62	9.55	6.35
1787336229.3	12.62	9.55	6.35
1787336230.3	12.62	9.55	6.35
1787336231.3	12.62	9.55	6.35
1787336232.3	12.57	9.59	6.38
1787336233.3	12.57	9.59	6.38
1787336234.3	12.57	9.59	6.38
1787336235.3	12.57	9.59	6.38
1787336236.3	12.57	9.59	6.38
1787336237.3	13.48	9.83	6.47
1787336238.3	13.48	9.83	6.47
1787336239.3	13.48	9.83	6.47
1787336240.3	13.48	9.83	6.47
1787336241.3	13.48	9.83	6.47
1787336242.3	13.85	9.96	6.54
1787336243.3	13.85	9.96	6.54
1787336244.3	13.85	9.96	6.54
1787336245.3	13.85	9.96	6.54
1787336246.3	13.85	9.96	6.54
1787336247.3	14.02	10.07	6.59
1787336248.3	14.02	10.07	6.59
1787336249.3	14.02	10.07	6.59
1787336250.3	14.02	10.07	6.59
1787336251.3	14.02	10.07	6.59
1787336252.3	14.10	10.15	6.63
1787336253.3	14.10	10.15	6.63
1787336254.3	14.10	10.15	6.63
1787336255.3	14.10	10.15	6.63
1787336256.3	14.10	10.15	6.63
1787336257.3	14.25	10.24	6.68
1787336258.3	14.25	10.24	6.68
1787336259.3	14.25	10.24	6.68
1787336260.3	14.25	10.24	6.68
1787336261.3	14.25	10.24	6.68
1787336262.3	14.71	10.41	6.76
1787336263.3	14.71	10.41	6.76
1787336264.3	14.71	10.41	6.76
1787336265.3	14.71	10.41	6.76
1787336266.3	14.71	10.41	6.76
1787336267.3	14.97	10.53	6.82
1787336268.3	14.97	10.53	6.82
1787336269.3	14.97	10.53	6.82
1787336270.3	14.97	10.53	6.82
1787336271.3	14.97	10.53	6.82
1787336272.3	14.90	10.59	6.86
1787336273.3	14.90	10.59	6.86
1787336274.3	14.90	10.59	6.86
1787336275.3	14.90	10.59	6.86
1787336276.3	14.90	10.59	6.86
1787336277.3	14.58	10.60	6.88
1787336278.3	14.58	10.60	6.88
1787336279.3	14.58	10.60	6.88
1787336280.3	14.58	10.60	6.88
1787336281.3	14.58	10.60	6.88
1787336282.3	14.78	10.70	6.93
1787336283.3	14.78	10.70	6.93
1787336284.3	14.78	10.70	6.93
1787336285.3	14.78	10.70	6.93
1787336286.3	14.78	10.70	6.93
1787336287.3	14.23	10.66	6.94
1787336288.3	14.23	10.66	6.94
1787336289.3	14.23	10.66	6.94
1787336290.3	14.23	10.66	6.94
1787336291.3	14.23	10.66	6.94
1787336292.3	14.30	10.73	6.98
1787336293.3	14.30	10.73	6.98
1787336294.3	14.30	10.73	6.98
1787336295.3	14.30	10.73	6.98
1787336296.3	14.30	10.73	6.98
1787336297.3	14.35	10.80	7.03
1787336298.3	14.35	10.80	7.03
1787336299.3	14.35	10.80	7.03
1787336300.3	14.35	10.80	7.03
1787336301.3	14.35	10.80	7.03
1787336302.3	14.65	10.92	7.08
1787336303.3	14.65	10.92	7.08
1787336304.3	14.65	10.92	7.08
1787336305.3	14.65	10.92	7.08
1787336306.3	14.65	10.92	7.08
1787336307.3	15.23	11.11	7.17
1787336308.3	15.23	11.11	7.17
1787336309.3	15.23	11.11	7.17
1787336310.3	15.23	11.11	7.17
1787336311.3	15.23	11.11	7.17
1787336312.3	15.06	11.14	7.20
1787336313.3	15.06	11.14	7.20
1787336314.3	15.06	11.14	7.20
1787336315.3	15.06	11.14	7.20
1787336316.3	15.06	11.14	7.20
1787336317.3	15.05	11.20	7.24
1787336318.3	15.05	11.20	7.24
1787336319.3	15.05	11.20	7.24
1787336320.3	15.05	11.20	7.24
1787336321.3	15.05	11.20	7.24
1787336322.3	15.29	11.32	7.30
1787336323.3	15.29	11.32	7.30
1787336324.3	15.29	11.32	7.30
1787336325.3	15.29	11.32	7.30
1787336326.3	15.29	11.32	7.30
1787336327.3	15.34	11.39	7.34
1787336328.3	15.34	11.39	7.34
1787336329.3	15.34	11.39	7.34
1787336330.3	15.34	11.39	7.34
1787336331.3	15.34	11.39	7.34
1787336332.3	15.24	11.44	7.38
1787336333.3	15.24	11.44	7.38
1787336334.3	15.24	11.44	7.38
1787336335.3	15.24	11.44	7.38
1787336336.3	15.24	11.44	7.38
1787336337.3	15.14	11.48	7.42
1787336338.3	15.14	11.48	7.42
1787336339.3	15.14	11.48	7.42
1787336340.3	15.14	11.48	7.42
1787336341.3	15.14	11.48	7.42
1787336342.3	15.61	11.64	7.49
1787336343.3	15.61	11.64	7.49
1787336344.3	15.61	11.64	7.49
1787336345.3	15.61	11.64	7.49
1787336346.3	15.61	11.64	7.49
1787336347.3	15.64	11.71	7.53
1787336348.3	15.64	11.71	7.53
1787336349.3	15.64	11.71	7.53
1787336350.3	15.64	11.71	7.53
1787336351.3	15.64	11.71	7.53
1787336352.3	15.03	11.65	7.54
1787336353.3	15.03	11.65	7.54
1787336354.3	15.03	11.65	7.54
1787336355.3	15.03	11.65	7.54
1787336356.3	15.03	11.65	7.54
1787336357.3	15.10	11.72	7.58
1787336358.3	15.10	11.72	7.58
1787336359.3	15.10	11.72	7.58
1787336360.3	15.10	11.72	7.58
1787336361.3	15.10	11.72	7.58
1787336362.3	14.62	11.68	7.59
1787336363.3	14.62	11.68	7.59
1787336364.3	14.62	11.68	7.59
1787336365.3	14.62	11.68	7.59
1787336366.3	14.62	11.68	7.59
1787336367.3	14.25	11.65	7.60
1787336368.3	14.25	11.65	7.60
1787336369.3	14.25	11.65	7.60
1787336370.3	14.25	11.65	7.60
1787336371.3	14.25	11.65	7.60
1787336372.3	14.95	11.84	7.69
1787336373.3	14.95	11.84	7.69
1787336374.3	14.95	11.84	7.69
1787336375.3	14.95	11.84	7.69
1787336376.3	14.95	11.84	7.69
1787336377.3	14.39	11.77	7.69
1787336378.3	14.39	11.77	7.69
1787336379.3	14.39	11.77	7.69
1787336380.3	14.39	11.77	7.69
1787336381.3	14.39	11.77	7.69
1787336382.3	14.20	11.78	7.71
1787336383.3	14.20	11.78	7.71
1787336384.3	14.20	11.78	7.71
1787336385.3	14.20	11.78	7.71
1787336386.3	14.20	11.78	7.71
1787336387.3	13.62	11.70	7.71
1787336388.3	13.62	11.70	7.71
1787336389.3	13.62	11.70	7.71
1787336390.3	13.62	11.70	7.71
1787336391.3	13.62	11.70	7.71
1787336392.3	13.73	11.75	7.75
1787336393.3	13.73	11.75	7.75
1787336394.3	13.73	11.75	7.75
1787336395.3	13.73	11.75	7.75
1787336396.3	13.73	11.75	7.75
1787336397.3	13.91	11.82	7.79
1787336398.3	13.91	11.82	7.79
1787336399.3	13.91	11.82	7.79
1787336400.3	13.91	11.82	7.79
1787336401.3	13.91	11.82	7.79
1787336402.3	14.16	11.91	7.84
1787336403.3	14.16	11.91	7.84
1787336404.3	14.16	11.91	7.84
1787336405.3	14.16	11.91	7.84
1787336406.4	14.16	11.91	7.84
1787336407.4	13.67	11.84	7.84
1787336408.4	13.67	11.84	7.84
1787336409.4	13.67	11.84	7.84
1787336410.4	13.67	11.84	7.84
1787336411.4	13.67	11.84	7.84
1787336412.4	13.37	11.81	7.86
1787336413.4	13.37	11.81	7.86
1787336414.4	13.37	11.81	7.86
1787336415.4	13.37	11.81	7.86
1787336416.4	13.37	11.81	7.86
1787336417.4	12.94	11.75	7.86
1787336418.4	12.94	11.75	7.86
1787336419.4	12.94	11.75	7.86
1787336420.4	12.94	11.75	7.86
1787336421.4	12.94	11.75	7.86
1787336422.4	13.27	11.84	7.91
1787336423.4	13.27	11.84	7.91
1787336424.4	13.27	11.84	7.91
1787336425.4	13.27	11.84	7.91
1787336426.4	13.27	11.84	7.91
1787336427.4	13.17	11.84	7.93
1787336428.4	13.17	11.84	7.93
1787336429.4	13.17	11.84	7.93
1787336430.4	13.17	11.84	7.93
1787336431.4	13.17	11.84	7.93
1787336432.4	14.03	12.04	8.01
1787336433.4	14.03	12.04	8.01
1787336434.4	14.03	12.04	8.01
1787336435.4	14.03	12.04	8.01
1787336436.4	14.03	12.04	8.01
1787336437.4	13.79	12.03	8.03
1787336438.4	13.79	12.03	8.03
1787336439.4	13.79	12.03	8.03
1787336440.4	13.79	12.03	8.03
1787336441.4	13.79	12.03	8.03
1787336442.4	13.81	12.06	8.06
1787336443.4	13.81	12.06	8.06
1787336444.4	13.81	12.06	8.06
1787336445.4	13.81	12.06	8.06
1787336446.4	13.81	12.06	8.06
1787336447.4	14.38	12.21	8.13
1787336448.4	14.38	12.21	8.13
1787336449.4	14.38	12.21	8.13
1787336450.4	14.38	12.21	8.13
1787336451.4	14.38	12.21	8.13
1787336452.4	14.67	12.30	8.19
1787336453.4	14.67	12.30	8.19
1787336454.4	14.67	12.30	8.19
1787336455.4	14.67	12.30	8.19
1787336456.4	14.67	12.30	8.19
1787336457.4	14.14	12.23	8.18
1787336458.4	14.14	12.23	8.18
1787336459.4	14.14	12.23	8.18
1787336460.4	14.14	12.23	8.18
1787336461.4	14.14	12.23	8.18
1787336462.4	13.73	12.18	8.19
1787336463.4	13.73	12.18	8.19
1787336464.4	13.73	12.18	8.19
1787336465.4	13.73	12.18	8.19
1787336466.4	13.73	12.18	8.19
1787336467.4	13.27	12.11	8.19
1787336468.4	13.27	12.11	8.19
1787336469.4	13.27	12.11	8.19
1787336470.4	13.27	12.11	8.19
1787336471.4	13.27	12.11	8.19
1787336472.4	13.17	12.11	8.21
1787336473.4	13.17	12.11	8.21
1787336474.4	13.17	12.11	8.21
1787336475.4	13.17	12.11	8.21
1787336476.4	13.17	12.11	8.21
1787336477.4	13.63	12.22	8.27
1787336478.4	13.63	12.22	8.27
1787336479.4	13.63	12.22	8.27
1787336480.4	13.63	12.22	8.27
1787336481.4	13.63	12.22	8.27
1787336482.4	13.98	12.32	8.32
1787336483.4	13.98	12.32	8.32
1787336484.4	13.98	12.32	8.32
1787336485.4	13.98	12.32	8.32
1787336486.4	13.98	12.32	8.32
1787336487.4	14.31	12.41	8.37
1787336488.4	14.31	12.41	8.37
1787336489.4	14.31	12.41	8.37
1787336490.4	14.31	12.41	8.37
1787336491.4	14.31	12.41	8.37
1787336492.4	14.52	12.49	8.42
1787336493.4	14.52	12.49	8.42
1787336494.4	14.52	12.49	8.42
1787336495.4	14.52	12.49	8.42
1787336496.4	14.52	12.49	8.42
1787336497.4	14.64	12.55	8.46
1787336498.4	14.64	12.55	8.46
1787336499.4	14.64	12.55	8.46
1787336500.4	14.64	12.55	8.46
1787336501.4	14.64	12.55	8.46
1787336502.4	14.59	12.57	8.49
1787336503.4	14.59	12.57	8.49
1787336504.4	14.59	12.57	8.49
1787336505.4	14.59	12.57	8.49
1787336506.4	14.59	12.57	8.49
1787336507.4	14.46	12.58	8.51
1787336508.4	14.46	12.58	8.51
1787336509.4	14.46	12.58	8.51
1787336510.4	14.46	12.58	8.51
1787336511.4	14.46	12.58	8.51
1787336512.4	14.83	12.69	8.57
1787336513.4	14.83	12.69	8.57
1787336514.4	14.83	12.69	8.57
1787336515.4	14.83	12.69	8.57
1787336516.4	14.83	12.69	8.57
1787336517.4	14.28	12.61	8.57
1787336518.4	14.28	12.61	8.57
1787336519.4	14.28	12.61	8.57
1787336520.4	14.28	12.61	8.57
1787336521.4	14.28	12.61	8.57
1787336522.4	14.34	12.65	8.60
1787336523.4	14.34	12.65	8.60
1787336524.4	14.34	12.65	8.60
1787336525.4	14.34	12.65	8.60
1787336526.4	14.34	12.65	8.60
1787336527.4	14.31	12.67	8.63
1787336528.4	14.31	12.67	8.63
1787336529.4	14.31	12.67	8.63
1787336530.4	14.31	12.67	8.63
1787336531.4	14.31	12.67	8.63
1787336532.4	14.77	12.79	8.69
1787336533.4	14.77	12.79	8.69
1787336534.4	14.77	12.79	8.69
1787336535.4	14.77	12.79	8.69
1787336536.4	14.77	12.79	8.69
1787336537.4	14.70	12.81	8.72
1787336538.4	14.70	12.81	8.72
1787336539.4	14.70	12.81	8.72
1787336540.4	14.70	12.81	8.72
1787336541.4	14.70	12.81	8.72
1787336542.4	14.81	12.87	8.76
1787336543.4	14.81	12.87	8.76
1787336544.4	14.81	12.87	8.76
1787336545.4	14.81	12.87	8.76
1787336546.4	14.81	12.87	8.76
1787336547.4	15.22	12.98	8.82
1787336548.4	15.22	12.98	8.82
1787336549.4	15.22	12.98	8.82
1787336550.4	15.22	12.98	8.82
1787336551.4	15.22	12.98	8.82
1787336552.4	15.69	13.12	8.89
1787336553.4	15.69	13.12	8.89
1787336554.4	15.69	13.12	8.89
1787336555.4	15.69	13.12	8.89
1787336556.4	15.69	13.12	8.89
1787336557.4	16.19	13.27	8.96
1787336558.4	16.19	13.27	8.96
1787336559.4	16.19	13.27	8.96
1787336560.4	16.19	13.27	8.96
1787336561.4	16.19	13.27	8.96
1787336562.4	16.58	13.39	9.02
1787336563.4	16.58	13.39	9.02
1787336564.4	16.58	13.39	9.02
1787336565.4	16.58	13.39	9.02
1787336566.4	16.58	13.39	9.02
1787336567.4	16.77	13.49	9.08
1787336568.4	16.77	13.49	9.08
1787336569.4	16.77	13.49	9.08
1787336570.4	16.77	13.49	9.08
1787336571.4	16.77	13.49	9.08
1787336572.4	16.15	13.41	9.07
1787336573.4	16.15	13.41	9.07
1787336574.4	16.15	13.41	9.07
1787336575.4	16.15	13.41	9.07
1787336576.4	16.06	13.44	9.11
1787336577.4	16.06	13.44	9.11
1787336578.4	16.06	13.44	9.11
1787336579.4	16.06	13.44	9.11
1787336580.4	16.06	13.44	9.11
1787336581.4	15.89	13.45	9.13
1787336582.4	15.89	13.45	9.13
1787336583.4	15.89	13.45	9.13
1787336584.4	15.89	13.45	9.13
1787336585.4	15.89	13.45	9.13
1787336586.4	15.50	13.41	9.14
1787336587.4	15.50	13.41	9.14
1787336588.4	15.50	13.41	9.14
1787336589.4	15.50	13.41	9.14
1787336590.4	15.50	13.41	9.14
1787336591.4	15.46	13.43	9.18
1787336592.4	15.46	13.43	9.18
1787336593.4	15.46	13.43	9.18
1787336594.4	15.46	13.43	9.18
1787336595.4	15.46	13.43	9.18
1787336596.4	15.58	13.49	9.22
1787336597.4	15.58	13.49	9.22
1787336598.4	15.58	13.49	9.22
1787336599.4	15.58	13.49	9.22
1787336600.4	15.58	13.49	9.22
1787336601.4	15.06	13.42	9.22
1787336602.4	15.06	13.42	9.22
1787336603.4	15.06	13.42	9.22
1787336604.4	15.06	13.42	9.22
1787336605.4	15.06	13.42	9.22
1787336606.4	15.05	13.45	9.25
1787336607.4	15.05	13.45	9.25
1787336608.4	15.05	13.45	9.25
1787336609.4	15.05	13.45	9.25
1787336610.4	15.05	13.45	9.25
1787336611.4	14.73	13.40	9.26
1787336612.4	14.73	13.40	9.26
1787336613.4	14.73	13.40	9.26
1787336614.4	14.73	13.40	9.26
1787336615.4	14.73	13.40	9.26
1787336616.4	14.83	13.45	9.29
1787336617.4	14.83	13.45	9.29
1787336618.4	14.83	13.45	9.29
1787336619.4	14.83	13.45	9.29
1787336620.4	14.83	13.45	9.29
1787336621.4	15.40	13.59	9.36
1787336622.4	15.40	13.59	9.36
1787336623.4	15.40	13.59	9.36
1787336624.4	15.40	13.59	9.36
1787336625.4	15.40	13.59	9.36
1787336626.4	15.29	13.60	9.39
1787336627.4	15.29	13.60	9.39
1787336628.4	15.29	13.60	9.39
1787336629.4	15.29	13.60	9.39
1787336630.4	15.29	13.60	9.39
1787336631.4	15.27	13.62	9.42
1787336632.4	15.27	13.62	9.42
1787336633.4	15.27	13.62	9.42
1787336634.4	15.27	13.62	9.42
1787336635.4	15.27	13.62	9.42
1787336636.4	15.81	13.76	9.49
1787336637.4	15.81	13.76	9.49
1787336638.4	15.81	13.76	9.49
1787336639.4	15.81	13.76	9.49
1787336640.4	15.81	13.76	9.49
1787336641.4	15.10	13.65	9.47
1787336642.4	15.10	13.65	9.47
1787336643.4	15.10	13.65	9.47
1787336644.4	15.10	13.65	9.47
1787336645.4	15.10	13.65	9.47
1787336646.4	15.01	13.65	9.50
1787336647.4	15.01	13.65	9.50
1787336648.4	15.01	13.65	9.50
1787336649.5	15.01	13.65	9.50
1787336650.5	15.01	13.65	9.50
1787336651.5	15.01	13.68	9.53
1787336652.5	15.01	13.68	9.53
1787336653.5	15.01	13.68	9.53
1787336654.5	15.01	13.68	9.53
1787336655.5	15.01	13.68	9.53
1787336656.5	15.01	13.70	9.56
1787336657.5	15.01	13.70	9.56
1787336658.5	15.01	13.70	9.56
1787336659.5	15.01	13.70	9.56
1787336660.5	15.01	13.70	9.56
1787336661.5	15.49	13.82	9.62
1787336662.5	15.49	13.82	9.62
1787336663.5	15.49	13.82	9.62
1787336664.5	15.49	13.82	9.62
1787336665.5	15.49	13.82	9.62
1787336666.5	15.05	13.76	9.62
1787336667.5	15.05	13.76	9.62
1787336668.5	15.05	13.76	9.62
1787336669.5	15.05	13.76	9.62
1787336670.5	15.05	13.76	9.62
1787336671.5	14.49	13.66	9.61
1787336672.5	14.49	13.66	9.61
1787336673.5	14.49	13.66	9.61
1787336674.5	14.49	13.66	9.61
1787336675.5	14.49	13.66	9.61
1787336676.5	14.13	13.60	9.61
1787336677.5	14.13	13.60	9.61
1787336678.5	14.13	13.60	9.61
1787336679.5	14.13	13.60	9.61
1787336680.5	14.13	13.60	9.61
1787336681.5	14.12	13.61	9.64
1787336682.5	14.12	13.61	9.64
1787336683.5	14.12	13.61	9.64
1787336684.5	14.12	13.61	9.64
1787336685.5	14.12	13.61	9.64
1787336686.5	13.87	13.56	9.65
1787336687.5	13.87	13.56	9.65
1787336688.5	13.87	13.56	9.65
1787336689.5	13.87	13.56	9.65
1787336690.5	13.87	13.56	9.65
1787336691.5	13.80	13.55	9.66
1787336692.5	13.80	13.55	9.66
1787336693.5	13.80	13.55	9.66
1787336694.5	13.80	13.55	9.66
1787336695.5	13.80	13.55	9.66
1787336696.5	13.25	13.44	9.65
1787336697.5	13.25	13.44	9.65
1787336698.5	13.25	13.44	9.65
1787336699.5	13.25	13.44	9.65
1787336700.5	13.25	13.44	9.65
1787336701.5	12.99	13.39	9.65
1787336702.5	12.99	13.39	9.65
1787336703.5	12.99	13.39	9.65
1787336704.5	12.99	13.39	9.65
1787336705.5	12.99	13.39	9.65
1787336706.5	13.23	13.43	9.68
1787336707.5	13.23	13.43	9.68
1787336708.5	13.23	13.43	9.68
1787336709.5	13.23	13.43	9.68
1787336710.5	13.23	13.43	9.68
1787336711.5	13.29	13.44	9.71
1787336712.5	13.29	13.44	9.71
1787336713.5	13.29	13.44	9.71
1787336714.5	13.29	13.44	9.71
1787336715.5	13.29	13.44	9.71
1787336716.5	12.95	13.37	9.70
1787336717.5	12.95	13.37	9.70
1787336718.5	12.95	13.37	9.70
1787336719.5	12.95	13.37	9.70
1787336720.5	12.95	13.37	9.70
1787336721.5	12.39	13.24	9.68
1787336722.5	12.39	13.24	9.68
1787336723.5	12.39	13.24	9.68
1787336724.5	12.39	13.24	9.68
1787336725.5	12.39	13.24	9.68
1787336726.5	12.44	13.24	9.70
1787336727.5	12.44	13.24	9.70
1787336728.5	12.44	13.24	9.70
1787336729.5	12.44	13.24	9.70
1787336730.5	12.44	13.24	9.70
1787336731.5	12.49	13.23	9.72
1787336732.5	12.49	13.23	9.72
1787336733.5	12.49	13.23	9.72
1787336734.5	12.49	13.23	9.72
1787336735.5	12.49	13.23	9.72
1787336736.5	12.69	13.26	9.75
1787336737.5	12.69	13.26	9.75
1787336738.5	12.69	13.26	9.75
1787336739.5	12.69	13.26	9.75
1787336740.5	12.69	13.26	9.75
1787336741.5	12.15	13.14	9.73
1787336742.5	12.15	13.14	9.73
1787336743.5	12.15	13.14	9.73
1787336744.5	12.15	13.14	9.73
1787336745.5	12.15	13.14	9.73
1787336746.5	11.66	13.03	9.71
1787336747.5	11.66	13.03	9.71
1787336748.5	11.66	13.03	9.71
1787336749.5	11.66	13.03	9.71
1787336750.5	11.66	13.03	9.71
1787336751.5	11.53	12.98	9.71
1787336752.5	11.53	12.98	9.71
1787336753.5	11.53	12.98	9.71
1787336754.5	11.53	12.98	9.71
1787336755.5	11.53	12.98	9.71
1787336756.5	11.88	13.03	9.74
1787336757.5	11.88	13.03	9.74
1787336758.5	11.88	13.03	9.74
1787336759.5	11.88	13.03	9.74
1787336760.5	11.88	13.03	9.74
1787336761.5	12.61	13.16	9.80
1787336762.5	12.61	13.16	9.80
1787336763.5	12.61	13.16	9.80
1787336764.5	12.61	13.16	9.80
1787336765.5	12.61	13.16	9.80
1787336766.5	13.29	13.29	9.87
1787336767.5	13.29	13.29	9.87
1787336768.5	13.29	13.29	9.87
1787336769.5	13.29	13.29	9.87
1787336770.5	13.29	13.29	9.87
1787336771.5	13.90	13.42	9.93
1787336772.5	13.90	13.42	9.93
1787336773.5	13.90	13.42	9.93
1787336774.5	13.90	13.42	9.93
1787336775.5	13.90	13.42	9.93
1787336776.5	13.51	13.34	9.92
1787336777.5	13.51	13.34	9.92
1787336778.5	13.51	13.34	9.92
1787336779.5	13.51	13.34	9.92
1787336780.5	13.51	13.34	9.92
1787336781.5	13.95	13.44	9.97
1787336782.5	13.95	13.44	9.97
1787336783.5	13.95	13.44	9.97
1787336784.5	13.95	13.44	9.97
1787336785.5	13.95	13.44	9.97
1787336786.5	14.28	13.51	10.01
1787336787.5	14.28	13.51	10.01
1787336788.5	14.28	13.51	10.01
1787336789.5	14.28	13.51	10.01
1787336790.5	14.28	13.51	10.01
1787336791.5	14.57	13.59	10.06
1787336792.5	14.57	13.59	10.06
1787336793.5	14.57	13.59	10.06
1787336794.5	14.57	13.59	10.06
1787336795.5	14.57	13.59	10.06
1787336796.5	15.01	13.69	10.11
1787336797.5	15.01	13.69	10.11
1787336798.5	15.01	13.69	10.11
1787336799.5	15.01	13.69	10.11
1787336800.5	15.01	13.69	10.11
1787336801.5	15.33	13.78	10.16
1787336802.5	15.33	13.78	10.16
1787336803.5	15.33	13.78	10.16
1787336804.5	15.33	13.78	10.16
1787336805.5	15.33	13.78	10.16
1787336806.5	15.86	13.92	10.22
1787336807.5	15.86	13.92	10.22
1787336808.5	15.86	13.92	10.22
1787336809.5	15.86	13.92	10.22
1787336810.5	15.86	13.92	10.22
1787336811.5	15.71	13.92	10.24
1787336812.5	15.71	13.92	10.24
1787336813.5	15.71	13.92	10.24
1787336814.5	15.71	13.92	10.24
1787336815.5	15.71	13.92	10.24
1787336816.5	14.94	13.79	10.22
1787336817.5	14.94	13.79	10.22
1787336818.5	14.94	13.79	10.22
1787336819.5	14.94	13.79	10.22
1787336820.5	14.94	13.79	10.22
1787336821.5	15.34	13.89	10.27
1787336822.5	15.34	13.89	10.27
1787336823.5	15.34	13.89	10.27
1787336824.5	15.34	13.89	10.27
1787336825.5	15.34	13.89	10.27
1787336826.5	15.23	13.90	10.29
1787336827.5	15.23	13.90	10.29
1787336828.5	15.23	13.90	10.29
1787336829.5	15.23	13.90	10.29
1787336830.5	15.23	13.90	10.29
1787336831.5	15.05	13.88	10.31
1787336832.5	15.05	13.88	10.31
1787336833.5	15.05	13.88	10.31
1787336834.5	15.05	13.88	10.31
1787336835.5	15.05	13.88	10.31
1787336836.5	15.37	13.97	10.35
1787336837.5	15.37	13.97	10.35
1787336838.5	15.37	13.97	10.35
1787336839.5	15.37	13.97	10.35
1787336840.5	15.37	13.97	10.35
1787336841.5	15.74	14.07	10.41
1787336842.5	15.74	14.07	10.41
1787336843.5	15.74	14.07	10.41
1787336844.5	15.74	14.07	10.41
1787336845.5	15.74	14.07	10.41
1787336846.5	16.24	14.20	10.47
1787336847.5	16.24	14.20	10.47
1787336848.5	16.24	14.20	10.47
1787336849.5	16.24	14.20	10.47
1787336850.5	16.24	14.20	10.47
1787336851.5	16.38	14.26	10.51
1787336852.5	16.38	14.26	10.51
1787336853.5	16.38	14.26	10.51
1787336854.5	16.38	14.26	10.51
1787336855.5	16.38	14.26	10.51
1787336856.5	16.35	14.29	10.54
1787336857.5	16.35	14.29	10.54
1787336858.5	16.35	14.29	10.54
1787336859.5	16.35	14.29	10.54
1787336860.5	16.35	14.29	10.54
1787336861.5	16.25	14.30	10.56
1787336862.5	16.25	14.30	10.56
1787336863.5	16.25	14.30	10.56
1787336864.5	16.25	14.30	10.56
1787336865.5	16.25	14.30	10.56
1787336866.5	15.50	14.18	10.54
1787336867.5	15.50	14.18	10.54
1787336868.5	15.50	14.18	10.54
1787336869.5	15.50	14.18	10.54
1787336870.5	15.50	14.18	10.54
1787336871.5	14.90	14.08	10.53
1787336872.5	14.90	14.08	10.53
1787336873.5	14.90	14.08	10.53
1787336874.5	14.90	14.08	10.53
1787336875.5	14.90	14.08	10.53
1787336876.5	15.23	14.16	10.58
1787336877.5	15.23	14.16	10.58
1787336878.5	15.23	14.16	10.58
1787336879.5	15.23	14.16	10.58
1787336880.5	15.23	14.16	10.58
1787336881.5	15.05	14.14	10.59
1787336882.5	15.05	14.14	10.59
1787336883.5	15.05	14.14	10.59
1787336884.5	15.05	14.14	10.59
1787336885.5	15.05	14.14	10.59
1787336886.5	14.65	14.07	10.58
1787336887.5	14.65	14.07	10.58
1787336888.5	14.65	14.07	10.58
1787336889.5	14.65	14.07	10.58
1787336890.5	14.65	14.07	10.58
1787336891.5	14.60	14.07	10.60
1787336892.5	14.60	14.07	10.60
1787336893.5	14.60	14.07	10.60
1787336894.5	14.60	14.07	10.60
1787336895.5	14.60	14.07	10.60
1787336896.5	14.47	14.05	10.62
1787336897.5	14.47	14.05	10.62
1787336898.5	14.47	14.05	10.62
1787336899.5	14.47	14.05	10.62
1787336900.5	14.47	14.05	10.62
1787336901.6	14.35	14.03	10.63
1787336902.6	14.35	14.03	10.63
1787336903.6	14.35	14.03	10.63
1787336904.6	14.35	14.03	10.63
1787336905.6	14.35	14.03	10.63
1787336906.6	13.92	13.95	10.62
1787336907.6	13.92	13.95	10.62
1787336908.6	13.92	13.95	10.62
1787336909.6	13.92	13.95	10.62
1787336910.6	13.92	13.95	10.62
1787336911.6	14.25	14.02	10.66
1787336912.6	14.25	14.02	10.66
1787336913.6	14.25	14.02	10.66
1787336914.6	14.25	14.02	10.66
1787336915.6	14.25	14.02	10.66
1787336916.6	14.31	14.03	10.68
1787336917.6	14.31	14.03	10.68
1787336918.6	14.31	14.03	10.68
1787336919.6	14.31	14.03	10.68
1787336920.6	14.31	14.03	10.68
1787336921.6	13.96	13.97	10.68
1787336922.6	13.96	13.97	10.68
1787336923.6	13.96	13.97	10.68
1787336924.6	13.96	13.97	10.68
1787336925.6	13.96	13.97	10.68
1787336926.6	13.89	13.95	10.69
1787336927.6	13.89	13.95	10.69
1787336928.6	13.89	13.95	10.69
1787336929.6	13.89	13.95	10.69
1787336930.6	13.89	13.95	10.69
1787336931.6	13.65	13.90	10.70
1787336932.6	13.65	13.90	10.70
1787336933.6	13.65	13.90	10.70
1787336934.6	13.65	13.90	10.70
1787336935.6	13.65	13.90	10.70
1787336936.6	13.68	13.90	10.71
1787336937.6	13.68	13.90	10.71
1787336938.6	13.68	13.90	10.71
1787336939.6	13.68	13.90	10.71
1787336940.6	13.68	13.90	10.71
1787336941.6	13.15	13.79	10.69
1787336942.6	13.15	13.79	10.69
1787336943.6	13.15	13.79	10.69
1787336944.6	13.15	13.79	10.69
1787336945.6	13.15	13.79	10.69
1787336946.6	13.30	13.81	10.72
1787336947.6	13.30	13.81	10.72
1787336948.6	13.30	13.81	10.72
1787336949.6	13.30	13.81	10.72
1787336950.6	13.30	13.81	10.72
1787336951.6	13.51	13.85	10.75
1787336952.6	13.51	13.85	10.75
1787336953.6	13.51	13.85	10.75
1787336954.6	13.51	13.85	10.75
1787336955.6	13.51	13.85	10.75
1787336956.6	13.71	13.88	10.77
1787336957.6	13.71	13.88	10.77
1787336958.6	13.71	13.88	10.77
1787336959.6	13.71	13.88	10.77
1787336960.6	13.71	13.88	10.77
1787336961.6	13.82	13.90	10.80
1787336962.6	13.82	13.90	10.80
1787336963.6	13.82	13.90	10.80
1787336964.6	13.82	13.90	10.80
1787336965.6	13.82	13.90	10.80
1787336966.6	13.59	13.85	10.80
1787336967.6	13.59	13.85	10.80
1787336968.6	13.59	13.85	10.80
1787336969.6	13.59	13.85	10.80
1787336970.6	13.59	13.85	10.80
1787336971.6	13.46	13.82	10.81
1787336972.6	13.46	13.82	10.81
1787336973.6	13.46	13.82	10.81
1787336974.6	13.46	13.82	10.81
1787336975.6	13.46	13.82	10.81
1787336976.6	13.59	13.84	10.83
1787336977.6	13.59	13.84	10.83
1787336978.6	13.59	13.84	10.83
1787336979.6	13.59	13.84	10.83
1787336980.6	13.59	13.84	10.83
1787336981.6	13.30	13.78	10.82
1787336982.6	13.30	13.78	10.82
1787336983.6	13.30	13.78	10.82
1787336984.6	13.30	13.78	10.82
1787336985.6	13.30	13.78	10.82
1787336986.6	13.03	13.71	10.82
1787336987.6	13.03	13.71	10.82
1787336988.6	13.03	13.71	10.82
1787336989.6	13.03	13.71	10.82
1787336990.6	13.03	13.71	10.82
1787336991.6	13.19	13.74	10.84
1787336992.6	13.19	13.74	10.84
1787336993.6	13.19	13.74	10.84
1787336994.6	13.19	13.74	10.84
1787336995.6	13.19	13.74	10.84
1787336996.6	12.78	13.64	10.83
1787336997.6	12.78	13.64	10.83
1787336998.6	12.78	13.64	10.83
1787336999.6	12.78	13.64	10.83
1787337000.6	12.78	13.64	10.83
1787337001.6	13.59	13.80	10.89
1787337002.6	13.59	13.80	10.89
1787337003.6	13.59	13.80	10.89
1787337004.6	13.59	13.80	10.89
1787337005.6	13.59	13.80	10.89
1787337006.6	14.27	13.93	10.95
1787337007.6	14.27	13.93	10.95
1787337008.6	14.27	13.93	10.95
1787337009.6	14.27	13.93	10.95
1787337010.6	14.27	13.93	10.95
1787337011.6	14.81	14.05	11.00
1787337012.6	14.81	14.05	11.00
1787337013.6	14.81	14.05	11.00
1787337014.6	14.81	14.05	11.00
1787337015.6	14.81	14.05	11.00
1787337016.6	15.46	14.20	11.07
1787337017.6	15.46	14.20	11.07
1787337018.6	15.46	14.20	11.07
1787337019.6	15.46	14.20	11.07
1787337020.6	15.46	14.20	11.07
1787337021.6	15.03	14.13	11.06
1787337022.6	15.03	14.13	11.06
1787337023.6	15.03	14.13	11.06
1787337024.6	15.03	14.13	11.06
1787337025.6	15.03	14.13	11.06
1787337026.6	14.46	14.03	11.05
1787337027.6	14.46	14.03	11.05
1787337028.6	14.46	14.03	11.05
1787337029.6	14.46	14.03	11.05
1787337030.6	14.46	14.03	11.05
1787337031.6	14.19	13.98	11.05
1787337032.6	14.19	13.98	11.05
1787337033.6	14.19	13.98	11.05
1787337034.6	14.19	13.98	11.05
1787337035.6	14.19	13.98	11.05
1787337036.6	14.57	14.06	11.09
1787337037.6	14.57	14.06	11.09
1787337038.6	14.57	14.06	11.09
1787337039.6	14.57	14.06	11.09
1787337040.6	14.57	14.06	11.09
1787337041.6	14.12	13.98	11.08
1787337042.6	14.12	13.98	11.08
1787337043.6	14.12	13.98	11.08
1787337044.6	14.12	13.98	11.08
1787337045.6	14.12	13.98	11.08
1787337046.6	14.92	14.14	11.15
1787337047.6	14.92	14.14	11.15
1787337048.6	14.92	14.14	11.15
1787337049.6	14.92	14.14	11.15
1787337050.6	14.92	14.14	11.15
1787337051.6	14.20	14.01	11.12
1787337052.6	14.20	14.01	11.12
1787337053.6	14.20	14.01	11.12
1787337054.6	14.20	14.01	11.12
1787337055.6	14.20	14.01	11.12
1787337056.6	14.02	13.97	11.12
1787337057.6	14.02	13.97	11.12
1787337058.6	14.02	13.97	11.12
1787337059.6	14.02	13.97	11.12
1787337060.6	14.02	13.97	11.12
1787337061.6	13.70	13.91	11.12
1787337062.6	13.70	13.91	11.12
1787337063.6	13.70	13.91	11.12
1787337064.6	13.70	13.91	11.12
1787337065.6	13.70	13.91	11.12
1787337066.6	13.65	13.89	11.13
1787337067.6	13.65	13.89	11.13
1787337068.6	13.65	13.89	11.13
1787337069.6	13.65	13.89	11.13
1787337070.6	13.65	13.89	11.13
1787337071.6	13.59	13.88	11.14
1787337072.6	13.59	13.88	11.14
1787337073.6	13.59	13.88	11.14
1787337074.6	13.59	13.88	11.14
1787337075.6	13.59	13.88	11.14
1787337076.6	13.63	13.88	11.15
1787337077.6	13.63	13.88	11.15
1787337078.6	13.63	13.88	11.15
1787337079.6	13.63	13.88	11.15
1787337080.6	13.63	13.88	11.15
1787337081.6	13.10	13.77	11.13
1787337082.6	13.10	13.77	11.13
1787337083.6	13.10	13.77	11.13
1787337084.6	13.10	13.77	11.13
1787337085.6	13.10	13.77	11.13
1787337086.6	13.17	13.77	11.15
1787337087.6	13.17	13.77	11.15
1787337088.6	13.17	13.77	11.15
1787337089.6	13.17	13.77	11.15
1787337090.6	13.17	13.77	11.15
1787337091.6	13.24	13.77	11.16
1787337092.6	13.24	13.77	11.16
1787337093.6	13.24	13.77	11.16
1787337094.6	13.24	13.77	11.16
1787337095.6	13.24	13.77	11.16
1787337096.6	13.22	13.76	11.17
1787337097.6	13.22	13.76	11.17
1787337098.6	13.22	13.76	11.17
1787337099.6	13.22	13.76	11.17
1787337100.6	13.22	13.76	11.17
1787337101.6	13.04	13.71	11.17
1787337102.6	13.04	13.71	11.17
1787337103.6	13.04	13.71	11.17
1787337104.6	13.04	13.71	11.17
1787337105.6	13.04	13.71	11.17
1787337106.6	12.63	13.62	11.16
1787337107.6	12.63	13.62	11.16
1787337108.6	12.63	13.62	11.16
1787337109.6	12.63	13.62	11.16
1787337110.6	12.63	13.62	11.16
1787337111.6	12.66	13.61	11.17
1787337112.6	12.66	13.61	11.17
1787337113.6	12.66	13.61	11.17
1787337114.6	12.66	13.61	11.17
1787337115.6	12.66	13.61	11.17
1787337116.6	12.29	13.51	11.15
1787337117.6	12.29	13.51	11.15
1787337118.6	12.29	13.51	11.15
1787337119.6	12.29	13.51	11.15
1787337120.6	12.29	13.51	11.15
1787337121.6	12.51	13.54	11.17
1787337122.6	12.51	13.54	11.17
1787337123.6	12.51	13.54	11.17
1787337124.6	12.51	13.54	11.17
1787337125.6	12.51	13.54	11.17
1787337126.6	12.39	13.50	11.17
1787337127.6	12.39	13.50	11.17
1787337128.6	12.39	13.50	11.17
1787337129.6	12.39	13.50	11.17
1787337130.6	12.39	13.50	11.17
1787337131.6	12.36	13.47	11.17
1787337132.6	12.36	13.47	11.17
1787337133.6	12.36	13.47	11.17
1787337134.6	12.36	13.47	11.17
1787337135.6	12.36	13.47	11.17
1787337136.6	12.49	13.48	11.19
1787337137.6	12.49	13.48	11.19
1787337138.6	12.49	13.48	11.19
1787337139.6	12.49	13.48	11.19
1787337140.6	12.49	13.48	11.19
1787337141.6	12.69	13.51	11.21
1787337142.6	12.69	13.51	11.21
1787337143.6	12.69	13.51	11.21
1787337144.6	12.69	13.51	11.21
1787337145.6	12.69	13.51	11.21
1787337146.6	12.39	13.43	11.20
1787337147.6	12.39	13.43	11.20
1787337148.6	12.39	13.43	11.20
1787337149.6	12.39	13.43	11.20
1787337150.6	12.39	13.43	11.20
1787337151.6	12.04	13.34	11.18
1787337152.6	12.04	13.34	11.18
1787337153.6	12.04	13.34	11.18
1787337154.6	12.04	13.34	11.18
1787337155.6	12.04	13.34	11.18
1787337156.6	12.20	13.35	11.20
1787337157.6	12.20	13.35	11.20
1787337158.6	12.20	13.35	11.20
1787337159.6	12.20	13.35	11.20
1787337160.6	12.20	13.35	11.20
1787337161.6	11.86	13.26	11.18
1787337162.6	11.86	13.26	11.18
1787337163.6	11.86	13.26	11.18
1787337164.6	11.86	13.26	11.18
1787337165.6	11.86	13.26	11.18
1787337166.6	12.11	13.29	11.20
1787337167.6	12.11	13.29	11.20
1787337168.6	12.11	13.29	11.20
1787337169.6	12.11	13.29	11.20
1787337170.6	12.11	13.29	11.20
1787337171.6	12.99	13.45	11.26
1787337172.6	12.99	13.45	11.26
1787337173.6	12.99	13.45	11.26
1787337174.6	12.99	13.45	11.26
1787337175.6	12.99	13.45	11.26
1787337176.6	13.07	13.46	11.28
1787337177.6	13.07	13.46	11.28
1787337178.6	13.07	13.46	11.28
1787337179.6	13.07	13.46	11.28
1787337180.6	13.07	13.46	11.28
1787337181.6	12.66	13.37	11.26
1787337182.6	12.66	13.37	11.26
1787337183.6	12.66	13.37	11.26
1787337184.6	12.66	13.37	11.26
1787337185.6	12.66	13.37	11.26
1787337186.6	13.33	13.50	11.31
1787337187.6	13.33	13.50	11.31
1787337188.6	13.33	13.50	11.31
1787337189.6	13.33	13.50	11.31
1787337190.6	13.33	13.50	11.31
1787337191.6	13.62	13.56	11.34
1787337192.6	13.62	13.56	11.34
1787337193.6	13.62	13.56	11.34
1787337194.6	13.62	13.56	11.34
1787337195.6	13.62	13.56	11.34
1787337196.6	14.29	13.70	11.40
1787337197.6	14.29	13.70	11.40
1787337198.6	14.29	13.70	11.40
1787337199.6	14.29	13.70	11.40
1787337200.6	14.29	13.70	11.40
1787337201.6	14.03	13.65	11.40
1787337202.6	14.03	13.65	11.40
1787337203.7	14.03	13.65	11.40
1787337204.7	14.03	13.65	11.40
1787337205.7	14.03	13.65	11.40
1787337206.7	13.55	13.56	11.38
1787337207.7	13.55	13.56	11.38
1787337208.7	13.55	13.56	11.38
1787337209.7	13.55	13.56	11.38
1787337210.7	13.55	13.56	11.38
1787337211.7	14.06	13.67	11.43
1787337212.7	14.06	13.67	11.43
1787337213.7	14.06	13.67	11.43
1787337214.7	14.06	13.67	11.43
1787337215.7	14.06	13.67	11.43
1787337216.7	14.14	13.69	11.45
1787337217.7	14.14	13.69	11.45
1787337218.7	14.14	13.69	11.45
1787337219.7	14.14	13.69	11.45
1787337220.7	14.14	13.69	11.45
1787337221.7	13.89	13.64	11.44
1787337222.7	13.89	13.64	11.44
1787337223.7	13.89	13.64	11.44
1787337224.7	13.89	13.64	11.44
1787337225.7	13.89	13.64	11.44
1787337226.7	13.82	13.63	11.45
1787337227.7	13.82	13.63	11.45
1787337228.7	13.82	13.63	11.45
1787337229.7	13.82	13.63	11.45
1787337230.7	13.82	13.63	11.45
1787337231.7	13.35	13.54	11.43
1787337232.7	13.35	13.54	11.43
1787337233.7	13.35	13.54	11.43
1787337234.7	13.35	13.54	11.43
1787337235.7	13.35	13.54	11.43
1787337236.7	13.16	13.50	11.43
1787337237.7	13.16	13.50	11.43
1787337238.7	13.16	13.50	11.43
1787337239.7	13.16	13.50	11.43
1787337240.7	13.16	13.50	11.43
1787337241.7	13.31	13.52	11.45
1787337242.7	13.31	13.52	11.45
1787337243.7	13.31	13.52	11.45
1787337244.7	13.31	13.52	11.45
1787337245.7	13.31	13.52	11.45
1787337246.7	13.45	13.55	11.47
1787337247.7	13.45	13.55	11.47
1787337248.7	13.45	13.55	11.47
1787337249.7	13.45	13.55	11.47
1787337250.7	13.45	13.55	11.47
1787337251.7	13.01	13.46	11.45
1787337252.7	13.01	13.46	11.45
1787337253.7	13.01	13.46	11.45
1787337254.7	13.01	13.46	11.45
1787337255.7	13.01	13.46	11.45
1787337256.7	13.09	13.46	11.47
1787337257.7	13.09	13.46	11.47
1787337258.7	13.09	13.46	11.47
1787337259.7	13.09	13.46	11.47
1787337260.7	13.09	13.46	11.47
1787337261.7	12.84	13.41	11.46
1787337262.7	12.84	13.41	11.46
1787337263.7	12.84	13.41	11.46
1787337264.7	12.84	13.41	11.46
1787337265.7	12.84	13.41	11.46
1787337266.7	13.98	13.63	11.54
1787337267.7	13.98	13.63	11.54
1787337268.7	13.98	13.63	11.54
1787337269.7	13.98	13.63	11.54
1787337270.7	13.98	13.63	11.54
1787337271.7	14.38	13.72	11.58
1787337272.7	14.38	13.72	11.58
1787337273.7	14.38	13.72	11.58
1787337274.7	14.38	13.72	11.58
1787337275.7	14.38	13.72	11.58
1787337276.7	14.11	13.68	11.58
1787337277.7	14.11	13.68	11.58
1787337278.7	14.11	13.68	11.58
1787337279.7	14.11	13.68	11.58
1787337280.7	14.11	13.68	11.58
1787337281.7	14.42	13.75	11.61
1787337282.7	14.42	13.75	11.61
1787337283.7	14.42	13.75	11.61
1787337284.7	14.42	13.75	11.61
1787337285.7	14.42	13.75	11.61
1787337286.7	14.39	13.75	11.63
1787337287.7	14.39	13.75	11.63
1787337288.7	14.39	13.75	11.63
1787337289.7	14.39	13.75	11.63
1787337290.7	14.39	13.75	11.63
1787337291.7	14.03	13.69	11.62
1787337292.7	14.03	13.69	11.62
1787337293.7	14.03	13.69	11.62
1787337294.7	14.03	13.69	11.62
1787337295.7	14.03	13.69	11.62
1787337296.7	14.27	13.75	11.65
1787337297.7	14.27	13.75	11.65
1787337298.7	14.27	13.75	11.65
1787337299.7	14.27	13.75	11.65
1787337300.7	14.27	13.75	11.65
1787337301.7	14.81	13.87	11.70
1787337302.7	14.81	13.87	11.70
1787337303.7	14.81	13.87	11.70
1787337304.7	14.81	13.87	11.70
1787337305.7	14.81	13.87	11.70
1787337306.7	14.51	13.82	11.69
1787337307.7	14.51	13.82	11.69
1787337308.7	14.51	13.82	11.69
1787337309.7	14.51	13.82	11.69
1787337310.7	14.51	13.82	11.69
1787337311.7	14.38	13.80	11.70
1787337312.7	14.38	13.80	11.70
1787337313.7	14.38	13.80	11.70
1787337314.7	14.38	13.80	11.70
1787337315.7	14.38	13.80	11.70
1787337316.7	14.67	13.87	11.73
1787337317.7	14.67	13.87	11.73
1787337318.7	14.67	13.87	11.73
1787337319.7	14.67	13.87	11.73
1787337320.7	14.67	13.87	11.73
1787337321.7	14.30	13.81	11.72
1787337322.7	14.30	13.81	11.72
1787337323.7	14.30	13.81	11.72
1787337324.7	14.30	13.81	11.72
1787337325.7	14.30	13.81	11.72
1787337326.7	14.44	13.85	11.75
1787337327.7	14.44	13.85	11.75
1787337328.7	14.44	13.85	11.75
1787337329.7	14.44	13.85	11.75
1787337330.7	14.44	13.85	11.75
1787337331.7	14.40	13.85	11.76
1787337332.7	14.40	13.85	11.76
1787337333.7	14.40	13.85	11.76
1787337334.7	14.40	13.85	11.76
1787337335.7	14.40	13.85	11.76
1787337336.7	14.69	13.92	11.79
1787337337.7	14.69	13.92	11.79
1787337338.7	14.69	13.92	11.79
1787337339.7	14.69	13.92	11.79
1787337340.7	14.69	13.92	11.79
1787337341.7	14.31	13.85	11.78
1787337342.7	14.31	13.85	11.78
1787337343.7	14.31	13.85	11.78
1787337344.7	14.31	13.85	11.78
1787337345.7	14.31	13.85	11.78
1787337346.7	14.21	13.84	11.79
1787337347.7	14.21	13.84	11.79
1787337348.7	14.21	13.84	11.79
1787337349.7	14.21	13.84	11.79
1787337350.7	14.21	13.84	11.79
1787337351.7	14.27	13.86	11.81
1787337352.7	14.27	13.86	11.81
1787337353.7	14.27	13.86	11.81
1787337354.7	14.27	13.86	11.81
1787337355.7	14.27	13.86	11.81
1787337356.7	14.33	13.88	11.83
1787337357.7	14.33	13.88	11.83
1787337358.7	14.33	13.88	11.83
1787337359.7	14.33	13.88	11.83
1787337360.7	14.33	13.88	11.83
1787337361.7	14.22	13.86	11.83
1787337362.7	14.22	13.86	11.83
1787337363.7	14.22	13.86	11.83
1787337364.7	14.22	13.86	11.83
1787337365.7	14.22	13.86	11.83
1787337366.7	13.88	13.80	11.82
1787337367.7	13.88	13.80	11.82
1787337368.7	13.88	13.80	11.82
1787337369.7	13.88	13.80	11.82
1787337370.7	13.88	13.80	11.82
1787337371.7	13.73	13.77	11.82
1787337372.7	13.73	13.77	11.82
1787337373.7	13.73	13.77	11.82
1787337374.7	13.73	13.77	11.82
1787337375.7	13.73	13.77	11.82
1787337376.7	13.83	13.79	11.84
1787337377.7	13.83	13.79	11.84
1787337378.7	13.83	13.79	11.84
1787337379.7	13.83	13.79	11.84
1787337380.7	13.83	13.79	11.84
1787337381.7	13.37	13.69	11.82
1787337382.7	13.37	13.69	11.82
1787337383.7	13.37	13.69	11.82
1787337384.7	13.37	13.69	11.82
1787337385.7	13.37	13.69	11.82
1787337386.7	13.98	13.81	11.87
1787337387.7	13.98	13.81	11.87
1787337388.7	13.98	13.81	11.87
1787337389.7	13.98	13.81	11.87
1787337390.7	13.98	13.81	11.87
1787337391.7	14.06	13.83	11.89
1787337392.7	14.06	13.83	11.89
1787337393.7	14.06	13.83	11.89
1787337394.7	14.06	13.83	11.89
1787337395.7	14.06	13.83	11.89
1787337396.7	13.82	13.79	11.88
1787337397.7	13.82	13.79	11.88
1787337398.7	13.82	13.79	11.88
1787337399.7	13.82	13.79	11.88
1787337400.7	13.82	13.79	11.88
1787337401.7	13.27	13.67	11.85
1787337402.7	13.27	13.67	11.85
1787337403.7	13.27	13.67	11.85
1787337404.7	13.27	13.67	11.85
1787337405.7	13.27	13.67	11.85
1787337406.7	13.17	13.65	11.85
1787337407.7	13.17	13.65	11.85
1787337408.7	13.17	13.65	11.85
1787337409.7	13.17	13.65	11.85
1787337410.7	13.17	13.65	11.85
1787337411.7	12.83	13.57	11.84
1787337412.7	12.83	13.57	11.84
1787337413.7	12.83	13.57	11.84
1787337414.7	12.83	13.57	11.84
1787337415.7	12.83	13.57	11.84
1787337416.7	13.01	13.59	11.86
1787337417.7	13.01	13.59	11.86
1787337418.7	13.01	13.59	11.86
1787337419.7	13.01	13.59	11.86
1787337420.7	13.01	13.59	11.86
1787337421.7	12.77	13.53	11.85
1787337422.7	12.77	13.53	11.85
1787337423.7	12.77	13.53	11.85
1787337424.7	12.77	13.53	11.85
1787337425.7	12.77	13.53	11.85
1787337426.7	12.30	13.42	11.82
1787337427.7	12.30	13.42	11.82
1787337428.7	12.30	13.42	11.82
1787337429.7	12.30	13.42	11.82
1787337430.7	12.30	13.42	11.82
1787337431.7	12.04	13.35	11.80
1787337432.7	12.04	13.35	11.80
1787337433.7	12.04	13.35	11.80
1787337434.7	12.04	13.35	11.80
1787337435.7	12.04	13.35	11.80
1787337436.7	12.36	13.39	11.83
1787337437.7	12.36	13.39	11.83
1787337438.7	12.36	13.39	11.83
1787337439.7	12.36	13.39	11.83
1787337440.7	12.36	13.39	11.83
1787337441.7	12.09	13.32	11.81
1787337442.7	12.09	13.32	11.81
1787337443.7	12.09	13.32	11.81
1787337444.7	12.09	13.32	11.81
1787337445.7	12.09	13.32	11.81
1787337446.7	12.32	13.35	11.83
1787337447.7	12.32	13.35	11.83
1787337448.7	12.32	13.35	11.83
1787337449.7	12.32	13.35	11.83
1787337450.7	12.32	13.35	11.83
1787337451.7	13.26	13.53	11.89
1787337452.7	13.26	13.53	11.89
1787337453.7	13.26	13.53	11.89
1787337454.7	13.26	13.53	11.89
1787337455.7	13.26	13.53	11.89
1787337456.7	13.88	13.65	11.94
1787337457.7	13.88	13.65	11.94
1787337458.7	13.88	13.65	11.94
1787337459.7	13.88	13.65	11.94
1787337460.7	13.88	13.65	11.94
1787337461.7	14.53	13.79	12.00
1787337462.7	14.53	13.79	12.00
1787337463.7	14.53	13.79	12.00
1787337464.7	14.53	13.79	12.00
1787337465.7	14.53	13.79	12.00
1787337466.7	14.73	13.84	12.03
1787337467.8	14.73	13.84	12.03
1787337468.8	14.73	13.84	12.03
1787337469.8	14.73	13.84	12.03
1787337470.8	14.73	13.84	12.03
1787337471.8	15.15	13.95	12.07
1787337472.8	15.15	13.95	12.07
1787337473.8	15.15	13.95	12.07
1787337474.8	15.15	13.95	12.07
1787337475.8	15.15	13.95	12.07
1787337476.8	15.14	13.96	12.08
1787337477.8	15.14	13.96	12.08
1787337478.8	15.14	13.96	12.08
1787337479.8	15.14	13.96	12.08
1787337480.8	15.14	13.96	12.08
1787337481.8	14.88	13.93	12.08
1787337482.8	14.88	13.93	12.08
1787337483.8	14.88	13.93	12.08
1787337484.8	14.88	13.93	12.08
1787337485.8	14.88	13.93	12.08
1787337486.8	14.49	13.87	12.07
1787337487.8	14.49	13.87	12.07
1787337488.8	14.49	13.87	12.07
1787337489.8	14.49	13.87	12.07
1787337490.8	14.49	13.87	12.07
1787337491.8	14.69	13.92	12.10
1787337492.8	14.69	13.92	12.10
1787337493.8	14.69	13.92	12.10
1787337494.8	14.69	13.92	12.10
1787337495.8	14.69	13.92	12.10
1787337496.8	15.28	14.05	12.15
1787337497.8	15.28	14.05	12.15
1787337498.8	15.28	14.05	12.15
1787337499.8	15.28	14.05	12.15
1787337500.8	15.28	14.05	12.15
1787337501.8	15.50	14.12	12.18
1787337502.8	15.50	14.12	12.18
1787337503.8	15.50	14.12	12.18
1787337504.8	15.50	14.12	12.18
1787337505.8	15.50	14.12	12.18
1787337506.8	15.22	14.08	12.18
1787337507.8	15.22	14.08	12.18
1787337508.8	15.22	14.08	12.18
1787337509.8	15.22	14.08	12.18
1787337510.8	15.22	14.08	12.18
1787337511.8	14.88	14.03	12.18
1787337512.8	14.88	14.03	12.18
1787337513.8	14.88	14.03	12.18
1787337514.8	14.88	14.03	12.18
1787337515.8	14.88	14.03	12.18
1787337516.8	15.37	14.15	12.22
1787337517.8	15.37	14.15	12.22
1787337518.8	15.37	14.15	12.22
1787337519.8	15.37	14.15	12.22
1787337520.8	15.37	14.15	12.22
1787337521.8	14.86	14.06	12.21
1787337522.8	14.86	14.06	12.21
1787337523.8	14.86	14.06	12.21
1787337524.8	14.86	14.06	12.21
1787337525.8	14.86	14.06	12.21
1787337526.8	14.95	14.09	12.23
1787337527.8	14.95	14.09	12.23
1787337528.8	14.95	14.09	12.23
1787337529.8	14.95	14.09	12.23
1787337530.8	14.95	14.09	12.23
1787337531.8	14.88	14.09	12.24
1787337532.8	14.88	14.09	12.24
1787337533.8	14.88	14.09	12.24
1787337534.8	14.88	14.09	12.24
1787337535.8	14.88	14.09	12.24
1787337536.8	15.53	14.24	12.29
1787337537.8	15.53	14.24	12.29
1787337538.8	15.53	14.24	12.29
1787337539.8	15.53	14.24	12.29
1787337540.8	15.53	14.24	12.29
1787337541.8	15.08	14.17	12.28
1787337542.8	15.08	14.17	12.28
1787337543.8	15.08	14.17	12.28
1787337544.8	15.08	14.17	12.28
1787337545.8	15.08	14.17	12.28
1787337546.8	15.08	14.18	12.30
1787337547.8	15.08	14.18	12.30
1787337548.8	15.08	14.18	12.30
1787337549.8	15.08	14.18	12.30
1787337550.8	15.08	14.18	12.30
1787337551.8	15.15	14.21	12.32
1787337552.8	15.15	14.21	12.32
1787337553.8	15.15	14.21	12.32
1787337554.8	15.15	14.21	12.32
1787337555.8	15.15	14.21	12.32
1787337556.8	14.82	14.16	12.31
1787337557.8	14.82	14.16	12.31
1787337558.8	14.82	14.16	12.31
1787337559.8	14.82	14.16	12.31
1787337560.8	14.82	14.16	12.31
1787337561.8	14.27	14.06	12.29
1787337562.8	14.27	14.06	12.29
1787337563.8	14.27	14.06	12.29
1787337564.8	14.27	14.06	12.29
1787337565.8	14.27	14.06	12.29
1787337566.8	14.73	14.16	12.33
1787337567.8	14.73	14.16	12.33
1787337568.8	14.73	14.16	12.33
1787337569.8	14.73	14.16	12.33
1787337570.8	14.73	14.16	12.33
1787337571.8	15.23	14.27	12.37
1787337572.8	15.23	14.27	12.37
1787337573.8	15.23	14.27	12.37
1787337574.8	15.23	14.27	12.37
1787337575.8	15.23	14.27	12.37
1787337576.8	15.61	14.37	12.42
1787337577.8	15.61	14.37	12.42
1787337578.8	15.61	14.37	12.42
1787337579.8	15.61	14.37	12.42
1787337580.8	15.61	14.37	12.42
1787337581.8	15.57	14.38	12.43
1787337582.8	15.57	14.38	12.43
1787337583.8	15.57	14.38	12.43
1787337584.8	15.57	14.38	12.43
1787337585.8	15.57	14.38	12.43
1787337586.8	15.12	14.30	12.42
1787337587.8	15.12	14.30	12.42
1787337588.8	15.12	14.30	12.42
1787337589.8	15.12	14.30	12.42
1787337590.8	15.12	14.30	12.42
1787337591.8	14.55	14.20	12.39
1787337592.8	14.55	14.20	12.39
1787337593.8	14.55	14.20	12.39
1787337594.8	14.55	14.20	12.39
1787337595.8	14.55	14.20	12.39
1787337596.8	14.26	14.15	12.38
1787337597.8	14.26	14.15	12.38
1787337598.8	14.26	14.15	12.38
1787337599.8	14.26	14.15	12.38
1787337600.8	14.26	14.15	12.38
1787337601.8	14.40	14.18	12.40
1787337602.8	14.40	14.18	12.40
1787337603.8	14.40	14.18	12.40
1787337604.8	14.40	14.18	12.40
1787337605.8	14.40	14.18	12.40
1787337606.8	13.81	14.06	12.38
1787337607.8	13.81	14.06	12.38
