    Finished `release` profile [optimized] target(s) in 0.03s
test result::materialize::tests::resolves_quarter_turn_equivalent_when_no_exact_match ... ok
test result::materialize::tests::returns_none_when_no_candidate_matches_mirror_or_quarter_turn ... ok
test result::tests::anytime_scheduler_trace_valid_complete_endpoint_fitted_requires_cancelled_cold ... ok
test result::materialize::tests::resolves_exact_rotation_match_first ... ok
test result::tests::archive_eligibility_matches_production_compact_defaults ... ok
built 8734404a249e06fb
frozen-1e913f4 sha256 8734404a249e06fb57c387a9e1d310147a5b924b255378ff880ed59f189227b2
== default bitcheck vs frozen-f856d19
seed 0 IDENTICAL  depth 181.517305  poses same
seed 3 IDENTICAL  depth 181.517305  poses same
seed 7 IDENTICAL  depth 181.517305  poses same
ALL_IDENTICAL
== treatment bitcheck (p = 1, margin 8) vs frozen-f856d19
flags: --proxymargin=8 --guidedexponent=1
seed 0 IDENTICAL  depth 181.322019  poses same  (guidedExponent 1.0, proxyMarginUm 8)
seed 3 IDENTICAL  depth 181.347459  poses same  (guidedExponent 1.0, proxyMarginUm 8)
seed 7 IDENTICAL  depth 181.342611  poses same  (guidedExponent 1.0, proxyMarginUm 8)
ALL_IDENTICAL
== control bitcheck (margin 8) vs frozen-f856d19
flags: --proxymargin=8
seed 0 IDENTICAL  depth 181.391461  poses same  (guidedExponent 2.0, proxyMarginUm 8)
seed 3 IDENTICAL  depth 181.351461  poses same  (guidedExponent 2.0, proxyMarginUm 8)
seed 7 IDENTICAL  depth 181.398335  poses same  (guidedExponent 2.0, proxyMarginUm 8)
ALL_IDENTICAL
== replay identity exponent:2
replay identity iteration   1: PASS raw 2.6277787295110516e-2 vs 2.6277787295110516e-2, max 8.879762677335368e-2 vs 8.879762677335368e-2, winner 0 vs 0; scalars true, relocates true (14 vs 14), evaluations true (28588/3728 vs 28588/3728), stream Some(true); poses 13e4d54591cb42e1 weights 515fc5786a65752b stream fe54b3cc69ce91be
replay identity iteration   2: PASS raw 1.9826161972836737e-2 vs 1.9826161972836737e-2, max 7.214097541034015e-2 vs 7.214097541034015e-2, winner 4 vs 4; scalars true, relocates true (10 vs 10), evaluations true (19655/2638 vs 19655/2638), stream Some(true); poses 7c09b0fb9cb977a1 weights 6e4ee971dbb548e7 stream 29f118637a1c9496
replay identity iteration   3: PASS raw 9.239293499041516e-3 vs 9.239293499041516e-3, max 5.225236359842089e-2 vs 5.225236359842089e-2, winner 7 vs 7; scalars true, relocates true (10 vs 10), evaluations true (19816/2482 vs 19816/2482), stream Some(true); poses 5978612dadc83103 weights 118f42960dae58ca stream 0430fc9f98807cd1
replay identity iteration   4: PASS raw 4.299552310112942e-3 vs 4.299552310112942e-3, max 4.3468803256137e-2 vs 4.3468803256137e-2, winner 3 vs 3; scalars true, relocates true (6 vs 6), evaluations true (13285/1518 vs 13285/1518), stream Some(true); poses 224733e821f842f2 weights de848770575a7988 stream afb4bf8fe6a0af91
replay identity iteration   5: PASS raw 3.0881386830582734e-3 vs 3.0881386830582734e-3, max 3.075163888889154e-2 vs 3.075163888889154e-2, winner 6 vs 6; scalars true, relocates true (7 vs 7), evaluations true (14402/1903 vs 14402/1903), stream Some(true); poses ebcfd3514817119d weights 5ab6888457e14491 stream fad345608ff39da3
replay identity iteration   6: PASS raw 2.7166308893105066e-3 vs 2.7166308893105066e-3, max 2.653437357837607e-2 vs 2.653437357837607e-2, winner 3 vs 3; scalars true, relocates true (8 vs 8), evaluations true (17605/2154 vs 17605/2154), stream Some(true); poses 9f54fccf2b7c9827 weights 051e7a873a3c8cc7 stream 6577300f3ccb63ee
replay identity iteration   7: PASS raw 1.985814406429409e-3 vs 1.985814406429409e-3, max 2.5922618946127685e-2 vs 2.5922618946127685e-2, winner 0 vs 0; scalars true, relocates true (7 vs 7), evaluations true (15392/2011 vs 15392/2011), stream Some(true); poses 0c185b8f71a00626 weights 8466167e68a2feb1 stream aa914dd4fe4f5801
replay identity iteration   8: PASS raw 2.75549726196261e-3 vs 2.75549726196261e-3, max 4.133847564793314e-2 vs 4.133847564793314e-2, winner 7 vs 7; scalars true, relocates true (7 vs 7), evaluations true (16163/1877 vs 16163/1877), stream Some(true); poses df3c6e11b10c72f3 weights 128a7c70622a40a6 stream 7a29ddb61cccbdc2
replay identity iteration   9: PASS raw 2.7789370458297827e-3 vs 2.7789370458297827e-3, max 4.135701135280101e-2 vs 4.135701135280101e-2, winner 7 vs 7; scalars true, relocates true (8 vs 8), evaluations true (16604/2134 vs 16604/2134), stream Some(true); poses f41024c64656f18f weights df08b5dc47635103 stream 5b0be9c6a2744b53
replay identity iteration  10: PASS raw 2.298255279817702e-3 vs 2.298255279817702e-3, max 4.135701135280101e-2 vs 4.135701135280101e-2, winner 0 vs 0; scalars true, relocates true (10 vs 10), evaluations true (20042/2492 vs 20042/2492), stream Some(true); poses 7f3f97fe6e9099bb weights e930912f972f210b stream 85600fb2956340fc
replay identity iteration  11: PASS raw 2.2464067722932405e-3 vs 2.2464067722932405e-3, max 4.135701135280101e-2 vs 4.135701135280101e-2, winner 2 vs 2; scalars true, relocates true (10 vs 10), evaluations true (18466/2644 vs 18466/2644), stream Some(true); poses 3e0bfa835965902d weights 43c095ca509147af stream f8083e3a2c40491a
replay identity iteration  12: PASS raw 3.285380779311006e-3 vs 3.285380779311006e-3, max 2.8098759205562374e-2 vs 2.8098759205562374e-2, winner 2 vs 2; scalars true, relocates true (9 vs 9), evaluations true (17433/2331 vs 17433/2331), stream Some(true); poses 4209d208763525e6 weights ca01e30d8f47c548 stream 6ff08960d9ee0ae6
replay identity iteration  13: PASS raw 3.0267276863238683e-3 vs 3.0267276863238683e-3, max 3.737096410382623e-2 vs 3.737096410382623e-2, winner 5 vs 5; scalars true, relocates true (9 vs 9), evaluations true (18312/2261 vs 18312/2261), stream Some(true); poses f028cdb1dd331ed7 weights 8d93abe056d1025c stream 0e1b26d4c4da5a61
replay identity iteration  14: PASS raw 8.522832172816349e-4 vs 8.522832172816349e-4, max 1.59017062372806e-2 vs 1.59017062372806e-2, winner 6 vs 6; scalars true, relocates true (8 vs 8), evaluations true (15620/1800 vs 15620/1800), stream Some(true); poses 6eb91ef43274f4b2 weights 63cea83d5be0be37 stream a77c1edf53e2f63d
replay identity iteration  15: PASS raw 9.178162952684174e-4 vs 9.178162952684174e-4, max 2.0436334875768125e-2 vs 2.0436334875768125e-2, winner 7 vs 7; scalars true, relocates true (8 vs 8), evaluations true (16380/2180 vs 16380/2180), stream Some(true); poses 8574b16cb59d760a weights 219e97e8d1fa6d38 stream e858091755226e30
replay identity iteration  16: PASS raw 1.1490869267588293e-3 vs 1.1490869267588293e-3, max 1.484586047743619e-2 vs 1.484586047743619e-2, winner 6 vs 6; scalars true, relocates true (8 vs 8), evaluations true (15798/2028 vs 15798/2028), stream Some(true); poses b1e3b91a04f63b7c weights b3832e73a2559380 stream d55e2e0b04cd1cbd
replay identity iteration  17: PASS raw 4.674274549532478e-3 vs 4.674274549532478e-3, max 5.861600432940772e-2 vs 5.861600432940772e-2, winner 1 vs 1; scalars true, relocates true (9 vs 9), evaluations true (17758/2173 vs 17758/2173), stream Some(true); poses a49814d8615cedb6 weights 96cf024ee0ff8882 stream 35e1c557c0c9453a
replay identity iteration  18: PASS raw 8.372482845911848e-3 vs 8.372482845911848e-3, max 8.614165015136077e-2 vs 8.614165015136077e-2, winner 6 vs 6; scalars true, relocates true (9 vs 9), evaluations true (18424/2119 vs 18424/2119), stream Some(true); poses b8812cfd0a4b0aaa weights 50042bf76e5d0065 stream f06ab04180b6bef8
replay identity iteration  19: PASS raw 3.785353533612765e-4 vs 3.785353533612765e-4, max 1.0144963012820973e-2 vs 1.0144963012820973e-2, winner 6 vs 6; scalars true, relocates true (8 vs 8), evaluations true (15726/2044 vs 15726/2044), stream Some(true); poses f0ecdae1ce864ebb weights 6b171bc2fcac52c6 stream 344089ec13afcf1c
replay identity iteration  20: PASS raw 7.971537688434469e-4 vs 7.971537688434469e-4, max 2.366517215645736e-2 vs 2.366517215645736e-2, winner 4 vs 4; scalars true, relocates true (9 vs 9), evaluations true (18486/2355 vs 18486/2355), stream Some(true); poses cdcabda68e122c45 weights 7096e686a88ea01e stream 91e9fa9b4b896122
replay identity iteration  21: PASS raw 1.528638867071901e-3 vs 1.528638867071901e-3, max 2.661437958796764e-2 vs 2.661437958796764e-2, winner 1 vs 1; scalars true, relocates true (8 vs 8), evaluations true (16288/2192 vs 16288/2192), stream Some(true); poses f221dd79d9ea6bfc weights 7de0a99bd57b8223 stream 4ce56248aec703e3
replay identity iteration  22: PASS raw 2.0552688504968608e-4 vs 2.0552688504968608e-4, max 7.833353995343906e-3 vs 7.833353995343906e-3, winner 2 vs 2; scalars true, relocates true (10 vs 10), evaluations true (20086/2518 vs 20086/2518), stream Some(true); poses 9da39dc22bb4c4e8 weights df032c634d72a5d1 stream dceeb795417c4ccf
replay identity iteration  23: PASS raw 5.725941563893612e-4 vs 5.725941563893612e-4, max 1.94200535781901e-2 vs 1.94200535781901e-2, winner 4 vs 4; scalars true, relocates true (9 vs 9), evaluations true (18314/2353 vs 18314/2353), stream Some(true); poses c1ce50ff42876a47 weights a67efcf10ea4e71e stream 1a962c2876794051
replay identity iteration  24: PASS raw 1.151106251208803e-3 vs 1.151106251208803e-3, max 3.1017785880319337e-2 vs 3.1017785880319337e-2, winner 2 vs 2; scalars true, relocates true (9 vs 9), evaluations true (18127/2141 vs 18127/2141), stream Some(true); poses e46ce1424b20599a weights a050cede9aad4251 stream 902433ae444ac34f
replay identity iteration  25: PASS raw 1.612280848030077e-3 vs 1.612280848030077e-3, max 3.4036598514845195e-2 vs 3.4036598514845195e-2, winner 3 vs 3; scalars true, relocates true (8 vs 8), evaluations true (16134/1974 vs 16134/1974), stream Some(true); poses cdce0f20fee64a88 weights cfa7841316eec7bc stream b8653034f89379d6
replay identity iteration  26: PASS raw 3.2460084015888786e-4 vs 3.2460084015888786e-4, max 9.583255156968562e-3 vs 9.583255156968562e-3, winner 3 vs 3; scalars true, relocates true (9 vs 9), evaluations true (17783/2247 vs 17783/2247), stream Some(true); poses 37e56b0af06ee068 weights 7a4829c6c3c83f62 stream 103d438810285087
replay identity iteration  27: PASS raw 2.671556212155227e-4 vs 2.671556212155227e-4, max 9.047691044088424e-3 vs 9.047691044088424e-3, winner 4 vs 4; scalars true, relocates true (11 vs 11), evaluations true (21447/2731 vs 21447/2731), stream Some(true); poses 981fe61b35f16163 weights 91d35e61229fa8a1 stream 3c593626494d15b0
replay identity iteration  28: PASS raw 5.186878781946747e-4 vs 5.186878781946747e-4, max 1.4270461036670845e-2 vs 1.4270461036670845e-2, winner 6 vs 6; scalars true, relocates true (10 vs 10), evaluations true (20368/2622 vs 20368/2622), stream Some(true); poses d1bb0cf3ac56fe24 weights d202470874d8b5f4 stream 4b1871fe21b9af4e
replay identity iteration  29: PASS raw 1.7307234979249006e-4 vs 1.7307234979249006e-4, max 6.1053890670734745e-3 vs 6.1053890670734745e-3, winner 3 vs 3; scalars true, relocates true (11 vs 11), evaluations true (21800/2665 vs 21800/2665), stream Some(true); poses 4b05aa85e826c0d7 weights 843da67e8d5f1dd6 stream e4b2bb4f2de083eb
replay identity iteration  30: PASS raw 1.5617858784333999e-4 vs 1.5617858784333999e-4, max 6.1053890670734745e-3 vs 6.1053890670734745e-3, winner 0 vs 0; scalars true, relocates true (8 vs 8), evaluations true (16134/1960 vs 16134/1960), stream Some(true); poses ca6bedb258d4fe7f weights 23d84d87b9226ba5 stream d891529bd1ff6433
replay identity iteration  31: PASS raw 9.234400766945467e-3 vs 9.234400766945467e-3, max 9.521824750610097e-2 vs 9.521824750610097e-2, winner 1 vs 1; scalars true, relocates true (5 vs 5), evaluations true (9722/1223 vs 9722/1223), stream Some(true); poses 7bb65e91df7db20a weights c5358bc9abd2990f stream b55370c3c6f9fb36
replay identity iteration  32: PASS raw 1.4578797847162007e-3 vs 1.4578797847162007e-3, max 2.8884948789226428e-2 vs 2.8884948789226428e-2, winner 3 vs 3; scalars true, relocates true (7 vs 7), evaluations true (14208/1731 vs 14208/1731), stream Some(true); poses b5c5b7a80e7a155a weights 5d7219758c490710 stream 640c0f1d8f1af894
replay identity iteration  33: PASS raw 3.49436975616298e-4 vs 3.49436975616298e-4, max 1.0710405166179271e-2 vs 1.0710405166179271e-2, winner 4 vs 4; scalars true, relocates true (7 vs 7), evaluations true (14422/1987 vs 14422/1987), stream Some(true); poses 3d7e074d69163d21 weights dccef4d6d707af8d stream 1eaa770c17d89233
replay identity iteration  34: PASS raw 2.844293817566847e-3 vs 2.844293817566847e-3, max 5.0914448642380705e-2 vs 5.0914448642380705e-2, winner 0 vs 0; scalars true, relocates true (7 vs 7), evaluations true (13986/1949 vs 13986/1949), stream Some(true); poses a97551cece37adb6 weights 4726c8e0e2e727e0 stream 47c4d620e0fa168b
replay identity iteration  35: PASS raw 2.5201857154598677e-4 vs 2.5201857154598677e-4, max 1.0710405166179271e-2 vs 1.0710405166179271e-2, winner 7 vs 7; scalars true, relocates true (6 vs 6), evaluations true (12556/1690 vs 12556/1690), stream Some(true); poses be55d1201a2bc5c6 weights 082911b8ecfc0600 stream fc2553681c0b38d9
replay identity iteration  36: PASS raw 2.519958324974453e-4 vs 2.519958324974453e-4, max 1.0710405166179271e-2 vs 1.0710405166179271e-2, winner 3 vs 3; scalars true, relocates true (6 vs 6), evaluations true (12410/1680 vs 12410/1680), stream Some(true); poses de8f405152f0fbad weights aea69a3d7abf104f stream a2701f6359758c99
replay identity iteration  37: PASS raw 9.581994477531492e0 vs 9.581994477531492e0, max 1.815212959902385e0 vs 1.815212959902385e0, winner 0 vs 0; scalars true, relocates true (5 vs 5), evaluations true (10278/1479 vs 10278/1479), stream Some(true); poses 37c74c1051c14ba9 weights 9c7b01db14ee7661 stream 2b9305036042ea66
replay identity iteration  38: PASS raw 1.614135639647716e0 vs 1.614135639647716e0, max 1.134049794464886e0 vs 1.134049794464886e0, winner 0 vs 0; scalars true, relocates true (6 vs 6), evaluations true (12788/1574 vs 12788/1574), stream Some(true); poses 133c569d61ec4742 weights 3d1441e47c9d9ad3 stream d0f012ff790e6e02
replay identity iteration  39: PASS raw 5.422227289050571e-1 vs 5.422227289050571e-1, max 5.826364004826177e-1 vs 5.826364004826177e-1, winner 1 vs 1; scalars true, relocates true (5 vs 5), evaluations true (10284/1227 vs 10284/1227), stream Some(true); poses 33493190811e0aea weights 01d28685d6d45b18 stream 61a5cc5be091a794
replay identity iteration  40: PASS raw 2.5615125356753904e-1 vs 2.5615125356753904e-1, max 3.85543890833266e-1 vs 3.85543890833266e-1, winner 2 vs 2; scalars true, relocates true (7 vs 7), evaluations true (14544/1671 vs 14544/1671), stream Some(true); poses 24dbc452826042ae weights 7fe73e6f0feaed6c stream e8ec9e943fc2cfdb
replay identity iteration  41: PASS raw 1.7718387336228426e-2 vs 1.7718387336228426e-2, max 8.889986963746388e-2 vs 8.889986963746388e-2, winner 0 vs 0; scalars true, relocates true (6 vs 6), evaluations true (10806/1438 vs 10806/1438), stream Some(true); poses f272b6cdd97417b9 weights 2c4df223daab11da stream d231f7c2e82c3c41
replay identity iteration  42: PASS raw 2.938966724373762e-4 vs 2.938966724373762e-4, max 1.714341484178039e-2 vs 1.714341484178039e-2, winner 4 vs 4; scalars true, relocates true (4 vs 4), evaluations true (7450/1044 vs 7450/1044), stream Some(true); poses f31beb9f67dde12c weights 9a3eb6e6311467a2 stream 015447d2807e9719
replay identity iteration  43: PASS raw 0e0 vs 0e0, max 0e0 vs 0e0, winner 1 vs 1; scalars true, relocates true (1 vs 1), evaluations true (2090/317 vs 2090/317), stream Some(true); poses 42a137c4ad7dbd91 weights 15d1a0a212eed9b8 stream d846b576809ce5d5
replay identity (exponent:2): 43/43 PASS, 0 FAIL (extended gate: scalars, relocates 43/43, evaluations 43/43; stream 43/43)
== replay identity none
replay identity iteration   1: PASS raw 2.6277787295110516e-2 vs 2.6277787295110516e-2, max 8.879762677335368e-2 vs 8.879762677335368e-2, winner 0 vs 0; scalars true, relocates true (14 vs 14), evaluations true (28588/3728 vs 28588/3728), stream Some(true); poses 13e4d54591cb42e1 weights 515fc5786a65752b stream fe54b3cc69ce91be
replay identity iteration   2: PASS raw 1.9826161972836737e-2 vs 1.9826161972836737e-2, max 7.214097541034015e-2 vs 7.214097541034015e-2, winner 4 vs 4; scalars true, relocates true (10 vs 10), evaluations true (19655/2638 vs 19655/2638), stream Some(true); poses 7c09b0fb9cb977a1 weights 6e4ee971dbb548e7 stream 29f118637a1c9496
replay identity iteration   3: PASS raw 9.239293499041516e-3 vs 9.239293499041516e-3, max 5.225236359842089e-2 vs 5.225236359842089e-2, winner 7 vs 7; scalars true, relocates true (10 vs 10), evaluations true (19816/2482 vs 19816/2482), stream Some(true); poses 5978612dadc83103 weights 118f42960dae58ca stream 0430fc9f98807cd1
replay identity iteration   4: PASS raw 4.299552310112942e-3 vs 4.299552310112942e-3, max 4.3468803256137e-2 vs 4.3468803256137e-2, winner 3 vs 3; scalars true, relocates true (6 vs 6), evaluations true (13285/1518 vs 13285/1518), stream Some(true); poses 224733e821f842f2 weights de848770575a7988 stream afb4bf8fe6a0af91
replay identity iteration   5: PASS raw 3.0881386830582734e-3 vs 3.0881386830582734e-3, max 3.075163888889154e-2 vs 3.075163888889154e-2, winner 6 vs 6; scalars true, relocates true (7 vs 7), evaluations true (14402/1903 vs 14402/1903), stream Some(true); poses ebcfd3514817119d weights 5ab6888457e14491 stream fad345608ff39da3
replay identity iteration   6: PASS raw 2.7166308893105066e-3 vs 2.7166308893105066e-3, max 2.653437357837607e-2 vs 2.653437357837607e-2, winner 3 vs 3; scalars true, relocates true (8 vs 8), evaluations true (17605/2154 vs 17605/2154), stream Some(true); poses 9f54fccf2b7c9827 weights 051e7a873a3c8cc7 stream 6577300f3ccb63ee
replay identity iteration   7: PASS raw 1.985814406429409e-3 vs 1.985814406429409e-3, max 2.5922618946127685e-2 vs 2.5922618946127685e-2, winner 0 vs 0; scalars true, relocates true (7 vs 7), evaluations true (15392/2011 vs 15392/2011), stream Some(true); poses 0c185b8f71a00626 weights 8466167e68a2feb1 stream aa914dd4fe4f5801
replay identity iteration   8: PASS raw 2.75549726196261e-3 vs 2.75549726196261e-3, max 4.133847564793314e-2 vs 4.133847564793314e-2, winner 7 vs 7; scalars true, relocates true (7 vs 7), evaluations true (16163/1877 vs 16163/1877), stream Some(true); poses df3c6e11b10c72f3 weights 128a7c70622a40a6 stream 7a29ddb61cccbdc2
replay identity iteration   9: PASS raw 2.7789370458297827e-3 vs 2.7789370458297827e-3, max 4.135701135280101e-2 vs 4.135701135280101e-2, winner 7 vs 7; scalars true, relocates true (8 vs 8), evaluations true (16604/2134 vs 16604/2134), stream Some(true); poses f41024c64656f18f weights df08b5dc47635103 stream 5b0be9c6a2744b53
replay identity iteration  10: PASS raw 2.298255279817702e-3 vs 2.298255279817702e-3, max 4.135701135280101e-2 vs 4.135701135280101e-2, winner 0 vs 0; scalars true, relocates true (10 vs 10), evaluations true (20042/2492 vs 20042/2492), stream Some(true); poses 7f3f97fe6e9099bb weights e930912f972f210b stream 85600fb2956340fc
replay identity iteration  11: PASS raw 2.2464067722932405e-3 vs 2.2464067722932405e-3, max 4.135701135280101e-2 vs 4.135701135280101e-2, winner 2 vs 2; scalars true, relocates true (10 vs 10), evaluations true (18466/2644 vs 18466/2644), stream Some(true); poses 3e0bfa835965902d weights 43c095ca509147af stream f8083e3a2c40491a
replay identity iteration  12: PASS raw 3.285380779311006e-3 vs 3.285380779311006e-3, max 2.8098759205562374e-2 vs 2.8098759205562374e-2, winner 2 vs 2; scalars true, relocates true (9 vs 9), evaluations true (17433/2331 vs 17433/2331), stream Some(true); poses 4209d208763525e6 weights ca01e30d8f47c548 stream 6ff08960d9ee0ae6
replay identity iteration  13: PASS raw 3.0267276863238683e-3 vs 3.0267276863238683e-3, max 3.737096410382623e-2 vs 3.737096410382623e-2, winner 5 vs 5; scalars true, relocates true (9 vs 9), evaluations true (18312/2261 vs 18312/2261), stream Some(true); poses f028cdb1dd331ed7 weights 8d93abe056d1025c stream 0e1b26d4c4da5a61
replay identity iteration  14: PASS raw 8.522832172816349e-4 vs 8.522832172816349e-4, max 1.59017062372806e-2 vs 1.59017062372806e-2, winner 6 vs 6; scalars true, relocates true (8 vs 8), evaluations true (15620/1800 vs 15620/1800), stream Some(true); poses 6eb91ef43274f4b2 weights 63cea83d5be0be37 stream a77c1edf53e2f63d
replay identity iteration  15: PASS raw 9.178162952684174e-4 vs 9.178162952684174e-4, max 2.0436334875768125e-2 vs 2.0436334875768125e-2, winner 7 vs 7; scalars true, relocates true (8 vs 8), evaluations true (16380/2180 vs 16380/2180), stream Some(true); poses 8574b16cb59d760a weights 219e97e8d1fa6d38 stream e858091755226e30
replay identity iteration  16: PASS raw 1.1490869267588293e-3 vs 1.1490869267588293e-3, max 1.484586047743619e-2 vs 1.484586047743619e-2, winner 6 vs 6; scalars true, relocates true (8 vs 8), evaluations true (15798/2028 vs 15798/2028), stream Some(true); poses b1e3b91a04f63b7c weights b3832e73a2559380 stream d55e2e0b04cd1cbd
replay identity iteration  17: PASS raw 4.674274549532478e-3 vs 4.674274549532478e-3, max 5.861600432940772e-2 vs 5.861600432940772e-2, winner 1 vs 1; scalars true, relocates true (9 vs 9), evaluations true (17758/2173 vs 17758/2173), stream Some(true); poses a49814d8615cedb6 weights 96cf024ee0ff8882 stream 35e1c557c0c9453a
replay identity iteration  18: PASS raw 8.372482845911848e-3 vs 8.372482845911848e-3, max 8.614165015136077e-2 vs 8.614165015136077e-2, winner 6 vs 6; scalars true, relocates true (9 vs 9), evaluations true (18424/2119 vs 18424/2119), stream Some(true); poses b8812cfd0a4b0aaa weights 50042bf76e5d0065 stream f06ab04180b6bef8
replay identity iteration  19: PASS raw 3.785353533612765e-4 vs 3.785353533612765e-4, max 1.0144963012820973e-2 vs 1.0144963012820973e-2, winner 6 vs 6; scalars true, relocates true (8 vs 8), evaluations true (15726/2044 vs 15726/2044), stream Some(true); poses f0ecdae1ce864ebb weights 6b171bc2fcac52c6 stream 344089ec13afcf1c
replay identity iteration  20: PASS raw 7.971537688434469e-4 vs 7.971537688434469e-4, max 2.366517215645736e-2 vs 2.366517215645736e-2, winner 4 vs 4; scalars true, relocates true (9 vs 9), evaluations true (18486/2355 vs 18486/2355), stream Some(true); poses cdcabda68e122c45 weights 7096e686a88ea01e stream 91e9fa9b4b896122
replay identity iteration  21: PASS raw 1.528638867071901e-3 vs 1.528638867071901e-3, max 2.661437958796764e-2 vs 2.661437958796764e-2, winner 1 vs 1; scalars true, relocates true (8 vs 8), evaluations true (16288/2192 vs 16288/2192), stream Some(true); poses f221dd79d9ea6bfc weights 7de0a99bd57b8223 stream 4ce56248aec703e3
replay identity iteration  22: PASS raw 2.0552688504968608e-4 vs 2.0552688504968608e-4, max 7.833353995343906e-3 vs 7.833353995343906e-3, winner 2 vs 2; scalars true, relocates true (10 vs 10), evaluations true (20086/2518 vs 20086/2518), stream Some(true); poses 9da39dc22bb4c4e8 weights df032c634d72a5d1 stream dceeb795417c4ccf
replay identity iteration  23: PASS raw 5.725941563893612e-4 vs 5.725941563893612e-4, max 1.94200535781901e-2 vs 1.94200535781901e-2, winner 4 vs 4; scalars true, relocates true (9 vs 9), evaluations true (18314/2353 vs 18314/2353), stream Some(true); poses c1ce50ff42876a47 weights a67efcf10ea4e71e stream 1a962c2876794051
replay identity iteration  24: PASS raw 1.151106251208803e-3 vs 1.151106251208803e-3, max 3.1017785880319337e-2 vs 3.1017785880319337e-2, winner 2 vs 2; scalars true, relocates true (9 vs 9), evaluations true (18127/2141 vs 18127/2141), stream Some(true); poses e46ce1424b20599a weights a050cede9aad4251 stream 902433ae444ac34f
replay identity iteration  25: PASS raw 1.612280848030077e-3 vs 1.612280848030077e-3, max 3.4036598514845195e-2 vs 3.4036598514845195e-2, winner 3 vs 3; scalars true, relocates true (8 vs 8), evaluations true (16134/1974 vs 16134/1974), stream Some(true); poses cdce0f20fee64a88 weights cfa7841316eec7bc stream b8653034f89379d6
replay identity iteration  26: PASS raw 3.2460084015888786e-4 vs 3.2460084015888786e-4, max 9.583255156968562e-3 vs 9.583255156968562e-3, winner 3 vs 3; scalars true, relocates true (9 vs 9), evaluations true (17783/2247 vs 17783/2247), stream Some(true); poses 37e56b0af06ee068 weights 7a4829c6c3c83f62 stream 103d438810285087
replay identity iteration  27: PASS raw 2.671556212155227e-4 vs 2.671556212155227e-4, max 9.047691044088424e-3 vs 9.047691044088424e-3, winner 4 vs 4; scalars true, relocates true (11 vs 11), evaluations true (21447/2731 vs 21447/2731), stream Some(true); poses 981fe61b35f16163 weights 91d35e61229fa8a1 stream 3c593626494d15b0
replay identity iteration  28: PASS raw 5.186878781946747e-4 vs 5.186878781946747e-4, max 1.4270461036670845e-2 vs 1.4270461036670845e-2, winner 6 vs 6; scalars true, relocates true (10 vs 10), evaluations true (20368/2622 vs 20368/2622), stream Some(true); poses d1bb0cf3ac56fe24 weights d202470874d8b5f4 stream 4b1871fe21b9af4e
replay identity iteration  29: PASS raw 1.7307234979249006e-4 vs 1.7307234979249006e-4, max 6.1053890670734745e-3 vs 6.1053890670734745e-3, winner 3 vs 3; scalars true, relocates true (11 vs 11), evaluations true (21800/2665 vs 21800/2665), stream Some(true); poses 4b05aa85e826c0d7 weights 843da67e8d5f1dd6 stream e4b2bb4f2de083eb
replay identity iteration  30: PASS raw 1.5617858784333999e-4 vs 1.5617858784333999e-4, max 6.1053890670734745e-3 vs 6.1053890670734745e-3, winner 0 vs 0; scalars true, relocates true (8 vs 8), evaluations true (16134/1960 vs 16134/1960), stream Some(true); poses ca6bedb258d4fe7f weights 23d84d87b9226ba5 stream d891529bd1ff6433
replay identity iteration  31: PASS raw 9.234400766945467e-3 vs 9.234400766945467e-3, max 9.521824750610097e-2 vs 9.521824750610097e-2, winner 1 vs 1; scalars true, relocates true (5 vs 5), evaluations true (9722/1223 vs 9722/1223), stream Some(true); poses 7bb65e91df7db20a weights c5358bc9abd2990f stream b55370c3c6f9fb36
replay identity iteration  32: PASS raw 1.4578797847162007e-3 vs 1.4578797847162007e-3, max 2.8884948789226428e-2 vs 2.8884948789226428e-2, winner 3 vs 3; scalars true, relocates true (7 vs 7), evaluations true (14208/1731 vs 14208/1731), stream Some(true); poses b5c5b7a80e7a155a weights 5d7219758c490710 stream 640c0f1d8f1af894
replay identity iteration  33: PASS raw 3.49436975616298e-4 vs 3.49436975616298e-4, max 1.0710405166179271e-2 vs 1.0710405166179271e-2, winner 4 vs 4; scalars true, relocates true (7 vs 7), evaluations true (14422/1987 vs 14422/1987), stream Some(true); poses 3d7e074d69163d21 weights dccef4d6d707af8d stream 1eaa770c17d89233
replay identity iteration  34: PASS raw 2.844293817566847e-3 vs 2.844293817566847e-3, max 5.0914448642380705e-2 vs 5.0914448642380705e-2, winner 0 vs 0; scalars true, relocates true (7 vs 7), evaluations true (13986/1949 vs 13986/1949), stream Some(true); poses a97551cece37adb6 weights 4726c8e0e2e727e0 stream 47c4d620e0fa168b
replay identity iteration  35: PASS raw 2.5201857154598677e-4 vs 2.5201857154598677e-4, max 1.0710405166179271e-2 vs 1.0710405166179271e-2, winner 7 vs 7; scalars true, relocates true (6 vs 6), evaluations true (12556/1690 vs 12556/1690), stream Some(true); poses be55d1201a2bc5c6 weights 082911b8ecfc0600 stream fc2553681c0b38d9
replay identity iteration  36: PASS raw 2.519958324974453e-4 vs 2.519958324974453e-4, max 1.0710405166179271e-2 vs 1.0710405166179271e-2, winner 3 vs 3; scalars true, relocates true (6 vs 6), evaluations true (12410/1680 vs 12410/1680), stream Some(true); poses de8f405152f0fbad weights aea69a3d7abf104f stream a2701f6359758c99
replay identity iteration  37: PASS raw 9.581994477531492e0 vs 9.581994477531492e0, max 1.815212959902385e0 vs 1.815212959902385e0, winner 0 vs 0; scalars true, relocates true (5 vs 5), evaluations true (10278/1479 vs 10278/1479), stream Some(true); poses 37c74c1051c14ba9 weights 9c7b01db14ee7661 stream 2b9305036042ea66
replay identity iteration  38: PASS raw 1.614135639647716e0 vs 1.614135639647716e0, max 1.134049794464886e0 vs 1.134049794464886e0, winner 0 vs 0; scalars true, relocates true (6 vs 6), evaluations true (12788/1574 vs 12788/1574), stream Some(true); poses 133c569d61ec4742 weights 3d1441e47c9d9ad3 stream d0f012ff790e6e02
replay identity iteration  39: PASS raw 5.422227289050571e-1 vs 5.422227289050571e-1, max 5.826364004826177e-1 vs 5.826364004826177e-1, winner 1 vs 1; scalars true, relocates true (5 vs 5), evaluations true (10284/1227 vs 10284/1227), stream Some(true); poses 33493190811e0aea weights 01d28685d6d45b18 stream 61a5cc5be091a794
replay identity iteration  40: PASS raw 2.5615125356753904e-1 vs 2.5615125356753904e-1, max 3.85543890833266e-1 vs 3.85543890833266e-1, winner 2 vs 2; scalars true, relocates true (7 vs 7), evaluations true (14544/1671 vs 14544/1671), stream Some(true); poses 24dbc452826042ae weights 7fe73e6f0feaed6c stream e8ec9e943fc2cfdb
replay identity iteration  41: PASS raw 1.7718387336228426e-2 vs 1.7718387336228426e-2, max 8.889986963746388e-2 vs 8.889986963746388e-2, winner 0 vs 0; scalars true, relocates true (6 vs 6), evaluations true (10806/1438 vs 10806/1438), stream Some(true); poses f272b6cdd97417b9 weights 2c4df223daab11da stream d231f7c2e82c3c41
replay identity iteration  42: PASS raw 2.938966724373762e-4 vs 2.938966724373762e-4, max 1.714341484178039e-2 vs 1.714341484178039e-2, winner 4 vs 4; scalars true, relocates true (4 vs 4), evaluations true (7450/1044 vs 7450/1044), stream Some(true); poses f31beb9f67dde12c weights 9a3eb6e6311467a2 stream 015447d2807e9719
replay identity iteration  43: PASS raw 0e0 vs 0e0, max 0e0 vs 0e0, winner 1 vs 1; scalars true, relocates true (1 vs 1), evaluations true (2090/317 vs 2090/317), stream Some(true); poses 42a137c4ad7dbd91 weights 15d1a0a212eed9b8 stream d846b576809ce5d5
replay identity (none): 43/43 PASS, 0 FAIL (extended gate: scalars, relocates 43/43, evaluations 43/43; stream 43/43)
rustc 1.97.1 (8bab26f4f 2026-07-14)
cargo 1.97.1 (c980f4866 2026-06-30)
x86_64
FREEZE_V1_DONE
