1788776299 0.45 1.07 1.88 1/578 1712854
1788776304 0.50 1.07 1.87 2/578 1721487
1788776309 1.02 1.17 1.90 11/586 1728685
1788776314 1.01 1.17 1.90 9/588 1737916
1788776319 1.73 1.31 1.94 6/584 1746762
1788776324 1.68 1.31 1.94 3/581 1762466
1788776329 2.18 1.42 1.97 3/580 1773680
1788776334 2.09 1.41 1.96 10/588 1793007
1788776339 2.72 1.55 2.01 9/589 1799989
1788776344 2.58 1.55 2.00 9/590 1811725
1788776349 3.10 1.67 2.04 4/584 1819885
1788776354 3.65 1.81 2.08 9/589 1829454
1788776359 4.08 1.93 2.12 6/586 1837212
1788776365 4.39 2.03 2.15 9/589 1844362
1788776370 4.92 2.18 2.20 8/588 1849576
1788776375 5.25 2.29 2.24 4/584 1858075
1788776380 5.23 2.34 2.25 9/588 1866276
1788776385 5.77 2.50 2.30 6/585 1875695
1788776390 5.95 2.59 2.33 11/587 1883653
1788776395 6.12 2.68 2.36 11/587 1891667
1788776400 6.27 2.77 2.39 9/588 1897902
1788776405 6.41 2.85 2.43 9/588 1905959
1788776410 6.53 2.94 2.46 6/584 1912205
1788776415 6.57 3.01 2.48 9/585 1921009
1788776420 6.45 3.04 2.49 9/588 1928800
1788776425 6.57 3.12 2.52 9/608 1938692
1788776430 6.84 3.24 2.56 10/588 1947690
1788776435 7.18 3.37 2.61 12/588 1955677
1788776440 7.32 3.46 2.64 10/587 1961958
1788776445 7.22 3.50 2.66 9/588 1969537
1788776450 7.28 3.58 2.69 9/589 1975144
1788776455 7.34 3.65 2.72 10/588 1982883
1788776460 7.47 3.74 2.75 6/584 1989872
1788776465 7.51 3.81 2.78 9/588 1998481
1788776470 7.63 3.90 2.82 10/587 2006904
1788776475 7.66 3.97 2.84 10/588 2015429
1788776480 7.69 4.03 2.87 9/587 2021435
1788776485 7.47 4.05 2.88 9/587 2027621
1788776490 7.60 4.13 2.92 8/589 2033728
1788776495 7.63 4.20 2.94 9/591 2039163
1788776500 7.66 4.26 2.97 10/591 2042810
1788776505 7.69 4.32 3.00 3/584 2047356
1788776510 7.71 4.38 3.03 3/584 2050434
1788776515 7.25 4.34 3.02 9/584 2059478
1788776520 7.31 4.40 3.05 9/584 2064503
1788776525 7.21 4.43 3.06 9/584 2071072
1788776530 7.03 4.44 3.07 6/581 2076838
1788776535 7.11 4.50 3.10 8/582 2084377
1788776540 7.18 4.56 3.13 15/582 2087223
1788776545 7.25 4.62 3.15 10/582 2092360
1788776550 7.39 4.69 3.19 3/575 2095234
1788776555 7.44 4.74 3.21 6/578 2100765
1788776560 7.48 4.80 3.24 4/576 2105607
1788776565 7.04 4.75 3.23 9/582 2111831
1788776570 6.80 4.74 3.23 6/578 2116349
1788776575 6.73 4.76 3.25 9/581 2121392
1788776580 6.68 4.78 3.27 10/581 2125549
1788776585 6.86 4.85 3.30 6/578 2130070
1788776590 6.63 4.84 3.30 4/576 2132620
1788776595 6.90 4.92 3.34 10/582 2137680
1788776600 6.75 4.92 3.35 9/582 2142910
1788776605 6.53 4.91 3.35 4/577 2150327
1788776610 6.65 4.96 3.37 10/580 2155497
1788776615 6.68 5.00 3.39 9/582 2162244
1788776620 6.38 4.96 3.39 10/582 2165061
1788776625 6.19 4.95 3.40 11/582 2169768
1788776630 6.18 4.96 3.41 9/582 2173054
1788776635 6.32 5.01 3.43 4/577 2179521
1788776640 6.70 5.11 3.48 3/576 2184670
1788776645 6.80 5.16 3.50 9/581 2191815
1788776650 6.90 5.21 3.52 3/572 2196637
1788776655 6.99 5.26 3.55 8/576 2202205
1788776660 7.15 5.32 3.58 12/578 2205016
1788776665 6.81 5.28 3.57 3/570 2213761
1788776670 6.91 5.33 3.60 2/570 2220190
1788776675 7.00 5.37 3.62 4/573 2235985
1788776680 7.40 5.48 3.67 8/577 2244522
1788776685 7.13 5.45 3.67 5/574 2253012
1788776690 7.12 5.48 3.69 9/578 2261250
1788776695 7.19 5.52 3.71 2/570 2269349
1788776700 7.25 5.56 3.73 5/574 2277994
1788776705 7.39 5.62 3.76 9/578 2299533
1788776710 7.44 5.66 3.79 10/578 2308795
1788776715 7.49 5.70 3.81 11/578 2316102
1788776720 7.53 5.74 3.83 9/578 2324604
1788776725 7.65 5.79 3.86 10/579 2333039
1788776730 7.91 5.88 3.90 9/633 2342457
1788776735 7.92 5.92 3.92 5/629 2349901
1788776740 8.01 5.97 3.95 5/627 2355819
1788776745 8.01 6.00 3.97 9/630 2362837
1788776750 8.01 6.03 3.99 10/629 2370120
1788776755 8.33 6.13 4.04 12/629 2376315
1788776760 7.98 6.10 4.04 2/622 2385929
1788776765 7.34 6.00 4.01 3/622 2393659
1788776770 7.47 6.05 4.04 8/627 2401561
1788776775 7.36 6.05 4.05 12/629 2409076
1788776780 7.25 6.04 4.06 8/627 2416346
1788776785 7.39 6.09 4.09 6/628 2424421
1788776790 7.28 6.09 4.10 10/631 2432002
1788776795 7.33 6.12 4.12 5/627 2440145
1788776800 7.07 6.09 4.12 8/630 2450305
1788776805 7.14 6.12 4.14 9/631 2458411
1788776810 7.45 6.20 4.18 2/620 2465449
1788776815 7.50 6.23 4.20 10/628 2473677
1788776820 7.38 6.23 4.21 9/633 2480456
1788776825 7.35 6.24 4.22 9/632 2486433
1788776830 7.40 6.27 4.24 9/633 2493616
1788776835 7.37 6.28 4.26 2/625 2501219
1788776840 7.02 6.23 4.25 8/631 2510755
1788776845 7.18 6.27 4.28 9/631 2516900
1788776850 7.32 6.32 4.30 7/650 2521063
1788776855 7.54 6.38 4.33 7/651 2528324
1788776860 7.65 6.42 4.36 11/634 2534953
1788776865 7.68 6.45 4.38 8/631 2540467
1788776870 7.39 6.41 4.38 9/633 2545458
1788776875 7.44 6.44 4.40 9/633 2551757
1788776880 7.40 6.45 4.41 9/633 2554867
1788776885 7.13 6.41 4.41 9/634 2559324
1788776890 7.20 6.43 4.43 2/626 2562866
1788776895 7.26 6.46 4.45 9/632 2568133
1788776900 7.00 6.42 4.44 5/629 2574148
1788776905 6.84 6.39 4.45 9/634 2581726
1788776910 6.93 6.42 4.47 10/634 2586796
1788776915 7.10 6.46 4.49 9/634 2591958
1788776920 7.17 6.49 4.51 9/634 2595159
1788776925 6.76 6.41 4.50 10/632 2599393
1788776930 6.70 6.41 4.51 4/627 2603179
1788776935 6.88 6.45 4.53 2/625 2607975
1788776940 6.97 6.48 4.55 9/633 2613045
1788776945 7.13 6.52 4.57 9/633 2617926
1788776950 7.20 6.54 4.59 4/628 2623533
1788776955 7.11 6.53 4.60 9/634 2630384
1788776960 7.18 6.56 4.62 10/634 2633614
1788776965 7.24 6.58 4.64 2/626 2637407
1788776970 7.30 6.61 4.65 4/628 2640293
1788776975 7.52 6.66 4.68 12/640 2644404
1788776980 7.48 6.67 4.70 6/628 2649921
1788776985 7.52 6.69 4.71 2/626 2656872
1788776990 7.56 6.71 4.73 3/627 2662118
1788776995 7.43 6.70 4.74 9/633 2667921
1788777000 7.48 6.72 4.76 9/633 2671511
1788777005 7.28 6.69 4.76 9/640 2678107
1788777010 7.34 6.72 4.78 10/636 2681273
1788777015 7.39 6.74 4.79 8/632 2686137
1788777020 7.44 6.76 4.81 11/636 2691015
1788777025 7.65 6.81 4.84 9/636 2696914
1788777030 7.91 6.88 4.87 4/631 2706842
1788777035 8.00 6.92 4.89 8/632 2714751
1788777040 7.36 6.80 4.87 11/633 2723432
1788777045 7.49 6.84 4.89 11/630 2737322
1788777050 7.29 6.81 4.89 9/632 2748416
1788777055 7.35 6.83 4.91 7/628 2766203
1788777060 7.56 6.88 4.94 8/629 2776657
1788777065 7.20 6.82 4.93 8/631 2782643
1788777070 7.34 6.85 4.95 9/632 2792824
1788777075 7.39 6.87 4.96 2/624 2800011
1788777080 7.60 6.93 4.99 5/628 2810633
1788777085 7.39 6.89 4.99 2/625 2815268
1788777090 7.52 6.93 5.01 11/634 2822766
1788777095 7.40 6.91 5.02 2/626 2827478
1788777100 7.45 6.93 5.04 8/629 2837572
1788777105 7.25 6.90 5.04 2/624 2845822
1788777110 7.07 6.87 5.03 8/631 2856756
1788777115 7.23 6.90 5.06 2/625 2862938
1788777120 7.29 6.92 5.07 6/629 2871384
1788777125 7.35 6.94 5.09 2/624 2876529
1788777130 7.40 6.96 5.10 10/632 2885071
1788777135 7.21 6.92 5.10 2/624 2892434
1788777140 7.11 6.91 5.11 8/631 2901569
1788777145 7.26 6.94 5.13 2/624 2908026
1788777150 7.32 6.96 5.14 7/625 2919848
1788777155 7.38 6.98 5.16 2/624 2926851
1788777160 7.51 7.01 5.18 4/626 2936287
1788777165 7.63 7.05 5.20 2/622 2941809
1788777170 7.10 6.95 5.18 5/626 2949655
1788777175 7.33 7.00 5.21 2/623 2954635
1788777180 6.82 6.90 5.18 11/630 2963145
1788777185 6.92 6.91 5.20 2/622 2970002
1788777190 6.44 6.82 5.18 12/630 2979136
1788777195 6.57 6.84 5.19 2/622 2986608
1788777200 6.12 6.74 5.17 9/630 2993993
1788777205 6.27 6.76 5.18 7/627 3001358
1788777210 5.85 6.66 5.16 9/630 3006472
1788777215 6.02 6.69 5.18 9/630 3013505
1788777220 5.62 6.59 5.15 2/624 3017854
1788777225 5.81 6.62 5.17 7/628 3022333
1788777230 5.43 6.52 5.15 2/622 3025214
1788777235 5.63 6.55 5.16 7/627 3032734
1788777240 5.26 6.45 5.14 11/629 3037919
1788777246 5.24 6.43 5.14 10/630 3043838
1788777251 4.90 6.34 5.12 9/631 3049791
1788777256 4.83 6.30 5.11 2/622 3057463
1788777261 4.52 6.21 5.09 9/630 3061552
1788777266 4.80 6.24 5.10 8/628 3065750
1788777271 4.50 6.16 5.08 3/624 3069199
1788777276 4.86 6.20 5.10 10/630 3073447
1788777281 4.55 6.12 5.08 7/625 3078552
1788777286 4.50 6.08 5.07 9/630 3083987
1788777291 4.22 6.00 5.05 2/623 3089028
1788777296 4.60 6.05 5.07 9/627 3094347
1788777301 4.88 6.08 5.09 10/622 3097685
1788777306 5.13 6.11 5.11 9/621 3102915
1788777311 5.36 6.14 5.12 10/621 3106356
1788777316 5.33 6.12 5.12 10/620 3109884
1788777321 5.30 6.11 5.12 9/621 3114893
1788777326 5.52 6.14 5.14 9/621 3121979
1788777331 5.24 6.07 5.12 5/617 3127278
1788777336 5.62 6.13 5.14 9/632 3133906
1788777341 5.25 6.05 5.12 10/620 3137302
1788777346 5.39 6.06 5.13 6/615 3140872
1788777351 5.60 6.10 5.15 9/620 3144650
1788777356 5.79 6.13 5.16 7/618 3150034
1788777361 5.97 6.16 5.18 4/616 3155549
1788777366 6.13 6.19 5.20 9/621 3161883
1788777371 6.36 6.24 5.22 9/622 3166845
1788777376 6.01 6.17 5.20 9/623 3172558
1788777381 6.17 6.20 5.21 6/620 3176303
1788777386 6.32 6.23 5.23 5/622 3182089
1788777391 6.45 6.26 5.24 12/622 3192928
1788777396 7.22 6.42 5.30 6/618 3202108
1788777401 7.20 6.43 5.31 2/613 3215524
1788777406 7.34 6.47 5.33 9/619 3228646
1788777411 6.84 6.38 5.31 5/616 3244890
1788777416 7.09 6.44 5.33 2/612 3252481
1788777421 7.16 6.47 5.35 10/620 3259688
1788777426 6.99 6.44 5.35 9/621 3264869
1788777431 7.15 6.49 5.37 9/620 3272658
1788777436 7.38 6.54 5.39 9/619 3278520
1788777441 7.51 6.58 5.41 7/615 3286363
1788777446 7.55 6.61 5.42 9/617 3292937
1788777451 7.42 6.60 5.43 3/612 3302230
1788777456 7.47 6.62 5.44 6/619 3307982
1788777461 7.51 6.64 5.46 3/616 3318293
1788777466 7.63 6.68 5.47 14/622 3323751
1788777471 7.74 6.72 5.49 7/620 3331188
1788777476 7.84 6.76 5.51 6/619 3337524
1788777481 7.86 6.78 5.53 8/621 3342405
1788777486 7.87 6.80 5.54 7/620 3346285
1788777491 7.96 6.84 5.56 10/622 3350928
1788777496 7.64 6.79 5.55 16/621 3354126
