spec-run v1: A=[--proxymargin=8] B=[--proxymargin=8 --guidedexponent=1] binary=8734404a249e manifest=38508c032b65 start 10:18:20
10:18:31 v1-B-legacy-r0-s27
10:18:41 v1-A-legacy-r0-s27
10:18:51 v1-A-legacy-r0-s28
10:19:01 v1-B-legacy-r0-s28
10:19:11 v1-B-legacy-r0-s29
10:19:21 v1-A-legacy-r0-s29
10:19:31 v1-A-legacy-r0-s30
10:19:41 v1-B-legacy-r0-s30
10:19:51 v1-B-legacy-r0-s31
10:20:01 v1-A-legacy-r0-s31
10:20:11 v1-A-legacy-r0-s32
10:20:21 v1-B-legacy-r0-s32
10:20:31 v1-B-legacy-r0-s33
10:20:41 v1-A-legacy-r0-s33
10:20:51 v1-A-legacy-r0-s34
10:21:01 v1-B-legacy-r0-s34
10:21:12 v1-B-legacy-r0-s35
10:21:22 v1-A-legacy-r0-s35
10:21:32 v1-B-wall10s-r0-s27
10:21:42 v1-A-wall10s-r0-s27
10:21:52 v1-A-wall10s-r0-s28
10:22:02 v1-B-wall10s-r0-s28
10:22:12 v1-B-wall10s-r0-s29
10:22:22 v1-A-wall10s-r0-s29
10:22:32 v1-A-wall10s-r0-s30
10:22:42 v1-B-wall10s-r0-s30
10:22:52 v1-B-wall10s-r0-s31
10:23:02 v1-A-wall10s-r0-s31
10:23:12 v1-A-wall10s-r0-s32
10:23:22 v1-B-wall10s-r0-s32
10:23:32 v1-B-wall10s-r0-s33
10:23:42 v1-A-wall10s-r0-s33
10:23:52 v1-A-wall10s-r0-s34
10:24:02 v1-B-wall10s-r0-s34
10:24:12 v1-B-wall10s-r0-s35
10:24:22 v1-A-wall10s-r0-s35
10:24:32 v1-A-legacy-r1-s27
10:24:43 v1-B-legacy-r1-s27
10:24:53 v1-B-legacy-r1-s28
10:25:03 v1-A-legacy-r1-s28
10:25:13 v1-A-legacy-r1-s29
10:25:23 v1-B-legacy-r1-s29
10:25:33 v1-B-legacy-r1-s30
10:25:43 v1-A-legacy-r1-s30
10:25:53 v1-A-legacy-r1-s31
10:26:03 v1-B-legacy-r1-s31
10:26:13 v1-B-legacy-r1-s32
10:26:23 v1-A-legacy-r1-s32
10:26:33 v1-A-legacy-r1-s33
10:26:43 v1-B-legacy-r1-s33
10:26:53 v1-B-legacy-r1-s34
10:27:03 v1-A-legacy-r1-s34
10:27:14 v1-A-legacy-r1-s35
10:27:24 v1-B-legacy-r1-s35
10:27:34 v1-A-wall10s-r1-s27
10:27:44 v1-B-wall10s-r1-s27
10:27:54 v1-B-wall10s-r1-s28
10:28:04 v1-A-wall10s-r1-s28
10:28:14 v1-A-wall10s-r1-s29
10:28:24 v1-B-wall10s-r1-s29
10:28:34 v1-B-wall10s-r1-s30
10:28:44 v1-A-wall10s-r1-s30
10:28:54 v1-A-wall10s-r1-s31
10:29:04 v1-B-wall10s-r1-s31
10:29:14 v1-B-wall10s-r1-s32
10:29:24 v1-A-wall10s-r1-s32
10:29:34 v1-A-wall10s-r1-s33
10:29:44 v1-B-wall10s-r1-s33
10:29:54 v1-B-wall10s-r1-s34
10:30:04 v1-A-wall10s-r1-s34
10:30:14 v1-A-wall10s-r1-s35
10:30:24 v1-B-wall10s-r1-s35
10:30:34 v1-B-legacy-r2-s27
10:30:44 v1-A-legacy-r2-s27
10:30:55 v1-A-legacy-r2-s28
10:31:05 v1-B-legacy-r2-s28
10:31:15 v1-B-legacy-r2-s29
10:31:25 v1-A-legacy-r2-s29
10:31:35 v1-A-legacy-r2-s30
10:31:45 v1-B-legacy-r2-s30
10:31:55 v1-B-legacy-r2-s31
10:32:05 v1-A-legacy-r2-s31
10:32:15 v1-A-legacy-r2-s32
10:32:25 v1-B-legacy-r2-s32
10:32:35 v1-B-legacy-r2-s33
10:32:45 v1-A-legacy-r2-s33
10:32:55 v1-A-legacy-r2-s34
10:33:05 v1-B-legacy-r2-s34
10:33:15 v1-B-legacy-r2-s35
10:33:26 v1-A-legacy-r2-s35
10:33:36 v1-B-wall10s-r2-s27
10:33:46 v1-A-wall10s-r2-s27
10:33:56 v1-A-wall10s-r2-s28
10:34:06 v1-B-wall10s-r2-s28
10:34:16 v1-B-wall10s-r2-s29
10:34:26 v1-A-wall10s-r2-s29
10:34:36 v1-A-wall10s-r2-s30
10:34:46 v1-B-wall10s-r2-s30
10:34:56 v1-B-wall10s-r2-s31
10:35:06 v1-A-wall10s-r2-s31
10:35:16 v1-A-wall10s-r2-s32
10:35:26 v1-B-wall10s-r2-s32
10:35:36 v1-B-wall10s-r2-s33
10:35:46 v1-A-wall10s-r2-s33
10:35:56 v1-A-wall10s-r2-s34
10:36:06 v1-B-wall10s-r2-s34
10:36:16 v1-B-wall10s-r2-s35
10:36:26 v1-A-wall10s-r2-s35
v1_ROUND_DONE 10:36:26
