=== CASCADE2 c2b from /var/lib/t3/tmp/wf87/pins/pinned-fs-155.41373.json raw=155.4137281129324 bin=/var/lib/t3/tmp/wf87/target-l10/release/examples/general_request_benchmark pool=[] ===
[   14.7s] r0-m22-p0.8-s3: mode=22 exactValid=True contractValid=True depth=155.414 raw=155.4137281129324 parent=155.414 fp=d801b0a45584bdd3 | before Nonep/Noneb after Nonep/Noneb cap=None maxDisp=None moved=None resid=None | 
[   15.4s] r0-m22-p0.8-s1: mode=22 exactValid=True contractValid=True depth=155.414 raw=155.4137281129324 parent=155.414 fp=d801b0a45584bdd3 | before Nonep/Noneb after Nonep/Noneb cap=None maxDisp=None moved=None resid=None | 
[   16.0s] r0-m22-p0.8-s0: mode=22 exactValid=True contractValid=True depth=155.414 raw=155.4137281129324 parent=155.414 fp=d801b0a45584bdd3 | before Nonep/Noneb after Nonep/Noneb cap=None maxDisp=None moved=None resid=None | 
[   18.2s] r0-m22-p0.8-s2: mode=22 exactValid=True contractValid=True depth=155.414 raw=155.4137281129324 parent=155.414 fp=d801b0a45584bdd3 | before Nonep/Noneb after Nonep/Noneb cap=None maxDisp=None moved=None resid=None | 
[   19.5s] r0-m22-p0.8-s4: mode=22 exactValid=True contractValid=True depth=155.414 raw=155.4137281129324 parent=155.414 fp=d801b0a45584bdd3 | before Nonep/Noneb after Nonep/Noneb cap=None maxDisp=None moved=None resid=None | 
[   15.8s] r0-m22-p0.8-s5: mode=22 exactValid=True contractValid=True depth=155.414 raw=155.4137281129324 parent=155.414 fp=d801b0a45584bdd3 | before Nonep/Noneb after Nonep/Noneb cap=None maxDisp=None moved=None resid=None | 
[   16.3s] r0-m22-p0.8-s6: mode=22 exactValid=True contractValid=True depth=155.414 raw=155.4137281129324 parent=155.414 fp=d801b0a45584bdd3 | before Nonep/Noneb after Nonep/Noneb cap=None maxDisp=None moved=None resid=None | 
[   14.9s] r0-m22-p0.3-s0: mode=22 exactValid=True contractValid=True depth=155.414 raw=155.4137281129324 parent=155.414 fp=d801b0a45584bdd3 | before Nonep/Noneb after Nonep/Noneb cap=None maxDisp=None moved=None resid=None | 
[   17.6s] r0-m22-p0.8-s7: mode=22 exactValid=True contractValid=True depth=155.414 raw=155.4137281129324 parent=155.414 fp=d801b0a45584bdd3 | before Nonep/Noneb after Nonep/Noneb cap=None maxDisp=None moved=None resid=None | 
[   15.6s] r0-m22-p0.3-s1: mode=22 exactValid=True contractValid=True depth=155.414 raw=155.4137281129324 parent=155.414 fp=d801b0a45584bdd3 | before Nonep/Noneb after Nonep/Noneb cap=None maxDisp=None moved=None resid=None | 
[   12.6s] r0-m22-p0.3-s3: mode=22 exactValid=True contractValid=True depth=155.414 raw=155.4137281129324 parent=155.414 fp=d801b0a45584bdd3 | before Nonep/Noneb after Nonep/Noneb cap=None maxDisp=None moved=None resid=None | 
[   15.5s] r0-m22-p0.3-s2: mode=22 exactValid=True contractValid=True depth=155.414 raw=155.4137281129324 parent=155.414 fp=d801b0a45584bdd3 | before Nonep/Noneb after Nonep/Noneb cap=None maxDisp=None moved=None resid=None | 
[   13.4s] r0-m22-p0.3-s5: mode=22 exactValid=True contractValid=True depth=155.414 raw=155.4137281129324 parent=155.414 fp=d801b0a45584bdd3 | before Nonep/Noneb after Nonep/Noneb cap=None maxDisp=None moved=None resid=None | 
[   14.4s] r0-m22-p0.3-s6: mode=22 exactValid=True contractValid=True depth=155.414 raw=155.4137281129324 parent=155.414 fp=d801b0a45584bdd3 | before Nonep/Noneb after Nonep/Noneb cap=None maxDisp=None moved=None resid=None | 
[   18.5s] r0-m22-p0.3-s4: mode=22 exactValid=True contractValid=True depth=155.414 raw=155.4137281129324 parent=155.414 fp=d801b0a45584bdd3 | before Nonep/Noneb after Nonep/Noneb cap=None maxDisp=None moved=None resid=None | 
[   15.1s] r0-m22-p0.3-s7: mode=22 exactValid=True contractValid=True depth=155.414 raw=155.4137281129324 parent=155.414 fp=d801b0a45584bdd3 | before Nonep/Noneb after Nonep/Noneb cap=None maxDisp=None moved=None resid=None | 
[   12.7s] r0-m22-p2.0-s1: mode=22 exactValid=True contractValid=True depth=155.414 raw=155.4137281129324 parent=155.414 fp=d801b0a45584bdd3 | before Nonep/Noneb after Nonep/Noneb cap=None maxDisp=None moved=None resid=None | 
[   13.7s] r0-m22-p2.0-s0: mode=22 exactValid=True contractValid=True depth=155.414 raw=155.4137281129324 parent=155.414 fp=d801b0a45584bdd3 | before Nonep/Noneb after Nonep/Noneb cap=None maxDisp=None moved=None resid=None | 
[   11.4s] r0-m22-p2.0-s3: mode=22 exactValid=True contractValid=True depth=155.414 raw=155.4137281129324 parent=155.414 fp=d801b0a45584bdd3 | before Nonep/Noneb after Nonep/Noneb cap=None maxDisp=None moved=None resid=None | 
[   13.5s] r0-m22-p2.0-s2: mode=22 exactValid=True contractValid=True depth=155.414 raw=155.4137281129324 parent=155.414 fp=d801b0a45584bdd3 | before Nonep/Noneb after Nonep/Noneb cap=None maxDisp=None moved=None resid=None | 
[    6.4s] r0-flat0.0005-m33-p0.05: mode=33 exactValid=True contractValid=True depth=155.414 raw=155.4137281129324 parent=155.413 fp=d801b0a45584bdd3 | before Nonep/Noneb after Nonep/Noneb cap=None maxDisp=None moved=None resid=None | 
[   11.4s] r0-m22-p2.0-s5: mode=22 exactValid=True contractValid=True depth=155.414 raw=155.4137281129324 parent=155.414 fp=d801b0a45584bdd3 | before Nonep/Noneb after Nonep/Noneb cap=None maxDisp=None moved=None resid=None | 
[   11.9s] r0-m22-p2.0-s6: mode=22 exactValid=True contractValid=True depth=155.414 raw=155.4137281129324 parent=155.414 fp=d801b0a45584bdd3 | before Nonep/Noneb after Nonep/Noneb cap=None maxDisp=None moved=None resid=None | 
[   13.2s] r0-m22-p2.0-s4: mode=22 exactValid=True contractValid=True depth=155.414 raw=155.4137281129324 parent=155.414 fp=d801b0a45584bdd3 | before Nonep/Noneb after Nonep/Noneb cap=None maxDisp=None moved=None resid=None | 
[   13.8s] r0-m22-p2.0-s7: mode=22 exactValid=True contractValid=True depth=155.414 raw=155.4137281129324 parent=155.414 fp=d801b0a45584bdd3 | before Nonep/Noneb after Nonep/Noneb cap=None maxDisp=None moved=None resid=None | 
[    7.4s] r0-flat0.0005-m32-p0.05: mode=32 exactValid=True contractValid=True depth=155.414 raw=155.4137281129324 parent=155.413 fp=d801b0a45584bdd3 | before Nonep/Noneb after Nonep/Noneb cap=None maxDisp=None moved=None resid=None | 
[    6.7s] r0-flat0.001-m33-p0.05: mode=33 exactValid=True contractValid=True depth=155.411 raw=155.4112927708924 parent=155.413 fp=42dce8228765297e | before Nonep/Noneb after Nonep/Noneb cap=None maxDisp=None moved=None resid=None | 
[    7.3s] r0-flat0.0005-m33-p2.0: mode=33 exactValid=True contractValid=True depth=155.414 raw=155.4137281129324 parent=155.413 fp=d801b0a45584bdd3 | before Nonep/Noneb after Nonep/Noneb cap=None maxDisp=None moved=None resid=None | 
[    6.8s] r0-flat0.001-m32-p0.05: mode=32 exactValid=True contractValid=True depth=155.414 raw=155.4137281129324 parent=155.413 fp=42fefd81d9cb93ed | before Nonep/Noneb after Nonep/Noneb cap=None maxDisp=None moved=None resid=None | 
[    6.6s] r0-flat0.001-m33-p2.0: mode=33 exactValid=True contractValid=True depth=155.44 raw=155.4397281129324 parent=155.413 fp=f941632e0266903f | before Nonep/Noneb after Nonep/Noneb cap=None maxDisp=None moved=None resid=None | 
[    6.9s] r0-flat0.0015-m33-p0.05: mode=33 exactValid=True contractValid=True depth=155.411 raw=155.4112927708924 parent=155.412 fp=42dce8228765297e | before Nonep/Noneb after Nonep/Noneb cap=None maxDisp=None moved=None resid=None | 
[    5.6s] r0-flat0.0015-m32-p0.05: mode=32 exactValid=True contractValid=True depth=155.414 raw=155.4137281129324 parent=155.412 fp=42fefd81d9cb93ed | before Nonep/Noneb after Nonep/Noneb cap=None maxDisp=None moved=None resid=None | 
[    6.1s] r0-flat0.0015-m33-p2.0: mode=33 exactValid=True contractValid=True depth=155.44 raw=155.4397281129324 parent=155.412 fp=f941632e0266903f | before Nonep/Noneb after Nonep/Noneb cap=None maxDisp=None moved=None resid=None | 
[    6.4s] r0-flat0.002-m33-p0.05: mode=33 exactValid=False contractValid=True depth=None raw=155.4117281129324 parent=155.412 fp= | before Nonep/Noneb after Nonep/Noneb cap=None maxDisp=None moved=None resid=None | no insertion order re-placed the 1 violation components inside the 155.463728 mm bound
[    5.4s] r0-flat0.002-m32-p0.05: mode=32 exactValid=True contractValid=True depth=155.413 raw=155.4127281129324 parent=155.412 fp=348e8339d3cd9409 | before Nonep/Noneb after Nonep/Noneb cap=None maxDisp=None moved=None resid=None | 
[    5.5s] r0-flat0.002-m33-p2.0: mode=33 exactValid=True contractValid=True depth=155.439 raw=155.4387281129324 parent=155.412 fp=446b2b689cda7841 | before Nonep/Noneb after Nonep/Noneb cap=None maxDisp=None moved=None resid=None | 
[    5.7s] r0-flat0.0025-m33-p0.05: mode=33 exactValid=False contractValid=True depth=None raw=155.4112281129324 parent=155.411 fp= | before Nonep/Noneb after Nonep/Noneb cap=None maxDisp=None moved=None resid=None | no insertion order re-placed the 1 violation components inside the 155.463728 mm bound
[    5.6s] r0-flat0.0025-m32-p0.05: mode=32 exactValid=True contractValid=True depth=155.414 raw=155.4137281129324 parent=155.411 fp=c52e532976959c75 | before Nonep/Noneb after Nonep/Noneb cap=None maxDisp=None moved=None resid=None | 
[    6.5s] r0-flat0.0025-m33-p2.0: mode=33 exactValid=True contractValid=True depth=155.439 raw=155.4387281129324 parent=155.411 fp=446b2b689cda7841 | before Nonep/Noneb after Nonep/Noneb cap=None maxDisp=None moved=None resid=None | 
[    5.9s] r0-flat0.003-m33-p0.05: mode=33 exactValid=False contractValid=True depth=None raw=155.41072811293242 parent=155.411 fp= | before Nonep/Noneb after Nonep/Noneb cap=None maxDisp=None moved=None resid=None | no insertion order re-placed the 1 violation components inside the 155.463728 mm bound
[    5.6s] r0-flat0.003-m32-p0.05: mode=32 exactValid=True contractValid=True depth=155.413 raw=155.4127281129324 parent=155.411 fp=6d636e85719662c7 | before Nonep/Noneb after Nonep/Noneb cap=None maxDisp=None moved=None resid=None | 
[    6.0s] r0-flat0.003-m33-p2.0: mode=33 exactValid=True contractValid=True depth=155.438 raw=155.4377281129324 parent=155.411 fp=b22e6df79e28cc60 | before Nonep/Noneb after Nonep/Noneb cap=None maxDisp=None moved=None resid=None | 
[    5.7s] r0-flat0.004-m33-p0.05: mode=33 exactValid=True contractValid=True depth=155.411 raw=155.41072811293242 parent=155.41 fp=d2c53d339f828cbc | before Nonep/Noneb after Nonep/Noneb cap=None maxDisp=None moved=None resid=None | 
[    5.9s] r0-flat0.004-m32-p0.05: mode=32 exactValid=True contractValid=True depth=155.412 raw=155.4117281129324 parent=155.41 fp=31d9b091ad1ce698 | before Nonep/Noneb after Nonep/Noneb cap=None maxDisp=None moved=None resid=None | 
[    5.6s] r0-flat0.004-m33-p2.0: mode=33 exactValid=True contractValid=True depth=155.411 raw=155.41072811293242 parent=155.41 fp=d2c53d339f828cbc | before Nonep/Noneb after Nonep/Noneb cap=None maxDisp=None moved=None resid=None | 
[    5.7s] r0-flat0.005-m33-p0.05: mode=33 exactValid=True contractValid=True depth=155.411 raw=155.41072811293242 parent=155.409 fp=7f17c2bb25248193 | before Nonep/Noneb after Nonep/Noneb cap=None maxDisp=None moved=None resid=None | 
[    5.4s] r0-flat0.005-m33-p2.0: mode=33 exactValid=True contractValid=True depth=155.411 raw=155.41072811293242 parent=155.409 fp=7f17c2bb25248193 | before Nonep/Noneb after Nonep/Noneb cap=None maxDisp=None moved=None resid=None | 
[    5.6s] r0-flat0.005-m32-p0.05: mode=32 exactValid=True contractValid=True depth=155.412 raw=155.4117281129324 parent=155.409 fp=31d9b091ad1ce698 | before Nonep/Noneb after Nonep/Noneb cap=None maxDisp=None moved=None resid=None | 
[    5.9s] r0-flat0.006-m33-p0.05: mode=33 exactValid=True contractValid=True depth=155.41 raw=155.40972811293238 parent=155.408 fp=a34a7c487f3ff7fe | before Nonep/Noneb after Nonep/Noneb cap=None maxDisp=None moved=None resid=None | 
[    5.2s] r0-flat0.006-m32-p0.05: mode=32 exactValid=True contractValid=True depth=155.412 raw=155.4117281129324 parent=155.408 fp=df70a2484b2882d6 | before Nonep/Noneb after Nonep/Noneb cap=None maxDisp=None moved=None resid=None | 
[    5.5s] r0-flat0.006-m33-p2.0: mode=33 exactValid=True contractValid=True depth=155.41 raw=155.40972811293238 parent=155.408 fp=a34a7c487f3ff7fe | before Nonep/Noneb after Nonep/Noneb cap=None maxDisp=None moved=None resid=None | 
[    5.4s] r0-flat0.008-m33-p0.05: mode=33 exactValid=True contractValid=True depth=155.409 raw=155.4087281129324 parent=155.406 fp=96652639798c2f5c | before Nonep/Noneb after Nonep/Noneb cap=None maxDisp=None moved=None resid=None | 
[    5.4s] r0-flat0.008-m32-p0.05: mode=32 exactValid=True contractValid=True depth=155.412 raw=155.4117281129324 parent=155.406 fp=2741c378833d953f | before Nonep/Noneb after Nonep/Noneb cap=None maxDisp=None moved=None resid=None | 
[    5.6s] r0-flat0.008-m33-p2.0: mode=33 exactValid=True contractValid=True depth=155.409 raw=155.4087281129324 parent=155.406 fp=96652639798c2f5c | before Nonep/Noneb after Nonep/Noneb cap=None maxDisp=None moved=None resid=None | 
[    6.7s] r0-flat0.01-m33-p0.05: mode=33 exactValid=True contractValid=True depth=155.411 raw=155.41072811293242 parent=155.404 fp=1ae566516ee3df76 | before Nonep/Noneb after Nonep/Noneb cap=None maxDisp=None moved=None resid=None | 
[    8.0s] r0-flat0.01-m32-p0.05: mode=32 exactValid=True contractValid=True depth=155.412 raw=155.4117281129324 parent=155.404 fp=1549fbfbd4a6a017 | before Nonep/Noneb after Nonep/Noneb cap=None maxDisp=None moved=None resid=None | 
[    7.6s] r0-flat0.015-m33-p0.05: mode=33 exactValid=True contractValid=True depth=155.415 raw=155.4147281129324 parent=155.399 fp=7cf9d150617f466f | before Nonep/Noneb after Nonep/Noneb cap=None maxDisp=None moved=None resid=None | 
[    8.0s] r0-flat0.01-m33-p2.0: mode=33 exactValid=True contractValid=True depth=155.411 raw=155.41072811293242 parent=155.404 fp=1ae566516ee3df76 | before Nonep/Noneb after Nonep/Noneb cap=None maxDisp=None moved=None resid=None | 
[    7.5s] r0-flat0.015-m32-p0.05: mode=32 exactValid=True contractValid=True depth=155.412 raw=155.4117281129324 parent=155.399 fp=39e5dfabdb780b84 | before Nonep/Noneb after Nonep/Noneb cap=None maxDisp=None moved=None resid=None | 
[    6.1s] r0-flat0.015-m33-p2.0: mode=33 exactValid=True contractValid=True depth=155.415 raw=155.4147281129324 parent=155.399 fp=7cf9d150617f466f | before Nonep/Noneb after Nonep/Noneb cap=None maxDisp=None moved=None resid=None | 
[    6.0s] r0-flat0.02-m32-p0.05: mode=32 exactValid=True contractValid=True depth=155.412 raw=155.4117281129324 parent=155.394 fp=74ab52d4e44082f0 | before Nonep/Noneb after Nonep/Noneb cap=None maxDisp=None moved=None resid=None | 
[    6.2s] r0-flat0.02-m33-p0.05: mode=33 exactValid=True contractValid=True depth=155.414 raw=155.4137281129324 parent=155.394 fp=2f37c8aab6f94c50 | before Nonep/Noneb after Nonep/Noneb cap=None maxDisp=None moved=None resid=None | 
[    6.2s] r0-flat0.02-m33-p2.0: mode=33 exactValid=True contractValid=True depth=155.414 raw=155.4137281129324 parent=155.394 fp=2f37c8aab6f94c50 | before Nonep/Noneb after Nonep/Noneb cap=None maxDisp=None moved=None resid=None | 
[    6.0s] r0-flat0.025-m33-p0.05: mode=33 exactValid=True contractValid=True depth=155.411 raw=155.4112927708924 parent=155.389 fp=41727bb4380f9c4a | before Nonep/Noneb after Nonep/Noneb cap=None maxDisp=None moved=None resid=None | 
[    5.4s] r0-flat0.025-m32-p0.05: mode=32 exactValid=True contractValid=True depth=155.412 raw=155.4117281129324 parent=155.389 fp=9466e0f19d7e7136 | before Nonep/Noneb after Nonep/Noneb cap=None maxDisp=None moved=None resid=None | 
[    5.8s] r0-flat0.025-m33-p2.0: mode=33 exactValid=True contractValid=True depth=155.416 raw=155.4157281129324 parent=155.389 fp=ce7d7872c3fa8e71 | before Nonep/Noneb after Nonep/Noneb cap=None maxDisp=None moved=None resid=None | 
[    5.4s] r0-flat0.03-m32-p0.05: mode=32 exactValid=False contractValid=True depth=None raw=155.3837281129324 parent=155.384 fp= | before Nonep/Noneb after Nonep/Noneb cap=None maxDisp=None moved=None resid=None | no exact-valid pose for piece b8721c24-33b9-4244-9ce6-fff728f7e73b-copy-1 within the 155.4
[    6.2s] r0-flat0.03-m33-p0.05: mode=33 exactValid=False contractValid=True depth=None raw=155.3837281129324 parent=155.384 fp= | before Nonep/Noneb after Nonep/Noneb cap=None maxDisp=None moved=None resid=None | no insertion order re-placed the 4 violation components inside the 155.463728 mm bound
[    5.6s] r0-flat0.03-m33-p2.0: mode=33 exactValid=True contractValid=True depth=155.511 raw=155.51072811293238 parent=155.384 fp=f0a94908e37646a8 | before Nonep/Noneb after Nonep/Noneb cap=None maxDisp=None moved=None resid=None | 
[    5.9s] r0-flat0.04-m32-p0.05: mode=32 exactValid=False contractValid=True depth=None raw=155.3737281129324 parent=155.374 fp= | before Nonep/Noneb after Nonep/Noneb cap=None maxDisp=None moved=None resid=None | no exact-valid pose for piece b8721c24-33b9-4244-9ce6-fff728f7e73b-copy-1 within the 155.4
[    6.3s] r0-flat0.04-m33-p2.0: mode=33 exactValid=True contractValid=True depth=155.618 raw=155.61790984562933 parent=155.374 fp=3157397743ed8b44 | before Nonep/Noneb after Nonep/Noneb cap=None maxDisp=None moved=None resid=None | 
[    9.7s] r0-flat0.04-m33-p0.05: mode=33 exactValid=False contractValid=True depth=None raw=155.3737281129324 parent=155.374 fp= | before Nonep/Noneb after Nonep/Noneb cap=None maxDisp=None moved=None resid=None | no insertion order re-placed the 6 violation components inside the 155.463728 mm bound
[    6.3s] r0-flat0.05-m32-p0.05: mode=32 exactValid=False contractValid=True depth=None raw=155.3637281129324 parent=155.364 fp= | before Nonep/Noneb after Nonep/Noneb cap=None maxDisp=None moved=None resid=None | no exact-valid pose for piece b8721c24-33b9-4244-9ce6-fff728f7e73b-copy-1 within the 155.4
[   14.4s] r0-flat0.05-m33-p0.05: mode=33 exactValid=False contractValid=True depth=None raw=155.3637281129324 parent=155.364 fp= | before Nonep/Noneb after Nonep/Noneb cap=None maxDisp=None moved=None resid=None | no insertion order re-placed the 6 violation components inside the 155.463728 mm bound
[    9.5s] r0-flat0.05-m33-p2.0: mode=33 exactValid=True contractValid=True depth=155.608 raw=155.6079098456293 parent=155.364 fp=c00cca9747da8caa | before Nonep/Noneb after Nonep/Noneb cap=None maxDisp=None moved=None resid=None | 
[    8.9s] r0-flat0.06-m32-p0.05: mode=32 exactValid=False contractValid=True depth=None raw=155.3537281129324 parent=155.354 fp= | before Nonep/Noneb after Nonep/Noneb cap=None maxDisp=None moved=None resid=None | no exact-valid pose for piece b8721c24-33b9-4244-9ce6-fff728f7e73b-copy-1 within the 155.4
[   10.0s] r0-flat0.06-m33-p2.0: mode=33 exactValid=True contractValid=True depth=155.598 raw=155.59790984562932 parent=155.354 fp=a9e05c3fcdb0c4c3 | before Nonep/Noneb after Nonep/Noneb cap=None maxDisp=None moved=None resid=None | 
[   15.3s] r0-flat0.06-m33-p0.05: mode=33 exactValid=False contractValid=True depth=None raw=155.3537281129324 parent=155.354 fp= | before Nonep/Noneb after Nonep/Noneb cap=None maxDisp=None moved=None resid=None | no insertion order re-placed the 6 violation components inside the 155.463728 mm bound
[    8.2s] r0-flat0.08-m32-p0.05: mode=32 exactValid=False contractValid=False depth=None raw=155.3337281129324 parent=155.334 fp= | before Nonep/Noneb after Nonep/Noneb cap=None maxDisp=None moved=None resid=None | no exact-valid pose for piece b8721c24-33b9-4244-9ce6-fff728f7e73b-copy-1 within the 155.4
[    9.3s] r0-flat0.08-m33-p2.0: mode=33 exactValid=True contractValid=True depth=155.578 raw=155.57790984562934 parent=155.334 fp=d46cb12c2bcc6c0e | before Nonep/Noneb after Nonep/Noneb cap=None maxDisp=None moved=None resid=None | 
[   14.5s] r0-flat0.08-m33-p0.05: mode=33 exactValid=False contractValid=False depth=None raw=155.3337281129324 parent=155.334 fp= | before Nonep/Noneb after Nonep/Noneb cap=None maxDisp=None moved=None resid=None | no insertion order re-placed the 6 violation components inside the 155.463728 mm bound
[    8.5s] r0-flat0.1-m32-p0.05: mode=32 exactValid=False contractValid=False depth=None raw=155.3137281129324 parent=155.314 fp= | before Nonep/Noneb after Nonep/Noneb cap=None maxDisp=None moved=None resid=None | no exact-valid pose for piece 604bc424-469c-4ab8-93f1-80c0fc4090b3-copy-2 within the 155.4
[   10.5s] r0-flat0.1-m33-p2.0: mode=33 exactValid=True contractValid=True depth=155.558 raw=155.55790984562933 parent=155.314 fp=f508f937e2fb36ad | before Nonep/Noneb after Nonep/Noneb cap=None maxDisp=None moved=None resid=None | 
[    8.1s] r0-flat0.15-m32-p0.05: mode=32 exactValid=False contractValid=False depth=None raw=155.2637281129324 parent=155.264 fp= | before Nonep/Noneb after Nonep/Noneb cap=None maxDisp=None moved=None resid=None | no exact-valid pose for piece 604bc424-469c-4ab8-93f1-80c0fc4090b3-copy-2 within the 155.4
[    8.8s] r0-flat0.15-m33-p2.0: mode=33 exactValid=True contractValid=True depth=155.563 raw=155.56290984562935 parent=155.264 fp=727a28f578e7934e | before Nonep/Noneb after Nonep/Noneb cap=None maxDisp=None moved=None resid=None | 
[    8.2s] r0-flat0.2-m32-p0.05: mode=32 exactValid=False contractValid=False depth=None raw=155.21372811293242 parent=155.214 fp= | before Nonep/Noneb after Nonep/Noneb cap=None maxDisp=None moved=None resid=None | ejection set of 8 pieces exceeds the local-repair limit of 7
[   23.9s] r0-flat0.15-m33-p0.05: mode=33 exactValid=False contractValid=False depth=None raw=155.2637281129324 parent=155.264 fp= | before Nonep/Noneb after Nonep/Noneb cap=None maxDisp=None moved=None resid=None | no insertion order re-placed the 6 violation components inside the 155.463728 mm bound
[   31.7s] r0-flat0.1-m33-p0.05: mode=33 exactValid=False contractValid=False depth=None raw=155.3137281129324 parent=155.314 fp= | before Nonep/Noneb after Nonep/Noneb cap=None maxDisp=None moved=None resid=None | no insertion order re-placed the 6 violation components inside the 155.463728 mm bound
[    7.9s] r0-m31-e0.006: mode=31 exactValid=False contractValid=True depth=None raw=155.4137281129324 parent=155.414 fp= | before 0p/9b after 0p/11b cap=0.3563520000002427 maxDisp=0.36190606516056073 moved=44 resid=0.0028269481093504195 | global legalization did not reach a feasible fixpoint: 0 violating pairs and 11 boundary p
[   16.0s] r0-flat0.2-m33-p2.0: mode=33 exactValid=False contractValid=False depth=None raw=155.21372811293242 parent=155.214 fp= | before Nonep/Noneb after Nonep/Noneb cap=None maxDisp=None moved=None resid=None | no insertion order re-placed the 8 violation components inside the 157.413728 mm bound
[    9.4s] r0-m31-e0.012: mode=31 exactValid=False contractValid=True depth=None raw=155.4137281129324 parent=155.414 fp= | before 0p/10b after 28p/0b cap=0.45235200000024633 maxDisp=0.4900622409449641 moved=44 resid=0.014942050640089638 | global legalization did not reach a feasible fixpoint: 28 violating pairs and 0 boundary p
[    9.3s] r0-m31-e0.025: mode=31 exactValid=False contractValid=True depth=None raw=155.4137281129324 parent=155.414 fp= | before 0p/12b after 33p/0b cap=0.66035200000033 maxDisp=0.6776208379322466 moved=44 resid=0.038332362879201394 | global legalization did not reach a feasible fixpoint: 33 violating pairs and 0 boundary p
[    9.8s] r0-m31-e0.04: mode=31 exactValid=False contractValid=True depth=None raw=155.4137281129324 parent=155.414 fp= | before 0p/12b after 29p/0b cap=0.9003520000001117 maxDisp=0.9060689819213547 moved=48 resid=0.031237990391778086 | global legalization did not reach a feasible fixpoint: 29 violating pairs and 0 boundary p
[    9.7s] r0-nudge-r1-d0.002-m33: mode=33 exactValid=True contractValid=True depth=155.439 raw=155.4387281129324 parent=155.412 fp=446b2b689cda7841 | before Nonep/Noneb after Nonep/Noneb cap=None maxDisp=None moved=None resid=None | 
[   34.6s] r0-flat0.2-m33-p0.05: mode=33 exactValid=False contractValid=False depth=None raw=155.21372811293242 parent=155.214 fp= | before Nonep/Noneb after Nonep/Noneb cap=None maxDisp=None moved=None resid=None | no insertion order re-placed the 8 violation components inside the 155.463728 mm bound
[   10.2s] r0-nudge-r1-d0.012-m33: mode=33 exactValid=True contractValid=True depth=155.414 raw=155.4137281129324 parent=155.406 fp=d801b0a45584bdd3 | before Nonep/Noneb after Nonep/Noneb cap=None maxDisp=None moved=None resid=None | 
[   11.8s] r0-nudge-r1-d0.006-m33: mode=33 exactValid=True contractValid=True depth=155.41 raw=155.40972811293238 parent=155.408 fp=a34a7c487f3ff7fe | before Nonep/Noneb after Nonep/Noneb cap=None maxDisp=None moved=None resid=None | 
[   12.2s] r0-nudge-r1-d0.02-m33: mode=33 exactValid=True contractValid=True depth=155.414 raw=155.4137281129324 parent=155.406 fp=d801b0a45584bdd3 | before Nonep/Noneb after Nonep/Noneb cap=None maxDisp=None moved=None resid=None | 
[   12.1s] r0-nudge-r2-d0.002-m33: mode=33 exactValid=False contractValid=True depth=None raw=155.4137281129324 parent=155.414 fp= | before Nonep/Noneb after Nonep/Noneb cap=None maxDisp=None moved=None resid=None | no violating pair to target with a joint re-placement
[   10.2s] r0-nudge-r2-d0.006-m33: mode=33 exactValid=True contractValid=True depth=155.414 raw=155.4137281129324 parent=155.414 fp=1c8a7655174f3f4c | before Nonep/Noneb after Nonep/Noneb cap=None maxDisp=None moved=None resid=None | 
[   10.9s] r0-nudge-r2-d0.012-m33: mode=33 exactValid=True contractValid=True depth=155.414 raw=155.4137281129324 parent=155.414 fp=227e947847869807 | before Nonep/Noneb after Nonep/Noneb cap=None maxDisp=None moved=None resid=None | 
[   11.2s] r0-nudge-r2-d0.02-m33: mode=33 exactValid=True contractValid=True depth=155.414 raw=155.4137281129324 parent=155.414 fp=fbfc12ce984d1252 | before Nonep/Noneb after Nonep/Noneb cap=None maxDisp=None moved=None resid=None | 
[   10.2s] r0-nudge-r3-d0.002-m33: mode=33 exactValid=True contractValid=True depth=155.414 raw=155.4137281129324 parent=155.414 fp=353f4beca6f6f689 | before Nonep/Noneb after Nonep/Noneb cap=None maxDisp=None moved=None resid=None | 
[   10.8s] r0-nudge-r3-d0.006-m33: mode=33 exactValid=True contractValid=True depth=155.414 raw=155.4137281129324 parent=155.414 fp=3f572d7e5d30c7cb | before Nonep/Noneb after Nonep/Noneb cap=None maxDisp=None moved=None resid=None | 
[    9.6s] r0-nudge-r3-d0.012-m33: mode=33 exactValid=True contractValid=True depth=155.414 raw=155.4137281129324 parent=155.414 fp=f4a6348d5705621d | before Nonep/Noneb after Nonep/Noneb cap=None maxDisp=None moved=None resid=None | 
[    9.6s] r0-nudge-pair-d0.002-m33: mode=33 exactValid=True contractValid=True depth=155.439 raw=155.4387281129324 parent=155.412 fp=4a094756696da627 | before Nonep/Noneb after Nonep/Noneb cap=None maxDisp=None moved=None resid=None | 
[   13.1s] r0-nudge-r3-d0.02-m33: mode=33 exactValid=True contractValid=True depth=155.414 raw=155.4137281129324 parent=155.414 fp=8d758ceb525ccad4 | before Nonep/Noneb after Nonep/Noneb cap=None maxDisp=None moved=None resid=None | 
[   10.4s] r0-nudge-pair-d0.006-m33: mode=33 exactValid=True contractValid=True depth=155.41 raw=155.40972811293238 parent=155.408 fp=18301ab6492ac820 | before Nonep/Noneb after Nonep/Noneb cap=None maxDisp=None moved=None resid=None | 
[    9.4s] r0-nudge-pair-d0.02-m33: mode=33 exactValid=True contractValid=True depth=155.414 raw=155.4137281129324 parent=155.394 fp=fbfc12ce984d1252 | before Nonep/Noneb after Nonep/Noneb cap=None maxDisp=None moved=None resid=None | 
[   10.7s] r0-nudge-pair-d0.012-m33: mode=33 exactValid=True contractValid=True depth=155.414 raw=155.4137281129324 parent=155.402 fp=227e947847869807 | before Nonep/Noneb after Nonep/Noneb cap=None maxDisp=None moved=None resid=None | 
[   56.4s] r0-m34-w20-s0.0625-s5: mode=34 exactValid=True contractValid=True depth=155.414 raw=155.4137281129324 parent=155.414 fp=d801b0a45584bdd3 | before Nonep/Noneb after Nonep/Noneb cap=None maxDisp=None moved=None resid=None |   spec=past=1,work=20000000,step=0.0625
   schedule {"candidateQueries": 19281327, "confirmEvery": 4, "confirmationMs": 928.3952249999999, "confirmationsAccepted": 79, "confirmationsAttempted": 79, "confirmationsRefused": 0, "confirmationsSkippedInfeasible": 7172, "continuePastBound": true, "exactPairTests": 144570, "exitCause": "workCap", "finalDepthMm": 155.7758125, "floorDepthMm": 156.0350625, "microLegalizationsAccepted": 0, "microLegalizationsAttempted": 0, "parentBoundaryViolations": 9, "parentCollisionPairs": 35, "parentProxyFeasible": false, "repairMs": 46641.67970200018, "rollbackAfterSteps": 0, "rollbacks": 0, "startDepthMm": 156.244, "stepMm": 6.25e-05, "stepsPlanned": 4800, "stepsTaken": 7491, "sweepsPerStep": 6, "sweepsRun": 43095, "targetDepthMm": 155.944, "workCapQueries": 20000000, "workUnits": 20004177}
[   62.6s] r0-m34-w20-s0.25-s5: mode=34 exactValid=True contractValid=True depth=155.414 raw=155.4137281129324 parent=155.414 fp=d801b0a45584bdd3 | before Nonep/Noneb after Nonep/Noneb cap=None maxDisp=None moved=None resid=None |   spec=past=1,work=20000000,step=0.25
   schedule {"candidateQueries": 20008668, "confirmEvery": 4, "confirmationMs": 0.0, "confirmationsAccepted": 0, "confirmationsAttempted": 0, "confirmationsRefused": 0, "confirmationsSkippedInfeasible": 3106, "continuePastBound": true, "exactPairTests": 0, "exitCause": "workCap", "finalDepthMm": 155.46675, "floorDepthMm": 156.244, "microLegalizationsAccepted": 0, "microLegalizationsAttempted": 0, "parentBoundaryViolations": 9, "parentCollisionPairs": 35, "parentProxyFeasible": false, "repairMs": 54263.09436400009, "rollbackAfterSteps": 0, "rollbacks": 0, "startDepthMm": 156.244, "stepMm": 0.00025, "stepsPlanned": 1200, "stepsTaken": 3109, "sweepsPerStep": 6, "sweepsRun": 18654, "targetDepthMm": 155.944, "workCapQueries": 20000000, "workUnits": 20008668}
[   61.9s] r0-m34-w20-s0.125-s5: mode=34 exactValid=True contractValid=True depth=155.414 raw=155.4137281129324 parent=155.414 fp=d801b0a45584bdd3 | before Nonep/Noneb after Nonep/Noneb cap=None maxDisp=None moved=None resid=None |   spec=past=1,work=20000000,step=0.125
   schedule {"candidateQueries": 20003203, "confirmEvery": 4, "confirmationMs": 0.0, "confirmationsAccepted": 0, "confirmationsAttempted": 0, "confirmationsRefused": 0, "confirmationsSkippedInfeasible": 3358, "continuePastBound": true, "exactPairTests": 0, "exitCause": "workCap", "finalDepthMm": 155.823875, "floorDepthMm": 156.244, "microLegalizationsAccepted": 0, "microLegalizationsAttempted": 0, "parentBoundaryViolations": 9, "parentCollisionPairs": 35, "parentProxyFeasible": false, "repairMs": 52996.23007599999, "rollbackAfterSteps": 0, "rollbacks": 0, "startDepthMm": 156.244, "stepMm": 0.000125, "stepsPlanned": 2400, "stepsTaken": 3361, "sweepsPerStep": 6, "sweepsRun": 20166, "targetDepthMm": 155.944, "workCapQueries": 20000000, "workUnits": 20003203}
[   81.5s] r0-m26-d0.3-s0: mode=26 exactValid=True contractValid=True depth=155.414 raw=155.4137281129324 parent=155.414 fp=d801b0a45584bdd3 | before Nonep/Noneb after Nonep/Noneb cap=None maxDisp=None moved=None resid=None | 
[   33.4s] r0-m34-w20-s0.25-s0: mode=34 exactValid=True contractValid=True depth=155.414 raw=155.4137281129324 parent=155.414 fp=d801b0a45584bdd3 | before Nonep/Noneb after Nonep/Noneb cap=None maxDisp=None moved=None resid=None |   spec=past=1,work=20000000,step=0.25
   schedule {"candidateQueries": 20001551, "confirmEvery": 4, "confirmationMs": 0.0, "confirmationsAccepted": 0, "confirmationsAttempted": 0, "confirmationsRefused": 0, "confirmationsSkippedInfeasible": 3035, "continuePastBound": true, "exactPairTests": 0, "exitCause": "workCap", "finalDepthMm": 155.4845, "floorDepthMm": 156.244, "microLegalizationsAccepted": 0, "microLegalizationsAttempted": 0, "parentBoundaryViolations": 9, "parentCollisionPairs": 35, "parentProxyFeasible": false, "repairMs": 26624.039134999977, "rollbackAfterSteps": 0, "rollbacks": 0, "startDepthMm": 156.244, "stepMm": 0.00025, "stepsPlanned": 1200, "stepsTaken": 3038, "sweepsPerStep": 6, "sweepsRun": 18228, "targetDepthMm": 155.944, "workCapQueries": 20000000, "workUnits": 20001551}
[   35.9s] r0-m34-w20-s0.125-s0: mode=34 exactValid=True contractValid=True depth=155.414 raw=155.4137281129324 parent=155.414 fp=d801b0a45584bdd3 | before Nonep/Noneb after Nonep/Noneb cap=None maxDisp=None moved=None resid=None |   spec=past=1,work=20000000,step=0.125
   schedule {"candidateQueries": 20002787, "confirmEvery": 4, "confirmationMs": 0.0, "confirmationsAccepted": 0, "confirmationsAttempted": 0, "confirmationsRefused": 0, "confirmationsSkippedInfeasible": 3944, "continuePastBound": true, "exactPairTests": 0, "exitCause": "workCap", "finalDepthMm": 155.750625, "floorDepthMm": 156.244, "microLegalizationsAccepted": 0, "microLegalizationsAttempted": 0, "parentBoundaryViolations": 9, "parentCollisionPairs": 35, "parentProxyFeasible": false, "repairMs": 28829.867034999963, "rollbackAfterSteps": 0, "rollbacks": 0, "startDepthMm": 156.244, "stepMm": 0.000125, "stepsPlanned": 2400, "stepsTaken": 3947, "sweepsPerStep": 6, "sweepsRun": 23682, "targetDepthMm": 155.944, "workCapQueries": 20000000, "workUnits": 20002787}
[   32.3s] r0-m34-w20-s0.0625-s0: mode=34 exactValid=True contractValid=True depth=155.414 raw=155.4137281129324 parent=155.414 fp=d801b0a45584bdd3 | before Nonep/Noneb after Nonep/Noneb cap=None maxDisp=None moved=None resid=None |   spec=past=1,work=20000000,step=0.0625
   schedule {"candidateQueries": 20002975, "confirmEvery": 4, "confirmationMs": 0.0, "confirmationsAccepted": 0, "confirmationsAttempted": 0, "confirmationsRefused": 0, "confirmationsSkippedInfeasible": 3700, "continuePastBound": true, "exactPairTests": 0, "exitCause": "workCap", "finalDepthMm": 156.0125625, "floorDepthMm": 156.244, "microLegalizationsAccepted": 0, "microLegalizationsAttempted": 0, "parentBoundaryViolations": 9, "parentCollisionPairs": 35, "parentProxyFeasible": false, "repairMs": 26758.27176799997, "rollbackAfterSteps": 0, "rollbacks": 0, "startDepthMm": 156.244, "stepMm": 6.25e-05, "stepsPlanned": 4800, "stepsTaken": 3703, "sweepsPerStep": 6, "sweepsRun": 22218, "targetDepthMm": 155.944, "workCapQueries": 20000000, "workUnits": 20002975}
[   92.5s] r0-m34-w60-s0.125-s5: mode=34 exactValid=True contractValid=True depth=155.414 raw=155.4137281129324 parent=155.414 fp=d801b0a45584bdd3 | before Nonep/Noneb after Nonep/Noneb cap=None maxDisp=None moved=None resid=None |   spec=past=1,work=60000000,step=0.125
   schedule {"candidateQueries": 60009894, "confirmEvery": 4, "confirmationMs": 0.0, "confirmationsAccepted": 0, "confirmationsAttempted": 0, "confirmationsRefused": 0, "confirmationsSkippedInfeasible": 8721, "continuePastBound": true, "exactPairTests": 0, "exitCause": "workCap", "finalDepthMm": 155.1535, "floorDepthMm": 156.244, "microLegalizationsAccepted": 0, "microLegalizationsAttempted": 0, "parentBoundaryViolations": 9, "parentCollisionPairs": 35, "parentProxyFeasible": false, "repairMs": 87610.78555899995, "rollbackAfterSteps": 0, "rollbacks": 0, "startDepthMm": 156.244, "stepMm": 0.000125, "stepsPlanned": 2400, "stepsTaken": 8724, "sweepsPerStep": 6, "sweepsRun": 52344, "targetDepthMm": 155.944, "workCapQueries": 60000000, "workUnits": 60009894}
[  173.5s] r0-m26-d1.0-s0: mode=26 exactValid=True contractValid=True depth=155.414 raw=155.4137281129324 parent=155.414 fp=d801b0a45584bdd3 | before Nonep/Noneb after Nonep/Noneb cap=None maxDisp=None moved=None resid=None | 
[   81.0s] r0-m34-w60-s0.125-s0: mode=34 exactValid=True contractValid=True depth=155.414 raw=155.4137281129324 parent=155.414 fp=d801b0a45584bdd3 | before Nonep/Noneb after Nonep/Noneb cap=None maxDisp=None moved=None resid=None |   spec=past=1,work=60000000,step=0.125
   schedule {"candidateQueries": 60001851, "confirmEvery": 4, "confirmationMs": 0.0, "confirmationsAccepted": 0, "confirmationsAttempted": 0, "confirmationsRefused": 0, "confirmationsSkippedInfeasible": 8958, "continuePastBound": true, "exactPairTests": 0, "exitCause": "workCap", "finalDepthMm": 155.123875, "floorDepthMm": 156.244, "microLegalizationsAccepted": 0, "microLegalizationsAttempted": 0, "parentBoundaryViolations": 9, "parentCollisionPairs": 35, "parentProxyFeasible": false, "repairMs": 76593.11873099991, "rollbackAfterSteps": 0, "rollbacks": 0, "startDepthMm": 156.244, "stepMm": 0.000125, "stepsPlanned": 2400, "stepsTaken": 8961, "sweepsPerStep": 6, "sweepsRun": 53766, "targetDepthMm": 155.944, "workCapQueries": 60000000, "workUnits": 60001851}
=== r0: 120 arms, 25 below, 399s ===
*** ADOPT [B-flat-m33] r0-flat0.008-m33-p0.05: 155.4137281129324 -> 155.4087281129324 (delta -0.00500000000) of 25 below
    pin=/var/lib/t3/tmp/wf87/run/c2b/pins/pin-155.40872811293.json sha256=a849d84cfef03c9a21959792b06a3108d2c659572fcdaedc969d809015825267 fp=96652639798c2f5c6e47ff72e38946c41021d140c98cb69dfaa2863e674744ad attr={"variants": 164, "candidates": 20008, "rows": 5847, "finalists": 1, "acceptedVacated": 2, "acceptedAnchorLocal": 1, "acceptedOrientation": 0, "acceptedStation": 0}
[    7.1s] r1-m22-p0.8-s1: mode=22 exactValid=True contractValid=True depth=155.409 raw=155.4087281129324 parent=155.409 fp=96652639798c2f5c | before Nonep/Noneb after Nonep/Noneb cap=None maxDisp=None moved=None resid=None | 
[    7.1s] r1-m22-p0.8-s3: mode=22 exactValid=True contractValid=True depth=155.409 raw=155.4087281129324 parent=155.409 fp=96652639798c2f5c | before Nonep/Noneb after Nonep/Noneb cap=None maxDisp=None moved=None resid=None | 
[    7.2s] r1-m22-p0.8-s0: mode=22 exactValid=True contractValid=True depth=155.409 raw=155.4087281129324 parent=155.409 fp=96652639798c2f5c | before Nonep/Noneb after Nonep/Noneb cap=None maxDisp=None moved=None resid=None | 
[    7.2s] r1-m22-p0.8-s2: mode=22 exactValid=True contractValid=True depth=155.409 raw=155.4087281129324 parent=155.409 fp=96652639798c2f5c | before Nonep/Noneb after Nonep/Noneb cap=None maxDisp=None moved=None resid=None | 
[    8.1s] r1-m22-p0.8-s4: mode=22 exactValid=True contractValid=True depth=155.409 raw=155.4087281129324 parent=155.409 fp=96652639798c2f5c | before Nonep/Noneb after Nonep/Noneb cap=None maxDisp=None moved=None resid=None | 
[    6.3s] r1-m22-p0.8-s5: mode=22 exactValid=True contractValid=True depth=155.409 raw=155.4087281129324 parent=155.409 fp=96652639798c2f5c | before Nonep/Noneb after Nonep/Noneb cap=None maxDisp=None moved=None resid=None | 
[    6.7s] r1-m22-p0.8-s6: mode=22 exactValid=True contractValid=True depth=155.409 raw=155.4087281129324 parent=155.409 fp=96652639798c2f5c | before Nonep/Noneb after Nonep/Noneb cap=None maxDisp=None moved=None resid=None | 
[    6.9s] r1-m22-p0.3-s0: mode=22 exactValid=True contractValid=True depth=155.409 raw=155.4087281129324 parent=155.409 fp=96652639798c2f5c | before Nonep/Noneb after Nonep/Noneb cap=None maxDisp=None moved=None resid=None | 
[    6.3s] r1-m22-p0.3-s1: mode=22 exactValid=True contractValid=True depth=155.409 raw=155.4087281129324 parent=155.409 fp=96652639798c2f5c | before Nonep/Noneb after Nonep/Noneb cap=None maxDisp=None moved=None resid=None | 
[    7.3s] r1-m22-p0.8-s7: mode=22 exactValid=True contractValid=True depth=155.409 raw=155.4087281129324 parent=155.409 fp=96652639798c2f5c | before Nonep/Noneb after Nonep/Noneb cap=None maxDisp=None moved=None resid=None | 
[    7.0s] r1-m22-p0.3-s2: mode=22 exactValid=True contractValid=True depth=155.409 raw=155.4087281129324 parent=155.409 fp=96652639798c2f5c | before Nonep/Noneb after Nonep/Noneb cap=None maxDisp=None moved=None resid=None | 
[    6.7s] r1-m22-p0.3-s3: mode=22 exactValid=True contractValid=True depth=155.409 raw=155.4087281129324 parent=155.409 fp=96652639798c2f5c | before Nonep/Noneb after Nonep/Noneb cap=None maxDisp=None moved=None resid=None | 
[    6.4s] r1-m22-p0.3-s5: mode=22 exactValid=True contractValid=True depth=155.409 raw=155.4087281129324 parent=155.409 fp=96652639798c2f5c | before Nonep/Noneb after Nonep/Noneb cap=None maxDisp=None moved=None resid=None | 
[    6.4s] r1-m22-p0.3-s6: mode=22 exactValid=True contractValid=True depth=155.409 raw=155.4087281129324 parent=155.409 fp=96652639798c2f5c | before Nonep/Noneb after Nonep/Noneb cap=None maxDisp=None moved=None resid=None | 
[    7.2s] r1-m22-p0.3-s4: mode=22 exactValid=True contractValid=True depth=155.409 raw=155.4087281129324 parent=155.409 fp=96652639798c2f5c | before Nonep/Noneb after Nonep/Noneb cap=None maxDisp=None moved=None resid=None | 
[    7.8s] r1-m22-p0.3-s7: mode=22 exactValid=True contractValid=True depth=155.409 raw=155.4087281129324 parent=155.409 fp=96652639798c2f5c | before Nonep/Noneb after Nonep/Noneb cap=None maxDisp=None moved=None resid=None | 
[    7.7s] r1-m22-p2.0-s1: mode=22 exactValid=True contractValid=True depth=155.409 raw=155.4087281129324 parent=155.409 fp=96652639798c2f5c | before Nonep/Noneb after Nonep/Noneb cap=None maxDisp=None moved=None resid=None | 
[    8.2s] r1-m22-p2.0-s0: mode=22 exactValid=True contractValid=True depth=155.409 raw=155.4087281129324 parent=155.409 fp=96652639798c2f5c | before Nonep/Noneb after Nonep/Noneb cap=None maxDisp=None moved=None resid=None | 
[    7.9s] r1-m22-p2.0-s3: mode=22 exactValid=True contractValid=True depth=155.409 raw=155.4087281129324 parent=155.409 fp=96652639798c2f5c | before Nonep/Noneb after Nonep/Noneb cap=None maxDisp=None moved=None resid=None | 
[    8.4s] r1-m22-p2.0-s2: mode=22 exactValid=True contractValid=True depth=155.409 raw=155.4087281129324 parent=155.409 fp=96652639798c2f5c | before Nonep/Noneb after Nonep/Noneb cap=None maxDisp=None moved=None resid=None | 
[    3.9s] r1-flat0.0005-m33-p0.05: mode=33 exactValid=True contractValid=True depth=155.409 raw=155.4087281129324 parent=155.408 fp=96652639798c2f5c | before Nonep/Noneb after Nonep/Noneb cap=None maxDisp=None moved=None resid=None | 
[    7.0s] r1-m22-p2.0-s5: mode=22 exactValid=True contractValid=True depth=155.409 raw=155.4087281129324 parent=155.409 fp=96652639798c2f5c | before Nonep/Noneb after Nonep/Noneb cap=None maxDisp=None moved=None resid=None | 
[    7.2s] r1-m22-p2.0-s6: mode=22 exactValid=True contractValid=True depth=155.409 raw=155.4087281129324 parent=155.409 fp=96652639798c2f5c | before Nonep/Noneb after Nonep/Noneb cap=None maxDisp=None moved=None resid=None | 
[    7.9s] r1-m22-p2.0-s4: mode=22 exactValid=True contractValid=True depth=155.409 raw=155.4087281129324 parent=155.409 fp=96652639798c2f5c | before Nonep/Noneb after Nonep/Noneb cap=None maxDisp=None moved=None resid=None | 
[    7.0s] r1-m22-p2.0-s7: mode=22 exactValid=True contractValid=True depth=155.409 raw=155.4087281129324 parent=155.409 fp=96652639798c2f5c | before Nonep/Noneb after Nonep/Noneb cap=None maxDisp=None moved=None resid=None | 
[    3.8s] r1-flat0.0005-m32-p0.05: mode=32 exactValid=True contractValid=True depth=155.409 raw=155.4087281129324 parent=155.408 fp=96652639798c2f5c | before Nonep/Noneb after Nonep/Noneb cap=None maxDisp=None moved=None resid=None | 
[    4.0s] r1-flat0.0005-m33-p2.0: mode=33 exactValid=True contractValid=True depth=155.409 raw=155.4087281129324 parent=155.408 fp=96652639798c2f5c | before Nonep/Noneb after Nonep/Noneb cap=None maxDisp=None moved=None resid=None | 
[    3.6s] r1-flat0.001-m32-p0.05: mode=32 exactValid=True contractValid=True depth=155.412 raw=155.4117281129324 parent=155.408 fp=2741c378833d953f | before Nonep/Noneb after Nonep/Noneb cap=None maxDisp=None moved=None resid=None | 
[    3.9s] r1-flat0.001-m33-p0.05: mode=33 exactValid=True contractValid=True depth=155.413 raw=155.4127396641677 parent=155.408 fp=c0271198fd0ba577 | before Nonep/Noneb after Nonep/Noneb cap=None maxDisp=None moved=None resid=None | 
[    3.8s] r1-flat0.001-m33-p2.0: mode=33 exactValid=True contractValid=True depth=155.435 raw=155.4347281129324 parent=155.408 fp=29d87d707b819318 | before Nonep/Noneb after Nonep/Noneb cap=None maxDisp=None moved=None resid=None | 
[    3.6s] r1-flat0.0015-m33-p0.05: mode=33 exactValid=True contractValid=True depth=155.413 raw=155.4127396641677 parent=155.407 fp=c0271198fd0ba577 | before Nonep/Noneb after Nonep/Noneb cap=None maxDisp=None moved=None resid=None | 
[    3.7s] r1-flat0.0015-m32-p0.05: mode=32 exactValid=True contractValid=True depth=155.413 raw=155.4127281129324 parent=155.407 fp=8cabdc0f75e39fc8 | before Nonep/Noneb after Nonep/Noneb cap=None maxDisp=None moved=None resid=None | 
[    3.8s] r1-flat0.0015-m33-p2.0: mode=33 exactValid=True contractValid=True depth=155.435 raw=155.4347281129324 parent=155.407 fp=29d87d707b819318 | before Nonep/Noneb after Nonep/Noneb cap=None maxDisp=None moved=None resid=None | 
[    3.6s] r1-flat0.002-m32-p0.05: mode=32 exactValid=True contractValid=True depth=155.412 raw=155.4117281129324 parent=155.407 fp=001a220f0c7af8c5 | before Nonep/Noneb after Nonep/Noneb cap=None maxDisp=None moved=None resid=None | 
[    3.3s] r1-flat0.002-m33-p2.0: mode=33 exactValid=True contractValid=True depth=155.434 raw=155.43372811293239 parent=155.407 fp=6030e6619ef8b6a1 | before Nonep/Noneb after Nonep/Noneb cap=None maxDisp=None moved=None resid=None | 
[    4.2s] r1-flat0.002-m33-p0.05: mode=33 exactValid=False contractValid=True depth=None raw=155.4067281129324 parent=155.407 fp= | before Nonep/Noneb after Nonep/Noneb cap=None maxDisp=None moved=None resid=None | no insertion order re-placed the 1 violation components inside the 155.458728 mm bound
[    4.1s] r1-flat0.0025-m33-p0.05: mode=33 exactValid=False contractValid=True depth=None raw=155.4062281129324 parent=155.406 fp= | before Nonep/Noneb after Nonep/Noneb cap=None maxDisp=None moved=None resid=None | no insertion order re-placed the 1 violation components inside the 155.458728 mm bound
[    3.8s] r1-flat0.0025-m32-p0.05: mode=32 exactValid=True contractValid=True depth=155.413 raw=155.4127281129324 parent=155.406 fp=8cabdc0f75e39fc8 | before Nonep/Noneb after Nonep/Noneb cap=None maxDisp=None moved=None resid=None | 
[    3.8s] r1-flat0.0025-m33-p2.0: mode=33 exactValid=True contractValid=True depth=155.434 raw=155.43372811293239 parent=155.406 fp=6030e6619ef8b6a1 | before Nonep/Noneb after Nonep/Noneb cap=None maxDisp=None moved=None resid=None | 
[    3.7s] r1-flat0.003-m32-p0.05: mode=32 exactValid=True contractValid=True depth=155.412 raw=155.4117281129324 parent=155.406 fp=001a220f0c7af8c5 | before Nonep/Noneb after Nonep/Noneb cap=None maxDisp=None moved=None resid=None | 
[    4.0s] r1-flat0.003-m33-p0.05: mode=33 exactValid=False contractValid=True depth=None raw=155.40572811293242 parent=155.406 fp= | before Nonep/Noneb after Nonep/Noneb cap=None maxDisp=None moved=None resid=None | no insertion order re-placed the 1 violation components inside the 155.458728 mm bound
[    4.2s] r1-flat0.003-m33-p2.0: mode=33 exactValid=True contractValid=True depth=155.433 raw=155.4327281129324 parent=155.406 fp=47134710fec6d56e | before Nonep/Noneb after Nonep/Noneb cap=None maxDisp=None moved=None resid=None | 
[    4.2s] r1-flat0.004-m33-p0.05: mode=33 exactValid=True contractValid=True depth=155.409 raw=155.4087281129324 parent=155.405 fp=cd8f3753d5600f71 | before Nonep/Noneb after Nonep/Noneb cap=None maxDisp=None moved=None resid=None | 
[    4.3s] r1-flat0.004-m32-p0.05: mode=32 exactValid=True contractValid=True depth=155.412 raw=155.4117281129324 parent=155.405 fp=806754ef668f2d0d | before Nonep/Noneb after Nonep/Noneb cap=None maxDisp=None moved=None resid=None | 
[    4.1s] r1-flat0.004-m33-p2.0: mode=33 exactValid=True contractValid=True depth=155.409 raw=155.4087281129324 parent=155.405 fp=cd8f3753d5600f71 | before Nonep/Noneb after Nonep/Noneb cap=None maxDisp=None moved=None resid=None | 
[    4.4s] r1-flat0.005-m33-p0.05: mode=33 exactValid=True contractValid=True depth=155.416 raw=155.41619782084936 parent=155.404 fp=458441c8cdf24723 | before Nonep/Noneb after Nonep/Noneb cap=None maxDisp=None moved=None resid=None | 
[    5.7s] r1-flat0.005-m32-p0.05: mode=32 exactValid=True contractValid=True depth=155.412 raw=155.4117281129324 parent=155.404 fp=1549fbfbd4a6a017 | before Nonep/Noneb after Nonep/Noneb cap=None maxDisp=None moved=None resid=None | 
[    5.8s] r1-flat0.005-m33-p2.0: mode=33 exactValid=True contractValid=True depth=155.431 raw=155.4307281129324 parent=155.404 fp=549cb10245fa60b5 | before Nonep/Noneb after Nonep/Noneb cap=None maxDisp=None moved=None resid=None | 
[    5.8s] r1-flat0.006-m32-p0.05: mode=32 exactValid=True contractValid=True depth=155.412 raw=155.4117281129324 parent=155.403 fp=28bfa4f06717921c | before Nonep/Noneb after Nonep/Noneb cap=None maxDisp=None moved=None resid=None | 
[    6.0s] r1-flat0.006-m33-p0.05: mode=33 exactValid=True contractValid=True depth=155.416 raw=155.41619782084936 parent=155.403 fp=ccfb9034a723f7d1 | before Nonep/Noneb after Nonep/Noneb cap=None maxDisp=None moved=None resid=None | 
[    5.5s] r1-flat0.006-m33-p2.0: mode=33 exactValid=True contractValid=True depth=155.43 raw=155.4297281129324 parent=155.403 fp=9ac9958f653abe0d | before Nonep/Noneb after Nonep/Noneb cap=None maxDisp=None moved=None resid=None | 
[    4.2s] r1-flat0.008-m32-p0.05: mode=32 exactValid=True contractValid=True depth=155.412 raw=155.4117281129324 parent=155.401 fp=c742613273889888 | before Nonep/Noneb after Nonep/Noneb cap=None maxDisp=None moved=None resid=None | 
[    4.0s] r1-flat0.008-m33-p2.0: mode=33 exactValid=True contractValid=True depth=155.466 raw=155.46626625048756 parent=155.401 fp=3bf11fadbda77299 | before Nonep/Noneb after Nonep/Noneb cap=None maxDisp=None moved=None resid=None | 
[    3.9s] r1-flat0.01-m32-p0.05: mode=32 exactValid=True contractValid=True depth=155.412 raw=155.4117281129324 parent=155.399 fp=ad38666bbc75c9bd | before Nonep/Noneb after Nonep/Noneb cap=None maxDisp=None moved=None resid=None | 
[    4.0s] r1-flat0.01-m33-p0.05: mode=33 exactValid=True contractValid=True depth=155.432 raw=155.43239856791138 parent=155.399 fp=177cd35ad3f1ee0b | before Nonep/Noneb after Nonep/Noneb cap=None maxDisp=None moved=None resid=None | 
[    4.7s] r1-flat0.008-m33-p0.05: mode=33 exactValid=False contractValid=True depth=None raw=155.4007281129324 parent=155.401 fp= | before Nonep/Noneb after Nonep/Noneb cap=None maxDisp=None moved=None resid=None | no insertion order re-placed the 2 violation components inside the 155.458728 mm bound
[    3.9s] r1-flat0.015-m32-p0.05: mode=32 exactValid=True contractValid=True depth=155.412 raw=155.4117281129324 parent=155.394 fp=6fe4f91b6e5b7709 | before Nonep/Noneb after Nonep/Noneb cap=None maxDisp=None moved=None resid=None | 
[    4.0s] r1-flat0.01-m33-p2.0: mode=33 exactValid=True contractValid=True depth=155.426 raw=155.4257281129324 parent=155.399 fp=4388f1239060be53 | before Nonep/Noneb after Nonep/Noneb cap=None maxDisp=None moved=None resid=None | 
[    3.9s] r1-flat0.015-m33-p2.0: mode=33 exactValid=True contractValid=True depth=155.41 raw=155.40972811293238 parent=155.394 fp=663a6ed972837337 | before Nonep/Noneb after Nonep/Noneb cap=None maxDisp=None moved=None resid=None | 
[    4.1s] r1-flat0.015-m33-p0.05: mode=33 exactValid=True contractValid=True depth=155.41 raw=155.40972811293238 parent=155.394 fp=663a6ed972837337 | before Nonep/Noneb after Nonep/Noneb cap=None maxDisp=None moved=None resid=None | 
[    4.3s] r1-flat0.02-m33-p0.05: mode=33 exactValid=True contractValid=True depth=155.409 raw=155.4087281129324 parent=155.389 fp=207b0e605ba70a4e | before Nonep/Noneb after Nonep/Noneb cap=None maxDisp=None moved=None resid=None | 
[    4.1s] r1-flat0.02-m32-p0.05: mode=32 exactValid=True contractValid=True depth=155.412 raw=155.4117281129324 parent=155.389 fp=daf2795227b14d69 | before Nonep/Noneb after Nonep/Noneb cap=None maxDisp=None moved=None resid=None | 
[    4.0s] r1-flat0.025-m32-p0.05: mode=32 exactValid=False contractValid=True depth=None raw=155.3837281129324 parent=155.384 fp= | before Nonep/Noneb after Nonep/Noneb cap=None maxDisp=None moved=None resid=None | no exact-valid pose for piece b8721c24-33b9-4244-9ce6-fff728f7e73b-copy-1 within the 155.4
[    4.2s] r1-flat0.02-m33-p2.0: mode=33 exactValid=True contractValid=True depth=155.409 raw=155.4087281129324 parent=155.389 fp=207b0e605ba70a4e | before Nonep/Noneb after Nonep/Noneb cap=None maxDisp=None moved=None resid=None | 
[    4.2s] r1-flat0.025-m33-p0.05: mode=33 exactValid=True contractValid=True depth=155.413 raw=155.4127396641677 parent=155.384 fp=f62aac70596db237 | before Nonep/Noneb after Nonep/Noneb cap=None maxDisp=None moved=None resid=None | 
[    3.7s] r1-flat0.025-m33-p2.0: mode=33 exactValid=True contractValid=True depth=155.411 raw=155.41126625048756 parent=155.384 fp=6ba04e3e1d3e6462 | before Nonep/Noneb after Nonep/Noneb cap=None maxDisp=None moved=None resid=None | 
[    4.0s] r1-flat0.03-m32-p0.05: mode=32 exactValid=False contractValid=True depth=None raw=155.3787281129324 parent=155.379 fp= | before Nonep/Noneb after Nonep/Noneb cap=None maxDisp=None moved=None resid=None | no exact-valid pose for piece b8721c24-33b9-4244-9ce6-fff728f7e73b-copy-1 within the 155.4
[    4.1s] r1-flat0.04-m32-p0.05: mode=32 exactValid=False contractValid=True depth=None raw=155.36872811293242 parent=155.369 fp= | before Nonep/Noneb after Nonep/Noneb cap=None maxDisp=None moved=None resid=None | no exact-valid pose for piece b8721c24-33b9-4244-9ce6-fff728f7e73b-copy-1 within the 155.4
[    4.3s] r1-flat0.03-m33-p2.0: mode=33 exactValid=True contractValid=True depth=155.623 raw=155.62290984562932 parent=155.379 fp=3cf83a27398cf129 | before Nonep/Noneb after Nonep/Noneb cap=None maxDisp=None moved=None resid=None | 
[    6.8s] r1-flat0.04-m33-p0.05: mode=33 exactValid=False contractValid=True depth=None raw=155.36872811293242 parent=155.369 fp= | before Nonep/Noneb after Nonep/Noneb cap=None maxDisp=None moved=None resid=None | no insertion order re-placed the 6 violation components inside the 155.458728 mm bound
[    7.1s] r1-flat0.03-m33-p0.05: mode=33 exactValid=False contractValid=True depth=None raw=155.3787281129324 parent=155.379 fp= | before Nonep/Noneb after Nonep/Noneb cap=None maxDisp=None moved=None resid=None | no insertion order re-placed the 6 violation components inside the 155.458728 mm bound
[    3.3s] r1-flat0.04-m33-p2.0: mode=33 exactValid=True contractValid=True depth=155.613 raw=155.61290984562933 parent=155.369 fp=69bda37e2610e583 | before Nonep/Noneb after Nonep/Noneb cap=None maxDisp=None moved=None resid=None | 
[    3.2s] r1-flat0.05-m32-p0.05: mode=32 exactValid=False contractValid=True depth=None raw=155.3587281129324 parent=155.359 fp= | before Nonep/Noneb after Nonep/Noneb cap=None maxDisp=None moved=None resid=None | no exact-valid pose for piece b8721c24-33b9-4244-9ce6-fff728f7e73b-copy-1 within the 155.4
[    6.4s] r1-flat0.05-m33-p0.05: mode=33 exactValid=False contractValid=True depth=None raw=155.3587281129324 parent=155.359 fp= | before Nonep/Noneb after Nonep/Noneb cap=None maxDisp=None moved=None resid=None | no insertion order re-placed the 6 violation components inside the 155.458728 mm bound
[    3.9s] r1-flat0.05-m33-p2.0: mode=33 exactValid=True contractValid=True depth=155.603 raw=155.6029098456293 parent=155.359 fp=95873eed25a1681f | before Nonep/Noneb after Nonep/Noneb cap=None maxDisp=None moved=None resid=None | 
[    3.5s] r1-flat0.06-m32-p0.05: mode=32 exactValid=False contractValid=True depth=None raw=155.3487281129324 parent=155.349 fp= | before Nonep/Noneb after Nonep/Noneb cap=None maxDisp=None moved=None resid=None | no exact-valid pose for piece b8721c24-33b9-4244-9ce6-fff728f7e73b-copy-1 within the 155.4
[    3.6s] r1-flat0.06-m33-p2.0: mode=33 exactValid=True contractValid=True depth=155.593 raw=155.59290984562932 parent=155.349 fp=95847f300d6d2f5c | before Nonep/Noneb after Nonep/Noneb cap=None maxDisp=None moved=None resid=None | 
[    6.9s] r1-flat0.06-m33-p0.05: mode=33 exactValid=False contractValid=True depth=None raw=155.3487281129324 parent=155.349 fp= | before Nonep/Noneb after Nonep/Noneb cap=None maxDisp=None moved=None resid=None | no insertion order re-placed the 6 violation components inside the 155.458728 mm bound
[    4.1s] r1-flat0.08-m32-p0.05: mode=32 exactValid=False contractValid=False depth=None raw=155.3287281129324 parent=155.329 fp= | before Nonep/Noneb after Nonep/Noneb cap=None maxDisp=None moved=None resid=None | no exact-valid pose for piece b8721c24-33b9-4244-9ce6-fff728f7e73b-copy-1 within the 155.4
[    4.2s] r1-flat0.08-m33-p2.0: mode=33 exactValid=True contractValid=True depth=155.573 raw=155.57290984562934 parent=155.329 fp=4da6141b43682737 | before Nonep/Noneb after Nonep/Noneb cap=None maxDisp=None moved=None resid=None | 
[    6.6s] r1-flat0.08-m33-p0.05: mode=33 exactValid=False contractValid=False depth=None raw=155.3287281129324 parent=155.329 fp= | before Nonep/Noneb after Nonep/Noneb cap=None maxDisp=None moved=None resid=None | no insertion order re-placed the 6 violation components inside the 155.458728 mm bound
[    3.4s] r1-flat0.1-m32-p0.05: mode=32 exactValid=False contractValid=False depth=None raw=155.3087281129324 parent=155.309 fp= | before Nonep/Noneb after Nonep/Noneb cap=None maxDisp=None moved=None resid=None | no exact-valid pose for piece 604bc424-469c-4ab8-93f1-80c0fc4090b3-copy-2 within the 155.4
[    3.5s] r1-flat0.1-m33-p2.0: mode=33 exactValid=True contractValid=True depth=155.566 raw=155.56588991852618 parent=155.309 fp=7930ef2fa165265d | before Nonep/Noneb after Nonep/Noneb cap=None maxDisp=None moved=None resid=None | 
[    3.1s] r1-flat0.15-m32-p0.05: mode=32 exactValid=False contractValid=False depth=None raw=155.2587281129324 parent=155.259 fp= | before Nonep/Noneb after Nonep/Noneb cap=None maxDisp=None moved=None resid=None | no exact-valid pose for piece 604bc424-469c-4ab8-93f1-80c0fc4090b3-copy-2 within the 155.4
[    9.4s] r1-flat0.1-m33-p0.05: mode=33 exactValid=False contractValid=False depth=None raw=155.3087281129324 parent=155.309 fp= | before Nonep/Noneb after Nonep/Noneb cap=None maxDisp=None moved=None resid=None | no insertion order re-placed the 6 violation components inside the 155.458728 mm bound
[    4.2s] r1-flat0.15-m33-p2.0: mode=33 exactValid=False contractValid=False depth=None raw=155.2587281129324 parent=155.259 fp= | before Nonep/Noneb after Nonep/Noneb cap=None maxDisp=None moved=None resid=None | no insertion order re-placed the 5 violation components inside the 157.408728 mm bound
[    3.1s] r1-flat0.2-m32-p0.05: mode=32 exactValid=False contractValid=False depth=None raw=155.20872811293242 parent=155.209 fp= | before Nonep/Noneb after Nonep/Noneb cap=None maxDisp=None moved=None resid=None | ejection set of 8 pieces exceeds the local-repair limit of 7
[    9.1s] r1-flat0.15-m33-p0.05: mode=33 exactValid=False contractValid=False depth=None raw=155.2587281129324 parent=155.259 fp= | before Nonep/Noneb after Nonep/Noneb cap=None maxDisp=None moved=None resid=None | no insertion order re-placed the 5 violation components inside the 155.458728 mm bound
[    3.2s] r1-m31-e0.006: mode=31 exactValid=False contractValid=True depth=None raw=155.4087281129324 parent=155.409 fp= | before 0p/10b after 24p/0b cap=0.43635200000016994 maxDisp=0.4412765572744603 moved=43 resid=0.012402122130186417 | global legalization did not reach a feasible fixpoint: 24 violating pairs and 0 boundary p
[    3.3s] r1-m31-e0.012: mode=31 exactValid=False contractValid=True depth=None raw=155.4087281129324 parent=155.409 fp= | before 0p/11b after 29p/0b cap=0.5323520000001736 maxDisp=0.5434270880256155 moved=44 resid=0.021578744173983616 | global legalization did not reach a feasible fixpoint: 29 violating pairs and 0 boundary p
[    6.5s] r1-flat0.2-m33-p2.0: mode=33 exactValid=False contractValid=False depth=None raw=155.20872811293242 parent=155.209 fp= | before Nonep/Noneb after Nonep/Noneb cap=None maxDisp=None moved=None resid=None | no insertion order re-placed the 7 violation components inside the 157.408728 mm bound
[    8.9s] r1-flat0.2-m33-p0.05: mode=33 exactValid=False contractValid=False depth=None raw=155.20872811293242 parent=155.209 fp= | before Nonep/Noneb after Nonep/Noneb cap=None maxDisp=None moved=None resid=None | no insertion order re-placed the 7 violation components inside the 155.458728 mm bound
[    3.3s] r1-m31-e0.025: mode=31 exactValid=False contractValid=True depth=None raw=155.4087281129324 parent=155.409 fp= | before 0p/12b after 34p/0b cap=0.7403520000002572 maxDisp=0.7547661889618533 moved=44 resid=0.043148366446756035 | global legalization did not reach a feasible fixpoint: 34 violating pairs and 0 boundary p
[    3.5s] r1-m31-e0.04: mode=31 exactValid=False contractValid=True depth=None raw=155.4087281129324 parent=155.409 fp= | before 0p/12b after 35p/0b cap=0.980352000000039 maxDisp=0.9932094441757991 moved=48 resid=0.03463122049955435 | global legalization did not reach a feasible fixpoint: 35 violating pairs and 0 boundary p
[    4.3s] r1-nudge-r1-d0.002-m33: mode=33 exactValid=True contractValid=True depth=155.434 raw=155.43372811293239 parent=155.407 fp=6030e6619ef8b6a1 | before Nonep/Noneb after Nonep/Noneb cap=None maxDisp=None moved=None resid=None | 
[    4.4s] r1-nudge-r1-d0.006-m33: mode=33 exactValid=True contractValid=True depth=155.43 raw=155.4297281129324 parent=155.406 fp=1dfebd99ed3a2da6 | before Nonep/Noneb after Nonep/Noneb cap=None maxDisp=None moved=None resid=None | 
[    4.3s] r1-nudge-r1-d0.012-m33: mode=33 exactValid=True contractValid=True depth=155.409 raw=155.4087281129324 parent=155.406 fp=96652639798c2f5c | before Nonep/Noneb after Nonep/Noneb cap=None maxDisp=None moved=None resid=None | 
[    4.3s] r1-nudge-r1-d0.02-m33: mode=33 exactValid=True contractValid=True depth=155.409 raw=155.4087281129324 parent=155.406 fp=96652639798c2f5c | before Nonep/Noneb after Nonep/Noneb cap=None maxDisp=None moved=None resid=None | 
[    4.1s] r1-nudge-r2-d0.002-m33: mode=33 exactValid=False contractValid=True depth=None raw=155.4087281129324 parent=155.409 fp= | before Nonep/Noneb after Nonep/Noneb cap=None maxDisp=None moved=None resid=None | no violating pair to target with a joint re-placement
