# The same vectors, GREEN against the fixed tree
#
# fix commit      : 5685ca312e260795168ee11daa61360594994e6c
#                   "Proposals turn about the centroid the torque was taken about"
# tests.rs sha256 : 73929defb1ebeca16ce44a1d5546b72adf7cd4badf2b3bd8f2bbbab4d41b7268
#                   - its first 1076 lines sha256 to
#                     834f13b22c758843b4ca47295f2fc51102cebbed3902cf88aaf2419b1f467656,
#                     which is the whole of the file `pivot-red.log` was produced
#                     from. The two red vectors are byte-identical here; the
#                     third block is the post-fix vector, which cannot compile on
#                     the un-fixed tree because it names `state::compose_proposal`.
# host            : Linux 6.18.38 x86_64
# rustc           : rustc 1.97.1 (8bab26f4f 2026-07-14)
#
# command: the same one `pivot-red.log` records, plus the third vector.
#
warning: unused imports: `KernelPose` and `LEGACY`
  --> crates/polygon-nesting-core/src/search/general_relaxed.rs:48:24
   |
48 |     ExplorationKernel, KernelPose, KernelProbes, LegacyKernel, PairRow, PosedShape, LEGACY,
   |                        ^^^^^^^^^^                                                   ^^^^^^
   |
   = note: `#[warn(unused_imports)]` (part of `#[warn(unused)]`) on by default

warning: unused macro definition: `ladder_time`
    --> crates/polygon-nesting-core/src/search/general_relaxed.rs:5969:14
     |
5969 | macro_rules! ladder_time {
     |              ^^^^^^^^^^^
     |
     = note: `#[warn(unused_macros)]` (part of `#[warn(unused)]`) on by default

warning: method `pair_components` is never used
   --> crates/polygon-nesting-core/src/search/general_micro_legalization.rs:443:19
    |
412 | impl LayoutViolations {
    | --------------------- method in this implementation
...
443 |     pub(crate) fn pair_components(&self) -> Vec<Vec<usize>> {
    |                   ^^^^^^^^^^^^^^^
    |
    = note: `#[warn(dead_code)]` (part of `#[warn(unused)]`) on by default

warning: function `separating_translation` is never used
   --> crates/polygon-nesting-core/src/search/general_micro_legalization.rs:565:15
    |
565 | pub(crate) fn separating_translation(
    |               ^^^^^^^^^^^^^^^^^^^^^^

warning: variant `ToleratesPoleRounding` is never constructed
    --> crates/polygon-nesting-core/src/search/general_relaxed.rs:3621:5
     |
3607 | pub(crate) enum CoupledRollbackComparison {
     |                 ------------------------- variant in this enum
...
3621 |     ToleratesPoleRounding,
     |     ^^^^^^^^^^^^^^^^^^^^^
     |
     = note: `CoupledRollbackComparison` has derived impls for the traits `Debug` and `Clone`, but these are intentionally ignored during dead code analysis

warning: method `label` is never used
    --> crates/polygon-nesting-core/src/search/general_relaxed.rs:3628:8
     |
3624 | impl CoupledRollbackComparison {
     | ------------------------------ method in this implementation
...
3628 |     fn label(self) -> Option<&'static str> {
     |        ^^^^^

warning: function `continuous_rotation_report_armed` is never used
    --> crates/polygon-nesting-core/src/search/general_relaxed.rs:3862:4
     |
3862 | fn continuous_rotation_report_armed(relaxed_settings: GeneralRelaxedSettings) -> bool {
     |    ^^^^^^^^^^^^^^^^^^^^^^^^^^^^^^^^

warning: method `resolved_pair_collides` is never used
     --> crates/polygon-nesting-core/src/search/general_relaxed.rs:17298:8
      |
13192 | impl<'a, K: ExplorationKernel<Shape = OrientedSurrogate> + Default> LaneSearch<'a, K> {
      | ------------------------------------------------------------------------------------- method in this implementation
...
17298 |     fn resolved_pair_collides(
      |        ^^^^^^^^^^^^^^^^^^^^^^

warning: function `two_piece_recombination_fixture` is never used
     --> crates/polygon-nesting-core/src/search/general_relaxed.rs:24795:8
      |
24795 |     fn two_piece_recombination_fixture() -> (
      |        ^^^^^^^^^^^^^^^^^^^^^^^^^^^^^^^

warning: `polygon-nesting-core` (lib test) generated 9 warnings (run `cargo fix --lib -p polygon-nesting-core --tests` to apply 1 suggestion)
    Finished `release` profile [optimized] target(s) in 0.03s
     Running unittests src/lib.rs (target/release/deps/polygon_nesting_core-daff7fff978d08c7)

running 3 tests
test search::overlap_ics::tests::a_ladder_step_descends_the_energy_its_own_gradient_was_taken_from ... ok
test search::overlap_ics::tests::a_proposal_moves_the_transformed_centroid_by_its_translation_alone ... ok
test search::overlap_ics::tests::a_pure_rotation_proposal_leaves_the_transformed_centroid_where_it_was ... ok

test result: ok. 3 passed; 0 failed; 0 ignored; 0 measured; 743 filtered out; finished in 0.00s

EXIT=0
