# FINAL BATTERY: 43 arms, incumbent raw=159.09233022733062
bat-d2-r8-m28-m22-s0: mode=22 exactValid=True contractValid=True depth=159.092 raw=159.09233022733062 parent=159.092 fp=e014e688e3021c24 | before Nonep/Noneb after Nonep/Noneb cap=None maxDisp=None moved=None resid=None | 
bat-d2-r8-m28-m22-s1: mode=22 exactValid=True contractValid=True depth=159.092 raw=159.09233022733062 parent=159.092 fp=e014e688e3021c24 | before Nonep/Noneb after Nonep/Noneb cap=None maxDisp=None moved=None resid=None | 
bat-d2-r8-m28-m22-s2: mode=22 exactValid=True contractValid=True depth=159.092 raw=159.09233022733062 parent=159.092 fp=e014e688e3021c24 | before Nonep/Noneb after Nonep/Noneb cap=None maxDisp=None moved=None resid=None | 
bat-d2-r8-m28-m22-s3: mode=22 exactValid=True contractValid=True depth=159.092 raw=159.09233022733062 parent=159.092 fp=e014e688e3021c24 | before Nonep/Noneb after Nonep/Noneb cap=None maxDisp=None moved=None resid=None | 
bat-d2-r8-m28-m26-drop0.3-s0: mode=26 exactValid=True contractValid=True depth=159.092 raw=159.09233022733062 parent=159.092 fp=e014e688e3021c24 | before Nonep/Noneb after Nonep/Noneb cap=None maxDisp=None moved=None resid=None | 
bat-d2-r8-m28-m26-drop0.3-s1: mode=26 exactValid=True contractValid=True depth=159.092 raw=159.09233022733062 parent=159.092 fp=e014e688e3021c24 | before Nonep/Noneb after Nonep/Noneb cap=None maxDisp=None moved=None resid=None | 
bat-d2-r8-m28-m26-drop0.55-s0: mode=26 exactValid=True contractValid=True depth=159.092 raw=159.09233022733062 parent=159.092 fp=e014e688e3021c24 | before Nonep/Noneb after Nonep/Noneb cap=None maxDisp=None moved=None resid=None | 
bat-d2-r8-m28-m26-drop0.55-s1: mode=26 exactValid=True contractValid=True depth=159.092 raw=159.09233022733062 parent=159.092 fp=e014e688e3021c24 | before Nonep/Noneb after Nonep/Noneb cap=None maxDisp=None moved=None resid=None | 
bat-d2-r8-m28-m26-drop1.0-s0: mode=26 exactValid=True contractValid=True depth=159.092 raw=159.09233022733062 parent=159.092 fp=e014e688e3021c24 | before Nonep/Noneb after Nonep/Noneb cap=None maxDisp=None moved=None resid=None | 
bat-d2-r8-m28-m26-drop1.0-s1: mode=26 exactValid=True contractValid=True depth=159.092 raw=159.09233022733062 parent=159.092 fp=e014e688e3021c24 | before Nonep/Noneb after Nonep/Noneb cap=None maxDisp=None moved=None resid=None | 
bat-d2-r14-m29-m22-s0: mode=22 exactValid=True contractValid=True depth=159.092 raw=159.09233022733062 parent=159.092 fp=9d33e5b8bc5b7015 | before Nonep/Noneb after Nonep/Noneb cap=None maxDisp=None moved=None resid=None | 
bat-d2-r14-m29-m22-s1: mode=22 exactValid=True contractValid=True depth=159.092 raw=159.09233022733062 parent=159.092 fp=9d33e5b8bc5b7015 | before Nonep/Noneb after Nonep/Noneb cap=None maxDisp=None moved=None resid=None | 
bat-d2-r14-m29-m22-s2: mode=22 exactValid=True contractValid=True depth=159.092 raw=159.09233022733062 parent=159.092 fp=9d33e5b8bc5b7015 | before Nonep/Noneb after Nonep/Noneb cap=None maxDisp=None moved=None resid=None | 
bat-d2-r14-m29-m22-s3: mode=22 exactValid=True contractValid=True depth=159.092 raw=159.09233022733062 parent=159.092 fp=9d33e5b8bc5b7015 | before Nonep/Noneb after Nonep/Noneb cap=None maxDisp=None moved=None resid=None | 
bat-d2-r14-m29-m26-drop0.3-s0: mode=26 exactValid=True contractValid=True depth=159.092 raw=159.09233022733062 parent=159.092 fp=9d33e5b8bc5b7015 | before Nonep/Noneb after Nonep/Noneb cap=None maxDisp=None moved=None resid=None | 
bat-d2-r14-m29-m26-drop0.3-s1: mode=26 exactValid=True contractValid=True depth=159.092 raw=159.09233022733062 parent=159.092 fp=9d33e5b8bc5b7015 | before Nonep/Noneb after Nonep/Noneb cap=None maxDisp=None moved=None resid=None | 
bat-d2-r14-m29-m26-drop0.55-s0: mode=26 exactValid=True contractValid=True depth=159.092 raw=159.09233022733062 parent=159.092 fp=9d33e5b8bc5b7015 | before Nonep/Noneb after Nonep/Noneb cap=None maxDisp=None moved=None resid=None | 
bat-d2-r14-m29-m26-drop0.55-s1: mode=26 exactValid=True contractValid=True depth=159.092 raw=159.09233022733062 parent=159.092 fp=9d33e5b8bc5b7015 | before Nonep/Noneb after Nonep/Noneb cap=None maxDisp=None moved=None resid=None | 
bat-d2-r14-m29-m26-drop1.0-s0: mode=26 exactValid=True contractValid=True depth=159.092 raw=159.09233022733062 parent=159.092 fp=9d33e5b8bc5b7015 | before Nonep/Noneb after Nonep/Noneb cap=None maxDisp=None moved=None resid=None | 
bat-d2-r14-m29-m26-drop1.0-s1: mode=26 exactValid=True contractValid=True depth=159.092 raw=159.09233022733062 parent=159.092 fp=9d33e5b8bc5b7015 | before Nonep/Noneb after Nonep/Noneb cap=None maxDisp=None moved=None resid=None | 
bat-d2-r15-m29-m22-s0: mode=22 exactValid=True contractValid=True depth=159.092 raw=159.09233022733062 parent=159.092 fp=6ea2ef67e3a42720 | before Nonep/Noneb after Nonep/Noneb cap=None maxDisp=None moved=None resid=None | 
bat-d2-r15-m29-m22-s1: mode=22 exactValid=True contractValid=True depth=159.092 raw=159.09233022733062 parent=159.092 fp=6ea2ef67e3a42720 | before Nonep/Noneb after Nonep/Noneb cap=None maxDisp=None moved=None resid=None | 
bat-d2-r15-m29-m22-s2: mode=22 exactValid=True contractValid=True depth=159.092 raw=159.09233022733062 parent=159.092 fp=6ea2ef67e3a42720 | before Nonep/Noneb after Nonep/Noneb cap=None maxDisp=None moved=None resid=None | 
bat-d2-r15-m29-m22-s3: mode=22 exactValid=True contractValid=True depth=159.092 raw=159.09233022733062 parent=159.092 fp=6ea2ef67e3a42720 | before Nonep/Noneb after Nonep/Noneb cap=None maxDisp=None moved=None resid=None | 
bat-d2-r15-m29-m26-drop0.3-s0: mode=26 exactValid=True contractValid=True depth=159.092 raw=159.09233022733062 parent=159.092 fp=6ea2ef67e3a42720 | before Nonep/Noneb after Nonep/Noneb cap=None maxDisp=None moved=None resid=None | 
bat-d2-r15-m29-m26-drop0.3-s1: mode=26 exactValid=True contractValid=True depth=159.092 raw=159.09233022733062 parent=159.092 fp=6ea2ef67e3a42720 | before Nonep/Noneb after Nonep/Noneb cap=None maxDisp=None moved=None resid=None | 
bat-d2-r15-m29-m26-drop0.55-s0: mode=26 exactValid=True contractValid=True depth=159.092 raw=159.09233022733062 parent=159.092 fp=6ea2ef67e3a42720 | before Nonep/Noneb after Nonep/Noneb cap=None maxDisp=None moved=None resid=None | 
bat-d2-r15-m29-m26-drop0.55-s1: mode=26 exactValid=True contractValid=True depth=159.092 raw=159.09233022733062 parent=159.092 fp=6ea2ef67e3a42720 | before Nonep/Noneb after Nonep/Noneb cap=None maxDisp=None moved=None resid=None | 
bat-d2-r15-m29-m26-drop1.0-s0: mode=26 exactValid=True contractValid=True depth=159.092 raw=159.09233022733062 parent=159.092 fp=6ea2ef67e3a42720 | before Nonep/Noneb after Nonep/Noneb cap=None maxDisp=None moved=None resid=None | 
bat-d2-r15-m29-m26-drop1.0-s1: mode=26 exactValid=True contractValid=True depth=159.092 raw=159.09233022733062 parent=159.092 fp=6ea2ef67e3a42720 | before Nonep/Noneb after Nonep/Noneb cap=None maxDisp=None moved=None resid=None | 
bat-d2-r6-m28-m22-s0: mode=22 exactValid=True contractValid=True depth=159.092 raw=159.09233022733062 parent=159.092 fp=c824b26fcd33108c | before Nonep/Noneb after Nonep/Noneb cap=None maxDisp=None moved=None resid=None | 
bat-d2-r6-m28-m22-s1: mode=22 exactValid=True contractValid=True depth=159.092 raw=159.09233022733062 parent=159.092 fp=c824b26fcd33108c | before Nonep/Noneb after Nonep/Noneb cap=None maxDisp=None moved=None resid=None | 
bat-d2-r6-m28-m22-s2: mode=22 exactValid=True contractValid=True depth=159.092 raw=159.09233022733062 parent=159.092 fp=c824b26fcd33108c | before Nonep/Noneb after Nonep/Noneb cap=None maxDisp=None moved=None resid=None | 
bat-d2-r6-m28-m22-s3: mode=22 exactValid=True contractValid=True depth=159.092 raw=159.09233022733062 parent=159.092 fp=c824b26fcd33108c | before Nonep/Noneb after Nonep/Noneb cap=None maxDisp=None moved=None resid=None | 
bat-d2-r6-m28-m26-drop0.3-s0: mode=26 exactValid=True contractValid=True depth=159.092 raw=159.09233022733062 parent=159.092 fp=c824b26fcd33108c | before Nonep/Noneb after Nonep/Noneb cap=None maxDisp=None moved=None resid=None | 
bat-d2-r6-m28-m26-drop0.3-s1: mode=26 exactValid=True contractValid=True depth=159.092 raw=159.09233022733062 parent=159.092 fp=c824b26fcd33108c | before Nonep/Noneb after Nonep/Noneb cap=None maxDisp=None moved=None resid=None | 
bat-d2-r6-m28-m26-drop0.55-s0: mode=26 exactValid=True contractValid=True depth=159.092 raw=159.09233022733062 parent=159.092 fp=c824b26fcd33108c | before Nonep/Noneb after Nonep/Noneb cap=None maxDisp=None moved=None resid=None | 
bat-d2-r6-m28-m26-drop0.55-s1: mode=26 exactValid=True contractValid=True depth=159.092 raw=159.09233022733062 parent=159.092 fp=c824b26fcd33108c | before Nonep/Noneb after Nonep/Noneb cap=None maxDisp=None moved=None resid=None | 
bat-d2-r6-m28-m26-drop1.0-s0: mode=26 exactValid=True contractValid=True depth=159.092 raw=159.09233022733062 parent=159.092 fp=c824b26fcd33108c | before Nonep/Noneb after Nonep/Noneb cap=None maxDisp=None moved=None resid=None | 
bat-d2-r6-m28-m26-drop1.0-s1: mode=26 exactValid=True contractValid=True depth=159.092 raw=159.09233022733062 parent=159.092 fp=c824b26fcd33108c | before Nonep/Noneb after Nonep/Noneb cap=None maxDisp=None moved=None resid=None | 
val-parent-m30: mode=30 exactValid=True contractValid=True depth=159.092 raw=159.09233022733062 parent=159.092 fp=fa01012af1d559ae | before 0p/0b after 0p/0b cap=0.0 maxDisp=None moved=0 resid=0.0 | 
val-parent-m27: mode=27 exactValid=True contractValid=True depth=159.092 raw=159.09233022733062 parent=159.092 fp=fa01012af1d559ae | before Nonep/Noneb after Nonep/Noneb cap=None maxDisp=None moved=None resid=None | 
val-parent-m22: mode=22 exactValid=True contractValid=True depth=159.092 raw=159.09233022733062 parent=159.092 fp=fa01012af1d559ae | before Nonep/Noneb after Nonep/Noneb cap=None maxDisp=None moved=None resid=None | 
# below-incumbent publications: 0 []
