# GRID D: 56 arms; depth-setting piece = 54345eb7-a37e-45eb-b0fd-eccffdfa14cc-copy-3
d1-deep-d0.5-m28-t159.09233: mode=28 exactValid=False contractValid=False depth=None raw=159.0859863776172 parent=159.086 fp= | before Nonep/Noneb after Nonep/Noneb cap=None maxDisp=None moved=None resid=None | no exact-valid pose for piece 28f5a1d1-afd4-46e4-b2b9-f1841386be28-copy-3 within the 159.0
    -> ejected=['28f5a1d1-afd'] pairs=1 comp=1 maxComp=2/7 ejected=1/7 attempted=True maxDeficit=0.4990429434573125 replaced=0 failedPiece=28f5a1d1-afd cand=122>0
d1-deep-d0.5-m28-t159.08233: mode=28 exactValid=False contractValid=False depth=None raw=159.0859863776172 parent=159.086 fp= | before Nonep/Noneb after Nonep/Noneb cap=None maxDisp=None moved=None resid=None | no exact-valid pose for piece 28f5a1d1-afd4-46e4-b2b9-f1841386be28-copy-3 within the 159.0
    -> ejected=['28f5a1d1-afd'] pairs=1 comp=1 maxComp=2/7 ejected=1/7 attempted=True maxDeficit=0.4990429434573125 replaced=0 failedPiece=28f5a1d1-afd cand=122>0
d1-deep-d0.5-m29-t159.09233: mode=29 exactValid=False contractValid=False depth=None raw=159.0859863776172 parent=159.086 fp= | before Nonep/Noneb after Nonep/Noneb cap=None maxDisp=None moved=None resid=None | no insertion order re-placed the 1 violation components inside the 159.09233 mm bound
    -> ejected=['54345eb7-a37', '28f5a1d1-afd'] pairs=1 comp=1 maxComp=2/7 ejected=2/7 attempted=True maxDeficit=0.4990429434573125 repaired=0 refused=1 orders=2/2 swaps=1
d1-deep-d0.5-m29-t159.08233: mode=29 exactValid=False contractValid=False depth=None raw=159.0859863776172 parent=159.086 fp= | before Nonep/Noneb after Nonep/Noneb cap=None maxDisp=None moved=None resid=None | no insertion order re-placed the 1 violation components inside the 159.08233 mm bound
    -> ejected=['54345eb7-a37', '28f5a1d1-afd'] pairs=1 comp=1 maxComp=2/7 ejected=2/7 attempted=True maxDeficit=0.4990429434573125 repaired=0 refused=1 orders=2/2 swaps=1
d1-deep-d1.0-m28-t159.09233: mode=28 exactValid=False contractValid=False depth=None raw=159.0859863776172 parent=159.086 fp= | before Nonep/Noneb after Nonep/Noneb cap=None maxDisp=None moved=None resid=None | no exact-valid pose for piece 28f5a1d1-afd4-46e4-b2b9-f1841386be28-copy-3 within the 159.0
    -> ejected=['28f5a1d1-afd'] pairs=1 comp=1 maxComp=2/7 ejected=1/7 attempted=True maxDeficit=0.9990427084092657 replaced=0 failedPiece=28f5a1d1-afd cand=133>0
d1-deep-d1.0-m28-t159.08233: mode=28 exactValid=False contractValid=False depth=None raw=159.0859863776172 parent=159.086 fp= | before Nonep/Noneb after Nonep/Noneb cap=None maxDisp=None moved=None resid=None | no exact-valid pose for piece 28f5a1d1-afd4-46e4-b2b9-f1841386be28-copy-3 within the 159.0
    -> ejected=['28f5a1d1-afd'] pairs=1 comp=1 maxComp=2/7 ejected=1/7 attempted=True maxDeficit=0.9990427084092657 replaced=0 failedPiece=28f5a1d1-afd cand=133>0
d1-deep-d1.0-m29-t159.09233: mode=29 exactValid=False contractValid=False depth=None raw=159.0859863776172 parent=159.086 fp= | before Nonep/Noneb after Nonep/Noneb cap=None maxDisp=None moved=None resid=None | no insertion order re-placed the 1 violation components inside the 159.09233 mm bound
    -> ejected=['54345eb7-a37', '28f5a1d1-afd'] pairs=1 comp=1 maxComp=2/7 ejected=2/7 attempted=True maxDeficit=0.9990427084092657 repaired=0 refused=1 orders=2/2 swaps=1
d1-deep-d1.0-m29-t159.08233: mode=29 exactValid=False contractValid=False depth=None raw=159.0859863776172 parent=159.086 fp= | before Nonep/Noneb after Nonep/Noneb cap=None maxDisp=None moved=None resid=None | no insertion order re-placed the 1 violation components inside the 159.08233 mm bound
    -> ejected=['54345eb7-a37', '28f5a1d1-afd'] pairs=1 comp=1 maxComp=2/7 ejected=2/7 attempted=True maxDeficit=0.9990427084092657 repaired=0 refused=1 orders=2/2 swaps=1
d1-deep-d2.0-m28-t159.09233: mode=28 exactValid=False contractValid=False depth=None raw=159.0859863776172 parent=159.086 fp= | before Nonep/Noneb after Nonep/Noneb cap=None maxDisp=None moved=None resid=None | no exact-valid pose for piece 28f5a1d1-afd4-46e4-b2b9-f1841386be28-copy-3 within the 159.0
    -> ejected=['28f5a1d1-afd'] pairs=1 comp=1 maxComp=2/7 ejected=1/7 attempted=True maxDeficit=1.9990422383131596 replaced=0 failedPiece=28f5a1d1-afd cand=132>0
d1-deep-d2.0-m28-t159.08233: mode=28 exactValid=False contractValid=False depth=None raw=159.0859863776172 parent=159.086 fp= | before Nonep/Noneb after Nonep/Noneb cap=None maxDisp=None moved=None resid=None | no exact-valid pose for piece 28f5a1d1-afd4-46e4-b2b9-f1841386be28-copy-3 within the 159.0
    -> ejected=['28f5a1d1-afd'] pairs=1 comp=1 maxComp=2/7 ejected=1/7 attempted=True maxDeficit=1.9990422383131596 replaced=0 failedPiece=28f5a1d1-afd cand=132>0
d1-deep-d2.0-m29-t159.09233: mode=29 exactValid=False contractValid=False depth=None raw=159.0859863776172 parent=159.086 fp= | before Nonep/Noneb after Nonep/Noneb cap=None maxDisp=None moved=None resid=None | no insertion order re-placed the 1 violation components inside the 159.09233 mm bound
    -> ejected=['54345eb7-a37', '28f5a1d1-afd'] pairs=1 comp=1 maxComp=2/7 ejected=2/7 attempted=True maxDeficit=1.9990422383131596 repaired=0 refused=1 orders=2/2 swaps=1
d1-deep-d2.0-m29-t159.08233: mode=29 exactValid=False contractValid=False depth=None raw=159.0859863776172 parent=159.086 fp= | before Nonep/Noneb after Nonep/Noneb cap=None maxDisp=None moved=None resid=None | no insertion order re-placed the 1 violation components inside the 159.08233 mm bound
    -> ejected=['54345eb7-a37', '28f5a1d1-afd'] pairs=1 comp=1 maxComp=2/7 ejected=2/7 attempted=True maxDeficit=1.9990422383131596 repaired=0 refused=1 orders=2/2 swaps=1
d1-deep-d3.0-m28-t159.09233: mode=28 exactValid=False contractValid=False depth=None raw=159.0859863776172 parent=159.086 fp= | before Nonep/Noneb after Nonep/Noneb cap=None maxDisp=None moved=None resid=None | no exact-valid pose for piece 28f5a1d1-afd4-46e4-b2b9-f1841386be28-copy-3 within the 159.0
    -> ejected=['28f5a1d1-afd'] pairs=1 comp=1 maxComp=2/7 ejected=1/7 attempted=True maxDeficit=2.999041768217067 replaced=0 failedPiece=28f5a1d1-afd cand=132>0
d1-deep-d3.0-m28-t159.08233: mode=28 exactValid=False contractValid=False depth=None raw=159.0859863776172 parent=159.086 fp= | before Nonep/Noneb after Nonep/Noneb cap=None maxDisp=None moved=None resid=None | no exact-valid pose for piece 28f5a1d1-afd4-46e4-b2b9-f1841386be28-copy-3 within the 159.0
    -> ejected=['28f5a1d1-afd'] pairs=1 comp=1 maxComp=2/7 ejected=1/7 attempted=True maxDeficit=2.999041768217067 replaced=0 failedPiece=28f5a1d1-afd cand=132>0
d1-deep-d3.0-m29-t159.09233: mode=29 exactValid=False contractValid=False depth=None raw=159.0859863776172 parent=159.086 fp= | before Nonep/Noneb after Nonep/Noneb cap=None maxDisp=None moved=None resid=None | no insertion order re-placed the 1 violation components inside the 159.09233 mm bound
    -> ejected=['54345eb7-a37', '28f5a1d1-afd'] pairs=1 comp=1 maxComp=2/7 ejected=2/7 attempted=True maxDeficit=2.999041768217067 repaired=0 refused=1 orders=2/2 swaps=1
d1-deep-d3.0-m29-t159.08233: mode=29 exactValid=False contractValid=False depth=None raw=159.0859863776172 parent=159.086 fp= | before Nonep/Noneb after Nonep/Noneb cap=None maxDisp=None moved=None resid=None | no insertion order re-placed the 1 violation components inside the 159.08233 mm bound
    -> ejected=['54345eb7-a37', '28f5a1d1-afd'] pairs=1 comp=1 maxComp=2/7 ejected=2/7 attempted=True maxDeficit=2.999041768217067 repaired=0 refused=1 orders=2/2 swaps=1
d1-deep-d4.0-m28-t159.09233: mode=28 exactValid=False contractValid=False depth=None raw=159.0859863776172 parent=159.086 fp= | before Nonep/Noneb after Nonep/Noneb cap=None maxDisp=None moved=None resid=None | no exact-valid pose for piece 28f5a1d1-afd4-46e4-b2b9-f1841386be28-copy-3 within the 159.0
    -> ejected=['28f5a1d1-afd'] pairs=1 comp=1 maxComp=2/7 ejected=1/7 attempted=True maxDeficit=3.999041298120974 replaced=0 failedPiece=28f5a1d1-afd cand=132>0
d1-deep-d4.0-m28-t159.08233: mode=28 exactValid=False contractValid=False depth=None raw=159.0859863776172 parent=159.086 fp= | before Nonep/Noneb after Nonep/Noneb cap=None maxDisp=None moved=None resid=None | no exact-valid pose for piece 28f5a1d1-afd4-46e4-b2b9-f1841386be28-copy-3 within the 159.0
    -> ejected=['28f5a1d1-afd'] pairs=1 comp=1 maxComp=2/7 ejected=1/7 attempted=True maxDeficit=3.999041298120974 replaced=0 failedPiece=28f5a1d1-afd cand=132>0
d1-deep-d4.0-m29-t159.09233: mode=29 exactValid=False contractValid=False depth=None raw=159.0859863776172 parent=159.086 fp= | before Nonep/Noneb after Nonep/Noneb cap=None maxDisp=None moved=None resid=None | no insertion order re-placed the 1 violation components inside the 159.09233 mm bound
    -> ejected=['54345eb7-a37', '28f5a1d1-afd'] pairs=1 comp=1 maxComp=2/7 ejected=2/7 attempted=True maxDeficit=3.999041298120974 repaired=0 refused=1 orders=2/2 swaps=1
d1-deep-d4.0-m29-t159.08233: mode=29 exactValid=False contractValid=False depth=None raw=159.0859863776172 parent=159.086 fp= | before Nonep/Noneb after Nonep/Noneb cap=None maxDisp=None moved=None resid=None | no insertion order re-placed the 1 violation components inside the 159.08233 mm bound
    -> ejected=['54345eb7-a37', '28f5a1d1-afd'] pairs=1 comp=1 maxComp=2/7 ejected=2/7 attempted=True maxDeficit=3.999041298120974 repaired=0 refused=1 orders=2/2 swaps=1
d1-deep-d6.0-m28-t159.09233: mode=28 exactValid=False contractValid=False depth=None raw=159.0859863776172 parent=159.086 fp= | before Nonep/Noneb after Nonep/Noneb cap=None maxDisp=None moved=None resid=None | no exact-valid pose for piece 28f5a1d1-afd4-46e4-b2b9-f1841386be28-copy-3 within the 159.0
    -> ejected=['28f5a1d1-afd'] pairs=1 comp=1 maxComp=2/7 ejected=1/7 attempted=True maxDeficit=5.0 replaced=0 failedPiece=28f5a1d1-afd cand=129>0
d1-deep-d6.0-m28-t159.08233: mode=28 exactValid=False contractValid=False depth=None raw=159.0859863776172 parent=159.086 fp= | before Nonep/Noneb after Nonep/Noneb cap=None maxDisp=None moved=None resid=None | no exact-valid pose for piece 28f5a1d1-afd4-46e4-b2b9-f1841386be28-copy-3 within the 159.0
    -> ejected=['28f5a1d1-afd'] pairs=1 comp=1 maxComp=2/7 ejected=1/7 attempted=True maxDeficit=5.0 replaced=0 failedPiece=28f5a1d1-afd cand=129>0
d1-deep-d6.0-m29-t159.09233: mode=29 exactValid=False contractValid=False depth=None raw=159.0859863776172 parent=159.086 fp= | before Nonep/Noneb after Nonep/Noneb cap=None maxDisp=None moved=None resid=None | no insertion order re-placed the 1 violation components inside the 159.09233 mm bound
    -> ejected=['54345eb7-a37', '28f5a1d1-afd'] pairs=1 comp=1 maxComp=2/7 ejected=2/7 attempted=True maxDeficit=5.0 repaired=0 refused=1 orders=2/2 swaps=1
d1-deep-d6.0-m29-t159.08233: mode=29 exactValid=False contractValid=False depth=None raw=159.0859863776172 parent=159.086 fp= | before Nonep/Noneb after Nonep/Noneb cap=None maxDisp=None moved=None resid=None | no insertion order re-placed the 1 violation components inside the 159.08233 mm bound
    -> ejected=['54345eb7-a37', '28f5a1d1-afd'] pairs=1 comp=1 maxComp=2/7 ejected=2/7 attempted=True maxDeficit=5.0 repaired=0 refused=1 orders=2/2 swaps=1
d2-r0-m28: mode=28 exactValid=False contractValid=False depth=None raw=159.0859863776172 parent=159.086 fp= | before Nonep/Noneb after Nonep/Noneb cap=None maxDisp=None moved=None resid=None | no exact-valid pose for piece 28f5a1d1-afd4-46e4-b2b9-f1841386be28-copy-3 within the 159.0
    -> ejected=['28f5a1d1-afd'] pairs=1 comp=1 maxComp=2/7 ejected=1/7 attempted=True maxDeficit=0.9990427084092657 replaced=0 failedPiece=28f5a1d1-afd cand=133>0
d2-r0-m29: mode=29 exactValid=False contractValid=False depth=None raw=159.0859863776172 parent=159.086 fp= | before Nonep/Noneb after Nonep/Noneb cap=None maxDisp=None moved=None resid=None | no insertion order re-placed the 1 violation components inside the 159.08233 mm bound
    -> ejected=['54345eb7-a37', '28f5a1d1-afd'] pairs=1 comp=1 maxComp=2/7 ejected=2/7 attempted=True maxDeficit=0.9990427084092657 repaired=0 refused=1 orders=2/2 swaps=1
d2-r1-m28: mode=28 exactValid=False contractValid=False depth=None raw=159.09233022733062 parent=159.092 fp= | before Nonep/Noneb after Nonep/Noneb cap=None maxDisp=None moved=None resid=None | no exact-valid pose for piece 604bc424-469c-4ab8-93f1-80c0fc4090b3-copy-1 within the 159.0
    -> ejected=['604bc424-469'] pairs=3 comp=1 maxComp=4/7 ejected=1/7 attempted=True maxDeficit=0.15539496600543412 replaced=0 failedPiece=604bc424-469 cand=155>0
d2-r1-m29: mode=29 exactValid=False contractValid=False depth=None raw=159.09233022733062 parent=159.092 fp= | before Nonep/Noneb after Nonep/Noneb cap=None maxDisp=None moved=None resid=None | no insertion order re-placed the 1 violation components inside the 159.08233 mm bound
    -> ejected=['604bc424-469', 'b8721c24-33b', '0aff79d8-47d', '25cc62e4-e3e'] pairs=3 comp=1 maxComp=4/7 ejected=4/7 attempted=True maxDeficit=0.15539496600543412 repaired=0 refused=1 orders=24/24 swaps=6
d2-r2-m28: mode=28 exactValid=False contractValid=False depth=None raw=159.09233022733062 parent=159.092 fp= | before Nonep/Noneb after Nonep/Noneb cap=None maxDisp=None moved=None resid=None | no exact-valid pose for piece 54345eb7-a37e-45eb-b0fd-eccffdfa14cc-copy-1 within the 159.0
    -> ejected=['54345eb7-a37'] pairs=3 comp=1 maxComp=4/7 ejected=1/7 attempted=True maxDeficit=0.4135336261562603 replaced=0 failedPiece=54345eb7-a37 cand=154>0
d2-r2-m29: mode=29 exactValid=False contractValid=False depth=None raw=159.09233022733062 parent=159.092 fp= | before Nonep/Noneb after Nonep/Noneb cap=None maxDisp=None moved=None resid=None | no insertion order re-placed the 1 violation components inside the 159.08233 mm bound
    -> ejected=['604bc424-469', '54345eb7-a37', '3c364de9-07d', 'd06db288-d2d'] pairs=3 comp=1 maxComp=4/7 ejected=4/7 attempted=True maxDeficit=0.4135336261562603 repaired=0 refused=1 orders=24/24 swaps=6
d2-r3-m28: mode=28 exactValid=True contractValid=True depth=159.092 raw=159.09233022733062 parent=159.092 fp=034a30a73c029f9a | before Nonep/Noneb after Nonep/Noneb cap=None maxDisp=None moved=None resid=None | 
    -> ejected=['54345eb7-a37'] pairs=2 comp=1 maxComp=3/7 ejected=1/7 attempted=True maxDeficit=0.5341532641981743 replaced=1 failedPiece=- cand=143>1
    *** EXACT-VALID: raw=159.09233022733062 contractValid=True ***
d2-r3-m29: mode=29 exactValid=False contractValid=False depth=None raw=159.09233022733062 parent=159.092 fp= | before Nonep/Noneb after Nonep/Noneb cap=None maxDisp=None moved=None resid=None | no insertion order re-placed the 1 violation components inside the 159.08233 mm bound
    -> ejected=['54345eb7-a37', '54345eb7-a37', 'b8721c24-33b'] pairs=2 comp=1 maxComp=3/7 ejected=3/7 attempted=True maxDeficit=0.5341532641981743 repaired=0 refused=1 orders=6/6 swaps=3
d2-r4-m28: mode=28 exactValid=True contractValid=True depth=159.092 raw=159.09233022733062 parent=159.092 fp=b704ebe0b3599cec | before Nonep/Noneb after Nonep/Noneb cap=None maxDisp=None moved=None resid=None | 
    -> ejected=['d06db288-d2d'] pairs=2 comp=1 maxComp=3/7 ejected=1/7 attempted=True maxDeficit=0.4893890930900433 replaced=1 failedPiece=- cand=155>1
    *** EXACT-VALID: raw=159.09233022733062 contractValid=True ***
d2-r4-m29: mode=29 exactValid=False contractValid=False depth=None raw=159.09233022733062 parent=159.092 fp= | before Nonep/Noneb after Nonep/Noneb cap=None maxDisp=None moved=None resid=None | no insertion order re-placed the 1 violation components inside the 159.08233 mm bound
    -> ejected=['604bc424-469', 'e4b6ebdf-5ca', 'd06db288-d2d'] pairs=2 comp=1 maxComp=3/7 ejected=3/7 attempted=True maxDeficit=0.4893890930900433 repaired=0 refused=1 orders=6/6 swaps=3
d2-r5-m28: mode=28 exactValid=True contractValid=True depth=159.092 raw=159.09233022733062 parent=159.092 fp=fb97f903019b0990 | before Nonep/Noneb after Nonep/Noneb cap=None maxDisp=None moved=None resid=None | 
    -> ejected=['d06db288-d2d'] pairs=2 comp=1 maxComp=3/7 ejected=1/7 attempted=True maxDeficit=0.40125172717149304 replaced=1 failedPiece=- cand=153>1
    *** EXACT-VALID: raw=159.09233022733062 contractValid=True ***
d2-r5-m29: mode=29 exactValid=False contractValid=False depth=None raw=159.09233022733062 parent=159.092 fp= | before Nonep/Noneb after Nonep/Noneb cap=None maxDisp=None moved=None resid=None | no insertion order re-placed the 1 violation components inside the 159.08233 mm bound
    -> ejected=['54345eb7-a37', '0aff79d8-47d', 'd06db288-d2d'] pairs=2 comp=1 maxComp=3/7 ejected=3/7 attempted=True maxDeficit=0.40125172717149304 repaired=0 refused=1 orders=6/6 swaps=3
d2-r6-m28: mode=28 exactValid=True contractValid=True depth=159.092 raw=159.09233022733062 parent=159.092 fp=c824b26fcd33108c | before Nonep/Noneb after Nonep/Noneb cap=None maxDisp=None moved=None resid=None | 
    -> ejected=['d06db288-d2d'] pairs=3 comp=1 maxComp=4/7 ejected=1/7 attempted=True maxDeficit=0.47757094649973286 replaced=1 failedPiece=- cand=147>2
    *** EXACT-VALID: raw=159.09233022733062 contractValid=True ***
d2-r6-m29: mode=29 exactValid=False contractValid=False depth=None raw=159.09233022733062 parent=159.092 fp= | before Nonep/Noneb after Nonep/Noneb cap=None maxDisp=None moved=None resid=None | no insertion order re-placed the 1 violation components inside the 159.08233 mm bound
    -> ejected=['d06db288-d2d', 'd06db288-d2d', 'd06db288-d2d', 'd06db288-d2d'] pairs=3 comp=1 maxComp=4/7 ejected=4/7 attempted=True maxDeficit=0.47757094649973286 repaired=0 refused=1 orders=24/24 swaps=6
d2-r7-m28: mode=28 exactValid=False contractValid=False depth=None raw=159.09233022733062 parent=159.092 fp= | before Nonep/Noneb after Nonep/Noneb cap=None maxDisp=None moved=None resid=None | no exact-valid pose for piece d06db288-d2d6-4f40-874e-98287f516d93-copy-9 within the 159.0
    -> ejected=['d06db288-d2d'] pairs=2 comp=1 maxComp=3/7 ejected=1/7 attempted=True maxDeficit=0.45260759502980896 replaced=0 failedPiece=d06db288-d2d cand=147>0
d2-r7-m29: mode=29 exactValid=False contractValid=False depth=None raw=159.09233022733062 parent=159.092 fp= | before Nonep/Noneb after Nonep/Noneb cap=None maxDisp=None moved=None resid=None | no insertion order re-placed the 1 violation components inside the 159.08233 mm bound
    -> ejected=['54345eb7-a37', 'd06db288-d2d', 'd06db288-d2d'] pairs=2 comp=1 maxComp=3/7 ejected=3/7 attempted=True maxDeficit=0.45260759502980896 repaired=0 refused=1 orders=6/6 swaps=3
d2-r8-m28: mode=28 exactValid=True contractValid=True depth=159.092 raw=159.09233022733062 parent=159.092 fp=e014e688e3021c24 | before Nonep/Noneb after Nonep/Noneb cap=None maxDisp=None moved=None resid=None | 
    -> ejected=['d06db288-d2d'] pairs=1 comp=1 maxComp=2/7 ejected=1/7 attempted=True maxDeficit=0.13127891506957123 replaced=1 failedPiece=- cand=122>4
    *** EXACT-VALID: raw=159.09233022733062 contractValid=True ***
d2-r8-m29: mode=29 exactValid=False contractValid=False depth=None raw=159.09233022733062 parent=159.092 fp= | before Nonep/Noneb after Nonep/Noneb cap=None maxDisp=None moved=None resid=None | no insertion order re-placed the 1 violation components inside the 159.08233 mm bound
    -> ejected=['d06db288-d2d', 'd06db288-d2d'] pairs=1 comp=1 maxComp=2/7 ejected=2/7 attempted=True maxDeficit=0.13127891506957123 repaired=0 refused=1 orders=2/2 swaps=1
d2-r9-m28: mode=28 exactValid=False contractValid=False depth=None raw=159.09233022733062 parent=159.092 fp= | before Nonep/Noneb after Nonep/Noneb cap=None maxDisp=None moved=None resid=None | no exact-valid pose for piece d06db288-d2d6-4f40-874e-98287f516d93-copy-17 within the 159.
    -> ejected=['d06db288-d2d'] pairs=3 comp=1 maxComp=4/7 ejected=1/7 attempted=True maxDeficit=0.5546620674094198 replaced=0 failedPiece=d06db288-d2d cand=155>0
d2-r9-m29: mode=29 exactValid=False contractValid=False depth=None raw=159.09233022733062 parent=159.092 fp= | before Nonep/Noneb after Nonep/Noneb cap=None maxDisp=None moved=None resid=None | no insertion order re-placed the 1 violation components inside the 159.08233 mm bound
    -> ejected=['54345eb7-a37', '28f5a1d1-afd', 'd06db288-d2d', 'd06db288-d2d'] pairs=3 comp=1 maxComp=4/7 ejected=4/7 attempted=True maxDeficit=0.5546620674094198 repaired=0 refused=1 orders=24/24 swaps=6
d2-r10-m28: mode=28 exactValid=False contractValid=False depth=None raw=159.09233022733062 parent=159.092 fp= | before Nonep/Noneb after Nonep/Noneb cap=None maxDisp=None moved=None resid=None | no exact-valid pose for piece d06db288-d2d6-4f40-874e-98287f516d93-copy-13 within the 159.
    -> ejected=['d06db288-d2d'] pairs=1 comp=1 maxComp=2/7 ejected=1/7 attempted=True maxDeficit=0.9763440894185695 replaced=0 failedPiece=d06db288-d2d cand=132>0
d2-r10-m29: mode=29 exactValid=False contractValid=False depth=None raw=159.09233022733062 parent=159.092 fp= | before Nonep/Noneb after Nonep/Noneb cap=None maxDisp=None moved=None resid=None | no insertion order re-placed the 1 violation components inside the 159.08233 mm bound
    -> ejected=['d06db288-d2d', 'd06db288-d2d'] pairs=1 comp=1 maxComp=2/7 ejected=2/7 attempted=True maxDeficit=0.9763440894185695 repaired=0 refused=1 orders=2/2 swaps=1
d2-r11-m28: mode=28 exactValid=False contractValid=False depth=None raw=159.09233022733062 parent=159.092 fp= | before Nonep/Noneb after Nonep/Noneb cap=None maxDisp=None moved=None resid=None | no exact-valid pose for piece d06db288-d2d6-4f40-874e-98287f516d93-copy-20 within the 159.
    -> ejected=['d06db288-d2d'] pairs=3 comp=1 maxComp=4/7 ejected=1/7 attempted=True maxDeficit=0.5976020094893268 replaced=0 failedPiece=d06db288-d2d cand=153>0
d2-r11-m29: mode=29 exactValid=False contractValid=False depth=None raw=159.09233022733062 parent=159.092 fp= | before Nonep/Noneb after Nonep/Noneb cap=None maxDisp=None moved=None resid=None | no insertion order re-placed the 1 violation components inside the 159.08233 mm bound
    -> ejected=['25cc62e4-e3e', '68c5a4cc-cf2', 'd06db288-d2d', 'd06db288-d2d'] pairs=3 comp=1 maxComp=4/7 ejected=4/7 attempted=True maxDeficit=0.5976020094893268 repaired=0 refused=1 orders=24/24 swaps=6
d2-r12-m28: mode=28 exactValid=False contractValid=True depth=None raw=159.09233022733062 parent=159.092 fp= | before Nonep/Noneb after Nonep/Noneb cap=None maxDisp=None moved=None resid=None | no exact-valid pose for piece 25cc62e4-e3e7-4b00-b8b7-7a2ef22b6846-copy-1 within the 159.0
    -> ejected=['25cc62e4-e3e'] pairs=1 comp=1 maxComp=2/7 ejected=1/7 attempted=True maxDeficit=None replaced=0 failedPiece=25cc62e4-e3e cand=134>0
d2-r12-m29: mode=29 exactValid=False contractValid=True depth=None raw=159.09233022733062 parent=159.092 fp= | before Nonep/Noneb after Nonep/Noneb cap=None maxDisp=None moved=None resid=None | no insertion order re-placed the 1 violation components inside the 159.08233 mm bound
    -> ejected=['25cc62e4-e3e', 'd06db288-d2d'] pairs=1 comp=1 maxComp=2/7 ejected=2/7 attempted=True maxDeficit=None repaired=0 refused=1 orders=2/2 swaps=1
d2-r13-m28: mode=28 exactValid=True contractValid=True depth=159.092 raw=159.09233022733062 parent=159.092 fp=b4aaf7e4d582d9ad | before Nonep/Noneb after Nonep/Noneb cap=None maxDisp=None moved=None resid=None | 
    -> ejected=['d06db288-d2d'] pairs=2 comp=1 maxComp=3/7 ejected=1/7 attempted=True maxDeficit=0.4648335078038164 replaced=1 failedPiece=- cand=147>4
    *** EXACT-VALID: raw=159.09233022733062 contractValid=True ***
d2-r13-m29: mode=29 exactValid=False contractValid=False depth=None raw=159.09233022733062 parent=159.092 fp= | before Nonep/Noneb after Nonep/Noneb cap=None maxDisp=None moved=None resid=None | no insertion order re-placed the 1 violation components inside the 159.08233 mm bound
    -> ejected=['54345eb7-a37', '68c5a4cc-cf2', 'd06db288-d2d'] pairs=2 comp=1 maxComp=3/7 ejected=3/7 attempted=True maxDeficit=0.4648335078038164 repaired=0 refused=1 orders=6/6 swaps=3
d2-r14-m28: mode=28 exactValid=True contractValid=True depth=159.092 raw=159.09233022733062 parent=159.092 fp=181c023fe0ae6bd3 | before Nonep/Noneb after Nonep/Noneb cap=None maxDisp=None moved=None resid=None | 
    -> ejected=['e4b6ebdf-5ca'] pairs=2 comp=1 maxComp=3/7 ejected=1/7 attempted=True maxDeficit=0.09889998895803664 replaced=1 failedPiece=- cand=147>2
    *** EXACT-VALID: raw=159.09233022733062 contractValid=True ***
d2-r14-m29: mode=29 exactValid=True contractValid=True depth=159.092 raw=159.09233022733062 parent=159.092 fp=9d33e5b8bc5b7015 | before Nonep/Noneb after Nonep/Noneb cap=None maxDisp=None moved=None resid=None | 
    -> ejected=['b8721c24-33b', 'e4b6ebdf-5ca', 'd06db288-d2d'] pairs=2 comp=1 maxComp=3/7 ejected=3/7 attempted=True maxDeficit=0.09889998895803664 repaired=1 refused=0 orders=1/6 swaps=0
    *** EXACT-VALID: raw=159.09233022733062 contractValid=True ***
d2-r15-m28: mode=28 exactValid=True contractValid=True depth=159.092 raw=159.09233022733062 parent=159.092 fp=8caaaaa9329907b3 | before Nonep/Noneb after Nonep/Noneb cap=None maxDisp=None moved=None resid=None | 
    -> ejected=['68c5a4cc-cf2'] pairs=3 comp=1 maxComp=4/7 ejected=1/7 attempted=True maxDeficit=0.9526650879418543 replaced=1 failedPiece=- cand=143>3
    *** EXACT-VALID: raw=159.09233022733062 contractValid=True ***
d2-r15-m29: mode=29 exactValid=True contractValid=True depth=159.092 raw=159.09233022733062 parent=159.092 fp=6ea2ef67e3a42720 | before Nonep/Noneb after Nonep/Noneb cap=None maxDisp=None moved=None resid=None | 
    -> ejected=['604bc424-469', '604bc424-469', '68c5a4cc-cf2', 'd06db288-d2d'] pairs=3 comp=1 maxComp=4/7 ejected=4/7 attempted=True maxDeficit=0.9526650879418543 repaired=1 refused=0 orders=10/24 swaps=0
    *** EXACT-VALID: raw=159.09233022733062 contractValid=True ***
# exact-valid: 10 [('d2-r3-m28', 159.09233022733062, True), ('d2-r4-m28', 159.09233022733062, True), ('d2-r5-m28', 159.09233022733062, True), ('d2-r6-m28', 159.09233022733062, True), ('d2-r8-m28', 159.09233022733062, True), ('d2-r13-m28', 159.09233022733062, True), ('d2-r14-m28', 159.09233022733062, True), ('d2-r14-m29', 159.09233022733062, True), ('d2-r15-m28', 159.09233022733062, True), ('d2-r15-m29', 159.09233022733062, True)]
# below incumbent: 0 []
