# GRID B: 60 arms, incumbent raw=159.09233022733062
b-k0-d0.0-m28-t159.09233: mode=28 exactValid=False contractValid=True depth=None raw=159.09233022733062 parent=159.092 fp= | before Nonep/Noneb after Nonep/Noneb cap=None maxDisp=None moved=None resid=None | no violating pair to target with a re-placement
    -> pairs=0 comp=0 maxComp=0/7 ejected=0/7 attempted=False maxDeficit=None replaced=0 failedPiece=- cand=
b-k0-d0.0-m28-t159.08233: mode=28 exactValid=False contractValid=True depth=None raw=159.09233022733062 parent=159.092 fp= | before Nonep/Noneb after Nonep/Noneb cap=None maxDisp=None moved=None resid=None | no violating pair to target with a re-placement
    -> pairs=0 comp=0 maxComp=0/7 ejected=0/7 attempted=False maxDeficit=None replaced=0 failedPiece=- cand=
b-k0-d0.0-m28-t159.05233: mode=28 exactValid=False contractValid=True depth=None raw=159.09233022733062 parent=159.092 fp= | before Nonep/Noneb after Nonep/Noneb cap=None maxDisp=None moved=None resid=None | no violating pair to target with a re-placement
    -> pairs=0 comp=0 maxComp=0/7 ejected=0/7 attempted=False maxDeficit=None replaced=0 failedPiece=- cand=
b-k0-d0.0-m29-t159.09233: mode=29 exactValid=False contractValid=True depth=None raw=159.09233022733062 parent=159.092 fp= | before Nonep/Noneb after Nonep/Noneb cap=None maxDisp=None moved=None resid=None | no violating pair to target with a joint re-placement
    -> pairs=0 comp=0 maxComp=0/7 ejected=0/7 attempted=False maxDeficit=None repaired=0 refused=0 orders=0/0 swaps=0
b-k0-d0.0-m29-t159.08233: mode=29 exactValid=False contractValid=True depth=None raw=159.09233022733062 parent=159.092 fp= | before Nonep/Noneb after Nonep/Noneb cap=None maxDisp=None moved=None resid=None | no violating pair to target with a joint re-placement
    -> pairs=0 comp=0 maxComp=0/7 ejected=0/7 attempted=False maxDeficit=None repaired=0 refused=0 orders=0/0 swaps=0
b-k0-d0.0-m29-t159.05233: mode=29 exactValid=False contractValid=True depth=None raw=159.09233022733062 parent=159.092 fp= | before Nonep/Noneb after Nonep/Noneb cap=None maxDisp=None moved=None resid=None | no violating pair to target with a joint re-placement
    -> pairs=0 comp=0 maxComp=0/7 ejected=0/7 attempted=False maxDeficit=None repaired=0 refused=0 orders=0/0 swaps=0
b-k2-d0.5-m28-t159.09233: mode=28 exactValid=False contractValid=False depth=None raw=159.08362371460316 parent=159.084 fp= | before Nonep/Noneb after Nonep/Noneb cap=None maxDisp=None moved=None resid=None | no exact-valid pose for piece 28f5a1d1-afd4-46e4-b2b9-f1841386be28-copy-3 within the 159.0
    -> pairs=4 comp=2 maxComp=4/7 ejected=2/7 attempted=True maxDeficit=0.4990429434573125 replaced=0 failedPiece=28f5a1d1-afd cand=122>0
b-k2-d0.5-m28-t159.08233: mode=28 exactValid=False contractValid=False depth=None raw=159.08362371460316 parent=159.084 fp= | before Nonep/Noneb after Nonep/Noneb cap=None maxDisp=None moved=None resid=None | no exact-valid pose for piece 28f5a1d1-afd4-46e4-b2b9-f1841386be28-copy-3 within the 159.0
    -> pairs=4 comp=2 maxComp=4/7 ejected=2/7 attempted=True maxDeficit=0.4990429434573125 replaced=0 failedPiece=28f5a1d1-afd cand=122>0
b-k2-d0.5-m28-t159.05233: mode=28 exactValid=False contractValid=False depth=None raw=159.08362371460316 parent=159.084 fp= | before Nonep/Noneb after Nonep/Noneb cap=None maxDisp=None moved=None resid=None | no exact-valid pose for piece 28f5a1d1-afd4-46e4-b2b9-f1841386be28-copy-3 within the 159.0
    -> pairs=4 comp=2 maxComp=4/7 ejected=2/7 attempted=True maxDeficit=0.4990429434573125 replaced=0 failedPiece=28f5a1d1-afd cand=122>0
b-k2-d0.5-m29-t159.09233: mode=29 exactValid=False contractValid=False depth=None raw=159.08362371460316 parent=159.084 fp= | before Nonep/Noneb after Nonep/Noneb cap=None maxDisp=None moved=None resid=None | no insertion order re-placed the 2 violation components inside the 159.09233 mm bound
    -> pairs=4 comp=2 maxComp=4/7 ejected=6/7 attempted=True maxDeficit=0.4990429434573125 repaired=0 refused=2 orders=26/26 swaps=7
b-k2-d0.5-m29-t159.08233: mode=29 exactValid=False contractValid=False depth=None raw=159.08362371460316 parent=159.084 fp= | before Nonep/Noneb after Nonep/Noneb cap=None maxDisp=None moved=None resid=None | no insertion order re-placed the 2 violation components inside the 159.08233 mm bound
    -> pairs=4 comp=2 maxComp=4/7 ejected=6/7 attempted=True maxDeficit=0.4990429434573125 repaired=0 refused=2 orders=26/26 swaps=7
b-k2-d0.5-m29-t159.05233: mode=29 exactValid=False contractValid=False depth=None raw=159.08362371460316 parent=159.084 fp= | before Nonep/Noneb after Nonep/Noneb cap=None maxDisp=None moved=None resid=None | no insertion order re-placed the 2 violation components inside the 159.05233 mm bound
    -> pairs=4 comp=2 maxComp=4/7 ejected=6/7 attempted=True maxDeficit=0.4990429434573125 repaired=0 refused=2 orders=26/26 swaps=7
b-k2-d1.0-m28-t159.09233: mode=28 exactValid=False contractValid=False depth=None raw=159.08362371460316 parent=159.084 fp= | before Nonep/Noneb after Nonep/Noneb cap=None maxDisp=None moved=None resid=None | no exact-valid pose for piece 28f5a1d1-afd4-46e4-b2b9-f1841386be28-copy-3 within the 159.0
    -> pairs=4 comp=2 maxComp=4/7 ejected=2/7 attempted=True maxDeficit=0.9990427084092657 replaced=0 failedPiece=28f5a1d1-afd cand=133>0
b-k2-d1.0-m28-t159.08233: mode=28 exactValid=False contractValid=False depth=None raw=159.08362371460316 parent=159.084 fp= | before Nonep/Noneb after Nonep/Noneb cap=None maxDisp=None moved=None resid=None | no exact-valid pose for piece 28f5a1d1-afd4-46e4-b2b9-f1841386be28-copy-3 within the 159.0
    -> pairs=4 comp=2 maxComp=4/7 ejected=2/7 attempted=True maxDeficit=0.9990427084092657 replaced=0 failedPiece=28f5a1d1-afd cand=133>0
b-k2-d1.0-m28-t159.05233: mode=28 exactValid=False contractValid=False depth=None raw=159.08362371460316 parent=159.084 fp= | before Nonep/Noneb after Nonep/Noneb cap=None maxDisp=None moved=None resid=None | no exact-valid pose for piece 28f5a1d1-afd4-46e4-b2b9-f1841386be28-copy-3 within the 159.0
    -> pairs=4 comp=2 maxComp=4/7 ejected=2/7 attempted=True maxDeficit=0.9990427084092657 replaced=0 failedPiece=28f5a1d1-afd cand=133>0
b-k2-d1.0-m29-t159.09233: mode=29 exactValid=False contractValid=False depth=None raw=159.08362371460316 parent=159.084 fp= | before Nonep/Noneb after Nonep/Noneb cap=None maxDisp=None moved=None resid=None | no insertion order re-placed the 2 violation components inside the 159.09233 mm bound
    -> pairs=4 comp=2 maxComp=4/7 ejected=6/7 attempted=True maxDeficit=0.9990427084092657 repaired=0 refused=2 orders=26/26 swaps=7
b-k2-d1.0-m29-t159.08233: mode=29 exactValid=False contractValid=False depth=None raw=159.08362371460316 parent=159.084 fp= | before Nonep/Noneb after Nonep/Noneb cap=None maxDisp=None moved=None resid=None | no insertion order re-placed the 2 violation components inside the 159.08233 mm bound
    -> pairs=4 comp=2 maxComp=4/7 ejected=6/7 attempted=True maxDeficit=0.9990427084092657 repaired=0 refused=2 orders=26/26 swaps=7
b-k2-d1.0-m29-t159.05233: mode=29 exactValid=False contractValid=False depth=None raw=159.08362371460316 parent=159.084 fp= | before Nonep/Noneb after Nonep/Noneb cap=None maxDisp=None moved=None resid=None | no insertion order re-placed the 2 violation components inside the 159.05233 mm bound
    -> pairs=4 comp=2 maxComp=4/7 ejected=6/7 attempted=True maxDeficit=0.9990427084092657 repaired=0 refused=2 orders=26/26 swaps=7
b-k2-d2.0-m28-t159.09233: mode=28 exactValid=False contractValid=False depth=None raw=159.08362371460316 parent=159.084 fp= | before Nonep/Noneb after Nonep/Noneb cap=None maxDisp=None moved=None resid=None | no exact-valid pose for piece 28f5a1d1-afd4-46e4-b2b9-f1841386be28-copy-3 within the 159.0
    -> pairs=4 comp=2 maxComp=4/7 ejected=2/7 attempted=True maxDeficit=1.9990422383131596 replaced=0 failedPiece=28f5a1d1-afd cand=132>0
b-k2-d2.0-m28-t159.08233: mode=28 exactValid=False contractValid=False depth=None raw=159.08362371460316 parent=159.084 fp= | before Nonep/Noneb after Nonep/Noneb cap=None maxDisp=None moved=None resid=None | no exact-valid pose for piece 28f5a1d1-afd4-46e4-b2b9-f1841386be28-copy-3 within the 159.0
    -> pairs=4 comp=2 maxComp=4/7 ejected=2/7 attempted=True maxDeficit=1.9990422383131596 replaced=0 failedPiece=28f5a1d1-afd cand=132>0
b-k2-d2.0-m28-t159.05233: mode=28 exactValid=False contractValid=False depth=None raw=159.08362371460316 parent=159.084 fp= | before Nonep/Noneb after Nonep/Noneb cap=None maxDisp=None moved=None resid=None | no exact-valid pose for piece 28f5a1d1-afd4-46e4-b2b9-f1841386be28-copy-3 within the 159.0
    -> pairs=4 comp=2 maxComp=4/7 ejected=2/7 attempted=True maxDeficit=1.9990422383131596 replaced=0 failedPiece=28f5a1d1-afd cand=132>0
b-k2-d2.0-m29-t159.09233: mode=29 exactValid=False contractValid=False depth=None raw=159.08362371460316 parent=159.084 fp= | before Nonep/Noneb after Nonep/Noneb cap=None maxDisp=None moved=None resid=None | no insertion order re-placed the 2 violation components inside the 159.09233 mm bound
    -> pairs=4 comp=2 maxComp=4/7 ejected=6/7 attempted=True maxDeficit=1.9990422383131596 repaired=0 refused=2 orders=26/26 swaps=7
b-k2-d2.0-m29-t159.08233: mode=29 exactValid=False contractValid=False depth=None raw=159.08362371460316 parent=159.084 fp= | before Nonep/Noneb after Nonep/Noneb cap=None maxDisp=None moved=None resid=None | no insertion order re-placed the 2 violation components inside the 159.08233 mm bound
    -> pairs=4 comp=2 maxComp=4/7 ejected=6/7 attempted=True maxDeficit=1.9990422383131596 repaired=0 refused=2 orders=26/26 swaps=7
b-k2-d2.0-m29-t159.05233: mode=29 exactValid=False contractValid=False depth=None raw=159.08362371460316 parent=159.084 fp= | before Nonep/Noneb after Nonep/Noneb cap=None maxDisp=None moved=None resid=None | no insertion order re-placed the 2 violation components inside the 159.05233 mm bound
    -> pairs=4 comp=2 maxComp=4/7 ejected=6/7 attempted=True maxDeficit=1.9990422383131596 repaired=0 refused=2 orders=26/26 swaps=7
b-k3-d0.5-m28-t159.09233: mode=28 exactValid=False contractValid=False depth=None raw=159.07799885062 parent=159.078 fp= | before Nonep/Noneb after Nonep/Noneb cap=None maxDisp=None moved=None resid=None | no exact-valid pose for piece 28f5a1d1-afd4-46e4-b2b9-f1841386be28-copy-3 within the 159.0
    -> pairs=7 comp=3 maxComp=4/7 ejected=3/7 attempted=True maxDeficit=0.4990429434573125 replaced=0 failedPiece=28f5a1d1-afd cand=122>0
b-k3-d0.5-m28-t159.08233: mode=28 exactValid=False contractValid=False depth=None raw=159.07799885062 parent=159.078 fp= | before Nonep/Noneb after Nonep/Noneb cap=None maxDisp=None moved=None resid=None | no exact-valid pose for piece 28f5a1d1-afd4-46e4-b2b9-f1841386be28-copy-3 within the 159.0
    -> pairs=7 comp=3 maxComp=4/7 ejected=3/7 attempted=True maxDeficit=0.4990429434573125 replaced=0 failedPiece=28f5a1d1-afd cand=122>0
b-k3-d0.5-m28-t159.05233: mode=28 exactValid=False contractValid=False depth=None raw=159.07799885062 parent=159.078 fp= | before Nonep/Noneb after Nonep/Noneb cap=None maxDisp=None moved=None resid=None | no exact-valid pose for piece 28f5a1d1-afd4-46e4-b2b9-f1841386be28-copy-3 within the 159.0
    -> pairs=7 comp=3 maxComp=4/7 ejected=3/7 attempted=True maxDeficit=0.4990429434573125 replaced=0 failedPiece=28f5a1d1-afd cand=122>0
b-k3-d0.5-m29-t159.09233: mode=29 exactValid=False contractValid=False depth=None raw=159.07799885062 parent=159.078 fp= | before Nonep/Noneb after Nonep/Noneb cap=None maxDisp=None moved=None resid=None | no insertion order re-placed the 3 violation components inside the 159.09233 mm bound
    -> pairs=7 comp=3 maxComp=4/7 ejected=10/7 attempted=True maxDeficit=0.4990429434573125 repaired=0 refused=3 orders=50/50 swaps=13
b-k3-d0.5-m29-t159.08233: mode=29 exactValid=False contractValid=False depth=None raw=159.07799885062 parent=159.078 fp= | before Nonep/Noneb after Nonep/Noneb cap=None maxDisp=None moved=None resid=None | no insertion order re-placed the 3 violation components inside the 159.08233 mm bound
    -> pairs=7 comp=3 maxComp=4/7 ejected=10/7 attempted=True maxDeficit=0.4990429434573125 repaired=0 refused=3 orders=50/50 swaps=13
b-k3-d0.5-m29-t159.05233: mode=29 exactValid=False contractValid=False depth=None raw=159.07799885062 parent=159.078 fp= | before Nonep/Noneb after Nonep/Noneb cap=None maxDisp=None moved=None resid=None | no insertion order re-placed the 3 violation components inside the 159.05233 mm bound
    -> pairs=7 comp=3 maxComp=4/7 ejected=10/7 attempted=True maxDeficit=0.4990429434573125 repaired=0 refused=3 orders=50/50 swaps=13
b-k3-d1.0-m28-t159.09233: mode=28 exactValid=False contractValid=False depth=None raw=159.07799885062 parent=159.078 fp= | before Nonep/Noneb after Nonep/Noneb cap=None maxDisp=None moved=None resid=None | no exact-valid pose for piece 28f5a1d1-afd4-46e4-b2b9-f1841386be28-copy-3 within the 159.0
    -> pairs=7 comp=3 maxComp=4/7 ejected=3/7 attempted=True maxDeficit=0.9990427084092657 replaced=0 failedPiece=28f5a1d1-afd cand=133>0
b-k3-d1.0-m28-t159.08233: mode=28 exactValid=False contractValid=False depth=None raw=159.07799885062 parent=159.078 fp= | before Nonep/Noneb after Nonep/Noneb cap=None maxDisp=None moved=None resid=None | no exact-valid pose for piece 28f5a1d1-afd4-46e4-b2b9-f1841386be28-copy-3 within the 159.0
    -> pairs=7 comp=3 maxComp=4/7 ejected=3/7 attempted=True maxDeficit=0.9990427084092657 replaced=0 failedPiece=28f5a1d1-afd cand=133>0
b-k3-d1.0-m28-t159.05233: mode=28 exactValid=False contractValid=False depth=None raw=159.07799885062 parent=159.078 fp= | before Nonep/Noneb after Nonep/Noneb cap=None maxDisp=None moved=None resid=None | no exact-valid pose for piece 28f5a1d1-afd4-46e4-b2b9-f1841386be28-copy-3 within the 159.0
    -> pairs=7 comp=3 maxComp=4/7 ejected=3/7 attempted=True maxDeficit=0.9990427084092657 replaced=0 failedPiece=28f5a1d1-afd cand=133>0
b-k3-d1.0-m29-t159.09233: mode=29 exactValid=False contractValid=False depth=None raw=159.07799885062 parent=159.078 fp= | before Nonep/Noneb after Nonep/Noneb cap=None maxDisp=None moved=None resid=None | no insertion order re-placed the 3 violation components inside the 159.09233 mm bound
    -> pairs=7 comp=3 maxComp=4/7 ejected=10/7 attempted=True maxDeficit=0.9990427084092657 repaired=0 refused=3 orders=50/50 swaps=13
b-k3-d1.0-m29-t159.08233: mode=29 exactValid=False contractValid=False depth=None raw=159.07799885062 parent=159.078 fp= | before Nonep/Noneb after Nonep/Noneb cap=None maxDisp=None moved=None resid=None | no insertion order re-placed the 3 violation components inside the 159.08233 mm bound
    -> pairs=7 comp=3 maxComp=4/7 ejected=10/7 attempted=True maxDeficit=0.9990427084092657 repaired=0 refused=3 orders=50/50 swaps=13
b-k3-d1.0-m29-t159.05233: mode=29 exactValid=False contractValid=False depth=None raw=159.07799885062 parent=159.078 fp= | before Nonep/Noneb after Nonep/Noneb cap=None maxDisp=None moved=None resid=None | no insertion order re-placed the 3 violation components inside the 159.05233 mm bound
    -> pairs=7 comp=3 maxComp=4/7 ejected=10/7 attempted=True maxDeficit=0.9990427084092657 repaired=0 refused=3 orders=50/50 swaps=13
b-k3-d2.0-m28-t159.09233: mode=28 exactValid=False contractValid=False depth=None raw=159.07799885062 parent=159.078 fp= | before Nonep/Noneb after Nonep/Noneb cap=None maxDisp=None moved=None resid=None | no exact-valid pose for piece 28f5a1d1-afd4-46e4-b2b9-f1841386be28-copy-3 within the 159.0
    -> pairs=8 comp=3 maxComp=5/7 ejected=3/7 attempted=True maxDeficit=1.9990422383131596 replaced=0 failedPiece=28f5a1d1-afd cand=132>0
b-k3-d2.0-m28-t159.08233: mode=28 exactValid=False contractValid=False depth=None raw=159.07799885062 parent=159.078 fp= | before Nonep/Noneb after Nonep/Noneb cap=None maxDisp=None moved=None resid=None | no exact-valid pose for piece 28f5a1d1-afd4-46e4-b2b9-f1841386be28-copy-3 within the 159.0
    -> pairs=8 comp=3 maxComp=5/7 ejected=3/7 attempted=True maxDeficit=1.9990422383131596 replaced=0 failedPiece=28f5a1d1-afd cand=132>0
b-k3-d2.0-m28-t159.05233: mode=28 exactValid=False contractValid=False depth=None raw=159.07799885062 parent=159.078 fp= | before Nonep/Noneb after Nonep/Noneb cap=None maxDisp=None moved=None resid=None | no exact-valid pose for piece 28f5a1d1-afd4-46e4-b2b9-f1841386be28-copy-3 within the 159.0
    -> pairs=8 comp=3 maxComp=5/7 ejected=3/7 attempted=True maxDeficit=1.9990422383131596 replaced=0 failedPiece=28f5a1d1-afd cand=132>0
b-k3-d2.0-m29-t159.09233: mode=29 exactValid=False contractValid=False depth=None raw=159.07799885062 parent=159.078 fp= | before Nonep/Noneb after Nonep/Noneb cap=None maxDisp=None moved=None resid=None | no insertion order re-placed the 3 violation components inside the 159.09233 mm bound
    -> pairs=8 comp=3 maxComp=5/7 ejected=11/7 attempted=True maxDeficit=1.9990422383131596 repaired=0 refused=3 orders=31/31 swaps=17
b-k3-d2.0-m29-t159.08233: mode=29 exactValid=False contractValid=False depth=None raw=159.07799885062 parent=159.078 fp= | before Nonep/Noneb after Nonep/Noneb cap=None maxDisp=None moved=None resid=None | no insertion order re-placed the 3 violation components inside the 159.08233 mm bound
    -> pairs=8 comp=3 maxComp=5/7 ejected=11/7 attempted=True maxDeficit=1.9990422383131596 repaired=0 refused=3 orders=31/31 swaps=17
b-k3-d2.0-m29-t159.05233: mode=29 exactValid=False contractValid=False depth=None raw=159.07799885062 parent=159.078 fp= | before Nonep/Noneb after Nonep/Noneb cap=None maxDisp=None moved=None resid=None | no insertion order re-placed the 3 violation components inside the 159.05233 mm bound
    -> pairs=8 comp=3 maxComp=5/7 ejected=11/7 attempted=True maxDeficit=1.9990422383131596 repaired=0 refused=3 orders=31/31 swaps=17
b-k6-d0.5-m28-t159.09233: mode=28 exactValid=False contractValid=False depth=None raw=159.03499934779546 parent=159.035 fp= | before Nonep/Noneb after Nonep/Noneb cap=None maxDisp=None moved=None resid=None | ejection set of 8 pieces exceeds the local-repair limit of 7
    -> pairs=13 comp=4 maxComp=6/7 ejected=8/7 attempted=False maxDeficit=0.4990429434573125 replaced=0 failedPiece=- cand=
b-k6-d0.5-m28-t159.08233: mode=28 exactValid=False contractValid=False depth=None raw=159.03499934779546 parent=159.035 fp= | before Nonep/Noneb after Nonep/Noneb cap=None maxDisp=None moved=None resid=None | ejection set of 8 pieces exceeds the local-repair limit of 7
    -> pairs=13 comp=4 maxComp=6/7 ejected=8/7 attempted=False maxDeficit=0.4990429434573125 replaced=0 failedPiece=- cand=
b-k6-d0.5-m28-t159.05233: mode=28 exactValid=False contractValid=False depth=None raw=159.03499934779546 parent=159.035 fp= | before Nonep/Noneb after Nonep/Noneb cap=None maxDisp=None moved=None resid=None | ejection set of 8 pieces exceeds the local-repair limit of 7
    -> pairs=13 comp=4 maxComp=6/7 ejected=8/7 attempted=False maxDeficit=0.4990429434573125 replaced=0 failedPiece=- cand=
b-k6-d0.5-m29-t159.09233: mode=29 exactValid=False contractValid=False depth=None raw=159.03499934779546 parent=159.035 fp= | before Nonep/Noneb after Nonep/Noneb cap=None maxDisp=None moved=None resid=None | no insertion order re-placed the 4 violation components inside the 159.09233 mm bound
    -> pairs=13 comp=4 maxComp=6/7 ejected=17/7 attempted=True maxDeficit=0.4990429434573125 repaired=0 refused=4 orders=37/37 swaps=32
b-k6-d0.5-m29-t159.08233: mode=29 exactValid=False contractValid=False depth=None raw=159.03499934779546 parent=159.035 fp= | before Nonep/Noneb after Nonep/Noneb cap=None maxDisp=None moved=None resid=None | no insertion order re-placed the 4 violation components inside the 159.08233 mm bound
    -> pairs=13 comp=4 maxComp=6/7 ejected=17/7 attempted=True maxDeficit=0.4990429434573125 repaired=0 refused=4 orders=37/37 swaps=32
b-k6-d0.5-m29-t159.05233: mode=29 exactValid=False contractValid=False depth=None raw=159.03499934779546 parent=159.035 fp= | before Nonep/Noneb after Nonep/Noneb cap=None maxDisp=None moved=None resid=None | no insertion order re-placed the 4 violation components inside the 159.05233 mm bound
    -> pairs=13 comp=4 maxComp=6/7 ejected=17/7 attempted=True maxDeficit=0.4990429434573125 repaired=0 refused=4 orders=37/37 swaps=32
b-k6-d1.0-m28-t159.09233: mode=28 exactValid=False contractValid=False depth=None raw=159.03499934779546 parent=159.035 fp= | before Nonep/Noneb after Nonep/Noneb cap=None maxDisp=None moved=None resid=None | ejection set of 8 pieces exceeds the local-repair limit of 7
    -> pairs=13 comp=4 maxComp=6/7 ejected=8/7 attempted=False maxDeficit=0.9990427084092657 replaced=0 failedPiece=- cand=
b-k6-d1.0-m28-t159.08233: mode=28 exactValid=False contractValid=False depth=None raw=159.03499934779546 parent=159.035 fp= | before Nonep/Noneb after Nonep/Noneb cap=None maxDisp=None moved=None resid=None | ejection set of 8 pieces exceeds the local-repair limit of 7
    -> pairs=13 comp=4 maxComp=6/7 ejected=8/7 attempted=False maxDeficit=0.9990427084092657 replaced=0 failedPiece=- cand=
b-k6-d1.0-m28-t159.05233: mode=28 exactValid=False contractValid=False depth=None raw=159.03499934779546 parent=159.035 fp= | before Nonep/Noneb after Nonep/Noneb cap=None maxDisp=None moved=None resid=None | ejection set of 8 pieces exceeds the local-repair limit of 7
    -> pairs=13 comp=4 maxComp=6/7 ejected=8/7 attempted=False maxDeficit=0.9990427084092657 replaced=0 failedPiece=- cand=
b-k6-d1.0-m29-t159.09233: mode=29 exactValid=False contractValid=False depth=None raw=159.03499934779546 parent=159.035 fp= | before Nonep/Noneb after Nonep/Noneb cap=None maxDisp=None moved=None resid=None | no insertion order re-placed the 4 violation components inside the 159.09233 mm bound
    -> pairs=13 comp=4 maxComp=6/7 ejected=17/7 attempted=True maxDeficit=0.9990427084092657 repaired=0 refused=4 orders=37/37 swaps=32
b-k6-d1.0-m29-t159.08233: mode=29 exactValid=False contractValid=False depth=None raw=159.03499934779546 parent=159.035 fp= | before Nonep/Noneb after Nonep/Noneb cap=None maxDisp=None moved=None resid=None | no insertion order re-placed the 4 violation components inside the 159.08233 mm bound
    -> pairs=13 comp=4 maxComp=6/7 ejected=17/7 attempted=True maxDeficit=0.9990427084092657 repaired=0 refused=4 orders=37/37 swaps=32
b-k6-d1.0-m29-t159.05233: mode=29 exactValid=False contractValid=False depth=None raw=159.03499934779546 parent=159.035 fp= | before Nonep/Noneb after Nonep/Noneb cap=None maxDisp=None moved=None resid=None | no insertion order re-placed the 4 violation components inside the 159.05233 mm bound
    -> pairs=13 comp=4 maxComp=6/7 ejected=17/7 attempted=True maxDeficit=0.9990427084092657 repaired=0 refused=4 orders=37/37 swaps=32
b-k6-d2.0-m28-t159.09233: mode=28 exactValid=False contractValid=False depth=None raw=159.03499934779546 parent=159.035 fp= | before Nonep/Noneb after Nonep/Noneb cap=None maxDisp=None moved=None resid=None | ejection set of 8 pieces exceeds the local-repair limit of 7
    -> pairs=14 comp=4 maxComp=7/7 ejected=8/7 attempted=False maxDeficit=1.9990422383131596 replaced=0 failedPiece=- cand=
b-k6-d2.0-m28-t159.08233: mode=28 exactValid=False contractValid=False depth=None raw=159.03499934779546 parent=159.035 fp= | before Nonep/Noneb after Nonep/Noneb cap=None maxDisp=None moved=None resid=None | ejection set of 8 pieces exceeds the local-repair limit of 7
    -> pairs=14 comp=4 maxComp=7/7 ejected=8/7 attempted=False maxDeficit=1.9990422383131596 replaced=0 failedPiece=- cand=
b-k6-d2.0-m28-t159.05233: mode=28 exactValid=False contractValid=False depth=None raw=159.03499934779546 parent=159.035 fp= | before Nonep/Noneb after Nonep/Noneb cap=None maxDisp=None moved=None resid=None | ejection set of 8 pieces exceeds the local-repair limit of 7
    -> pairs=14 comp=4 maxComp=7/7 ejected=8/7 attempted=False maxDeficit=1.9990422383131596 replaced=0 failedPiece=- cand=
b-k6-d2.0-m29-t159.09233: mode=29 exactValid=False contractValid=False depth=None raw=159.03499934779546 parent=159.035 fp= | before Nonep/Noneb after Nonep/Noneb cap=None maxDisp=None moved=None resid=None | no insertion order re-placed the 4 violation components inside the 159.09233 mm bound
    -> pairs=14 comp=4 maxComp=7/7 ejected=18/7 attempted=True maxDeficit=1.9990422383131596 repaired=0 refused=4 orders=38/38 swaps=38
b-k6-d2.0-m29-t159.08233: mode=29 exactValid=False contractValid=False depth=None raw=159.03499934779546 parent=159.035 fp= | before Nonep/Noneb after Nonep/Noneb cap=None maxDisp=None moved=None resid=None | no insertion order re-placed the 4 violation components inside the 159.08233 mm bound
    -> pairs=14 comp=4 maxComp=7/7 ejected=18/7 attempted=True maxDeficit=1.9990422383131596 repaired=0 refused=4 orders=38/38 swaps=38
b-k6-d2.0-m29-t159.05233: mode=29 exactValid=False contractValid=False depth=None raw=159.03499934779546 parent=159.035 fp= | before Nonep/Noneb after Nonep/Noneb cap=None maxDisp=None moved=None resid=None | no insertion order re-placed the 4 violation components inside the 159.05233 mm bound
    -> pairs=14 comp=4 maxComp=7/7 ejected=18/7 attempted=True maxDeficit=1.9990422383131596 repaired=0 refused=4 orders=38/38 swaps=38
# publications below incumbent: 0 []
