# GRID C: 88 arms, incumbent raw=159.09233022733062
c1-k1-d0.02-m28-t159.09233: mode=28 exactValid=False contractValid=False depth=None raw=159.0859863776172 parent=159.086 fp= | before Nonep/Noneb after Nonep/Noneb cap=None maxDisp=None moved=None resid=None | no exact-valid pose for piece 28f5a1d1-afd4-46e4-b2b9-f1841386be28-copy-3 within the 159.0
    -> pairs=1 comp=1 maxComp=2/7 ejected=1/7 attempted=True maxDeficit=0.019043169103440505 replaced=0 failedPiece=28f5a1d1-afd cand=122>0
c1-k1-d0.02-m28-t159.08233: mode=28 exactValid=False contractValid=False depth=None raw=159.0859863776172 parent=159.086 fp= | before Nonep/Noneb after Nonep/Noneb cap=None maxDisp=None moved=None resid=None | no exact-valid pose for piece 28f5a1d1-afd4-46e4-b2b9-f1841386be28-copy-3 within the 159.0
    -> pairs=1 comp=1 maxComp=2/7 ejected=1/7 attempted=True maxDeficit=0.019043169103440505 replaced=0 failedPiece=28f5a1d1-afd cand=122>0
c1-k1-d0.02-m29-t159.09233: mode=29 exactValid=False contractValid=False depth=None raw=159.0859863776172 parent=159.086 fp= | before Nonep/Noneb after Nonep/Noneb cap=None maxDisp=None moved=None resid=None | no insertion order re-placed the 1 violation components inside the 159.09233 mm bound
    -> pairs=1 comp=1 maxComp=2/7 ejected=2/7 attempted=True maxDeficit=0.019043169103440505 repaired=0 refused=1 orders=2/2 swaps=1
c1-k1-d0.02-m29-t159.08233: mode=29 exactValid=False contractValid=False depth=None raw=159.0859863776172 parent=159.086 fp= | before Nonep/Noneb after Nonep/Noneb cap=None maxDisp=None moved=None resid=None | no insertion order re-placed the 1 violation components inside the 159.08233 mm bound
    -> pairs=1 comp=1 maxComp=2/7 ejected=2/7 attempted=True maxDeficit=0.019043169103440505 repaired=0 refused=1 orders=2/2 swaps=1
c1-k1-d0.05-m28-t159.09233: mode=28 exactValid=False contractValid=False depth=None raw=159.0859863776172 parent=159.086 fp= | before Nonep/Noneb after Nonep/Noneb cap=None maxDisp=None moved=None resid=None | no exact-valid pose for piece 28f5a1d1-afd4-46e4-b2b9-f1841386be28-copy-3 within the 159.0
    -> pairs=1 comp=1 maxComp=2/7 ejected=1/7 attempted=True maxDeficit=0.04904315500055656 replaced=0 failedPiece=28f5a1d1-afd cand=122>0
c1-k1-d0.05-m28-t159.08233: mode=28 exactValid=False contractValid=False depth=None raw=159.0859863776172 parent=159.086 fp= | before Nonep/Noneb after Nonep/Noneb cap=None maxDisp=None moved=None resid=None | no exact-valid pose for piece 28f5a1d1-afd4-46e4-b2b9-f1841386be28-copy-3 within the 159.0
    -> pairs=1 comp=1 maxComp=2/7 ejected=1/7 attempted=True maxDeficit=0.04904315500055656 replaced=0 failedPiece=28f5a1d1-afd cand=122>0
c1-k1-d0.05-m29-t159.09233: mode=29 exactValid=False contractValid=False depth=None raw=159.0859863776172 parent=159.086 fp= | before Nonep/Noneb after Nonep/Noneb cap=None maxDisp=None moved=None resid=None | no insertion order re-placed the 1 violation components inside the 159.09233 mm bound
    -> pairs=1 comp=1 maxComp=2/7 ejected=2/7 attempted=True maxDeficit=0.04904315500055656 repaired=0 refused=1 orders=2/2 swaps=1
c1-k1-d0.05-m29-t159.08233: mode=29 exactValid=False contractValid=False depth=None raw=159.0859863776172 parent=159.086 fp= | before Nonep/Noneb after Nonep/Noneb cap=None maxDisp=None moved=None resid=None | no insertion order re-placed the 1 violation components inside the 159.08233 mm bound
    -> pairs=1 comp=1 maxComp=2/7 ejected=2/7 attempted=True maxDeficit=0.04904315500055656 repaired=0 refused=1 orders=2/2 swaps=1
c1-k1-d0.1-m28-t159.09233: mode=28 exactValid=False contractValid=False depth=None raw=159.0859863776172 parent=159.086 fp= | before Nonep/Noneb after Nonep/Noneb cap=None maxDisp=None moved=None resid=None | no exact-valid pose for piece 28f5a1d1-afd4-46e4-b2b9-f1841386be28-copy-3 within the 159.0
    -> pairs=1 comp=1 maxComp=2/7 ejected=1/7 attempted=True maxDeficit=0.09904313149574051 replaced=0 failedPiece=28f5a1d1-afd cand=122>0
c1-k1-d0.1-m28-t159.08233: mode=28 exactValid=False contractValid=False depth=None raw=159.0859863776172 parent=159.086 fp= | before Nonep/Noneb after Nonep/Noneb cap=None maxDisp=None moved=None resid=None | no exact-valid pose for piece 28f5a1d1-afd4-46e4-b2b9-f1841386be28-copy-3 within the 159.0
    -> pairs=1 comp=1 maxComp=2/7 ejected=1/7 attempted=True maxDeficit=0.09904313149574051 replaced=0 failedPiece=28f5a1d1-afd cand=122>0
c1-k1-d0.1-m29-t159.09233: mode=29 exactValid=False contractValid=False depth=None raw=159.0859863776172 parent=159.086 fp= | before Nonep/Noneb after Nonep/Noneb cap=None maxDisp=None moved=None resid=None | no insertion order re-placed the 1 violation components inside the 159.09233 mm bound
    -> pairs=1 comp=1 maxComp=2/7 ejected=2/7 attempted=True maxDeficit=0.09904313149574051 repaired=0 refused=1 orders=2/2 swaps=1
c1-k1-d0.1-m29-t159.08233: mode=29 exactValid=False contractValid=False depth=None raw=159.0859863776172 parent=159.086 fp= | before Nonep/Noneb after Nonep/Noneb cap=None maxDisp=None moved=None resid=None | no insertion order re-placed the 1 violation components inside the 159.08233 mm bound
    -> pairs=1 comp=1 maxComp=2/7 ejected=2/7 attempted=True maxDeficit=0.09904313149574051 repaired=0 refused=1 orders=2/2 swaps=1
c1-k1-d0.25-m28-t159.09233: mode=28 exactValid=False contractValid=False depth=None raw=159.0859863776172 parent=159.086 fp= | before Nonep/Noneb after Nonep/Noneb cap=None maxDisp=None moved=None resid=None | no exact-valid pose for piece 28f5a1d1-afd4-46e4-b2b9-f1841386be28-copy-3 within the 159.0
    -> pairs=1 comp=1 maxComp=2/7 ejected=1/7 attempted=True maxDeficit=0.24904306098133588 replaced=0 failedPiece=28f5a1d1-afd cand=122>0
c1-k1-d0.25-m28-t159.08233: mode=28 exactValid=False contractValid=False depth=None raw=159.0859863776172 parent=159.086 fp= | before Nonep/Noneb after Nonep/Noneb cap=None maxDisp=None moved=None resid=None | no exact-valid pose for piece 28f5a1d1-afd4-46e4-b2b9-f1841386be28-copy-3 within the 159.0
    -> pairs=1 comp=1 maxComp=2/7 ejected=1/7 attempted=True maxDeficit=0.24904306098133588 replaced=0 failedPiece=28f5a1d1-afd cand=122>0
c1-k1-d0.25-m29-t159.09233: mode=29 exactValid=False contractValid=False depth=None raw=159.0859863776172 parent=159.086 fp= | before Nonep/Noneb after Nonep/Noneb cap=None maxDisp=None moved=None resid=None | no insertion order re-placed the 1 violation components inside the 159.09233 mm bound
    -> pairs=1 comp=1 maxComp=2/7 ejected=2/7 attempted=True maxDeficit=0.24904306098133588 repaired=0 refused=1 orders=2/2 swaps=1
c1-k1-d0.25-m29-t159.08233: mode=29 exactValid=False contractValid=False depth=None raw=159.0859863776172 parent=159.086 fp= | before Nonep/Noneb after Nonep/Noneb cap=None maxDisp=None moved=None resid=None | no insertion order re-placed the 1 violation components inside the 159.08233 mm bound
    -> pairs=1 comp=1 maxComp=2/7 ejected=2/7 attempted=True maxDeficit=0.24904306098133588 repaired=0 refused=1 orders=2/2 swaps=1
c1-k2-d0.02-m28-t159.09233: mode=28 exactValid=False contractValid=False depth=None raw=159.08362371460316 parent=159.084 fp= | before Nonep/Noneb after Nonep/Noneb cap=None maxDisp=None moved=None resid=None | no exact-valid pose for piece 28f5a1d1-afd4-46e4-b2b9-f1841386be28-copy-3 within the 159.0
    -> pairs=4 comp=2 maxComp=4/7 ejected=2/7 attempted=True maxDeficit=0.019043169103440505 replaced=0 failedPiece=28f5a1d1-afd cand=122>0
c1-k2-d0.02-m28-t159.08233: mode=28 exactValid=False contractValid=False depth=None raw=159.08362371460316 parent=159.084 fp= | before Nonep/Noneb after Nonep/Noneb cap=None maxDisp=None moved=None resid=None | no exact-valid pose for piece 28f5a1d1-afd4-46e4-b2b9-f1841386be28-copy-3 within the 159.0
    -> pairs=4 comp=2 maxComp=4/7 ejected=2/7 attempted=True maxDeficit=0.019043169103440505 replaced=0 failedPiece=28f5a1d1-afd cand=122>0
c1-k2-d0.02-m29-t159.09233: mode=29 exactValid=False contractValid=False depth=None raw=159.08362371460316 parent=159.084 fp= | before Nonep/Noneb after Nonep/Noneb cap=None maxDisp=None moved=None resid=None | no insertion order re-placed the 2 violation components inside the 159.09233 mm bound
    -> pairs=4 comp=2 maxComp=4/7 ejected=6/7 attempted=True maxDeficit=0.019043169103440505 repaired=0 refused=2 orders=26/26 swaps=7
c1-k2-d0.02-m29-t159.08233: mode=29 exactValid=False contractValid=False depth=None raw=159.08362371460316 parent=159.084 fp= | before Nonep/Noneb after Nonep/Noneb cap=None maxDisp=None moved=None resid=None | no insertion order re-placed the 2 violation components inside the 159.08233 mm bound
    -> pairs=4 comp=2 maxComp=4/7 ejected=6/7 attempted=True maxDeficit=0.019043169103440505 repaired=0 refused=2 orders=26/26 swaps=7
c1-k2-d0.05-m28-t159.09233: mode=28 exactValid=False contractValid=False depth=None raw=159.08362371460316 parent=159.084 fp= | before Nonep/Noneb after Nonep/Noneb cap=None maxDisp=None moved=None resid=None | no exact-valid pose for piece 28f5a1d1-afd4-46e4-b2b9-f1841386be28-copy-3 within the 159.0
    -> pairs=4 comp=2 maxComp=4/7 ejected=2/7 attempted=True maxDeficit=0.04904315500055656 replaced=0 failedPiece=28f5a1d1-afd cand=122>0
c1-k2-d0.05-m28-t159.08233: mode=28 exactValid=False contractValid=False depth=None raw=159.08362371460316 parent=159.084 fp= | before Nonep/Noneb after Nonep/Noneb cap=None maxDisp=None moved=None resid=None | no exact-valid pose for piece 28f5a1d1-afd4-46e4-b2b9-f1841386be28-copy-3 within the 159.0
    -> pairs=4 comp=2 maxComp=4/7 ejected=2/7 attempted=True maxDeficit=0.04904315500055656 replaced=0 failedPiece=28f5a1d1-afd cand=122>0
c1-k2-d0.05-m29-t159.09233: mode=29 exactValid=False contractValid=False depth=None raw=159.08362371460316 parent=159.084 fp= | before Nonep/Noneb after Nonep/Noneb cap=None maxDisp=None moved=None resid=None | no insertion order re-placed the 2 violation components inside the 159.09233 mm bound
    -> pairs=4 comp=2 maxComp=4/7 ejected=6/7 attempted=True maxDeficit=0.04904315500055656 repaired=0 refused=2 orders=26/26 swaps=7
c1-k2-d0.05-m29-t159.08233: mode=29 exactValid=False contractValid=False depth=None raw=159.08362371460316 parent=159.084 fp= | before Nonep/Noneb after Nonep/Noneb cap=None maxDisp=None moved=None resid=None | no insertion order re-placed the 2 violation components inside the 159.08233 mm bound
    -> pairs=4 comp=2 maxComp=4/7 ejected=6/7 attempted=True maxDeficit=0.04904315500055656 repaired=0 refused=2 orders=26/26 swaps=7
c1-k2-d0.1-m28-t159.09233: mode=28 exactValid=False contractValid=False depth=None raw=159.08362371460316 parent=159.084 fp= | before Nonep/Noneb after Nonep/Noneb cap=None maxDisp=None moved=None resid=None | no exact-valid pose for piece 28f5a1d1-afd4-46e4-b2b9-f1841386be28-copy-3 within the 159.0
    -> pairs=4 comp=2 maxComp=4/7 ejected=2/7 attempted=True maxDeficit=0.09904313149574051 replaced=0 failedPiece=28f5a1d1-afd cand=122>0
c1-k2-d0.1-m28-t159.08233: mode=28 exactValid=False contractValid=False depth=None raw=159.08362371460316 parent=159.084 fp= | before Nonep/Noneb after Nonep/Noneb cap=None maxDisp=None moved=None resid=None | no exact-valid pose for piece 28f5a1d1-afd4-46e4-b2b9-f1841386be28-copy-3 within the 159.0
    -> pairs=4 comp=2 maxComp=4/7 ejected=2/7 attempted=True maxDeficit=0.09904313149574051 replaced=0 failedPiece=28f5a1d1-afd cand=122>0
c1-k2-d0.1-m29-t159.09233: mode=29 exactValid=False contractValid=False depth=None raw=159.08362371460316 parent=159.084 fp= | before Nonep/Noneb after Nonep/Noneb cap=None maxDisp=None moved=None resid=None | no insertion order re-placed the 2 violation components inside the 159.09233 mm bound
    -> pairs=4 comp=2 maxComp=4/7 ejected=6/7 attempted=True maxDeficit=0.09904313149574051 repaired=0 refused=2 orders=26/26 swaps=7
c1-k2-d0.1-m29-t159.08233: mode=29 exactValid=False contractValid=False depth=None raw=159.08362371460316 parent=159.084 fp= | before Nonep/Noneb after Nonep/Noneb cap=None maxDisp=None moved=None resid=None | no insertion order re-placed the 2 violation components inside the 159.08233 mm bound
    -> pairs=4 comp=2 maxComp=4/7 ejected=6/7 attempted=True maxDeficit=0.09904313149574051 repaired=0 refused=2 orders=26/26 swaps=7
c1-k2-d0.25-m28-t159.09233: mode=28 exactValid=False contractValid=False depth=None raw=159.08362371460316 parent=159.084 fp= | before Nonep/Noneb after Nonep/Noneb cap=None maxDisp=None moved=None resid=None | no exact-valid pose for piece 28f5a1d1-afd4-46e4-b2b9-f1841386be28-copy-3 within the 159.0
    -> pairs=4 comp=2 maxComp=4/7 ejected=2/7 attempted=True maxDeficit=0.24904306098133588 replaced=0 failedPiece=28f5a1d1-afd cand=122>0
c1-k2-d0.25-m28-t159.08233: mode=28 exactValid=False contractValid=False depth=None raw=159.08362371460316 parent=159.084 fp= | before Nonep/Noneb after Nonep/Noneb cap=None maxDisp=None moved=None resid=None | no exact-valid pose for piece 28f5a1d1-afd4-46e4-b2b9-f1841386be28-copy-3 within the 159.0
    -> pairs=4 comp=2 maxComp=4/7 ejected=2/7 attempted=True maxDeficit=0.24904306098133588 replaced=0 failedPiece=28f5a1d1-afd cand=122>0
c1-k2-d0.25-m29-t159.09233: mode=29 exactValid=False contractValid=False depth=None raw=159.08362371460316 parent=159.084 fp= | before Nonep/Noneb after Nonep/Noneb cap=None maxDisp=None moved=None resid=None | no insertion order re-placed the 2 violation components inside the 159.09233 mm bound
    -> pairs=4 comp=2 maxComp=4/7 ejected=6/7 attempted=True maxDeficit=0.24904306098133588 repaired=0 refused=2 orders=26/26 swaps=7
c1-k2-d0.25-m29-t159.08233: mode=29 exactValid=False contractValid=False depth=None raw=159.08362371460316 parent=159.084 fp= | before Nonep/Noneb after Nonep/Noneb cap=None maxDisp=None moved=None resid=None | no insertion order re-placed the 2 violation components inside the 159.08233 mm bound
    -> pairs=4 comp=2 maxComp=4/7 ejected=6/7 attempted=True maxDeficit=0.24904306098133588 repaired=0 refused=2 orders=26/26 swaps=7
c1-k3-d0.02-m28-t159.09233: mode=28 exactValid=False contractValid=False depth=None raw=159.07799885062 parent=159.078 fp= | before Nonep/Noneb after Nonep/Noneb cap=None maxDisp=None moved=None resid=None | no exact-valid pose for piece 28f5a1d1-afd4-46e4-b2b9-f1841386be28-copy-3 within the 159.0
    -> pairs=6 comp=3 maxComp=4/7 ejected=3/7 attempted=True maxDeficit=0.019043169103440505 replaced=0 failedPiece=28f5a1d1-afd cand=122>0
c1-k3-d0.02-m28-t159.08233: mode=28 exactValid=False contractValid=False depth=None raw=159.07799885062 parent=159.078 fp= | before Nonep/Noneb after Nonep/Noneb cap=None maxDisp=None moved=None resid=None | no exact-valid pose for piece 28f5a1d1-afd4-46e4-b2b9-f1841386be28-copy-3 within the 159.0
    -> pairs=6 comp=3 maxComp=4/7 ejected=3/7 attempted=True maxDeficit=0.019043169103440505 replaced=0 failedPiece=28f5a1d1-afd cand=122>0
c1-k3-d0.02-m29-t159.09233: mode=29 exactValid=False contractValid=False depth=None raw=159.07799885062 parent=159.078 fp= | before Nonep/Noneb after Nonep/Noneb cap=None maxDisp=None moved=None resid=None | no insertion order re-placed the 3 violation components inside the 159.09233 mm bound
    -> pairs=6 comp=3 maxComp=4/7 ejected=9/7 attempted=True maxDeficit=0.019043169103440505 repaired=1 refused=2 orders=28/32 swaps=7
c1-k3-d0.02-m29-t159.08233: mode=29 exactValid=False contractValid=False depth=None raw=159.07799885062 parent=159.078 fp= | before Nonep/Noneb after Nonep/Noneb cap=None maxDisp=None moved=None resid=None | no insertion order re-placed the 3 violation components inside the 159.08233 mm bound
    -> pairs=6 comp=3 maxComp=4/7 ejected=9/7 attempted=True maxDeficit=0.019043169103440505 repaired=0 refused=3 orders=32/32 swaps=10
c1-k3-d0.05-m28-t159.09233: mode=28 exactValid=False contractValid=False depth=None raw=159.07799885062 parent=159.078 fp= | before Nonep/Noneb after Nonep/Noneb cap=None maxDisp=None moved=None resid=None | no exact-valid pose for piece 28f5a1d1-afd4-46e4-b2b9-f1841386be28-copy-3 within the 159.0
    -> pairs=6 comp=3 maxComp=4/7 ejected=3/7 attempted=True maxDeficit=0.04904315500055656 replaced=0 failedPiece=28f5a1d1-afd cand=122>0
c1-k3-d0.05-m28-t159.08233: mode=28 exactValid=False contractValid=False depth=None raw=159.07799885062 parent=159.078 fp= | before Nonep/Noneb after Nonep/Noneb cap=None maxDisp=None moved=None resid=None | no exact-valid pose for piece 28f5a1d1-afd4-46e4-b2b9-f1841386be28-copy-3 within the 159.0
    -> pairs=6 comp=3 maxComp=4/7 ejected=3/7 attempted=True maxDeficit=0.04904315500055656 replaced=0 failedPiece=28f5a1d1-afd cand=122>0
c1-k3-d0.05-m29-t159.09233: mode=29 exactValid=False contractValid=False depth=None raw=159.07799885062 parent=159.078 fp= | before Nonep/Noneb after Nonep/Noneb cap=None maxDisp=None moved=None resid=None | no insertion order re-placed the 3 violation components inside the 159.09233 mm bound
    -> pairs=6 comp=3 maxComp=4/7 ejected=9/7 attempted=True maxDeficit=0.04904315500055656 repaired=1 refused=2 orders=28/32 swaps=7
c1-k3-d0.05-m29-t159.08233: mode=29 exactValid=False contractValid=False depth=None raw=159.07799885062 parent=159.078 fp= | before Nonep/Noneb after Nonep/Noneb cap=None maxDisp=None moved=None resid=None | no insertion order re-placed the 3 violation components inside the 159.08233 mm bound
    -> pairs=6 comp=3 maxComp=4/7 ejected=9/7 attempted=True maxDeficit=0.04904315500055656 repaired=0 refused=3 orders=32/32 swaps=10
c1-k3-d0.1-m28-t159.09233: mode=28 exactValid=False contractValid=False depth=None raw=159.07799885062 parent=159.078 fp= | before Nonep/Noneb after Nonep/Noneb cap=None maxDisp=None moved=None resid=None | no exact-valid pose for piece 28f5a1d1-afd4-46e4-b2b9-f1841386be28-copy-3 within the 159.0
    -> pairs=6 comp=3 maxComp=4/7 ejected=3/7 attempted=True maxDeficit=0.09904313149574051 replaced=0 failedPiece=28f5a1d1-afd cand=122>0
c1-k3-d0.1-m28-t159.08233: mode=28 exactValid=False contractValid=False depth=None raw=159.07799885062 parent=159.078 fp= | before Nonep/Noneb after Nonep/Noneb cap=None maxDisp=None moved=None resid=None | no exact-valid pose for piece 28f5a1d1-afd4-46e4-b2b9-f1841386be28-copy-3 within the 159.0
    -> pairs=6 comp=3 maxComp=4/7 ejected=3/7 attempted=True maxDeficit=0.09904313149574051 replaced=0 failedPiece=28f5a1d1-afd cand=122>0
c1-k3-d0.1-m29-t159.09233: mode=29 exactValid=False contractValid=False depth=None raw=159.07799885062 parent=159.078 fp= | before Nonep/Noneb after Nonep/Noneb cap=None maxDisp=None moved=None resid=None | no insertion order re-placed the 3 violation components inside the 159.09233 mm bound
    -> pairs=6 comp=3 maxComp=4/7 ejected=9/7 attempted=True maxDeficit=0.09904313149574051 repaired=0 refused=3 orders=32/32 swaps=10
c1-k3-d0.1-m29-t159.08233: mode=29 exactValid=False contractValid=False depth=None raw=159.07799885062 parent=159.078 fp= | before Nonep/Noneb after Nonep/Noneb cap=None maxDisp=None moved=None resid=None | no insertion order re-placed the 3 violation components inside the 159.08233 mm bound
    -> pairs=6 comp=3 maxComp=4/7 ejected=9/7 attempted=True maxDeficit=0.09904313149574051 repaired=0 refused=3 orders=32/32 swaps=10
c1-k3-d0.25-m28-t159.09233: mode=28 exactValid=False contractValid=False depth=None raw=159.07799885062 parent=159.078 fp= | before Nonep/Noneb after Nonep/Noneb cap=None maxDisp=None moved=None resid=None | no exact-valid pose for piece 28f5a1d1-afd4-46e4-b2b9-f1841386be28-copy-3 within the 159.0
    -> pairs=7 comp=3 maxComp=4/7 ejected=3/7 attempted=True maxDeficit=0.24904306098133588 replaced=0 failedPiece=28f5a1d1-afd cand=122>0
c1-k3-d0.25-m28-t159.08233: mode=28 exactValid=False contractValid=False depth=None raw=159.07799885062 parent=159.078 fp= | before Nonep/Noneb after Nonep/Noneb cap=None maxDisp=None moved=None resid=None | no exact-valid pose for piece 28f5a1d1-afd4-46e4-b2b9-f1841386be28-copy-3 within the 159.0
    -> pairs=7 comp=3 maxComp=4/7 ejected=3/7 attempted=True maxDeficit=0.24904306098133588 replaced=0 failedPiece=28f5a1d1-afd cand=122>0
c1-k3-d0.25-m29-t159.09233: mode=29 exactValid=False contractValid=False depth=None raw=159.07799885062 parent=159.078 fp= | before Nonep/Noneb after Nonep/Noneb cap=None maxDisp=None moved=None resid=None | no insertion order re-placed the 3 violation components inside the 159.09233 mm bound
    -> pairs=7 comp=3 maxComp=4/7 ejected=10/7 attempted=True maxDeficit=0.24904306098133588 repaired=0 refused=3 orders=50/50 swaps=13
c1-k3-d0.25-m29-t159.08233: mode=29 exactValid=False contractValid=False depth=None raw=159.07799885062 parent=159.078 fp= | before Nonep/Noneb after Nonep/Noneb cap=None maxDisp=None moved=None resid=None | no insertion order re-placed the 3 violation components inside the 159.08233 mm bound
    -> pairs=7 comp=3 maxComp=4/7 ejected=10/7 attempted=True maxDeficit=0.24904306098133588 repaired=0 refused=3 orders=50/50 swaps=13
c2-k1-d0.1-m28-t+0.05: mode=28 exactValid=False contractValid=False depth=None raw=159.0859863776172 parent=159.086 fp= | before Nonep/Noneb after Nonep/Noneb cap=None maxDisp=None moved=None resid=None | no exact-valid pose for piece 28f5a1d1-afd4-46e4-b2b9-f1841386be28-copy-3 within the 159.1
    -> pairs=1 comp=1 maxComp=2/7 ejected=1/7 attempted=True maxDeficit=0.09904313149574051 replaced=0 failedPiece=28f5a1d1-afd cand=122>0
c2-k1-d0.1-m28-t+0.2: mode=28 exactValid=False contractValid=False depth=None raw=159.0859863776172 parent=159.086 fp= | before Nonep/Noneb after Nonep/Noneb cap=None maxDisp=None moved=None resid=None | no exact-valid pose for piece 28f5a1d1-afd4-46e4-b2b9-f1841386be28-copy-3 within the 159.2
    -> pairs=1 comp=1 maxComp=2/7 ejected=1/7 attempted=True maxDeficit=0.09904313149574051 replaced=0 failedPiece=28f5a1d1-afd cand=122>0
c2-k1-d0.1-m28-t+0.5: mode=28 exactValid=False contractValid=False depth=None raw=159.0859863776172 parent=159.086 fp= | before Nonep/Noneb after Nonep/Noneb cap=None maxDisp=None moved=None resid=None | no exact-valid pose for piece 28f5a1d1-afd4-46e4-b2b9-f1841386be28-copy-3 within the 159.5
    -> pairs=1 comp=1 maxComp=2/7 ejected=1/7 attempted=True maxDeficit=0.09904313149574051 replaced=0 failedPiece=28f5a1d1-afd cand=122>0
c2-k1-d0.1-m28-t+2.0: mode=28 exactValid=False contractValid=False depth=None raw=159.0859863776172 parent=159.086 fp= | before Nonep/Noneb after Nonep/Noneb cap=None maxDisp=None moved=None resid=None | no exact-valid pose for piece 28f5a1d1-afd4-46e4-b2b9-f1841386be28-copy-3 within the 161.0
    -> pairs=1 comp=1 maxComp=2/7 ejected=1/7 attempted=True maxDeficit=0.09904313149574051 replaced=0 failedPiece=28f5a1d1-afd cand=122>0
c2-k1-d0.1-m29-t+0.05: mode=29 exactValid=False contractValid=False depth=None raw=159.0859863776172 parent=159.086 fp= | before Nonep/Noneb after Nonep/Noneb cap=None maxDisp=None moved=None resid=None | no insertion order re-placed the 1 violation components inside the 159.14233 mm bound
    -> pairs=1 comp=1 maxComp=2/7 ejected=2/7 attempted=True maxDeficit=0.09904313149574051 repaired=0 refused=1 orders=2/2 swaps=1
c2-k1-d0.1-m29-t+0.2: mode=29 exactValid=False contractValid=False depth=None raw=159.0859863776172 parent=159.086 fp= | before Nonep/Noneb after Nonep/Noneb cap=None maxDisp=None moved=None resid=None | no insertion order re-placed the 1 violation components inside the 159.29233 mm bound
    -> pairs=1 comp=1 maxComp=2/7 ejected=2/7 attempted=True maxDeficit=0.09904313149574051 repaired=0 refused=1 orders=2/2 swaps=1
c2-k1-d0.1-m29-t+0.5: mode=29 exactValid=False contractValid=False depth=None raw=159.0859863776172 parent=159.086 fp= | before Nonep/Noneb after Nonep/Noneb cap=None maxDisp=None moved=None resid=None | no insertion order re-placed the 1 violation components inside the 159.59233 mm bound
    -> pairs=1 comp=1 maxComp=2/7 ejected=2/7 attempted=True maxDeficit=0.09904313149574051 repaired=0 refused=1 orders=2/2 swaps=1
c2-k1-d0.1-m29-t+2.0: mode=29 exactValid=False contractValid=False depth=None raw=159.0859863776172 parent=159.086 fp= | before Nonep/Noneb after Nonep/Noneb cap=None maxDisp=None moved=None resid=None | no insertion order re-placed the 1 violation components inside the 161.09233 mm bound
    -> pairs=1 comp=1 maxComp=2/7 ejected=2/7 attempted=True maxDeficit=0.09904313149574051 repaired=0 refused=1 orders=2/2 swaps=1
c2-k1-d0.5-m28-t+0.05: mode=28 exactValid=False contractValid=False depth=None raw=159.0859863776172 parent=159.086 fp= | before Nonep/Noneb after Nonep/Noneb cap=None maxDisp=None moved=None resid=None | no exact-valid pose for piece 28f5a1d1-afd4-46e4-b2b9-f1841386be28-copy-3 within the 159.1
    -> pairs=1 comp=1 maxComp=2/7 ejected=1/7 attempted=True maxDeficit=0.4990429434573125 replaced=0 failedPiece=28f5a1d1-afd cand=122>0
c2-k1-d0.5-m28-t+0.2: mode=28 exactValid=False contractValid=False depth=None raw=159.0859863776172 parent=159.086 fp= | before Nonep/Noneb after Nonep/Noneb cap=None maxDisp=None moved=None resid=None | no exact-valid pose for piece 28f5a1d1-afd4-46e4-b2b9-f1841386be28-copy-3 within the 159.2
    -> pairs=1 comp=1 maxComp=2/7 ejected=1/7 attempted=True maxDeficit=0.4990429434573125 replaced=0 failedPiece=28f5a1d1-afd cand=122>0
c2-k1-d0.5-m28-t+0.5: mode=28 exactValid=False contractValid=False depth=None raw=159.0859863776172 parent=159.086 fp= | before Nonep/Noneb after Nonep/Noneb cap=None maxDisp=None moved=None resid=None | no exact-valid pose for piece 28f5a1d1-afd4-46e4-b2b9-f1841386be28-copy-3 within the 159.5
    -> pairs=1 comp=1 maxComp=2/7 ejected=1/7 attempted=True maxDeficit=0.4990429434573125 replaced=0 failedPiece=28f5a1d1-afd cand=122>0
c2-k1-d0.5-m28-t+2.0: mode=28 exactValid=False contractValid=False depth=None raw=159.0859863776172 parent=159.086 fp= | before Nonep/Noneb after Nonep/Noneb cap=None maxDisp=None moved=None resid=None | no exact-valid pose for piece 28f5a1d1-afd4-46e4-b2b9-f1841386be28-copy-3 within the 161.0
    -> pairs=1 comp=1 maxComp=2/7 ejected=1/7 attempted=True maxDeficit=0.4990429434573125 replaced=0 failedPiece=28f5a1d1-afd cand=122>0
c2-k1-d0.5-m29-t+0.05: mode=29 exactValid=False contractValid=False depth=None raw=159.0859863776172 parent=159.086 fp= | before Nonep/Noneb after Nonep/Noneb cap=None maxDisp=None moved=None resid=None | no insertion order re-placed the 1 violation components inside the 159.14233 mm bound
    -> pairs=1 comp=1 maxComp=2/7 ejected=2/7 attempted=True maxDeficit=0.4990429434573125 repaired=0 refused=1 orders=2/2 swaps=1
c2-k1-d0.5-m29-t+0.2: mode=29 exactValid=False contractValid=False depth=None raw=159.0859863776172 parent=159.086 fp= | before Nonep/Noneb after Nonep/Noneb cap=None maxDisp=None moved=None resid=None | no insertion order re-placed the 1 violation components inside the 159.29233 mm bound
    -> pairs=1 comp=1 maxComp=2/7 ejected=2/7 attempted=True maxDeficit=0.4990429434573125 repaired=0 refused=1 orders=2/2 swaps=1
c2-k1-d0.5-m29-t+0.5: mode=29 exactValid=False contractValid=False depth=None raw=159.0859863776172 parent=159.086 fp= | before Nonep/Noneb after Nonep/Noneb cap=None maxDisp=None moved=None resid=None | no insertion order re-placed the 1 violation components inside the 159.59233 mm bound
    -> pairs=1 comp=1 maxComp=2/7 ejected=2/7 attempted=True maxDeficit=0.4990429434573125 repaired=0 refused=1 orders=2/2 swaps=1
c2-k1-d0.5-m29-t+2.0: mode=29 exactValid=False contractValid=False depth=None raw=159.0859863776172 parent=159.086 fp= | before Nonep/Noneb after Nonep/Noneb cap=None maxDisp=None moved=None resid=None | no insertion order re-placed the 1 violation components inside the 161.09233 mm bound
    -> pairs=1 comp=1 maxComp=2/7 ejected=2/7 attempted=True maxDeficit=0.4990429434573125 repaired=0 refused=1 orders=2/2 swaps=1
c2-k2-d0.1-m28-t+0.05: mode=28 exactValid=False contractValid=False depth=None raw=159.08362371460316 parent=159.084 fp= | before Nonep/Noneb after Nonep/Noneb cap=None maxDisp=None moved=None resid=None | no exact-valid pose for piece 28f5a1d1-afd4-46e4-b2b9-f1841386be28-copy-3 within the 159.1
    -> pairs=4 comp=2 maxComp=4/7 ejected=2/7 attempted=True maxDeficit=0.09904313149574051 replaced=0 failedPiece=28f5a1d1-afd cand=122>0
c2-k2-d0.1-m28-t+0.2: mode=28 exactValid=False contractValid=False depth=None raw=159.08362371460316 parent=159.084 fp= | before Nonep/Noneb after Nonep/Noneb cap=None maxDisp=None moved=None resid=None | no exact-valid pose for piece 28f5a1d1-afd4-46e4-b2b9-f1841386be28-copy-3 within the 159.2
    -> pairs=4 comp=2 maxComp=4/7 ejected=2/7 attempted=True maxDeficit=0.09904313149574051 replaced=0 failedPiece=28f5a1d1-afd cand=122>0
c2-k2-d0.1-m28-t+0.5: mode=28 exactValid=False contractValid=False depth=None raw=159.08362371460316 parent=159.084 fp= | before Nonep/Noneb after Nonep/Noneb cap=None maxDisp=None moved=None resid=None | no exact-valid pose for piece 28f5a1d1-afd4-46e4-b2b9-f1841386be28-copy-3 within the 159.5
    -> pairs=4 comp=2 maxComp=4/7 ejected=2/7 attempted=True maxDeficit=0.09904313149574051 replaced=0 failedPiece=28f5a1d1-afd cand=122>0
c2-k2-d0.1-m28-t+2.0: mode=28 exactValid=False contractValid=False depth=None raw=159.08362371460316 parent=159.084 fp= | before Nonep/Noneb after Nonep/Noneb cap=None maxDisp=None moved=None resid=None | no exact-valid pose for piece 28f5a1d1-afd4-46e4-b2b9-f1841386be28-copy-3 within the 161.0
    -> pairs=4 comp=2 maxComp=4/7 ejected=2/7 attempted=True maxDeficit=0.09904313149574051 replaced=0 failedPiece=28f5a1d1-afd cand=122>0
c2-k2-d0.1-m29-t+0.05: mode=29 exactValid=False contractValid=False depth=None raw=159.08362371460316 parent=159.084 fp= | before Nonep/Noneb after Nonep/Noneb cap=None maxDisp=None moved=None resid=None | no insertion order re-placed the 2 violation components inside the 159.14233 mm bound
    -> pairs=4 comp=2 maxComp=4/7 ejected=6/7 attempted=True maxDeficit=0.09904313149574051 repaired=0 refused=2 orders=26/26 swaps=7
c2-k2-d0.1-m29-t+0.2: mode=29 exactValid=False contractValid=False depth=None raw=159.08362371460316 parent=159.084 fp= | before Nonep/Noneb after Nonep/Noneb cap=None maxDisp=None moved=None resid=None | no insertion order re-placed the 2 violation components inside the 159.29233 mm bound
    -> pairs=4 comp=2 maxComp=4/7 ejected=6/7 attempted=True maxDeficit=0.09904313149574051 repaired=0 refused=2 orders=26/26 swaps=7
c2-k2-d0.1-m29-t+0.5: mode=29 exactValid=False contractValid=False depth=None raw=159.08362371460316 parent=159.084 fp= | before Nonep/Noneb after Nonep/Noneb cap=None maxDisp=None moved=None resid=None | no insertion order re-placed the 2 violation components inside the 159.59233 mm bound
    -> pairs=4 comp=2 maxComp=4/7 ejected=6/7 attempted=True maxDeficit=0.09904313149574051 repaired=0 refused=2 orders=26/26 swaps=7
c2-k2-d0.1-m29-t+2.0: mode=29 exactValid=False contractValid=False depth=None raw=159.08362371460316 parent=159.084 fp= | before Nonep/Noneb after Nonep/Noneb cap=None maxDisp=None moved=None resid=None | no insertion order re-placed the 2 violation components inside the 161.09233 mm bound
    -> pairs=4 comp=2 maxComp=4/7 ejected=6/7 attempted=True maxDeficit=0.09904313149574051 repaired=0 refused=2 orders=26/26 swaps=7
c2-k2-d0.5-m28-t+0.05: mode=28 exactValid=False contractValid=False depth=None raw=159.08362371460316 parent=159.084 fp= | before Nonep/Noneb after Nonep/Noneb cap=None maxDisp=None moved=None resid=None | no exact-valid pose for piece 28f5a1d1-afd4-46e4-b2b9-f1841386be28-copy-3 within the 159.1
    -> pairs=4 comp=2 maxComp=4/7 ejected=2/7 attempted=True maxDeficit=0.4990429434573125 replaced=0 failedPiece=28f5a1d1-afd cand=122>0
c2-k2-d0.5-m28-t+0.2: mode=28 exactValid=False contractValid=False depth=None raw=159.08362371460316 parent=159.084 fp= | before Nonep/Noneb after Nonep/Noneb cap=None maxDisp=None moved=None resid=None | no exact-valid pose for piece 28f5a1d1-afd4-46e4-b2b9-f1841386be28-copy-3 within the 159.2
    -> pairs=4 comp=2 maxComp=4/7 ejected=2/7 attempted=True maxDeficit=0.4990429434573125 replaced=0 failedPiece=28f5a1d1-afd cand=122>0
c2-k2-d0.5-m28-t+0.5: mode=28 exactValid=False contractValid=False depth=None raw=159.08362371460316 parent=159.084 fp= | before Nonep/Noneb after Nonep/Noneb cap=None maxDisp=None moved=None resid=None | no exact-valid pose for piece 28f5a1d1-afd4-46e4-b2b9-f1841386be28-copy-3 within the 159.5
    -> pairs=4 comp=2 maxComp=4/7 ejected=2/7 attempted=True maxDeficit=0.4990429434573125 replaced=0 failedPiece=28f5a1d1-afd cand=122>0
c2-k2-d0.5-m28-t+2.0: mode=28 exactValid=False contractValid=False depth=None raw=159.08362371460316 parent=159.084 fp= | before Nonep/Noneb after Nonep/Noneb cap=None maxDisp=None moved=None resid=None | no exact-valid pose for piece 28f5a1d1-afd4-46e4-b2b9-f1841386be28-copy-3 within the 161.0
    -> pairs=4 comp=2 maxComp=4/7 ejected=2/7 attempted=True maxDeficit=0.4990429434573125 replaced=0 failedPiece=28f5a1d1-afd cand=122>0
c2-k2-d0.5-m29-t+0.05: mode=29 exactValid=False contractValid=False depth=None raw=159.08362371460316 parent=159.084 fp= | before Nonep/Noneb after Nonep/Noneb cap=None maxDisp=None moved=None resid=None | no insertion order re-placed the 2 violation components inside the 159.14233 mm bound
    -> pairs=4 comp=2 maxComp=4/7 ejected=6/7 attempted=True maxDeficit=0.4990429434573125 repaired=0 refused=2 orders=26/26 swaps=7
c2-k2-d0.5-m29-t+0.2: mode=29 exactValid=False contractValid=False depth=None raw=159.08362371460316 parent=159.084 fp= | before Nonep/Noneb after Nonep/Noneb cap=None maxDisp=None moved=None resid=None | no insertion order re-placed the 2 violation components inside the 159.29233 mm bound
    -> pairs=4 comp=2 maxComp=4/7 ejected=6/7 attempted=True maxDeficit=0.4990429434573125 repaired=0 refused=2 orders=26/26 swaps=7
c2-k2-d0.5-m29-t+0.5: mode=29 exactValid=False contractValid=False depth=None raw=159.08362371460316 parent=159.084 fp= | before Nonep/Noneb after Nonep/Noneb cap=None maxDisp=None moved=None resid=None | no insertion order re-placed the 2 violation components inside the 159.59233 mm bound
    -> pairs=4 comp=2 maxComp=4/7 ejected=6/7 attempted=True maxDeficit=0.4990429434573125 repaired=0 refused=2 orders=26/26 swaps=7
c2-k2-d0.5-m29-t+2.0: mode=29 exactValid=False contractValid=False depth=None raw=159.08362371460316 parent=159.084 fp= | before Nonep/Noneb after Nonep/Noneb cap=None maxDisp=None moved=None resid=None | no insertion order re-placed the 2 violation components inside the 161.09233 mm bound
    -> pairs=4 comp=2 maxComp=4/7 ejected=6/7 attempted=True maxDeficit=0.4990429434573125 repaired=0 refused=2 orders=26/26 swaps=7
c2-k3-d0.5-m28-t+0.05: mode=28 exactValid=False contractValid=False depth=None raw=159.07799885062 parent=159.078 fp= | before Nonep/Noneb after Nonep/Noneb cap=None maxDisp=None moved=None resid=None | no exact-valid pose for piece 28f5a1d1-afd4-46e4-b2b9-f1841386be28-copy-3 within the 159.1
    -> pairs=7 comp=3 maxComp=4/7 ejected=3/7 attempted=True maxDeficit=0.4990429434573125 replaced=0 failedPiece=28f5a1d1-afd cand=122>0
c2-k3-d0.5-m28-t+0.2: mode=28 exactValid=False contractValid=False depth=None raw=159.07799885062 parent=159.078 fp= | before Nonep/Noneb after Nonep/Noneb cap=None maxDisp=None moved=None resid=None | no exact-valid pose for piece 28f5a1d1-afd4-46e4-b2b9-f1841386be28-copy-3 within the 159.2
    -> pairs=7 comp=3 maxComp=4/7 ejected=3/7 attempted=True maxDeficit=0.4990429434573125 replaced=0 failedPiece=28f5a1d1-afd cand=122>0
c2-k3-d0.5-m28-t+0.5: mode=28 exactValid=False contractValid=False depth=None raw=159.07799885062 parent=159.078 fp= | before Nonep/Noneb after Nonep/Noneb cap=None maxDisp=None moved=None resid=None | no exact-valid pose for piece 28f5a1d1-afd4-46e4-b2b9-f1841386be28-copy-3 within the 159.5
    -> pairs=7 comp=3 maxComp=4/7 ejected=3/7 attempted=True maxDeficit=0.4990429434573125 replaced=0 failedPiece=28f5a1d1-afd cand=122>0
c2-k3-d0.5-m28-t+2.0: mode=28 exactValid=False contractValid=False depth=None raw=159.07799885062 parent=159.078 fp= | before Nonep/Noneb after Nonep/Noneb cap=None maxDisp=None moved=None resid=None | no exact-valid pose for piece 28f5a1d1-afd4-46e4-b2b9-f1841386be28-copy-3 within the 161.0
    -> pairs=7 comp=3 maxComp=4/7 ejected=3/7 attempted=True maxDeficit=0.4990429434573125 replaced=0 failedPiece=28f5a1d1-afd cand=122>0
c2-k3-d0.5-m29-t+0.05: mode=29 exactValid=False contractValid=False depth=None raw=159.07799885062 parent=159.078 fp= | before Nonep/Noneb after Nonep/Noneb cap=None maxDisp=None moved=None resid=None | no insertion order re-placed the 3 violation components inside the 159.14233 mm bound
    -> pairs=7 comp=3 maxComp=4/7 ejected=10/7 attempted=True maxDeficit=0.4990429434573125 repaired=0 refused=3 orders=50/50 swaps=13
c2-k3-d0.5-m29-t+0.2: mode=29 exactValid=False contractValid=False depth=None raw=159.07799885062 parent=159.078 fp= | before Nonep/Noneb after Nonep/Noneb cap=None maxDisp=None moved=None resid=None | no insertion order re-placed the 3 violation components inside the 159.29233 mm bound
    -> pairs=7 comp=3 maxComp=4/7 ejected=10/7 attempted=True maxDeficit=0.4990429434573125 repaired=1 refused=2 orders=29/50 swaps=7
c2-k3-d0.5-m29-t+0.5: mode=29 exactValid=False contractValid=False depth=None raw=159.07799885062 parent=159.078 fp= | before Nonep/Noneb after Nonep/Noneb cap=None maxDisp=None moved=None resid=None | no insertion order re-placed the 3 violation components inside the 159.59233 mm bound
    -> pairs=7 comp=3 maxComp=4/7 ejected=10/7 attempted=True maxDeficit=0.4990429434573125 repaired=1 refused=2 orders=29/50 swaps=7
c2-k3-d0.5-m29-t+2.0: mode=29 exactValid=False contractValid=False depth=None raw=159.07799885062 parent=159.078 fp= | before Nonep/Noneb after Nonep/Noneb cap=None maxDisp=None moved=None resid=None | no insertion order re-placed the 3 violation components inside the 161.09233 mm bound
    -> pairs=7 comp=3 maxComp=4/7 ejected=10/7 attempted=True maxDeficit=0.4990429434573125 repaired=1 refused=2 orders=29/50 swaps=7
# exact-valid publications: 0
# publications below incumbent: 0 []
