# pinned 10 distinct pose-changed plateau states (all raw=159.09233022733062)
  d2-r13-m28 fp=b4aaf7e4d582d9ad /var/lib/t3/tmp/combo28-rec/lineage/plateau-d2-r13-m28.json
  d2-r14-m28 fp=181c023fe0ae6bd3 /var/lib/t3/tmp/combo28-rec/lineage/plateau-d2-r14-m28.json
  d2-r14-m29 fp=9d33e5b8bc5b7015 /var/lib/t3/tmp/combo28-rec/lineage/plateau-d2-r14-m29.json
  d2-r15-m28 fp=8caaaaa9329907b3 /var/lib/t3/tmp/combo28-rec/lineage/plateau-d2-r15-m28.json
  d2-r15-m29 fp=6ea2ef67e3a42720 /var/lib/t3/tmp/combo28-rec/lineage/plateau-d2-r15-m29.json
  d2-r3-m28 fp=034a30a73c029f9a /var/lib/t3/tmp/combo28-rec/lineage/plateau-d2-r3-m28.json
  d2-r4-m28 fp=b704ebe0b3599cec /var/lib/t3/tmp/combo28-rec/lineage/plateau-d2-r4-m28.json
  d2-r5-m28 fp=fb97f903019b0990 /var/lib/t3/tmp/combo28-rec/lineage/plateau-d2-r5-m28.json
  d2-r6-m28 fp=c824b26fcd33108c /var/lib/t3/tmp/combo28-rec/lineage/plateau-d2-r6-m28.json
  d2-r8-m28 fp=e014e688e3021c24 /var/lib/t3/tmp/combo28-rec/lineage/plateau-d2-r8-m28.json
# mode-31 tiny-step ratchet: 40 arms
r31-d2-r13-m28-s0.006: mode=31 exactValid=False contractValid=True depth=None raw=159.09233022733062 parent=159.092 fp= | before 0p/1b after 4p/0b cap=0.05871999999999389 maxDisp=0.05920304046246274 moved=45 resid=0.006720068158483047 | global legalization did not reach a feasible fixpoint: 4 violating pairs and 0 boundary pi
r31-d2-r13-m28-s0.012: mode=31 exactValid=False contractValid=True depth=None raw=159.09233022733062 parent=159.092 fp= | before 0p/8b after 1p/0b cap=0.15471999999999753 maxDisp=0.17664087862100325 moved=51 resid=0.01669805770586764 | global legalization did not reach a feasible fixpoint: 1 violating pairs and 0 boundary pi
r31-d2-r13-m28-s0.025: mode=31 exactValid=False contractValid=True depth=None raw=159.09233022733062 parent=159.092 fp= | before 0p/12b after 1p/0b cap=0.36271999999962645 maxDisp=0.287062710918712 moved=50 resid=0.029578134674747646 | global legalization did not reach a feasible fixpoint: 1 violating pairs and 0 boundary pi
r31-d2-r13-m28-s0.04: mode=31 exactValid=False contractValid=True depth=None raw=159.09233022733062 parent=159.092 fp= | before 0p/12b after 1p/0b cap=0.6027199999998629 maxDisp=0.3980452235613436 moved=50 resid=0.044482955500123926 | global legalization did not reach a feasible fixpoint: 1 violating pairs and 0 boundary pi
r31-d2-r14-m28-s0.006: mode=31 exactValid=False contractValid=True depth=None raw=159.09233022733062 parent=159.092 fp= | before 0p/1b after 4p/0b cap=0.05871999999999389 maxDisp=0.05907622195096772 moved=45 resid=0.006720359282268262 | global legalization did not reach a feasible fixpoint: 4 violating pairs and 0 boundary pi
r31-d2-r14-m28-s0.012: mode=31 exactValid=False contractValid=True depth=None raw=159.09233022733062 parent=159.092 fp= | before 0p/8b after 1p/0b cap=0.15471999999999753 maxDisp=0.17341568556506068 moved=51 resid=0.016696878173466375 | global legalization did not reach a feasible fixpoint: 1 violating pairs and 0 boundary pi
r31-d2-r14-m28-s0.025: mode=31 exactValid=False contractValid=True depth=None raw=159.09233022733062 parent=159.092 fp= | before 0p/12b after 1p/0b cap=0.36271999999962645 maxDisp=0.23244139046219803 moved=50 resid=0.029576419140883766 | global legalization did not reach a feasible fixpoint: 1 violating pairs and 0 boundary pi
r31-d2-r14-m28-s0.04: mode=31 exactValid=False contractValid=True depth=None raw=159.09233022733062 parent=159.092 fp= | before 0p/12b after 1p/0b cap=0.6027199999998629 maxDisp=0.3980452235613436 moved=51 resid=0.04447904116531687 | global legalization did not reach a feasible fixpoint: 1 violating pairs and 0 boundary pi
r31-d2-r14-m29-s0.006: mode=31 exactValid=False contractValid=True depth=None raw=159.09233022733062 parent=159.092 fp= | before 0p/1b after 4p/0b cap=0.05871999999999389 maxDisp=0.059640590204993786 moved=45 resid=0.006720313591373679 | global legalization did not reach a feasible fixpoint: 4 violating pairs and 0 boundary pi
r31-d2-r14-m29-s0.012: mode=31 exactValid=False contractValid=True depth=None raw=159.09233022733062 parent=159.092 fp= | before 0p/8b after 1p/0b cap=0.15471999999999753 maxDisp=0.17479416466232503 moved=50 resid=0.016696909060973042 | global legalization did not reach a feasible fixpoint: 1 violating pairs and 0 boundary pi
r31-d2-r14-m29-s0.025: mode=31 exactValid=False contractValid=True depth=None raw=159.09233022733062 parent=159.092 fp= | before 0p/12b after 1p/0b cap=0.36271999999962645 maxDisp=0.23331095130747723 moved=49 resid=0.029576409286736993 | global legalization did not reach a feasible fixpoint: 1 violating pairs and 0 boundary pi
r31-d2-r14-m29-s0.04: mode=31 exactValid=False contractValid=True depth=None raw=159.09233022733062 parent=159.092 fp= | before 0p/12b after 1p/0b cap=0.6027199999998629 maxDisp=0.3980452235613436 moved=50 resid=0.04448065608808609 | global legalization did not reach a feasible fixpoint: 1 violating pairs and 0 boundary pi
r31-d2-r15-m28-s0.006: mode=31 exactValid=False contractValid=True depth=None raw=159.09233022733062 parent=159.092 fp= | before 0p/1b after 4p/0b cap=0.05871999999999389 maxDisp=0.05990826320300064 moved=45 resid=0.0067203132200667984 | global legalization did not reach a feasible fixpoint: 4 violating pairs and 0 boundary pi
r31-d2-r15-m28-s0.012: mode=31 exactValid=False contractValid=True depth=None raw=159.09233022733062 parent=159.092 fp= | before 0p/8b after 1p/0b cap=0.15471999999999753 maxDisp=0.17511424842085238 moved=50 resid=0.016697875562461065 | global legalization did not reach a feasible fixpoint: 1 violating pairs and 0 boundary pi
r31-d2-r15-m28-s0.025: mode=31 exactValid=False contractValid=True depth=None raw=159.09233022733062 parent=159.092 fp= | before 0p/12b after 1p/0b cap=0.36271999999962645 maxDisp=0.23293775992741067 moved=49 resid=0.029575548661144115 | global legalization did not reach a feasible fixpoint: 1 violating pairs and 0 boundary pi
r31-d2-r15-m28-s0.04: mode=31 exactValid=False contractValid=True depth=None raw=159.09233022733062 parent=159.092 fp= | before 0p/12b after 1p/0b cap=0.6027199999998629 maxDisp=0.3980452235613436 moved=49 resid=0.04448063637236859 | global legalization did not reach a feasible fixpoint: 1 violating pairs and 0 boundary pi
r31-d2-r15-m29-s0.006: mode=31 exactValid=False contractValid=True depth=None raw=159.09233022733062 parent=159.092 fp= | before 0p/1b after 4p/0b cap=0.05871999999999389 maxDisp=0.05990826320300064 moved=45 resid=0.0067203132200667984 | global legalization did not reach a feasible fixpoint: 4 violating pairs and 0 boundary pi
r31-d2-r15-m29-s0.012: mode=31 exactValid=False contractValid=True depth=None raw=159.09233022733062 parent=159.092 fp= | before 0p/8b after 1p/0b cap=0.15471999999999753 maxDisp=0.17511424842085238 moved=50 resid=0.016697875562461065 | global legalization did not reach a feasible fixpoint: 1 violating pairs and 0 boundary pi
r31-d2-r15-m29-s0.025: mode=31 exactValid=False contractValid=True depth=None raw=159.09233022733062 parent=159.092 fp= | before 0p/12b after 1p/0b cap=0.36271999999962645 maxDisp=0.23293775992741067 moved=49 resid=0.029575548661144115 | global legalization did not reach a feasible fixpoint: 1 violating pairs and 0 boundary pi
r31-d2-r15-m29-s0.04: mode=31 exactValid=False contractValid=True depth=None raw=159.09233022733062 parent=159.092 fp= | before 0p/12b after 1p/0b cap=0.6027199999998629 maxDisp=0.3980452235613436 moved=49 resid=0.04448063637236859 | global legalization did not reach a feasible fixpoint: 1 violating pairs and 0 boundary pi
r31-d2-r3-m28-s0.006: mode=31 exactValid=False contractValid=True depth=None raw=159.09233022733062 parent=159.092 fp= | before 0p/1b after 4p/0b cap=0.05871999999999389 maxDisp=0.05990826320300064 moved=45 resid=0.0067203132200667984 | global legalization did not reach a feasible fixpoint: 4 violating pairs and 0 boundary pi
r31-d2-r3-m28-s0.012: mode=31 exactValid=False contractValid=True depth=None raw=159.09233022733062 parent=159.092 fp= | before 0p/8b after 1p/0b cap=0.15471999999999753 maxDisp=0.17544514812328096 moved=50 resid=0.0166968605009208 | global legalization did not reach a feasible fixpoint: 1 violating pairs and 0 boundary pi
r31-d2-r3-m28-s0.025: mode=31 exactValid=False contractValid=True depth=None raw=159.09233022733062 parent=159.092 fp= | before 0p/12b after 1p/0b cap=0.36271999999962645 maxDisp=0.23554405108174567 moved=49 resid=0.02957737445518362 | global legalization did not reach a feasible fixpoint: 1 violating pairs and 0 boundary pi
r31-d2-r3-m28-s0.04: mode=31 exactValid=False contractValid=True depth=None raw=159.09233022733062 parent=159.092 fp= | before 0p/12b after 1p/0b cap=0.6027199999998629 maxDisp=0.3980452235613436 moved=49 resid=0.044480680334777964 | global legalization did not reach a feasible fixpoint: 1 violating pairs and 0 boundary pi
r31-d2-r4-m28-s0.006: mode=31 exactValid=False contractValid=True depth=None raw=159.09233022733062 parent=159.092 fp= | before 0p/1b after 4p/0b cap=0.05871999999999389 maxDisp=0.05990826320300064 moved=45 resid=0.006720302104759511 | global legalization did not reach a feasible fixpoint: 4 violating pairs and 0 boundary pi
r31-d2-r4-m28-s0.012: mode=31 exactValid=False contractValid=True depth=None raw=159.09233022733062 parent=159.092 fp= | before 0p/8b after 1p/0b cap=0.15471999999999753 maxDisp=0.1764907929609927 moved=50 resid=0.016697879324049588 | global legalization did not reach a feasible fixpoint: 1 violating pairs and 0 boundary pi
r31-d2-r4-m28-s0.025: mode=31 exactValid=False contractValid=True depth=None raw=159.09233022733062 parent=159.092 fp= | before 0p/12b after 1p/0b cap=0.36271999999962645 maxDisp=0.23244139046219803 moved=49 resid=0.029578021394431924 | global legalization did not reach a feasible fixpoint: 1 violating pairs and 0 boundary pi
r31-d2-r4-m28-s0.04: mode=31 exactValid=False contractValid=True depth=None raw=159.09233022733062 parent=159.092 fp= | before 0p/12b after 1p/0b cap=0.6027199999998629 maxDisp=0.3980452235613436 moved=50 resid=0.04448064919028868 | global legalization did not reach a feasible fixpoint: 1 violating pairs and 0 boundary pi
r31-d2-r5-m28-s0.006: mode=31 exactValid=False contractValid=True depth=None raw=159.09233022733062 parent=159.092 fp= | before 0p/1b after 4p/0b cap=0.05871999999999389 maxDisp=0.05990826320300064 moved=45 resid=0.0067203132200667984 | global legalization did not reach a feasible fixpoint: 4 violating pairs and 0 boundary pi
r31-d2-r5-m28-s0.012: mode=31 exactValid=False contractValid=True depth=None raw=159.09233022733062 parent=159.092 fp= | before 0p/8b after 1p/0b cap=0.15471999999999753 maxDisp=0.177341478509682 moved=50 resid=0.016698844134839613 | global legalization did not reach a feasible fixpoint: 1 violating pairs and 0 boundary pi
r31-d2-r5-m28-s0.025: mode=31 exactValid=False contractValid=True depth=None raw=159.09233022733062 parent=159.092 fp= | before 0p/12b after 1p/0b cap=0.36271999999962645 maxDisp=0.28406337321097913 moved=49 resid=0.02957686077919621 | global legalization did not reach a feasible fixpoint: 1 violating pairs and 0 boundary pi
r31-d2-r5-m28-s0.04: mode=31 exactValid=False contractValid=True depth=None raw=159.09233022733062 parent=159.092 fp= | before 0p/12b after 1p/0b cap=0.6027199999998629 maxDisp=0.3980452235613436 moved=50 resid=0.0444799871465701 | global legalization did not reach a feasible fixpoint: 1 violating pairs and 0 boundary pi
r31-d2-r6-m28-s0.006: mode=31 exactValid=False contractValid=True depth=None raw=159.09233022733062 parent=159.092 fp= | before 0p/1b after 4p/0b cap=0.05871999999999389 maxDisp=0.05990826320300064 moved=47 resid=0.0067203132200667984 | global legalization did not reach a feasible fixpoint: 4 violating pairs and 0 boundary pi
r31-d2-r6-m28-s0.012: mode=31 exactValid=False contractValid=True depth=None raw=159.09233022733062 parent=159.092 fp= | before 0p/8b after 1p/0b cap=0.15471999999999753 maxDisp=0.17511424842085238 moved=52 resid=0.01669792968898375 | global legalization did not reach a feasible fixpoint: 1 violating pairs and 0 boundary pi
r31-d2-r6-m28-s0.025: mode=31 exactValid=False contractValid=True depth=None raw=159.09233022733062 parent=159.092 fp= | before 0p/12b after 1p/0b cap=0.36271999999962645 maxDisp=0.2960608045655487 moved=51 resid=0.02957809148558861 | global legalization did not reach a feasible fixpoint: 1 violating pairs and 0 boundary pi
r31-d2-r6-m28-s0.04: mode=31 exactValid=False contractValid=True depth=None raw=159.09233022733062 parent=159.092 fp= | before 0p/12b after 1p/0b cap=0.6027199999998629 maxDisp=0.3980452235613436 moved=51 resid=0.044480673388985266 | global legalization did not reach a feasible fixpoint: 1 violating pairs and 0 boundary pi
r31-d2-r8-m28-s0.006: mode=31 exactValid=False contractValid=True depth=None raw=159.09233022733062 parent=159.092 fp= | before 0p/1b after 5p/0b cap=0.05871999999999389 maxDisp=0.05990826320300064 moved=46 resid=0.006720317754316637 | global legalization did not reach a feasible fixpoint: 5 violating pairs and 0 boundary pi
r31-d2-r8-m28-s0.012: mode=31 exactValid=False contractValid=True depth=None raw=159.09233022733062 parent=159.092 fp= | before 0p/8b after 1p/0b cap=0.15471999999999753 maxDisp=0.17511424842085238 moved=50 resid=0.016697875562461065 | global legalization did not reach a feasible fixpoint: 1 violating pairs and 0 boundary pi
r31-d2-r8-m28-s0.025: mode=31 exactValid=False contractValid=True depth=None raw=159.09233022733062 parent=159.092 fp= | before 0p/12b after 1p/0b cap=0.36271999999962645 maxDisp=0.23394016328967543 moved=50 resid=0.029577458629879642 | global legalization did not reach a feasible fixpoint: 1 violating pairs and 0 boundary pi
r31-d2-r8-m28-s0.04: mode=31 exactValid=False contractValid=True depth=None raw=159.09233022733062 parent=159.092 fp= | before 0p/12b after 1p/0b cap=0.6027199999998629 maxDisp=0.3980452235613436 moved=50 resid=0.04447968432790802 | global legalization did not reach a feasible fixpoint: 1 violating pairs and 0 boundary pi
# below-incumbent publications: 0
