parent raw depth 159.1499863776172
--- control: perturbed raw depth 159.149986
  control-t159.1: mode=31 exactValid=True contractValid=True depth=159.102 raw=159.10199885062 parent=159.15 fp=c816b4b6c5106e92 | before 0p/10b after 0p/0b cap=0.7999999999997272 maxDisp=0.20808652046684814 moved=49 resid=0.000490338507186738 | 
  control-t159.0: mode=31 exactValid=False contractValid=True depth=None raw=159.1499863776172 parent=159.15 fp= | before 0p/14b after 1p/1b cap=2.400000000000091 maxDisp=0.6984124855699532 moved=53 resid=0.09649464338264224 | global legalization did not reach a feasible fixpoint: 1 violating pairs and 1 boundary pi
  control-t158.5: mode=31 exactValid=False contractValid=True depth=None raw=159.1499863776172 parent=159.15 fp= | before 0p/16b after 60p/0b cap=10.400000000000091 maxDisp=11.122 moved=58 resid=0.8780942254061488 | global legalization did not reach a feasible fixpoint: 60 violating pairs and 0 boundary p
  control-t158.0: mode=31 exactValid=False contractValid=True depth=None raw=159.1499863776172 parent=159.15 fp= | before 0p/18b after 61p/0b cap=18.40000000000009 maxDisp=7.109 moved=59 resid=1.0973819649769543 | global legalization did not reach a feasible fixpoint: 61 violating pairs and 0 boundary p
  control-t157.0: mode=31 exactValid=False contractValid=True depth=None raw=159.1499863776172 parent=159.15 fp= | before 0p/20b after 69p/0b cap=34.40000000000009 maxDisp=7.855 moved=59 resid=2.0971222801433655 | global legalization did not reach a feasible fixpoint: 69 violating pairs and 0 boundary p
  control-t156.0: mode=31 exactValid=False contractValid=True depth=None raw=159.1499863776172 parent=159.15 fp= | before 0p/22b after 69p/7b cap=50.40000000000009 maxDisp=9.616830454988795 moved=59 resid=3.0971366266505695 | global legalization did not reach a feasible fixpoint: 69 violating pairs and 7 boundary p
  control-t155.0: mode=31 exactValid=False contractValid=True depth=None raw=159.1499863776172 parent=159.15 fp= | before 0p/23b after 72p/7b cap=66.40000000000009 maxDisp=11.152000000000001 moved=60 resid=4.097168039890634 | global legalization did not reach a feasible fixpoint: 72 violating pairs and 7 boundary p
--- k2-d1.0: perturbed raw depth 159.138999
  k2-d1.0-t159.138999: mode=31 exactValid=True contractValid=True depth=159.139 raw=159.13899885062 parent=159.139 fp=ba44f365102016f6 | before 6p/4b after 0p/0b cap=6.335878564785261 maxDisp=0.9173407218694699 moved=47 resid=0.00046482839060406366 | 
  k2-d1.0-t159.1: mode=31 exactValid=True contractValid=True depth=159.102 raw=159.10199885062 parent=159.139 fp=c9eb7f8477fcbc17 | before 6p/8b after 0p/0b cap=6.335878564785261 maxDisp=0.9502105029939419 moved=49 resid=0.00048680545947571554 | 
  k2-d1.0-t159.0: mode=31 exactValid=False contractValid=False depth=None raw=159.13899885062 parent=159.139 fp= | before 6p/12b after 1p/1b cap=6.335878564785261 maxDisp=0.9044611655565981 moved=53 resid=0.09650098734392361 | global legalization did not reach a feasible fixpoint: 1 violating pairs and 1 boundary pi
  k2-d1.0-t158.5: mode=31 exactValid=False contractValid=False depth=None raw=159.13899885062 parent=159.139 fp= | before 6p/14b after 61p/0b cap=10.320000000000164 maxDisp=10.972 moved=57 resid=0.8548263144909795 | global legalization did not reach a feasible fixpoint: 61 violating pairs and 0 boundary p
  k2-d1.0-t158.0: mode=31 exactValid=False contractValid=False depth=None raw=159.13899885062 parent=159.139 fp= | before 6p/18b after 62p/0b cap=18.320000000000164 maxDisp=7.2250000000000005 moved=59 resid=1.097651319586875 | global legalization did not reach a feasible fixpoint: 62 violating pairs and 0 boundary p
  k2-d1.0-t157.0: mode=31 exactValid=False contractValid=False depth=None raw=159.13899885062 parent=159.139 fp= | before 6p/20b after 69p/0b cap=34.320000000000164 maxDisp=7.535 moved=59 resid=2.0972486517331306 | global legalization did not reach a feasible fixpoint: 69 violating pairs and 0 boundary p
  k2-d1.0-t156.0: mode=31 exactValid=False contractValid=False depth=None raw=159.13899885062 parent=159.139 fp= | before 6p/22b after 70p/7b cap=50.320000000000164 maxDisp=7.4990000000000006 moved=59 resid=3.097466485784705 | global legalization did not reach a feasible fixpoint: 70 violating pairs and 7 boundary p
  k2-d1.0-t155.0: mode=31 exactValid=False contractValid=False depth=None raw=159.13899885062 parent=159.139 fp= | before 6p/23b after 69p/0b cap=66.32000000000016 maxDisp=8.673 moved=60 resid=4.0971669927947705 | global legalization did not reach a feasible fixpoint: 69 violating pairs and 0 boundary p
--- k2-d2.0: perturbed raw depth 159.138999
  k2-d2.0-t159.138999: mode=31 exactValid=True contractValid=True depth=159.139 raw=159.13899885062 parent=159.139 fp=ca60325487264dfc | before 6p/4b after 0p/0b cap=21.070066336825825 maxDisp=1.8321443720405879 moved=47 resid=0.0004615924729683028 | 
  k2-d2.0-t159.1: mode=31 exactValid=True contractValid=True depth=159.102 raw=159.10199885062 parent=159.139 fp=e7c994e9783377d9 | before 6p/8b after 0p/0b cap=21.070066336825825 maxDisp=1.8731067775223067 moved=51 resid=0.00047501566984662654 | 
  k2-d2.0-t159.0: mode=31 exactValid=False contractValid=False depth=None raw=159.13899885062 parent=159.139 fp= | before 6p/12b after 1p/1b cap=21.070066336825825 maxDisp=1.8791021792334763 moved=53 resid=0.09650301193775289 | global legalization did not reach a feasible fixpoint: 1 violating pairs and 1 boundary pi
  k2-d2.0-t158.5: mode=31 exactValid=False contractValid=False depth=None raw=159.13899885062 parent=159.139 fp= | before 6p/14b after 60p/0b cap=21.070066336825825 maxDisp=6.707 moved=58 resid=0.597736962225519 | global legalization did not reach a feasible fixpoint: 60 violating pairs and 0 boundary p
  k2-d2.0-t158.0: mode=31 exactValid=False contractValid=False depth=None raw=159.13899885062 parent=159.139 fp= | before 6p/16b after 62p/0b cap=21.070066336825825 maxDisp=7.0608906661978565 moved=59 resid=1.097097118917807 | global legalization did not reach a feasible fixpoint: 62 violating pairs and 0 boundary p
  k2-d2.0-t157.0: mode=31 exactValid=False contractValid=False depth=None raw=159.13899885062 parent=159.139 fp= | before 6p/20b after 71p/7b cap=34.320000000000164 maxDisp=7.094 moved=59 resid=2.0979815888840636 | global legalization did not reach a feasible fixpoint: 71 violating pairs and 7 boundary p
  k2-d2.0-t156.0: mode=31 exactValid=False contractValid=False depth=None raw=159.13899885062 parent=159.139 fp= | before 6p/22b after 68p/0b cap=50.320000000000164 maxDisp=9.464 moved=59 resid=3.0974244923998637 | global legalization did not reach a feasible fixpoint: 68 violating pairs and 0 boundary p
  k2-d2.0-t155.0: mode=31 exactValid=False contractValid=False depth=None raw=159.13899885062 parent=159.139 fp= | before 6p/23b after 70p/0b cap=66.32000000000016 maxDisp=12.602 moved=60 resid=5.000000000000112 | global legalization did not reach a feasible fixpoint: 70 violating pairs and 0 boundary p
--- k2-d3.5: perturbed raw depth 159.138999
  k2-d3.5-t159.138999: mode=31 exactValid=True contractValid=True depth=159.139 raw=159.13899885062 parent=159.139 fp=07680f068c26768b | before 7p/4b after 0p/0b cap=43.17134799488597 maxDisp=3.4900981361560595 moved=47 resid=0.0004972957717111633 | 
  k2-d3.5-t159.1: mode=31 exactValid=True contractValid=True depth=159.102 raw=159.10199934779547 parent=159.139 fp=81fef395005f6d02 | before 7p/8b after 0p/0b cap=43.17134799488597 maxDisp=4.043539167610474 moved=55 resid=0.0006621452878095848 | 
  k2-d3.5-t159.0: mode=31 exactValid=False contractValid=False depth=None raw=159.13899885062 parent=159.139 fp= | before 7p/12b after 1p/0b cap=43.17134799488597 maxDisp=3.9069206544284976 moved=56 resid=0.09675120373549917 | global legalization did not reach a feasible fixpoint: 1 violating pairs and 0 boundary pi
  k2-d3.5-t158.5: mode=31 exactValid=False contractValid=False depth=None raw=159.13899885062 parent=159.139 fp= | before 7p/14b after 60p/0b cap=43.17134799488597 maxDisp=6.237 moved=58 resid=0.5977911369094333 | global legalization did not reach a feasible fixpoint: 60 violating pairs and 0 boundary p
  k2-d3.5-t158.0: mode=31 exactValid=False contractValid=False depth=None raw=159.13899885062 parent=159.139 fp= | before 7p/16b after 64p/0b cap=43.17134799488597 maxDisp=6.977 moved=59 resid=1.0976812217734597 | global legalization did not reach a feasible fixpoint: 64 violating pairs and 0 boundary p
  k2-d3.5-t157.0: mode=31 exactValid=False contractValid=False depth=None raw=159.13899885062 parent=159.139 fp= | before 7p/18b after 72p/0b cap=43.17134799488597 maxDisp=7.627 moved=59 resid=2.097838075752858 | global legalization did not reach a feasible fixpoint: 72 violating pairs and 0 boundary p
  k2-d3.5-t156.0: mode=31 exactValid=False contractValid=False depth=None raw=159.13899885062 parent=159.139 fp= | before 7p/20b after 70p/7b cap=50.320000000000164 maxDisp=9.601 moved=59 resid=3.097140312270046 | global legalization did not reach a feasible fixpoint: 70 violating pairs and 7 boundary p
  k2-d3.5-t155.0: mode=31 exactValid=False contractValid=False depth=None raw=159.13899885062 parent=159.139 fp= | before 7p/23b after 67p/0b cap=66.32000000000016 maxDisp=9.52225419740515 moved=60 resid=4.105826282463907 | global legalization did not reach a feasible fixpoint: 67 violating pairs and 0 boundary p
--- k3-d1.0: perturbed raw depth 159.137922
  k3-d1.0-t159.137922: mode=31 exactValid=True contractValid=True depth=159.137 raw=159.13692173412778 parent=159.138 fp=c6730b94c972a1ff | before 8p/5b after 0p/0b cap=8.569731761210534 maxDisp=0.9580046972744968 moved=46 resid=0.000494697219586743 | 
  k3-d1.0-t159.1: mode=31 exactValid=True contractValid=True depth=159.1 raw=159.0999863776172 parent=159.138 fp=6fad83a9254eb48d | before 8p/7b after 0p/0b cap=8.569731761210534 maxDisp=0.950118413672738 moved=48 resid=0.0004980775942762555 | 
  k3-d1.0-t159.0: mode=31 exactValid=False contractValid=False depth=None raw=159.13792173412781 parent=159.138 fp= | before 8p/11b after 1p/0b cap=8.569731761210534 maxDisp=0.9700608228353519 moved=53 resid=0.09649071405561781 | global legalization did not reach a feasible fixpoint: 1 violating pairs and 0 boundary pi
  k3-d1.0-t158.5: mode=31 exactValid=False contractValid=False depth=None raw=159.13792173412781 parent=159.138 fp= | before 8p/13b after 60p/0b cap=10.320000000000164 maxDisp=11.194 moved=57 resid=0.8922059537439584 | global legalization did not reach a feasible fixpoint: 60 violating pairs and 0 boundary p
  k3-d1.0-t158.0: mode=31 exactValid=False contractValid=False depth=None raw=159.13792173412781 parent=159.138 fp= | before 8p/18b after 61p/0b cap=18.320000000000164 maxDisp=7.548 moved=59 resid=1.0974730255998624 | global legalization did not reach a feasible fixpoint: 61 violating pairs and 0 boundary p
  k3-d1.0-t157.0: mode=31 exactValid=False contractValid=False depth=None raw=159.13792173412781 parent=159.138 fp= | before 8p/20b after 71p/0b cap=34.320000000000164 maxDisp=7.841412117724715 moved=59 resid=2.097191911918609 | global legalization did not reach a feasible fixpoint: 71 violating pairs and 0 boundary p
  k3-d1.0-t156.0: mode=31 exactValid=False contractValid=False depth=None raw=159.13792173412781 parent=159.138 fp= | before 8p/22b after 70p/7b cap=50.320000000000164 maxDisp=11.173 moved=59 resid=3.0971693441059385 | global legalization did not reach a feasible fixpoint: 70 violating pairs and 7 boundary p
  k3-d1.0-t155.0: mode=31 exactValid=False contractValid=False depth=None raw=159.13792173412781 parent=159.138 fp= | before 8p/23b after 73p/7b cap=66.32000000000016 maxDisp=11.337 moved=60 resid=4.097168055947504 | global legalization did not reach a feasible fixpoint: 73 violating pairs and 7 boundary p
--- k3-d2.0: perturbed raw depth 159.137922
  k3-d2.0-t159.137922: mode=31 exactValid=True contractValid=True depth=159.137 raw=159.13692173412778 parent=159.138 fp=0b0d9be582798b2a | before 8p/5b after 0p/0b cap=21.64457075877599 maxDisp=1.9271621623516793 moved=46 resid=0.0004634101513470404 | 
  k3-d2.0-t159.1: mode=31 exactValid=True contractValid=True depth=159.1 raw=159.0999863776172 parent=159.138 fp=fc2064a90aa9fedb | before 8p/7b after 0p/0b cap=21.64457075877599 maxDisp=1.9501869141187467 moved=50 resid=0.00048767034791498664 | 
  k3-d2.0-t159.0: mode=31 exactValid=False contractValid=False depth=None raw=159.13792173412781 parent=159.138 fp= | before 8p/11b after 1p/2b cap=21.64457075877599 maxDisp=1.914945952239906 moved=53 resid=0.09650358320368277 | global legalization did not reach a feasible fixpoint: 1 violating pairs and 2 boundary pi
  k3-d2.0-t158.5: mode=31 exactValid=False contractValid=False depth=None raw=159.13792173412781 parent=159.138 fp= | before 8p/13b after 61p/0b cap=21.64457075877599 maxDisp=7.543 moved=58 resid=0.5977378028510738 | global legalization did not reach a feasible fixpoint: 61 violating pairs and 0 boundary p
  k3-d2.0-t158.0: mode=31 exactValid=False contractValid=False depth=None raw=159.13792173412781 parent=159.138 fp= | before 8p/15b after 60p/0b cap=21.64457075877599 maxDisp=9.071 moved=59 resid=1.0971046266899638 | global legalization did not reach a feasible fixpoint: 60 violating pairs and 0 boundary p
  k3-d2.0-t157.0: mode=31 exactValid=False contractValid=False depth=None raw=159.13792173412781 parent=159.138 fp= | before 8p/20b after 71p/7b cap=34.320000000000164 maxDisp=9.54209541977023 moved=59 resid=2.09773194887826 | global legalization did not reach a feasible fixpoint: 71 violating pairs and 7 boundary p
  k3-d2.0-t156.0: mode=31 exactValid=False contractValid=False depth=None raw=159.13792173412781 parent=159.138 fp= | before 8p/22b after 68p/0b cap=50.320000000000164 maxDisp=9.463000000000001 moved=59 resid=3.097428867629818 | global legalization did not reach a feasible fixpoint: 68 violating pairs and 0 boundary p
  k3-d2.0-t155.0: mode=31 exactValid=False contractValid=False depth=None raw=159.13792173412781 parent=159.138 fp= | before 8p/23b after 73p/7b cap=66.32000000000016 maxDisp=9.870000000000001 moved=60 resid=4.097167515475848 | global legalization did not reach a feasible fixpoint: 73 violating pairs and 7 boundary p
--- k3-d3.5: perturbed raw depth 159.137922
  k3-d3.5-t159.137922: mode=31 exactValid=True contractValid=True depth=159.139 raw=159.13899934779548 parent=159.138 fp=c3120e6f69bdaaf3 | before 9p/5b after 0p/0b cap=43.17134799488597 maxDisp=4.07723558308813 moved=55 resid=0.00047386765247578835 | 
  k3-d3.5-t159.1: mode=31 exactValid=True contractValid=True depth=159.102 raw=159.10199934779547 parent=159.138 fp=45d753da2887d88a | before 9p/7b after 0p/0b cap=43.17134799488597 maxDisp=4.084271905737912 moved=55 resid=0.0006166672154084979 | 
  k3-d3.5-t159.0: mode=31 exactValid=False contractValid=False depth=None raw=159.13792173412781 parent=159.138 fp= | before 9p/11b after 1p/1b cap=43.17134799488597 maxDisp=3.923414456822017 moved=56 resid=0.09675078853285064 | global legalization did not reach a feasible fixpoint: 1 violating pairs and 1 boundary pi
  k3-d3.5-t158.5: mode=31 exactValid=False contractValid=False depth=None raw=159.13792173412781 parent=159.138 fp= | before 9p/13b after 60p/0b cap=43.17134799488597 maxDisp=6.479 moved=57 resid=0.5978146354269191 | global legalization did not reach a feasible fixpoint: 60 violating pairs and 0 boundary p
  k3-d3.5-t158.0: mode=31 exactValid=False contractValid=False depth=None raw=159.13792173412781 parent=159.138 fp= | before 9p/15b after 64p/0b cap=43.17134799488597 maxDisp=6.976 moved=59 resid=1.097682360122402 | global legalization did not reach a feasible fixpoint: 64 violating pairs and 0 boundary p
  k3-d3.5-t157.0: mode=31 exactValid=False contractValid=False depth=None raw=159.13792173412781 parent=159.138 fp= | before 9p/17b after 69p/0b cap=43.17134799488597 maxDisp=6.691 moved=59 resid=2.097135354988318 | global legalization did not reach a feasible fixpoint: 69 violating pairs and 0 boundary p
  k3-d3.5-t156.0: mode=31 exactValid=False contractValid=False depth=None raw=159.13792173412781 parent=159.138 fp= | before 9p/19b after 68p/0b cap=50.320000000000164 maxDisp=7.236 moved=59 resid=3.1185335752261323 | global legalization did not reach a feasible fixpoint: 68 violating pairs and 0 boundary p
  k3-d3.5-t155.0: mode=31 exactValid=False contractValid=False depth=None raw=159.13792173412781 parent=159.138 fp= | before 9p/23b after 70p/0b cap=66.32000000000016 maxDisp=9.595 moved=60 resid=4.09716467716689 | global legalization did not reach a feasible fixpoint: 70 violating pairs and 0 boundary p
--- k4-d1.0: perturbed raw depth 159.132523
  k4-d1.0-t159.132523: mode=31 exactValid=True contractValid=True depth=159.119 raw=159.11852296247696 parent=159.133 fp=66a0b94d2722b5f5 | before 9p/6b after 0p/0b cap=8.569731761210534 maxDisp=0.937064565544979 moved=48 resid=0.0004997349270434055 | 
  k4-d1.0-t159.1: mode=31 exactValid=True contractValid=True depth=159.1 raw=159.0999863776172 parent=159.133 fp=09ce0e6ad65e42ca | before 9p/6b after 0p/0b cap=8.569731761210534 maxDisp=0.9500131578036171 moved=48 resid=0.0004870548863560201 | 
  k4-d1.0-t159.0: mode=31 exactValid=False contractValid=False depth=None raw=159.13252296247694 parent=159.133 fp= | before 9p/10b after 1p/1b cap=8.569731761210534 maxDisp=0.9700608228353519 moved=53 resid=0.09649784027150576 | global legalization did not reach a feasible fixpoint: 1 violating pairs and 1 boundary pi
  k4-d1.0-t158.5: mode=31 exactValid=False contractValid=False depth=None raw=159.13252296247694 parent=159.133 fp= | before 9p/12b after 60p/0b cap=10.320000000000164 maxDisp=11.196 moved=57 resid=0.8936892563314152 | global legalization did not reach a feasible fixpoint: 60 violating pairs and 0 boundary p
  k4-d1.0-t158.0: mode=31 exactValid=False contractValid=False depth=None raw=159.13252296247694 parent=159.133 fp= | before 9p/18b after 63p/0b cap=18.320000000000164 maxDisp=7.24 moved=59 resid=1.097690493261262 | global legalization did not reach a feasible fixpoint: 63 violating pairs and 0 boundary p
  k4-d1.0-t157.0: mode=31 exactValid=False contractValid=False depth=None raw=159.13252296247694 parent=159.133 fp= | before 9p/20b after 69p/0b cap=34.320000000000164 maxDisp=7.535 moved=59 resid=2.0972485861337953 | global legalization did not reach a feasible fixpoint: 69 violating pairs and 0 boundary p
  k4-d1.0-t156.0: mode=31 exactValid=False contractValid=False depth=None raw=159.13252296247694 parent=159.133 fp= | before 9p/22b after 70p/7b cap=50.320000000000164 maxDisp=11.173 moved=59 resid=3.097169268283614 | global legalization did not reach a feasible fixpoint: 70 violating pairs and 7 boundary p
  k4-d1.0-t155.0: mode=31 exactValid=False contractValid=False depth=None raw=159.13252296247694 parent=159.133 fp= | before 9p/23b after 67p/0b cap=66.32000000000016 maxDisp=8.992812741295129 moved=60 resid=4.113043336260064 | global legalization did not reach a feasible fixpoint: 67 violating pairs and 0 boundary p
--- k4-d2.0: perturbed raw depth 159.132523
  k4-d2.0-t159.132523: mode=31 exactValid=True contractValid=True depth=159.119 raw=159.11852296247696 parent=159.133 fp=06e94e20c35c64a3 | before 9p/6b after 0p/0b cap=21.64457075877599 maxDisp=1.953135427972162 moved=46 resid=0.0004790779646271096 | 
  k4-d2.0-t159.1: mode=31 exactValid=True contractValid=True depth=159.1 raw=159.0999863776172 parent=159.133 fp=60c37c06ee94ade6 | before 9p/6b after 0p/0b cap=21.64457075877599 maxDisp=1.9500925619057163 moved=50 resid=0.0004986497285077782 | 
  k4-d2.0-t159.0: mode=31 exactValid=False contractValid=False depth=None raw=159.13252296247694 parent=159.133 fp= | before 9p/10b after 1p/2b cap=21.64457075877599 maxDisp=1.914945952239906 moved=53 resid=0.09650248819178052 | global legalization did not reach a feasible fixpoint: 1 violating pairs and 2 boundary pi
  k4-d2.0-t158.5: mode=31 exactValid=False contractValid=False depth=None raw=159.13252296247694 parent=159.133 fp= | before 9p/12b after 61p/0b cap=21.64457075877599 maxDisp=7.543 moved=58 resid=0.5977378050675385 | global legalization did not reach a feasible fixpoint: 61 violating pairs and 0 boundary p
  k4-d2.0-t158.0: mode=31 exactValid=False contractValid=False depth=None raw=159.13252296247694 parent=159.133 fp= | before 9p/14b after 61p/0b cap=21.64457075877599 maxDisp=7.041288305416844 moved=59 resid=1.097432924299902 | global legalization did not reach a feasible fixpoint: 61 violating pairs and 0 boundary p
  k4-d2.0-t157.0: mode=31 exactValid=False contractValid=False depth=None raw=159.13252296247694 parent=159.133 fp= | before 9p/20b after 68p/0b cap=34.320000000000164 maxDisp=11.398 moved=59 resid=2.097126079490608 | global legalization did not reach a feasible fixpoint: 68 violating pairs and 0 boundary p
  k4-d2.0-t156.0: mode=31 exactValid=False contractValid=False depth=None raw=159.13252296247694 parent=159.133 fp= | before 9p/22b after 70p/0b cap=50.320000000000164 maxDisp=9.818474677871304 moved=59 resid=3.0971464443102192 | global legalization did not reach a feasible fixpoint: 70 violating pairs and 0 boundary p
  k4-d2.0-t155.0: mode=31 exactValid=False contractValid=False depth=None raw=159.13252296247694 parent=159.133 fp= | before 9p/23b after 70p/0b cap=66.32000000000016 maxDisp=7.968 moved=60 resid=4.094985563614679 | global legalization did not reach a feasible fixpoint: 70 violating pairs and 0 boundary p
--- k4-d3.5: perturbed raw depth 159.132523
  k4-d3.5-t159.132523: mode=31 exactValid=True contractValid=True depth=159.133 raw=159.13299934779548 parent=159.133 fp=850641edce1d9651 | before 11p/6b after 0p/0b cap=43.17134799488597 maxDisp=4.092639857109345 moved=55 resid=0.000498801636266446 | 
  k4-d3.5-t159.1: mode=31 exactValid=True contractValid=True depth=159.102 raw=159.10199934779547 parent=159.133 fp=da0aed4fb319c51e | before 11p/6b after 0p/0b cap=43.17134799488597 maxDisp=4.094774230650574 moved=55 resid=0.0009657386766352238 | 
  k4-d3.5-t159.0: mode=31 exactValid=False contractValid=False depth=None raw=159.13252296247694 parent=159.133 fp= | before 11p/10b after 1p/1b cap=43.17134799488597 maxDisp=3.926008914916012 moved=55 resid=0.09675582029576675 | global legalization did not reach a feasible fixpoint: 1 violating pairs and 1 boundary pi
  k4-d3.5-t158.5: mode=31 exactValid=False contractValid=False depth=None raw=159.13252296247694 parent=159.133 fp= | before 11p/12b after 62p/0b cap=43.17134799488597 maxDisp=6.136 moved=57 resid=0.5978092661390756 | global legalization did not reach a feasible fixpoint: 62 violating pairs and 0 boundary p
  k4-d3.5-t158.0: mode=31 exactValid=False contractValid=False depth=None raw=159.13252296247694 parent=159.133 fp= | before 11p/14b after 61p/0b cap=43.17134799488597 maxDisp=8.197000000000001 moved=59 resid=1.097110501898748 | global legalization did not reach a feasible fixpoint: 61 violating pairs and 0 boundary p
  k4-d3.5-t157.0: mode=31 exactValid=False contractValid=False depth=None raw=159.13252296247694 parent=159.133 fp= | before 11p/16b after 69p/0b cap=43.17134799488597 maxDisp=8.527000000000001 moved=59 resid=2.0971239908466788 | global legalization did not reach a feasible fixpoint: 69 violating pairs and 0 boundary p
  k4-d3.5-t156.0: mode=31 exactValid=False contractValid=False depth=None raw=159.13252296247694 parent=159.133 fp= | before 11p/18b after 68p/0b cap=50.320000000000164 maxDisp=7.236 moved=59 resid=3.118537228339234 | global legalization did not reach a feasible fixpoint: 68 violating pairs and 0 boundary p
  k4-d3.5-t155.0: mode=31 exactValid=False contractValid=False depth=None raw=159.13252296247694 parent=159.133 fp= | before 11p/23b after 68p/0b cap=66.32000000000016 maxDisp=8.967 moved=60 resid=4.097172113061663 | global legalization did not reach a feasible fixpoint: 68 violating pairs and 0 boundary p
--- k6-d1.0: perturbed raw depth 159.092330
  k6-d1.0-t159.09233: mode=31 exactValid=True contractValid=True depth=159.094 raw=159.09433022733063 parent=159.092 fp=bf73ab9da0a1bcdd | before 13p/4b after 0p/0b cap=8.569731761210534 maxDisp=0.9566995348592996 moved=50 resid=0.0012683104564045718 | 
  k6-d1.0-t159.1: mode=31 exactValid=True contractValid=True depth=159.1 raw=159.0999863776172 parent=159.092 fp=1801eb946034e3fb | before 13p/4b after 0p/0b cap=8.569731761210534 maxDisp=0.9643495216984348 moved=51 resid=0.00048016388742674616 | 
  k6-d1.0-t159.0: mode=31 exactValid=False contractValid=False depth=None raw=159.09233022733062 parent=159.092 fp= | before 13p/8b after 1p/0b cap=8.569731761210534 maxDisp=0.9700608228353519 moved=53 resid=0.096489750959552 | global legalization did not reach a feasible fixpoint: 1 violating pairs and 0 boundary pi
  k6-d1.0-t158.5: mode=31 exactValid=False contractValid=False depth=None raw=159.09233022733062 parent=159.092 fp= | before 13p/10b after 60p/0b cap=10.320000000000164 maxDisp=7.25 moved=57 resid=0.597608873653908 | global legalization did not reach a feasible fixpoint: 60 violating pairs and 0 boundary p
  k6-d1.0-t158.0: mode=31 exactValid=False contractValid=False depth=None raw=159.09233022733062 parent=159.092 fp= | before 13p/18b after 64p/0b cap=18.320000000000164 maxDisp=8.897 moved=59 resid=1.097485522355714 | global legalization did not reach a feasible fixpoint: 64 violating pairs and 0 boundary p
  k6-d1.0-t157.0: mode=31 exactValid=False contractValid=False depth=None raw=159.09233022733062 parent=159.092 fp= | before 13p/20b after 70p/0b cap=34.320000000000164 maxDisp=7.586 moved=59 resid=2.0975040750298026 | global legalization did not reach a feasible fixpoint: 70 violating pairs and 0 boundary p
  k6-d1.0-t156.0: mode=31 exactValid=False contractValid=False depth=None raw=159.09233022733062 parent=159.092 fp= | before 13p/22b after 69p/0b cap=50.320000000000164 maxDisp=9.221 moved=59 resid=3.0971391085592836 | global legalization did not reach a feasible fixpoint: 69 violating pairs and 0 boundary p
  k6-d1.0-t155.0: mode=31 exactValid=False contractValid=False depth=None raw=159.09233022733062 parent=159.092 fp= | before 13p/23b after 71p/7b cap=66.32000000000016 maxDisp=11.338000000000001 moved=60 resid=4.097166943960516 | global legalization did not reach a feasible fixpoint: 71 violating pairs and 7 boundary p
--- k6-d2.0: perturbed raw depth 159.092330
  k6-d2.0-t159.09233: mode=31 exactValid=True contractValid=True depth=159.094 raw=159.09433022733063 parent=159.092 fp=d145f0573582e4dc | before 13p/4b after 0p/0b cap=21.64457075877599 maxDisp=1.9420041194601003 moved=52 resid=0.0012806971066581885 | 
  k6-d2.0-t159.1: mode=31 exactValid=True contractValid=True depth=159.1 raw=159.0999863776172 parent=159.092 fp=c8edccf84933884d | before 13p/4b after 0p/0b cap=21.64457075877599 maxDisp=1.950020769120165 moved=52 resid=0.0004983197297884368 | 
  k6-d2.0-t159.0: mode=31 exactValid=False contractValid=False depth=None raw=159.09233022733062 parent=159.092 fp= | before 13p/8b after 1p/0b cap=21.64457075877599 maxDisp=1.914945952239906 moved=54 resid=0.09650698687799972 | global legalization did not reach a feasible fixpoint: 1 violating pairs and 0 boundary pi
  k6-d2.0-t158.5: mode=31 exactValid=False contractValid=False depth=None raw=159.09233022733062 parent=159.092 fp= | before 13p/10b after 59p/0b cap=21.64457075877599 maxDisp=6.023 moved=57 resid=0.5971281303234366 | global legalization did not reach a feasible fixpoint: 59 violating pairs and 0 boundary p
  k6-d2.0-t158.0: mode=31 exactValid=False contractValid=False depth=None raw=159.09233022733062 parent=159.092 fp= | before 13p/12b after 62p/0b cap=21.64457075877599 maxDisp=7.1770000000000005 moved=59 resid=1.0972489829202594 | global legalization did not reach a feasible fixpoint: 62 violating pairs and 0 boundary p
  k6-d2.0-t157.0: mode=31 exactValid=False contractValid=False depth=None raw=159.09233022733062 parent=159.092 fp= | before 13p/20b after 68p/0b cap=34.320000000000164 maxDisp=7.635 moved=59 resid=2.097182976590026 | global legalization did not reach a feasible fixpoint: 68 violating pairs and 0 boundary p
  k6-d2.0-t156.0: mode=31 exactValid=False contractValid=False depth=None raw=159.09233022733062 parent=159.092 fp= | before 13p/22b after 69p/0b cap=50.320000000000164 maxDisp=8.224 moved=59 resid=3.097139247009885 | global legalization did not reach a feasible fixpoint: 69 violating pairs and 0 boundary p
  k6-d2.0-t155.0: mode=31 exactValid=False contractValid=False depth=None raw=159.09233022733062 parent=159.092 fp= | before 13p/23b after 70p/0b cap=66.32000000000016 maxDisp=12.699 moved=60 resid=4.1514818632973824 | global legalization did not reach a feasible fixpoint: 70 violating pairs and 0 boundary p
--- k6-d3.5: perturbed raw depth 159.092330
  k6-d3.5-t159.09233: mode=31 exactValid=True contractValid=True depth=159.094 raw=159.09433022733063 parent=159.092 fp=e2074fd82b0489a2 | before 15p/4b after 0p/0b cap=43.17134799488597 maxDisp=4.0867083331209235 moved=57 resid=0.0016432166658861898 | 
  k6-d3.5-t159.1: mode=31 exactValid=True contractValid=True depth=159.102 raw=159.10199934779547 parent=159.092 fp=c43430ab5ef01e34 | before 15p/4b after 0p/0b cap=43.17134799488597 maxDisp=4.090092541740345 moved=57 resid=0.001036095807676858 | 
  k6-d3.5-t159.0: mode=31 exactValid=False contractValid=False depth=None raw=159.09233022733062 parent=159.092 fp= | before 15p/8b after 1p/1b cap=43.17134799488597 maxDisp=3.918756180218412 moved=56 resid=0.09674584804274879 | global legalization did not reach a feasible fixpoint: 1 violating pairs and 1 boundary pi
  k6-d3.5-t158.5: mode=31 exactValid=False contractValid=False depth=None raw=159.09233022733062 parent=159.092 fp= | before 15p/10b after 62p/0b cap=43.17134799488597 maxDisp=6.149 moved=57 resid=0.5978068932785419 | global legalization did not reach a feasible fixpoint: 62 violating pairs and 0 boundary p
  k6-d3.5-t158.0: mode=31 exactValid=False contractValid=False depth=None raw=159.09233022733062 parent=159.092 fp= | before 15p/12b after 61p/0b cap=43.17134799488597 maxDisp=7.315 moved=59 resid=1.097439931171277 | global legalization did not reach a feasible fixpoint: 61 violating pairs and 0 boundary p
  k6-d3.5-t157.0: mode=31 exactValid=False contractValid=False depth=None raw=159.09233022733062 parent=159.092 fp= | before 15p/14b after 69p/0b cap=43.17134799488597 maxDisp=6.428 moved=59 resid=2.0976767219122827 | global legalization did not reach a feasible fixpoint: 69 violating pairs and 0 boundary p
  k6-d3.5-t156.0: mode=31 exactValid=False contractValid=False depth=None raw=159.09233022733062 parent=159.092 fp= | before 15p/16b after 69p/0b cap=50.320000000000164 maxDisp=7.588 moved=59 resid=3.097552462949561 | global legalization did not reach a feasible fixpoint: 69 violating pairs and 0 boundary p
  k6-d3.5-t155.0: mode=31 exactValid=False contractValid=False depth=None raw=159.09233022733062 parent=159.092 fp= | before 15p/23b after 69p/0b cap=66.32000000000016 maxDisp=8.627588423192195 moved=60 resid=4.133010703560772 | global legalization did not reach a feasible fixpoint: 69 violating pairs and 0 boundary p

PUBLICATIONS BELOW PARENT: 25
  k=6 d=1.0 target=159.09233 raw=159.09433022733063 run=/var/lib/t3/tmp/combo/phase-a/k6-d1.0-t159.09233.json
  k=6 d=2.0 target=159.09233 raw=159.09433022733063 run=/var/lib/t3/tmp/combo/phase-a/k6-d2.0-t159.09233.json
  k=6 d=3.5 target=159.09233 raw=159.09433022733063 run=/var/lib/t3/tmp/combo/phase-a/k6-d3.5-t159.09233.json
  k=3 d=1.0 target=159.1 raw=159.0999863776172 run=/var/lib/t3/tmp/combo/phase-a/k3-d1.0-t159.1.json
  k=3 d=2.0 target=159.1 raw=159.0999863776172 run=/var/lib/t3/tmp/combo/phase-a/k3-d2.0-t159.1.json
  k=4 d=1.0 target=159.1 raw=159.0999863776172 run=/var/lib/t3/tmp/combo/phase-a/k4-d1.0-t159.1.json
  k=4 d=2.0 target=159.1 raw=159.0999863776172 run=/var/lib/t3/tmp/combo/phase-a/k4-d2.0-t159.1.json
  k=6 d=1.0 target=159.1 raw=159.0999863776172 run=/var/lib/t3/tmp/combo/phase-a/k6-d1.0-t159.1.json
  k=6 d=2.0 target=159.1 raw=159.0999863776172 run=/var/lib/t3/tmp/combo/phase-a/k6-d2.0-t159.1.json
  k=0 d=0.0 target=159.1 raw=159.10199885062 run=/var/lib/t3/tmp/combo/phase-a/control-t159.1.json
  k=2 d=1.0 target=159.1 raw=159.10199885062 run=/var/lib/t3/tmp/combo/phase-a/k2-d1.0-t159.1.json
  k=2 d=2.0 target=159.1 raw=159.10199885062 run=/var/lib/t3/tmp/combo/phase-a/k2-d2.0-t159.1.json
  k=2 d=3.5 target=159.1 raw=159.10199934779547 run=/var/lib/t3/tmp/combo/phase-a/k2-d3.5-t159.1.json
  k=3 d=3.5 target=159.1 raw=159.10199934779547 run=/var/lib/t3/tmp/combo/phase-a/k3-d3.5-t159.1.json
  k=4 d=3.5 target=159.1 raw=159.10199934779547 run=/var/lib/t3/tmp/combo/phase-a/k4-d3.5-t159.1.json
  k=6 d=3.5 target=159.1 raw=159.10199934779547 run=/var/lib/t3/tmp/combo/phase-a/k6-d3.5-t159.1.json
  k=4 d=1.0 target=159.132523 raw=159.11852296247696 run=/var/lib/t3/tmp/combo/phase-a/k4-d1.0-t159.132523.json
  k=4 d=2.0 target=159.132523 raw=159.11852296247696 run=/var/lib/t3/tmp/combo/phase-a/k4-d2.0-t159.132523.json
  k=4 d=3.5 target=159.132523 raw=159.13299934779548 run=/var/lib/t3/tmp/combo/phase-a/k4-d3.5-t159.132523.json
  k=3 d=1.0 target=159.137922 raw=159.13692173412778 run=/var/lib/t3/tmp/combo/phase-a/k3-d1.0-t159.137922.json
  k=3 d=2.0 target=159.137922 raw=159.13692173412778 run=/var/lib/t3/tmp/combo/phase-a/k3-d2.0-t159.137922.json
  k=2 d=1.0 target=159.138999 raw=159.13899885062 run=/var/lib/t3/tmp/combo/phase-a/k2-d1.0-t159.138999.json
  k=2 d=2.0 target=159.138999 raw=159.13899885062 run=/var/lib/t3/tmp/combo/phase-a/k2-d2.0-t159.138999.json
  k=2 d=3.5 target=159.138999 raw=159.13899885062 run=/var/lib/t3/tmp/combo/phase-a/k2-d3.5-t159.138999.json
  k=3 d=3.5 target=159.137922 raw=159.13899934779548 run=/var/lib/t3/tmp/combo/phase-a/k3-d3.5-t159.137922.json
