warning: unused variable: `settings`
    --> crates/polygon-nesting-core/src/search/general_persistent_vacancy.rs:4519:5
     |
4519 |     settings: GeneralFastSettings,
     |     ^^^^^^^^ help: if this is intentional, prefix it with an underscore: `_settings`
     |
     = note: `#[warn(unused_variables)]` (part of `#[warn(unused)]`) on by default

warning: function `continuous_rotation_report_armed` is never used
    --> crates/polygon-nesting-core/src/search/general_relaxed.rs:3862:4
     |
3862 | fn continuous_rotation_report_armed(relaxed_settings: GeneralRelaxedSettings) -> bool {
     |    ^^^^^^^^^^^^^^^^^^^^^^^^^^^^^^^^
     |
     = note: `#[warn(dead_code)]` (part of `#[warn(unused)]`) on by default

warning: method `resolved_pair_collides` is never used
     --> crates/polygon-nesting-core/src/search/general_relaxed.rs:17298:8
      |
13192 | impl<'a, K: ExplorationKernel<Shape = OrientedSurrogate> + Default> LaneSearch<'a, K> {
      | ------------------------------------------------------------------------------------- method in this implementation
...
17298 |     fn resolved_pair_collides(
      |        ^^^^^^^^^^^^^^^^^^^^^^

warning: multiple fields are never read
   --> crates/polygon-nesting-core/src/search/general_persistent_vacancy.rs:468:5
    |
467 | struct VacancyQuotas {
    |        ------------- fields in this struct
468 |     piece_count: usize,
    |     ^^^^^^^^^^^
...
473 |     settle_selected_piece_slots: usize,
    |     ^^^^^^^^^^^^^^^^^^^^^^^^^^^
474 |     reconstruction_selected_piece_slots: usize,
    |     ^^^^^^^^^^^^^^^^^^^^^^^^^^^^^^^^^^^
475 |     lns_settle_selected_piece_slots: usize,
    |     ^^^^^^^^^^^^^^^^^^^^^^^^^^^^^^^
476 |     construction_selected_piece_slots: usize,
    |     ^^^^^^^^^^^^^^^^^^^^^^^^^^^^^^^^^
477 |     construction_void_scan_cap: usize,
    |     ^^^^^^^^^^^^^^^^^^^^^^^^^^
478 |     bridge_void_scan_cap: usize,
    |     ^^^^^^^^^^^^^^^^^^^^
479 |     group_drop_pair_visits: usize,
    |     ^^^^^^^^^^^^^^^^^^^^^^
480 |     separation_pair_visits: usize,
    |     ^^^^^^^^^^^^^^^^^^^^^^
    |
    = note: `VacancyQuotas` has derived impls for the traits `Debug` and `Clone`, but these are intentionally ignored during dead code analysis

warning: struct `SettleKey` is never constructed
    --> crates/polygon-nesting-core/src/search/general_persistent_vacancy.rs:4298:8
     |
4298 | struct SettleKey {
     |        ^^^^^^^^^

warning: function `settle_key_for` is never used
    --> crates/polygon-nesting-core/src/search/general_persistent_vacancy.rs:4304:4
     |
4304 | fn settle_key_for(
     |    ^^^^^^^^^^^^^^

warning: function `settle_key_less` is never used
    --> crates/polygon-nesting-core/src/search/general_persistent_vacancy.rs:4318:4
     |
4318 | fn settle_key_less(first: SettleKey, second: SettleKey) -> bool {
     |    ^^^^^^^^^^^^^^^

warning: method `proven_overlap` is never used
   --> crates/polygon-nesting-core/src/search/construction_reject_certificate.rs:643:23
    |
613 |     impl RejectCertificates {
    |     ----------------------- method in this implementation
...
643 |         pub(crate) fn proven_overlap(&self, active: &[bool], discs: usize) -> Option<f64> {
    |                       ^^^^^^^^^^^^^^

warning: field `wall_target_seconds` is never read
    --> crates/polygon-nesting-core/src/search/portfolio.rs:3156:5
     |
3132 | struct BudgetMeter {
     |        ----------- field in this struct
...
3156 |     wall_target_seconds: Option<f64>,
     |     ^^^^^^^^^^^^^^^^^^^

warning: constant `SCHEDULE_RUNGS` is never used
    --> crates/polygon-nesting-core/src/search/portfolio.rs:5903:7
     |
5903 | const SCHEDULE_RUNGS: usize = 9;
     |       ^^^^^^^^^^^^^^

warning: `polygon-nesting-core` (lib) generated 10 warnings (run `cargo fix --lib -p polygon-nesting-core` to apply 1 suggestion)
    Finished `release` profile [optimized] target(s) in 0.04s
