=== PIN + REPLAY-VALIDATE the first sub-incumbent publication (mode 29, flatten 0.002) ===
source run: c4-flat0.002-m29-p0.5  raw=164.03856779906783 exact=True contract=True fp=8e56054dee89574f1681a56d1a1eef138fddc28e3f9dd33d4b83de43fbd3bba5
joint block: pairs=1 comp=1 ejected=['68c5a4cc-cf24-447c-ad54-974a021198a8-copy-4', 'c5135087-12f0-44f9-bd91-4bcf67affd8b-copy-1'] ordersTried=1 acceptedBySwap=False compRepaired=1
pinned -> /var/lib/t3/tmp/combo28-fs/pins/pin-164.038568.json  sha256=f01e500bf49870eaf9da369c8dabd5a86f423d22a78c1e7413b219d8badefadb
re-derived depth from pinned placements: 164.03856779906783
[   2.9s] val-m27-164.038568: mode=27 exactValid=True contractValid=True depth=164.039 raw=164.03856779906783 parent=164.039 fp=8e56054dee89574f | before Nonep/Noneb after Nonep/Noneb cap=None maxDisp=None moved=None resid=None | 
[   2.9s] val-m30-164.038568: mode=30 exactValid=True contractValid=True depth=164.039 raw=164.03856779906783 parent=164.039 fp=8e56054dee89574f | before 0p/0b after 0p/0b cap=0.0 maxDisp=None moved=0 resid=0.0 | 
[   4.9s] val-m22-164.038568: mode=22 exactValid=True contractValid=True depth=164.039 raw=164.03856779906783 parent=164.039 fp=8e56054dee89574f | before Nonep/Noneb after Nonep/Noneb cap=None maxDisp=None moved=None resid=None | 
=== CASCADE from /var/lib/t3/tmp/combo28-fs/pins/pin-164.038568.json raw=164.03856779906783 ===
[   4.4s] r0-m31-e0.006: mode=31 exactValid=False contractValid=True depth=None raw=164.03856779906783 parent=164.039 fp= | before 0p/12b after 16p/2b cap=0.1829120000002149 maxDisp=0.22785302280198083 moved=55 resid=0.21550775878428263 | global legalization did not reach a feasible fixpoint: 16 violating pairs and 2 boundary p
[   4.5s] r0-m31-e0.012: mode=31 exactValid=False contractValid=True depth=None raw=164.03856779906783 parent=164.039 fp= | before 0p/16b after 31p/2b cap=0.27891200000021854 maxDisp=0.33657391461609143 moved=55 resid=0.39253866601438225 | global legalization did not reach a feasible fixpoint: 31 violating pairs and 2 boundary p
[   4.2s] r0-m31-e0.025: mode=31 exactValid=False contractValid=True depth=None raw=164.03856779906783 parent=164.039 fp= | before 0p/17b after 51p/2b cap=0.4869120000003022 maxDisp=0.5868602900179907 moved=55 resid=0.39186391608471904 | global legalization did not reach a feasible fixpoint: 51 violating pairs and 2 boundary p
[   4.1s] r0-m31-e0.04: mode=31 exactValid=False contractValid=True depth=None raw=164.03856779906783 parent=164.039 fp= | before 0p/17b after 47p/2b cap=0.7269120000000839 maxDisp=0.8244974226763842 moved=55 resid=0.10178643165689022 | global legalization did not reach a feasible fixpoint: 47 violating pairs and 2 boundary p
[   8.0s] r0-m22-s0: mode=22 exactValid=True contractValid=True depth=164.039 raw=164.03856779906783 parent=164.039 fp=8e56054dee89574f | before Nonep/Noneb after Nonep/Noneb cap=None maxDisp=None moved=None resid=None | 
[  10.8s] r0-m22-s1: mode=22 exactValid=True contractValid=True depth=164.039 raw=164.03856779906783 parent=164.039 fp=8e56054dee89574f | before Nonep/Noneb after Nonep/Noneb cap=None maxDisp=None moved=None resid=None | 
[  15.7s] r0-m22-s2: mode=22 exactValid=True contractValid=True depth=164.039 raw=164.03856779906783 parent=164.039 fp=8e56054dee89574f | before Nonep/Noneb after Nonep/Noneb cap=None maxDisp=None moved=None resid=None | 
[  13.0s] r0-m22-s3: mode=22 exactValid=True contractValid=True depth=164.039 raw=164.03856779906783 parent=164.039 fp=8e56054dee89574f | before Nonep/Noneb after Nonep/Noneb cap=None maxDisp=None moved=None resid=None | 
[  68.1s] r0-m26-d0.3-s0: mode=26 exactValid=True contractValid=True depth=164.039 raw=164.03856779906783 parent=164.039 fp=8e56054dee89574f | before Nonep/Noneb after Nonep/Noneb cap=None maxDisp=None moved=None resid=None | 
[  41.2s] r0-m26-d0.3-s1: mode=26 exactValid=True contractValid=True depth=164.039 raw=164.03856779906783 parent=164.039 fp=8e56054dee89574f | before Nonep/Noneb after Nonep/Noneb cap=None maxDisp=None moved=None resid=None | 
[  96.3s] r0-m26-d0.55-s0: mode=26 exactValid=True contractValid=True depth=164.039 raw=164.03856779906783 parent=164.039 fp=8e56054dee89574f | before Nonep/Noneb after Nonep/Noneb cap=None maxDisp=None moved=None resid=None | 
[  72.2s] r0-m26-d0.55-s1: mode=26 exactValid=True contractValid=True depth=164.039 raw=164.03856779906783 parent=164.039 fp=8e56054dee89574f | before Nonep/Noneb after Nonep/Noneb cap=None maxDisp=None moved=None resid=None | 
[ 122.3s] r0-m26-d1.0-s0: mode=26 exactValid=True contractValid=True depth=164.039 raw=164.03856779906783 parent=164.039 fp=8e56054dee89574f | before Nonep/Noneb after Nonep/Noneb cap=None maxDisp=None moved=None resid=None | 
[ 201.8s] r0-m26-d1.0-s1: mode=26 exactValid=True contractValid=True depth=164.039 raw=164.03856779906783 parent=164.039 fp=8e56054dee89574f | before Nonep/Noneb after Nonep/Noneb cap=None maxDisp=None moved=None resid=None | 
[   5.0s] r0-flat0.001-m29-p0.05: mode=29 exactValid=False contractValid=True depth=None raw=164.0375677990678 parent=164.038 fp= | before Nonep/Noneb after Nonep/Noneb cap=None maxDisp=None moved=None resid=None | no insertion order re-placed the 1 violation components inside the 164.088568 mm bound
   ~ pairs=1 bnd=0 comp=1 maxComp=2 /7 ejected=2 /7 att=True maxMatDef=None maxEnvPush=0.000286102294921875 orders=2/2 swaps=1 compRep=0 compRef=1
[   4.6s] r0-flat0.001-m29-p0.5: mode=29 exactValid=True contractValid=True depth=164.076 raw=164.0755677990678 parent=164.038 fp=afe69c355b90fe77 | before Nonep/Noneb after Nonep/Noneb cap=None maxDisp=None moved=None resid=None | 
   ~ pairs=1 bnd=0 comp=1 maxComp=2 /7 ejected=2 /7 att=True maxMatDef=None maxEnvPush=0.000286102294921875 orders=1/2 swaps=0 compRep=1 compRef=0
[   4.9s] r0-flat0.001-m28-p0.05: mode=28 exactValid=True contractValid=True depth=164.04 raw=164.0395677990678 parent=164.038 fp=edce9a61ca313c6d | before Nonep/Noneb after Nonep/Noneb cap=None maxDisp=None moved=None resid=None | 
   ~ pairs=1 bnd=0 comp=1 maxComp=2 /7 ejected=1 /7 att=True maxMatDef=None maxEnvPush=0.000286102294921875 replaced=1 projConv=1 projFail=0
[   4.4s] r0-flat0.001-m28-p0.5: mode=28 exactValid=True contractValid=True depth=164.04 raw=164.0395677990678 parent=164.038 fp=edce9a61ca313c6d | before Nonep/Noneb after Nonep/Noneb cap=None maxDisp=None moved=None resid=None | 
   ~ pairs=1 bnd=0 comp=1 maxComp=2 /7 ejected=1 /7 att=True maxMatDef=None maxEnvPush=0.000286102294921875 replaced=1 projConv=1 projFail=0
[   4.5s] r0-flat0.002-m29-p0.05: mode=29 exactValid=True contractValid=True depth=164.039 raw=164.03856779906783 parent=164.037 fp=181c28e717ff6ef8 | before Nonep/Noneb after Nonep/Noneb cap=None maxDisp=None moved=None resid=None | 
   ~ pairs=3 bnd=0 comp=1 maxComp=4 /7 ejected=4 /7 att=True maxMatDef=None maxEnvPush=0.0008577108383178711 orders=1/24 swaps=0 compRep=1 compRef=0
[   4.4s] r0-flat0.002-m29-p0.5: mode=29 exactValid=True contractValid=True depth=164.039 raw=164.03856779906783 parent=164.037 fp=181c28e717ff6ef8 | before Nonep/Noneb after Nonep/Noneb cap=None maxDisp=None moved=None resid=None | 
   ~ pairs=3 bnd=0 comp=1 maxComp=4 /7 ejected=4 /7 att=True maxMatDef=None maxEnvPush=0.0008577108383178711 orders=1/24 swaps=0 compRep=1 compRef=0
[   5.1s] r0-flat0.002-m28-p0.05: mode=28 exactValid=False contractValid=True depth=None raw=164.03656779906783 parent=164.037 fp= | before Nonep/Noneb after Nonep/Noneb cap=None maxDisp=None moved=None resid=None | no exact-valid pose for piece c5135087-12f0-44f9-bd91-4bcf67affd8b-copy-1 within the 164.0
   ~ pairs=3 bnd=0 comp=1 maxComp=4 /7 ejected=2 /7 att=True maxMatDef=None maxEnvPush=0.0008577108383178711 replaced=0 projConv=1 projFail=0
[   4.5s] r0-flat0.002-m28-p0.5: mode=28 exactValid=False contractValid=True depth=None raw=164.03656779906783 parent=164.037 fp= | before Nonep/Noneb after Nonep/Noneb cap=None maxDisp=None moved=None resid=None | no exact-valid pose for piece c5135087-12f0-44f9-bd91-4bcf67affd8b-copy-1 within the 164.5
   ~ pairs=3 bnd=0 comp=1 maxComp=4 /7 ejected=2 /7 att=True maxMatDef=None maxEnvPush=0.0008577108383178711 replaced=0 projConv=1 projFail=0
[   4.5s] r0-flat0.003-m29-p0.05: mode=29 exactValid=True contractValid=True depth=164.04 raw=164.0395677990678 parent=164.036 fp=85a1df686c83d93c | before Nonep/Noneb after Nonep/Noneb cap=None maxDisp=None moved=None resid=None | 
   ~ pairs=3 bnd=0 comp=1 maxComp=4 /7 ejected=4 /7 att=True maxMatDef=None maxEnvPush=0.0014296174049377441 orders=4/24 swaps=0 compRep=1 compRef=0
[   3.9s] r0-flat0.003-m29-p0.5: mode=29 exactValid=True contractValid=True depth=164.04 raw=164.0395677990678 parent=164.036 fp=85a1df686c83d93c | before Nonep/Noneb after Nonep/Noneb cap=None maxDisp=None moved=None resid=None | 
   ~ pairs=3 bnd=0 comp=1 maxComp=4 /7 ejected=4 /7 att=True maxMatDef=None maxEnvPush=0.0014296174049377441 orders=4/24 swaps=0 compRep=1 compRef=0
[   5.4s] r0-flat0.003-m28-p0.05: mode=28 exactValid=False contractValid=True depth=None raw=164.03556779906785 parent=164.036 fp= | before Nonep/Noneb after Nonep/Noneb cap=None maxDisp=None moved=None resid=None | no exact-valid pose for piece c5135087-12f0-44f9-bd91-4bcf67affd8b-copy-1 within the 164.0
   ~ pairs=3 bnd=0 comp=1 maxComp=4 /7 ejected=2 /7 att=True maxMatDef=None maxEnvPush=0.0014296174049377441 replaced=0 projConv=1 projFail=0
[   4.5s] r0-flat0.003-m28-p0.5: mode=28 exactValid=False contractValid=True depth=None raw=164.03556779906785 parent=164.036 fp= | before Nonep/Noneb after Nonep/Noneb cap=None maxDisp=None moved=None resid=None | no exact-valid pose for piece c5135087-12f0-44f9-bd91-4bcf67affd8b-copy-1 within the 164.5
   ~ pairs=3 bnd=0 comp=1 maxComp=4 /7 ejected=2 /7 att=True maxMatDef=None maxEnvPush=0.0014296174049377441 replaced=0 projConv=1 projFail=0
[   4.3s] r0-flat0.004-m29-p0.05: mode=29 exactValid=True contractValid=True depth=164.041 raw=164.04056779906784 parent=164.035 fp=0cf2d975be44050c | before Nonep/Noneb after Nonep/Noneb cap=None maxDisp=None moved=None resid=None | 
   ~ pairs=3 bnd=1 comp=2 maxComp=4 /7 ejected=4 /7 att=True maxMatDef=None maxEnvPush=0.0015461444854736328 orders=4/24 swaps=0 compRep=1 compRef=0
[  10.3s] r0-flat0.004-m29-p0.5: mode=29 exactValid=True contractValid=True depth=164.041 raw=164.04056779906784 parent=164.035 fp=0cf2d975be44050c | before Nonep/Noneb after Nonep/Noneb cap=None maxDisp=None moved=None resid=None | 
   ~ pairs=3 bnd=1 comp=2 maxComp=4 /7 ejected=4 /7 att=True maxMatDef=None maxEnvPush=0.0015461444854736328 orders=4/24 swaps=0 compRep=1 compRef=0
[  10.4s] r0-flat0.004-m28-p0.05: mode=28 exactValid=False contractValid=True depth=None raw=164.03456779906784 parent=164.035 fp= | before Nonep/Noneb after Nonep/Noneb cap=None maxDisp=None moved=None resid=None | no exact-valid pose for piece c5135087-12f0-44f9-bd91-4bcf67affd8b-copy-1 within the 164.0
   ~ pairs=3 bnd=1 comp=2 maxComp=4 /7 ejected=2 /7 att=True maxMatDef=None maxEnvPush=0.0015461444854736328 replaced=0 projConv=1 projFail=0
[  10.4s] r0-flat0.004-m28-p0.5: mode=28 exactValid=False contractValid=True depth=None raw=164.03456779906784 parent=164.035 fp= | before Nonep/Noneb after Nonep/Noneb cap=None maxDisp=None moved=None resid=None | no exact-valid pose for piece c5135087-12f0-44f9-bd91-4bcf67affd8b-copy-1 within the 164.5
   ~ pairs=3 bnd=1 comp=2 maxComp=4 /7 ejected=2 /7 att=True maxMatDef=None maxEnvPush=0.0015461444854736328 replaced=0 projConv=1 projFail=0
[  10.5s] r0-flat0.005-m29-p0.05: mode=29 exactValid=True contractValid=True depth=164.042 raw=164.04156779906782 parent=164.034 fp=3362a0720322e403 | before Nonep/Noneb after Nonep/Noneb cap=None maxDisp=None moved=None resid=None | 
   ~ pairs=3 bnd=2 comp=3 maxComp=4 /7 ejected=4 /7 att=True maxMatDef=None maxEnvPush=0.002001523971557617 orders=4/24 swaps=0 compRep=1 compRef=0
[   9.6s] r0-flat0.005-m29-p0.5: mode=29 exactValid=True contractValid=True depth=164.042 raw=164.04156779906782 parent=164.034 fp=3362a0720322e403 | before Nonep/Noneb after Nonep/Noneb cap=None maxDisp=None moved=None resid=None | 
   ~ pairs=3 bnd=2 comp=3 maxComp=4 /7 ejected=4 /7 att=True maxMatDef=None maxEnvPush=0.002001523971557617 orders=4/24 swaps=0 compRep=1 compRef=0
[   9.2s] r0-flat0.005-m28-p0.05: mode=28 exactValid=False contractValid=False depth=None raw=164.03356779906784 parent=164.034 fp= | before Nonep/Noneb after Nonep/Noneb cap=None maxDisp=None moved=None resid=None | no exact-valid pose for piece c5135087-12f0-44f9-bd91-4bcf67affd8b-copy-1 within the 164.0
   ~ pairs=3 bnd=2 comp=3 maxComp=4 /7 ejected=2 /7 att=True maxMatDef=None maxEnvPush=0.002001523971557617 replaced=0 projConv=1 projFail=0
[  10.2s] r0-flat0.005-m28-p0.5: mode=28 exactValid=False contractValid=False depth=None raw=164.03356779906784 parent=164.034 fp= | before Nonep/Noneb after Nonep/Noneb cap=None maxDisp=None moved=None resid=None | no exact-valid pose for piece c5135087-12f0-44f9-bd91-4bcf67affd8b-copy-1 within the 164.5
   ~ pairs=3 bnd=2 comp=3 maxComp=4 /7 ejected=2 /7 att=True maxMatDef=None maxEnvPush=0.002001523971557617 replaced=0 projConv=1 projFail=0
[  10.3s] r0-flat0.008-m29-p0.05: mode=29 exactValid=True contractValid=True depth=164.043 raw=164.0425677990678 parent=164.031 fp=f01ac7480ef39727 | before Nonep/Noneb after Nonep/Noneb cap=None maxDisp=None moved=None resid=None | 
   ~ pairs=4 bnd=2 comp=4 maxComp=4 /7 ejected=6 /7 att=True maxMatDef=None maxEnvPush=0.0033032894134521484 orders=6/26 swaps=0 compRep=2 compRef=0
[  10.6s] r0-flat0.008-m29-p0.5: mode=29 exactValid=True contractValid=True depth=164.043 raw=164.0425677990678 parent=164.031 fp=f01ac7480ef39727 | before Nonep/Noneb after Nonep/Noneb cap=None maxDisp=None moved=None resid=None | 
   ~ pairs=4 bnd=2 comp=4 maxComp=4 /7 ejected=6 /7 att=True maxMatDef=None maxEnvPush=0.0033032894134521484 orders=6/26 swaps=0 compRep=2 compRef=0
[   9.6s] r0-flat0.008-m28-p0.05: mode=28 exactValid=False contractValid=False depth=None raw=164.03056779906782 parent=164.031 fp= | before Nonep/Noneb after Nonep/Noneb cap=None maxDisp=None moved=None resid=None | no exact-valid pose for piece c5135087-12f0-44f9-bd91-4bcf67affd8b-copy-1 within the 164.0
   ~ pairs=4 bnd=2 comp=4 maxComp=4 /7 ejected=3 /7 att=True maxMatDef=None maxEnvPush=0.0033032894134521484 replaced=0 projConv=2 projFail=0
[   8.9s] r0-flat0.008-m28-p0.5: mode=28 exactValid=False contractValid=False depth=None raw=164.03056779906782 parent=164.031 fp= | before Nonep/Noneb after Nonep/Noneb cap=None maxDisp=None moved=None resid=None | no exact-valid pose for piece c5135087-12f0-44f9-bd91-4bcf67affd8b-copy-1 within the 164.5
   ~ pairs=4 bnd=2 comp=4 maxComp=4 /7 ejected=3 /7 att=True maxMatDef=None maxEnvPush=0.0033032894134521484 replaced=0 projConv=2 projFail=0
=== FIXPOINT at raw=164.03856779906783 after 0 full rounds ===
=== CASCADE RESULT pin=/var/lib/t3/tmp/combo28-fs/pins/pin-164.038568.json raw=164.03856779906783 ===
