=== PHASE B: perturb (k x d) -> modes 28/29 at 3 targets, with k=0 matched controls ===
-- cell k=0 d=0.0: fixture depth 164.03956779906775 (+0.000000)
[   3.5s] b-k0d0.0-m28-T: mode=28 exactValid=False contractValid=True depth=None raw=164.03956779906775 parent=164.04 fp= | before Nonep/Noneb after Nonep/Noneb cap=None maxDisp=None moved=None resid=None | no violating pair to target with a re-placement
   ~ pairs=0 bnd=0 comp=0 maxComp=0 /7 ejected=0 /7 att=False maxMatDef=None maxEnvPush=None replaced=0 projConv=0 projFail=0
[   3.6s] b-k0d0.0-m29-T: mode=29 exactValid=False contractValid=True depth=None raw=164.03956779906775 parent=164.04 fp= | before Nonep/Noneb after Nonep/Noneb cap=None maxDisp=None moved=None resid=None | no violating pair to target with a joint re-placement
   ~ pairs=0 bnd=0 comp=0 maxComp=0 /7 ejected=0 /7 att=False maxMatDef=None maxEnvPush=None orders=0/0 swaps=0 compRep=0 compRef=0
[   3.6s] b-k0d0.0-m28-T-0.01: mode=28 exactValid=False contractValid=True depth=None raw=164.03956779906775 parent=164.04 fp= | before Nonep/Noneb after Nonep/Noneb cap=None maxDisp=None moved=None resid=None | no violating pair to target with a re-placement
   ~ pairs=0 bnd=0 comp=0 maxComp=0 /7 ejected=0 /7 att=False maxMatDef=None maxEnvPush=None replaced=0 projConv=0 projFail=0
[   3.6s] b-k0d0.0-m29-T-0.01: mode=29 exactValid=False contractValid=True depth=None raw=164.03956779906775 parent=164.04 fp= | before Nonep/Noneb after Nonep/Noneb cap=None maxDisp=None moved=None resid=None | no violating pair to target with a joint re-placement
   ~ pairs=0 bnd=0 comp=0 maxComp=0 /7 ejected=0 /7 att=False maxMatDef=None maxEnvPush=None orders=0/0 swaps=0 compRep=0 compRef=0
[   3.7s] b-k0d0.0-m28-T-0.04: mode=28 exactValid=False contractValid=True depth=None raw=164.03956779906775 parent=164.04 fp= | before Nonep/Noneb after Nonep/Noneb cap=None maxDisp=None moved=None resid=None | no violating pair to target with a re-placement
   ~ pairs=0 bnd=0 comp=0 maxComp=0 /7 ejected=0 /7 att=False maxMatDef=None maxEnvPush=None replaced=0 projConv=0 projFail=0
[   3.6s] b-k0d0.0-m29-T-0.04: mode=29 exactValid=False contractValid=True depth=None raw=164.03956779906775 parent=164.04 fp= | before Nonep/Noneb after Nonep/Noneb cap=None maxDisp=None moved=None resid=None | no violating pair to target with a joint re-placement
   ~ pairs=0 bnd=0 comp=0 maxComp=0 /7 ejected=0 /7 att=False maxMatDef=None maxEnvPush=None orders=0/0 swaps=0 compRep=0 compRef=0
-- cell k=2 d=1.0: fixture depth 164.0359918302575 (-0.003576)
[   3.5s] b-k2d1.0-m28-T: mode=28 exactValid=False contractValid=False depth=None raw=164.0359918302575 parent=164.036 fp= | before Nonep/Noneb after Nonep/Noneb cap=None maxDisp=None moved=None resid=None | no exact-valid pose for piece 68c5a4cc-cf24-447c-ad54-974a021198a8-copy-4 within the 164.0
   ~ pairs=5 bnd=0 comp=1 maxComp=6 /7 ejected=3 /7 att=True maxMatDef=0.7692807088158453 maxEnvPush=0.4916501045227051 replaced=1 projConv=3 projFail=0
[   3.6s] b-k2d1.0-m29-T: mode=29 exactValid=False contractValid=False depth=None raw=164.0359918302575 parent=164.036 fp= | before Nonep/Noneb after Nonep/Noneb cap=None maxDisp=None moved=None resid=None | no insertion order re-placed the 1 violation components inside the 164.039568 mm bound
   ~ pairs=5 bnd=0 comp=1 maxComp=6 /7 ejected=6 /7 att=True maxMatDef=0.7692807088158453 maxEnvPush=0.4916501045227051 orders=6/6 swaps=15 compRep=0 compRef=1
[   3.4s] b-k2d1.0-m28-T-0.01: mode=28 exactValid=False contractValid=False depth=None raw=164.0359918302575 parent=164.036 fp= | before Nonep/Noneb after Nonep/Noneb cap=None maxDisp=None moved=None resid=None | no exact-valid pose for piece 68c5a4cc-cf24-447c-ad54-974a021198a8-copy-4 within the 164.0
   ~ pairs=5 bnd=0 comp=1 maxComp=6 /7 ejected=3 /7 att=True maxMatDef=0.7692807088158453 maxEnvPush=0.4916501045227051 replaced=1 projConv=3 projFail=0
[   3.6s] b-k2d1.0-m29-T-0.01: mode=29 exactValid=False contractValid=False depth=None raw=164.0359918302575 parent=164.036 fp= | before Nonep/Noneb after Nonep/Noneb cap=None maxDisp=None moved=None resid=None | no insertion order re-placed the 1 violation components inside the 164.029568 mm bound
   ~ pairs=5 bnd=0 comp=1 maxComp=6 /7 ejected=6 /7 att=True maxMatDef=0.7692807088158453 maxEnvPush=0.4916501045227051 orders=6/6 swaps=15 compRep=0 compRef=1
[   3.4s] b-k2d1.0-m28-T-0.04: mode=28 exactValid=False contractValid=False depth=None raw=164.0359918302575 parent=164.036 fp= | before Nonep/Noneb after Nonep/Noneb cap=None maxDisp=None moved=None resid=None | no exact-valid pose for piece 68c5a4cc-cf24-447c-ad54-974a021198a8-copy-4 within the 163.9
   ~ pairs=5 bnd=0 comp=1 maxComp=6 /7 ejected=3 /7 att=True maxMatDef=0.7692807088158453 maxEnvPush=0.4916501045227051 replaced=1 projConv=3 projFail=0
[   3.5s] b-k2d1.0-m29-T-0.04: mode=29 exactValid=False contractValid=False depth=None raw=164.0359918302575 parent=164.036 fp= | before Nonep/Noneb after Nonep/Noneb cap=None maxDisp=None moved=None resid=None | no insertion order re-placed the 1 violation components inside the 163.999568 mm bound
   ~ pairs=5 bnd=0 comp=1 maxComp=6 /7 ejected=6 /7 att=True maxMatDef=0.7692807088158453 maxEnvPush=0.4916501045227051 orders=6/6 swaps=15 compRep=0 compRef=1
-- cell k=2 d=2.0: fixture depth 164.0359918302575 (-0.003576)
[   3.5s] b-k2d2.0-m28-T: mode=28 exactValid=False contractValid=False depth=None raw=164.0359918302575 parent=164.036 fp= | before Nonep/Noneb after Nonep/Noneb cap=None maxDisp=None moved=None resid=None | no exact-valid pose for piece 68c5a4cc-cf24-447c-ad54-974a021198a8-copy-4 within the 164.0
   ~ pairs=5 bnd=0 comp=1 maxComp=6 /7 ejected=3 /7 att=True maxMatDef=1.7532124452563171 maxEnvPush=0.9835541248321533 replaced=1 projConv=3 projFail=0
[   3.6s] b-k2d2.0-m29-T: mode=29 exactValid=False contractValid=False depth=None raw=164.0359918302575 parent=164.036 fp= | before Nonep/Noneb after Nonep/Noneb cap=None maxDisp=None moved=None resid=None | no insertion order re-placed the 1 violation components inside the 164.039568 mm bound
   ~ pairs=5 bnd=0 comp=1 maxComp=6 /7 ejected=6 /7 att=True maxMatDef=1.7532124452563171 maxEnvPush=0.9835541248321533 orders=6/6 swaps=15 compRep=0 compRef=1
[   3.3s] b-k2d2.0-m28-T-0.01: mode=28 exactValid=False contractValid=False depth=None raw=164.0359918302575 parent=164.036 fp= | before Nonep/Noneb after Nonep/Noneb cap=None maxDisp=None moved=None resid=None | no exact-valid pose for piece 68c5a4cc-cf24-447c-ad54-974a021198a8-copy-4 within the 164.0
   ~ pairs=5 bnd=0 comp=1 maxComp=6 /7 ejected=3 /7 att=True maxMatDef=1.7532124452563171 maxEnvPush=0.9835541248321533 replaced=1 projConv=3 projFail=0
[   3.8s] b-k2d2.0-m29-T-0.01: mode=29 exactValid=False contractValid=False depth=None raw=164.0359918302575 parent=164.036 fp= | before Nonep/Noneb after Nonep/Noneb cap=None maxDisp=None moved=None resid=None | no insertion order re-placed the 1 violation components inside the 164.029568 mm bound
   ~ pairs=5 bnd=0 comp=1 maxComp=6 /7 ejected=6 /7 att=True maxMatDef=1.7532124452563171 maxEnvPush=0.9835541248321533 orders=6/6 swaps=15 compRep=0 compRef=1
[   3.7s] b-k2d2.0-m28-T-0.04: mode=28 exactValid=False contractValid=False depth=None raw=164.0359918302575 parent=164.036 fp= | before Nonep/Noneb after Nonep/Noneb cap=None maxDisp=None moved=None resid=None | no exact-valid pose for piece 68c5a4cc-cf24-447c-ad54-974a021198a8-copy-4 within the 163.9
   ~ pairs=5 bnd=0 comp=1 maxComp=6 /7 ejected=3 /7 att=True maxMatDef=1.7532124452563171 maxEnvPush=0.9835541248321533 replaced=1 projConv=3 projFail=0
[   3.6s] b-k2d2.0-m29-T-0.04: mode=29 exactValid=False contractValid=False depth=None raw=164.0359918302575 parent=164.036 fp= | before Nonep/Noneb after Nonep/Noneb cap=None maxDisp=None moved=None resid=None | no insertion order re-placed the 1 violation components inside the 163.999568 mm bound
   ~ pairs=5 bnd=0 comp=1 maxComp=6 /7 ejected=6 /7 att=True maxMatDef=1.7532124452563171 maxEnvPush=0.9835541248321533 orders=6/6 swaps=15 compRep=0 compRef=1
-- cell k=3 d=1.0: fixture depth 164.03399266157405 (-0.005575)
[   3.6s] b-k3d1.0-m28-T: mode=28 exactValid=False contractValid=False depth=None raw=164.03399266157405 parent=164.034 fp= | before Nonep/Noneb after Nonep/Noneb cap=None maxDisp=None moved=None resid=None | no exact-valid pose for piece 68c5a4cc-cf24-447c-ad54-974a021198a8-copy-4 within the 164.0
   ~ pairs=5 bnd=1 comp=2 maxComp=6 /7 ejected=3 /7 att=True maxMatDef=0.7692807088158453 maxEnvPush=0.4916501045227051 replaced=1 projConv=3 projFail=0
[   3.7s] b-k3d1.0-m29-T: mode=29 exactValid=False contractValid=False depth=None raw=164.03399266157405 parent=164.034 fp= | before Nonep/Noneb after Nonep/Noneb cap=None maxDisp=None moved=None resid=None | no insertion order re-placed the 1 violation components inside the 164.039568 mm bound
   ~ pairs=5 bnd=1 comp=2 maxComp=6 /7 ejected=6 /7 att=True maxMatDef=0.7692807088158453 maxEnvPush=0.4916501045227051 orders=6/6 swaps=15 compRep=0 compRef=1
[   3.3s] b-k3d1.0-m28-T-0.01: mode=28 exactValid=False contractValid=False depth=None raw=164.03399266157405 parent=164.034 fp= | before Nonep/Noneb after Nonep/Noneb cap=None maxDisp=None moved=None resid=None | no exact-valid pose for piece 68c5a4cc-cf24-447c-ad54-974a021198a8-copy-4 within the 164.0
   ~ pairs=5 bnd=1 comp=2 maxComp=6 /7 ejected=3 /7 att=True maxMatDef=0.7692807088158453 maxEnvPush=0.4916501045227051 replaced=1 projConv=3 projFail=0
[   3.1s] b-k3d1.0-m29-T-0.01: mode=29 exactValid=False contractValid=False depth=None raw=164.03399266157405 parent=164.034 fp= | before Nonep/Noneb after Nonep/Noneb cap=None maxDisp=None moved=None resid=None | no insertion order re-placed the 1 violation components inside the 164.029568 mm bound
   ~ pairs=5 bnd=1 comp=2 maxComp=6 /7 ejected=6 /7 att=True maxMatDef=0.7692807088158453 maxEnvPush=0.4916501045227051 orders=6/6 swaps=15 compRep=0 compRef=1
[   2.9s] b-k3d1.0-m28-T-0.04: mode=28 exactValid=False contractValid=False depth=None raw=164.03399266157405 parent=164.034 fp= | before Nonep/Noneb after Nonep/Noneb cap=None maxDisp=None moved=None resid=None | no exact-valid pose for piece 68c5a4cc-cf24-447c-ad54-974a021198a8-copy-4 within the 163.9
   ~ pairs=5 bnd=1 comp=2 maxComp=6 /7 ejected=3 /7 att=True maxMatDef=0.7692807088158453 maxEnvPush=0.4916501045227051 replaced=1 projConv=3 projFail=0
[   3.0s] b-k3d1.0-m29-T-0.04: mode=29 exactValid=False contractValid=False depth=None raw=164.03399266157405 parent=164.034 fp= | before Nonep/Noneb after Nonep/Noneb cap=None maxDisp=None moved=None resid=None | no insertion order re-placed the 1 violation components inside the 163.999568 mm bound
   ~ pairs=5 bnd=1 comp=2 maxComp=6 /7 ejected=6 /7 att=True maxMatDef=0.7692807088158453 maxEnvPush=0.4916501045227051 orders=6/6 swaps=15 compRep=0 compRef=1
-- cell k=3 d=2.0: fixture depth 164.03399266157405 (-0.005575)
[   2.8s] b-k3d2.0-m28-T: mode=28 exactValid=False contractValid=False depth=None raw=164.03399266157405 parent=164.034 fp= | before Nonep/Noneb after Nonep/Noneb cap=None maxDisp=None moved=None resid=None | the kept sub-layout's boundary residue could not be micro-legalized
   ~ pairs=5 bnd=1 comp=2 maxComp=6 /7 ejected=3 /7 att=False maxMatDef=1.7532124452563171 maxEnvPush=0.9835541248321533 replaced=0 projConv=0 projFail=0
[   2.8s] b-k3d2.0-m29-T: mode=29 exactValid=False contractValid=False depth=None raw=164.03399266157405 parent=164.034 fp= | before Nonep/Noneb after Nonep/Noneb cap=None maxDisp=None moved=None resid=None | no insertion order re-placed the 1 violation components inside the 164.039568 mm bound
   ~ pairs=5 bnd=1 comp=2 maxComp=6 /7 ejected=6 /7 att=False maxMatDef=1.7532124452563171 maxEnvPush=0.9835541248321533 orders=0/0 swaps=0 compRep=0 compRef=1
[   2.8s] b-k3d2.0-m28-T-0.01: mode=28 exactValid=False contractValid=False depth=None raw=164.03399266157405 parent=164.034 fp= | before Nonep/Noneb after Nonep/Noneb cap=None maxDisp=None moved=None resid=None | the kept sub-layout's boundary residue could not be micro-legalized
   ~ pairs=5 bnd=1 comp=2 maxComp=6 /7 ejected=3 /7 att=False maxMatDef=1.7532124452563171 maxEnvPush=0.9835541248321533 replaced=0 projConv=0 projFail=0
[   2.9s] b-k3d2.0-m29-T-0.01: mode=29 exactValid=False contractValid=False depth=None raw=164.03399266157405 parent=164.034 fp= | before Nonep/Noneb after Nonep/Noneb cap=None maxDisp=None moved=None resid=None | no insertion order re-placed the 1 violation components inside the 164.029568 mm bound
   ~ pairs=5 bnd=1 comp=2 maxComp=6 /7 ejected=6 /7 att=False maxMatDef=1.7532124452563171 maxEnvPush=0.9835541248321533 orders=0/0 swaps=0 compRep=0 compRef=1
[   2.8s] b-k3d2.0-m28-T-0.04: mode=28 exactValid=False contractValid=False depth=None raw=164.03399266157405 parent=164.034 fp= | before Nonep/Noneb after Nonep/Noneb cap=None maxDisp=None moved=None resid=None | the kept sub-layout's boundary residue could not be micro-legalized
   ~ pairs=5 bnd=1 comp=2 maxComp=6 /7 ejected=3 /7 att=False maxMatDef=1.7532124452563171 maxEnvPush=0.9835541248321533 replaced=0 projConv=0 projFail=0
[   2.8s] b-k3d2.0-m29-T-0.04: mode=29 exactValid=False contractValid=False depth=None raw=164.03399266157405 parent=164.034 fp= | before Nonep/Noneb after Nonep/Noneb cap=None maxDisp=None moved=None resid=None | no insertion order re-placed the 1 violation components inside the 163.999568 mm bound
   ~ pairs=5 bnd=1 comp=2 maxComp=6 /7 ejected=6 /7 att=False maxMatDef=1.7532124452563171 maxEnvPush=0.9835541248321533 orders=0/0 swaps=0 compRep=0 compRef=1
PHASE B publications: []
