=== PHASE C2: frontier-FLATTEN perturbation (micro-deficits) -> modes 28/29 under sub-incumbent clamps ===
-- flatten delta=0.002: 2 pieces moved, measured depth 164.03756779906774 (-0.002000)
[   2.8s] c2-flat0.002-m28-tight: mode=28 exactValid=False contractValid=True depth=None raw=164.03756779906774 parent=164.038 fp= | before Nonep/Noneb after Nonep/Noneb cap=None maxDisp=None moved=None resid=None | no exact-valid pose for piece 68c5a4cc-cf24-447c-ad54-974a021198a8-copy-4 within the 164.0
   ~ pairs=1 bnd=0 comp=1 maxComp=2 /7 ejected=1 /7 att=True maxMatDef=None maxEnvPush=0.0005155801773071289 replaced=0 projConv=0 projFail=0
[   2.9s] c2-flat0.002-m29-tight: mode=29 exactValid=False contractValid=True depth=None raw=164.03756779906774 parent=164.038 fp= | before Nonep/Noneb after Nonep/Noneb cap=None maxDisp=None moved=None resid=None | no insertion order re-placed the 1 violation components inside the 164.037568 mm bound
   ~ pairs=1 bnd=0 comp=1 maxComp=2 /7 ejected=2 /7 att=True maxMatDef=None maxEnvPush=0.0005155801773071289 orders=2/2 swaps=1 compRep=0 compRef=1
[   2.9s] c2-flat0.002-m28-slack: mode=28 exactValid=False contractValid=True depth=None raw=164.03756779906774 parent=164.038 fp= | before Nonep/Noneb after Nonep/Noneb cap=None maxDisp=None moved=None resid=None | no exact-valid pose for piece 68c5a4cc-cf24-447c-ad54-974a021198a8-copy-4 within the 164.0
   ~ pairs=1 bnd=0 comp=1 maxComp=2 /7 ejected=1 /7 att=True maxMatDef=None maxEnvPush=0.0005155801773071289 replaced=0 projConv=0 projFail=0
[   2.9s] c2-flat0.002-m29-slack: mode=29 exactValid=False contractValid=True depth=None raw=164.03756779906774 parent=164.038 fp= | before Nonep/Noneb after Nonep/Noneb cap=None maxDisp=None moved=None resid=None | no insertion order re-placed the 1 violation components inside the 164.039068 mm bound
   ~ pairs=1 bnd=0 comp=1 maxComp=2 /7 ejected=2 /7 att=True maxMatDef=None maxEnvPush=0.0005155801773071289 orders=2/2 swaps=1 compRep=0 compRef=1
-- flatten delta=0.004: 3 pieces moved, measured depth 164.0355677990678 (-0.004000)
[   2.9s] c2-flat0.004-m28-tight: mode=28 exactValid=False contractValid=True depth=None raw=164.0355677990678 parent=164.036 fp= | before Nonep/Noneb after Nonep/Noneb cap=None maxDisp=None moved=None resid=None | no exact-valid pose for piece c5135087-12f0-44f9-bd91-4bcf67affd8b-copy-1 within the 164.0
   ~ pairs=3 bnd=0 comp=1 maxComp=4 /7 ejected=2 /7 att=True maxMatDef=None maxEnvPush=0.0014296174049377441 replaced=0 projConv=1 projFail=0
[   3.0s] c2-flat0.004-m29-tight: mode=29 exactValid=False contractValid=True depth=None raw=164.0355677990678 parent=164.036 fp= | before Nonep/Noneb after Nonep/Noneb cap=None maxDisp=None moved=None resid=None | no insertion order re-placed the 1 violation components inside the 164.035568 mm bound
   ~ pairs=3 bnd=0 comp=1 maxComp=4 /7 ejected=4 /7 att=True maxMatDef=None maxEnvPush=0.0014296174049377441 orders=24/24 swaps=6 compRep=0 compRef=1
[   2.8s] c2-flat0.004-m28-slack: mode=28 exactValid=False contractValid=True depth=None raw=164.0355677990678 parent=164.036 fp= | before Nonep/Noneb after Nonep/Noneb cap=None maxDisp=None moved=None resid=None | no exact-valid pose for piece c5135087-12f0-44f9-bd91-4bcf67affd8b-copy-1 within the 164.0
   ~ pairs=3 bnd=0 comp=1 maxComp=4 /7 ejected=2 /7 att=True maxMatDef=None maxEnvPush=0.0014296174049377441 replaced=0 projConv=1 projFail=0
[   3.0s] c2-flat0.004-m29-slack: mode=29 exactValid=False contractValid=True depth=None raw=164.0355677990678 parent=164.036 fp= | before Nonep/Noneb after Nonep/Noneb cap=None maxDisp=None moved=None resid=None | no insertion order re-placed the 1 violation components inside the 164.039068 mm bound
   ~ pairs=3 bnd=0 comp=1 maxComp=4 /7 ejected=4 /7 att=True maxMatDef=None maxEnvPush=0.0014296174049377441 orders=24/24 swaps=6 compRep=0 compRef=1
-- flatten delta=0.006: 5 pieces moved, measured depth 164.03356779906778 (-0.006000)
[   2.9s] c2-flat0.006-m28-tight: mode=28 exactValid=False contractValid=False depth=None raw=164.03356779906778 parent=164.034 fp= | before Nonep/Noneb after Nonep/Noneb cap=None maxDisp=None moved=None resid=None | no exact-valid pose for piece c5135087-12f0-44f9-bd91-4bcf67affd8b-copy-1 within the 164.0
   ~ pairs=3 bnd=2 comp=3 maxComp=4 /7 ejected=2 /7 att=True maxMatDef=None maxEnvPush=0.0025731325149536133 replaced=0 projConv=1 projFail=0
[   3.0s] c2-flat0.006-m29-tight: mode=29 exactValid=False contractValid=False depth=None raw=164.03356779906778 parent=164.034 fp= | before Nonep/Noneb after Nonep/Noneb cap=None maxDisp=None moved=None resid=None | no insertion order re-placed the 1 violation components inside the 164.033568 mm bound
   ~ pairs=3 bnd=2 comp=3 maxComp=4 /7 ejected=4 /7 att=True maxMatDef=None maxEnvPush=0.0025731325149536133 orders=24/24 swaps=6 compRep=0 compRef=1
[   2.8s] c2-flat0.006-m28-slack: mode=28 exactValid=False contractValid=False depth=None raw=164.03356779906778 parent=164.034 fp= | before Nonep/Noneb after Nonep/Noneb cap=None maxDisp=None moved=None resid=None | no exact-valid pose for piece c5135087-12f0-44f9-bd91-4bcf67affd8b-copy-1 within the 164.0
   ~ pairs=3 bnd=2 comp=3 maxComp=4 /7 ejected=2 /7 att=True maxMatDef=None maxEnvPush=0.0025731325149536133 replaced=0 projConv=1 projFail=0
[   3.0s] c2-flat0.006-m29-slack: mode=29 exactValid=False contractValid=False depth=None raw=164.03356779906778 parent=164.034 fp= | before Nonep/Noneb after Nonep/Noneb cap=None maxDisp=None moved=None resid=None | no insertion order re-placed the 1 violation components inside the 164.038568 mm bound
   ~ pairs=3 bnd=2 comp=3 maxComp=4 /7 ejected=4 /7 att=True maxMatDef=None maxEnvPush=0.0025731325149536133 orders=24/24 swaps=6 compRep=0 compRef=1
-- flatten delta=0.01: 5 pieces moved, measured depth 164.02956779906776 (-0.010000)
[   2.9s] c2-flat0.01-m28-tight: mode=28 exactValid=False contractValid=False depth=None raw=164.02956779906776 parent=164.03 fp= | before Nonep/Noneb after Nonep/Noneb cap=None maxDisp=None moved=None resid=None | no exact-valid pose for piece 68c5a4cc-cf24-447c-ad54-974a021198a8-copy-4 within the 164.0
   ~ pairs=5 bnd=2 comp=4 maxComp=5 /7 ejected=4 /7 att=True maxMatDef=None maxEnvPush=0.0038114190101623535 replaced=1 projConv=3 projFail=0
[   3.0s] c2-flat0.01-m29-tight: mode=29 exactValid=False contractValid=False depth=None raw=164.02956779906776 parent=164.03 fp= | before Nonep/Noneb after Nonep/Noneb cap=None maxDisp=None moved=None resid=None | no insertion order re-placed the 2 violation components inside the 164.029568 mm bound
   ~ pairs=5 bnd=2 comp=4 maxComp=5 /7 ejected=7 /7 att=True maxMatDef=None maxEnvPush=0.0038114190101623535 orders=7/7 swaps=11 compRep=0 compRef=2
[   2.8s] c2-flat0.01-m28-slack: mode=28 exactValid=False contractValid=False depth=None raw=164.02956779906776 parent=164.03 fp= | before Nonep/Noneb after Nonep/Noneb cap=None maxDisp=None moved=None resid=None | no exact-valid pose for piece 68c5a4cc-cf24-447c-ad54-974a021198a8-copy-4 within the 164.0
   ~ pairs=5 bnd=2 comp=4 maxComp=5 /7 ejected=4 /7 att=True maxMatDef=None maxEnvPush=0.0038114190101623535 replaced=1 projConv=3 projFail=0
[   3.0s] c2-flat0.01-m29-slack: mode=29 exactValid=False contractValid=False depth=None raw=164.02956779906776 parent=164.03 fp= | before Nonep/Noneb after Nonep/Noneb cap=None maxDisp=None moved=None resid=None | no insertion order re-placed the 2 violation components inside the 164.034568 mm bound
   ~ pairs=5 bnd=2 comp=4 maxComp=5 /7 ejected=7 /7 att=True maxMatDef=None maxEnvPush=0.0038114190101623535 orders=7/7 swaps=11 compRep=0 compRef=2
-- flatten delta=0.015: 6 pieces moved, measured depth 164.02456779906777 (-0.015000)
[   2.9s] c2-flat0.015-m28-tight: mode=28 exactValid=False contractValid=False depth=None raw=164.02456779906777 parent=164.025 fp= | before Nonep/Noneb after Nonep/Noneb cap=None maxDisp=None moved=None resid=None | no exact-valid pose for piece 68c5a4cc-cf24-447c-ad54-974a021198a8-copy-4 within the 164.0
   ~ pairs=7 bnd=2 comp=5 maxComp=6 /7 ejected=5 /7 att=True maxMatDef=None maxEnvPush=0.006003975868225098 replaced=1 projConv=3 projFail=0
[   3.2s] c2-flat0.015-m29-tight: mode=29 exactValid=False contractValid=False depth=None raw=164.02456779906777 parent=164.025 fp= | before Nonep/Noneb after Nonep/Noneb cap=None maxDisp=None moved=None resid=None | no insertion order re-placed the 3 violation components inside the 164.024568 mm bound
   ~ pairs=7 bnd=2 comp=5 maxComp=6 /7 ejected=10 /7 att=True maxMatDef=None maxEnvPush=0.006003975868225098 orders=10/10 swaps=17 compRep=0 compRef=3
[   2.9s] c2-flat0.015-m28-slack: mode=28 exactValid=False contractValid=False depth=None raw=164.02456779906777 parent=164.025 fp= | before Nonep/Noneb after Nonep/Noneb cap=None maxDisp=None moved=None resid=None | no exact-valid pose for piece 68c5a4cc-cf24-447c-ad54-974a021198a8-copy-4 within the 164.0
   ~ pairs=7 bnd=2 comp=5 maxComp=6 /7 ejected=5 /7 att=True maxMatDef=None maxEnvPush=0.006003975868225098 replaced=1 projConv=3 projFail=0
[   3.0s] c2-flat0.015-m29-slack: mode=29 exactValid=False contractValid=False depth=None raw=164.02456779906777 parent=164.025 fp= | before Nonep/Noneb after Nonep/Noneb cap=None maxDisp=None moved=None resid=None | no insertion order re-placed the 3 violation components inside the 164.029568 mm bound
   ~ pairs=7 bnd=2 comp=5 maxComp=6 /7 ejected=10 /7 att=True maxMatDef=None maxEnvPush=0.006003975868225098 orders=9/10 swaps=15 compRep=2 compRef=1
-- flatten delta=0.02: 7 pieces moved, measured depth 164.01956779906777 (-0.020000)
[   2.9s] c2-flat0.02-m28-tight: mode=28 exactValid=False contractValid=False depth=None raw=164.01956779906777 parent=164.02 fp= | before Nonep/Noneb after Nonep/Noneb cap=None maxDisp=None moved=None resid=None | no exact-valid pose for piece 68c5a4cc-cf24-447c-ad54-974a021198a8-copy-4 within the 164.0
   ~ pairs=7 bnd=2 comp=5 maxComp=6 /7 ejected=5 /7 att=True maxMatDef=None maxEnvPush=0.008384883403778076 replaced=1 projConv=3 projFail=0
[   3.2s] c2-flat0.02-m29-tight: mode=29 exactValid=False contractValid=False depth=None raw=164.01956779906777 parent=164.02 fp= | before Nonep/Noneb after Nonep/Noneb cap=None maxDisp=None moved=None resid=None | no insertion order re-placed the 3 violation components inside the 164.019568 mm bound
   ~ pairs=7 bnd=2 comp=5 maxComp=6 /7 ejected=10 /7 att=True maxMatDef=None maxEnvPush=0.008384883403778076 orders=10/10 swaps=17 compRep=0 compRef=3
[   2.9s] c2-flat0.02-m28-slack: mode=28 exactValid=False contractValid=False depth=None raw=164.01956779906777 parent=164.02 fp= | before Nonep/Noneb after Nonep/Noneb cap=None maxDisp=None moved=None resid=None | no exact-valid pose for piece 68c5a4cc-cf24-447c-ad54-974a021198a8-copy-4 within the 164.0
   ~ pairs=7 bnd=2 comp=5 maxComp=6 /7 ejected=5 /7 att=True maxMatDef=None maxEnvPush=0.008384883403778076 replaced=1 projConv=3 projFail=0
[   3.2s] c2-flat0.02-m29-slack: mode=29 exactValid=False contractValid=False depth=None raw=164.01956779906777 parent=164.02 fp= | before Nonep/Noneb after Nonep/Noneb cap=None maxDisp=None moved=None resid=None | no insertion order re-placed the 3 violation components inside the 164.024568 mm bound
   ~ pairs=7 bnd=2 comp=5 maxComp=6 /7 ejected=10 /7 att=True maxMatDef=None maxEnvPush=0.008384883403778076 orders=10/10 swaps=17 compRep=0 compRef=3
-- flatten delta=0.0226: 8 pieces moved, measured depth 164.01696779906774 (-0.022600)
[   2.9s] c2-flat0.0226-m28-tight: mode=28 exactValid=False contractValid=False depth=None raw=164.01696779906774 parent=164.017 fp= | before Nonep/Noneb after Nonep/Noneb cap=None maxDisp=None moved=None resid=None | no exact-valid pose for piece 68c5a4cc-cf24-447c-ad54-974a021198a8-copy-1 within the 164.0
   ~ pairs=8 bnd=2 comp=5 maxComp=7 /7 ejected=6 /7 att=True maxMatDef=None maxEnvPush=0.009909272193908691 replaced=1 projConv=3 projFail=0
[   3.3s] c2-flat0.0226-m29-tight: mode=29 exactValid=False contractValid=False depth=None raw=164.01696779906774 parent=164.017 fp= | before Nonep/Noneb after Nonep/Noneb cap=None maxDisp=None moved=None resid=None | no insertion order re-placed the 3 violation components inside the 164.016968 mm bound
   ~ pairs=8 bnd=2 comp=5 maxComp=7 /7 ejected=11 /7 att=True maxMatDef=None maxEnvPush=0.009909272193908691 orders=11/11 swaps=23 compRep=0 compRef=3
[   2.9s] c2-flat0.0226-m28-slack: mode=28 exactValid=False contractValid=False depth=None raw=164.01696779906774 parent=164.017 fp= | before Nonep/Noneb after Nonep/Noneb cap=None maxDisp=None moved=None resid=None | no exact-valid pose for piece 68c5a4cc-cf24-447c-ad54-974a021198a8-copy-1 within the 164.0
   ~ pairs=8 bnd=2 comp=5 maxComp=7 /7 ejected=6 /7 att=True maxMatDef=None maxEnvPush=0.009909272193908691 replaced=1 projConv=3 projFail=0
[   3.2s] c2-flat0.0226-m29-slack: mode=29 exactValid=False contractValid=False depth=None raw=164.01696779906774 parent=164.017 fp= | before Nonep/Noneb after Nonep/Noneb cap=None maxDisp=None moved=None resid=None | no insertion order re-placed the 3 violation components inside the 164.021968 mm bound
   ~ pairs=8 bnd=2 comp=5 maxComp=7 /7 ejected=11 /7 att=True maxMatDef=None maxEnvPush=0.009909272193908691 orders=11/11 swaps=23 compRep=0 compRef=3
-- flatten delta=0.03: 8 pieces moved, measured depth 164.00956779906778 (-0.030000)
[   3.0s] c2-flat0.03-m28-tight: mode=28 exactValid=False contractValid=False depth=None raw=164.00956779906778 parent=164.01 fp= | before Nonep/Noneb after Nonep/Noneb cap=None maxDisp=None moved=None resid=None | no exact-valid pose for piece 68c5a4cc-cf24-447c-ad54-974a021198a8-copy-1 within the 164.0
   ~ pairs=10 bnd=2 comp=6 maxComp=7 /7 ejected=7 /7 att=True maxMatDef=None maxEnvPush=0.013466477394104004 replaced=1 projConv=3 projFail=0
[   3.7s] c2-flat0.03-m29-tight: mode=29 exactValid=False contractValid=False depth=None raw=164.00956779906778 parent=164.01 fp= | before Nonep/Noneb after Nonep/Noneb cap=None maxDisp=None moved=None resid=None | no insertion order re-placed the 4 violation components inside the 164.009568 mm bound
   ~ pairs=10 bnd=2 comp=6 maxComp=7 /7 ejected=14 /7 att=True maxMatDef=None maxEnvPush=0.013466477394104004 orders=17/17 swaps=26 compRep=0 compRef=4
[   2.9s] c2-flat0.03-m28-slack: mode=28 exactValid=False contractValid=False depth=None raw=164.00956779906778 parent=164.01 fp= | before Nonep/Noneb after Nonep/Noneb cap=None maxDisp=None moved=None resid=None | no exact-valid pose for piece 68c5a4cc-cf24-447c-ad54-974a021198a8-copy-1 within the 164.0
   ~ pairs=10 bnd=2 comp=6 maxComp=7 /7 ejected=7 /7 att=True maxMatDef=None maxEnvPush=0.013466477394104004 replaced=1 projConv=3 projFail=0
[   4.3s] c2-flat0.03-m29-slack: mode=29 exactValid=False contractValid=False depth=None raw=164.00956779906778 parent=164.01 fp= | before Nonep/Noneb after Nonep/Noneb cap=None maxDisp=None moved=None resid=None | no insertion order re-placed the 4 violation components inside the 164.014568 mm bound
   ~ pairs=10 bnd=2 comp=6 maxComp=7 /7 ejected=14 /7 att=True maxMatDef=None maxEnvPush=0.013466477394104004 orders=17/17 swaps=26 compRep=0 compRef=4
-- flatten delta=0.05: 8 pieces moved, measured depth 163.98956779906774 (-0.050000)
[   2.9s] c2-flat0.05-m28-tight: mode=28 exactValid=False contractValid=False depth=None raw=163.98956779906774 parent=163.99 fp= | before Nonep/Noneb after Nonep/Noneb cap=None maxDisp=None moved=None resid=None | ejection set of 8 pieces exceeds the local-repair limit of 7
   ~ pairs=11 bnd=2 comp=5 maxComp=7 /7 ejected=8 /7 att=False maxMatDef=None maxEnvPush=0.023121535778045654 replaced=0 projConv=0 projFail=0
[   3.3s] c2-flat0.05-m29-tight: mode=29 exactValid=False contractValid=False depth=None raw=163.98956779906774 parent=163.99 fp= | before Nonep/Noneb after Nonep/Noneb cap=None maxDisp=None moved=None resid=None | no insertion order re-placed the 3 violation components inside the 163.989568 mm bound
   ~ pairs=11 bnd=2 comp=5 maxComp=7 /7 ejected=14 /7 att=True maxMatDef=None maxEnvPush=0.023121535778045654 orders=14/14 swaps=32 compRep=0 compRef=3
[   2.9s] c2-flat0.05-m28-slack: mode=28 exactValid=False contractValid=False depth=None raw=163.98956779906774 parent=163.99 fp= | before Nonep/Noneb after Nonep/Noneb cap=None maxDisp=None moved=None resid=None | ejection set of 8 pieces exceeds the local-repair limit of 7
   ~ pairs=11 bnd=2 comp=5 maxComp=7 /7 ejected=8 /7 att=False maxMatDef=None maxEnvPush=0.023121535778045654 replaced=0 projConv=0 projFail=0
[   3.3s] c2-flat0.05-m29-slack: mode=29 exactValid=False contractValid=False depth=None raw=163.98956779906774 parent=163.99 fp= | before Nonep/Noneb after Nonep/Noneb cap=None maxDisp=None moved=None resid=None | no insertion order re-placed the 3 violation components inside the 163.994568 mm bound
   ~ pairs=11 bnd=2 comp=5 maxComp=7 /7 ejected=14 /7 att=True maxMatDef=None maxEnvPush=0.023121535778045654 orders=14/14 swaps=32 compRep=0 compRef=3
-- flatten delta=0.11: 10 pieces moved, measured depth 163.92956779906774 (-0.110000)
[   2.8s] c2-flat0.11-m28-tight: mode=28 exactValid=False contractValid=False depth=None raw=163.92956779906774 parent=163.93 fp= | before Nonep/Noneb after Nonep/Noneb cap=None maxDisp=None moved=None resid=None | ejection set of 9 pieces exceeds the local-repair limit of 7
   ~ pairs=12 bnd=2 comp=6 maxComp=7 /7 ejected=9 /7 att=False maxMatDef=None maxEnvPush=0.05259513854980469 replaced=0 projConv=0 projFail=0
[   3.4s] c2-flat0.11-m29-tight: mode=29 exactValid=False contractValid=False depth=None raw=163.92956779906774 parent=163.93 fp= | before Nonep/Noneb after Nonep/Noneb cap=None maxDisp=None moved=None resid=None | no insertion order re-placed the 4 violation components inside the 163.929568 mm bound
   ~ pairs=12 bnd=2 comp=6 maxComp=7 /7 ejected=16 /7 att=True maxMatDef=None maxEnvPush=0.05259513854980469 orders=16/16 swaps=33 compRep=0 compRef=4
[   2.8s] c2-flat0.11-m28-slack: mode=28 exactValid=False contractValid=False depth=None raw=163.92956779906774 parent=163.93 fp= | before Nonep/Noneb after Nonep/Noneb cap=None maxDisp=None moved=None resid=None | ejection set of 9 pieces exceeds the local-repair limit of 7
   ~ pairs=12 bnd=2 comp=6 maxComp=7 /7 ejected=9 /7 att=False maxMatDef=None maxEnvPush=0.05259513854980469 replaced=0 projConv=0 projFail=0
[   3.4s] c2-flat0.11-m29-slack: mode=29 exactValid=False contractValid=False depth=None raw=163.92956779906774 parent=163.93 fp= | before Nonep/Noneb after Nonep/Noneb cap=None maxDisp=None moved=None resid=None | no insertion order re-placed the 4 violation components inside the 163.934568 mm bound
   ~ pairs=12 bnd=2 comp=6 maxComp=7 /7 ejected=16 /7 att=True maxMatDef=None maxEnvPush=0.05259513854980469 orders=16/16 swaps=33 compRep=0 compRef=4
C2 publications: []
