=== CASCADE from /var/lib/t3/tmp/orient/pins/pin-159.085986378.json raw=159.0859863776172 ===
[    3.3s] r0-m31-e0.006: mode=31 exactValid=False contractValid=True depth=None raw=159.0859863776172 parent=159.086 fp= | before 0p/9b after 1p/11b cap=0.14422400000012203 maxDisp=0.15616017418023073 moved=49 resid=0.0101513446728903 | global legalization did not reach a feasible fixpoint: 1 violating pairs and 11 boundary p
[    3.4s] r0-m31-e0.012: mode=31 exactValid=False contractValid=True depth=None raw=159.0859863776172 parent=159.086 fp= | before 0p/12b after 1p/0b cap=0.24022400000012567 maxDisp=0.22853664913969488 moved=50 resid=0.018073947093174243 | global legalization did not reach a feasible fixpoint: 1 violating pairs and 0 boundary pi
[    3.3s] r0-m31-e0.025: mode=31 exactValid=False contractValid=True depth=None raw=159.0859863776172 parent=159.086 fp= | before 0p/12b after 1p/1b cap=0.4482239999997546 maxDisp=0.351051278305606 moved=48 resid=0.03898301811760239 | global legalization did not reach a feasible fixpoint: 1 violating pairs and 1 boundary pi
[    3.3s] r0-m31-e0.04: mode=31 exactValid=False contractValid=True depth=None raw=159.0859863776172 parent=159.086 fp= | before 0p/12b after 1p/1b cap=0.6882239999999911 maxDisp=0.38604662930791145 moved=50 resid=0.053871316950742924 | global legalization did not reach a feasible fixpoint: 1 violating pairs and 1 boundary pi
[    5.9s] r0-m22-s0: mode=22 exactValid=True contractValid=True depth=159.086 raw=159.0859863776172 parent=159.086 fp=b89bd96ec8dc7b75 | before Nonep/Noneb after Nonep/Noneb cap=None maxDisp=None moved=None resid=None | 
[    5.0s] r0-m22-s1: mode=22 exactValid=True contractValid=True depth=159.086 raw=159.0859863776172 parent=159.086 fp=b89bd96ec8dc7b75 | before Nonep/Noneb after Nonep/Noneb cap=None maxDisp=None moved=None resid=None | 
[    5.7s] r0-m22-s2: mode=22 exactValid=True contractValid=True depth=159.086 raw=159.0859863776172 parent=159.086 fp=b89bd96ec8dc7b75 | before Nonep/Noneb after Nonep/Noneb cap=None maxDisp=None moved=None resid=None | 
[    5.7s] r0-m22-s3: mode=22 exactValid=True contractValid=True depth=159.086 raw=159.0859863776172 parent=159.086 fp=b89bd96ec8dc7b75 | before Nonep/Noneb after Nonep/Noneb cap=None maxDisp=None moved=None resid=None | 
[   20.0s] r0-m26-d0.3-s0: mode=26 exactValid=True contractValid=True depth=159.086 raw=159.0859863776172 parent=159.086 fp=b89bd96ec8dc7b75 | before Nonep/Noneb after Nonep/Noneb cap=None maxDisp=None moved=None resid=None | 
[   19.3s] r0-m26-d0.3-s1: mode=26 exactValid=True contractValid=True depth=159.086 raw=159.0859863776172 parent=159.086 fp=b89bd96ec8dc7b75 | before Nonep/Noneb after Nonep/Noneb cap=None maxDisp=None moved=None resid=None | 
[   32.4s] r0-m26-d0.55-s0: mode=26 exactValid=True contractValid=True depth=159.086 raw=159.0859863776172 parent=159.086 fp=b89bd96ec8dc7b75 | before Nonep/Noneb after Nonep/Noneb cap=None maxDisp=None moved=None resid=None | 
[   38.3s] r0-m26-d0.55-s1: mode=26 exactValid=True contractValid=True depth=159.086 raw=159.0859863776172 parent=159.086 fp=b89bd96ec8dc7b75 | before Nonep/Noneb after Nonep/Noneb cap=None maxDisp=None moved=None resid=None | 
[  108.8s] r0-m26-d1.0-s0: mode=26 exactValid=True contractValid=True depth=159.086 raw=159.0859863776172 parent=159.086 fp=b89bd96ec8dc7b75 | before Nonep/Noneb after Nonep/Noneb cap=None maxDisp=None moved=None resid=None | 
[   56.1s] r0-m26-d1.0-s1: mode=26 exactValid=True contractValid=True depth=159.086 raw=159.0859863776172 parent=159.086 fp=b89bd96ec8dc7b75 | before Nonep/Noneb after Nonep/Noneb cap=None maxDisp=None moved=None resid=None | 
[    2.9s] r0-flat0.001-m33-p0.05: mode=33 exactValid=True contractValid=True depth=159.085 raw=159.0849863776172 parent=159.085 fp=1f0ca690c6909308 | before Nonep/Noneb after Nonep/Noneb cap=None maxDisp=None moved=None resid=None | 
   ~ pairs=1 bnd=0 comp=1 maxComp=2 /7 ej=2 /7 att=True matDef=None orders=1/2 swaps=0 cRep=1 cRef=0 | acceptedAnchorLocal=0 acceptedAngles=[('0aff79d8-47d7-49b2-958b-8f8648eafc07-copy-3', 304.345571, -0.02, False)] acceptedOrientation=1 acceptedStation=0 acceptedVacated=1 candidates=4234 finalists=7 rows=12 variants=58
*** ADOPT r0-flat0.001-m33-p0.05: 159.0859863776172 -> 159.0849863776172 (delta -0.001000000) pin=/var/lib/t3/tmp/orient/pins/pin-159.084986378.json sha=c7523a141fffd4ba
    attribution {"variants": 58, "candidates": 4234, "rows": 12, "finalists": 7, "acceptedVacated": 1, "acceptedAnchorLocal": 0, "acceptedOrientation": 1, "acceptedStation": 0, "acceptedAngles": [["0aff79d8-47d7-49b2-958b-8f8648eafc07-copy-3", 304.345571, -0.02, false]]}
[    3.0s] r1-m31-e0.006: mode=31 exactValid=False contractValid=True depth=None raw=159.0849863776172 parent=159.085 fp= | before 0p/10b after 1p/11b cap=0.14422400000012203 maxDisp=0.15809174551506477 moved=49 resid=0.011147537330432535 | global legalization did not reach a feasible fixpoint: 1 violating pairs and 11 boundary p
[    3.1s] r1-m31-e0.012: mode=31 exactValid=False contractValid=True depth=None raw=159.0849863776172 parent=159.085 fp= | before 0p/12b after 1p/0b cap=0.24022400000012567 maxDisp=0.23187280996270349 moved=49 resid=0.019061223470154504 | global legalization did not reach a feasible fixpoint: 1 violating pairs and 0 boundary pi
[    3.1s] r1-m31-e0.025: mode=31 exactValid=False contractValid=True depth=None raw=159.0849863776172 parent=159.085 fp= | before 0p/12b after 1p/2b cap=0.4482239999997546 maxDisp=0.3600499965282599 moved=49 resid=0.03998227351450222 | global legalization did not reach a feasible fixpoint: 1 violating pairs and 2 boundary pi
[    3.1s] r1-m31-e0.04: mode=31 exactValid=False contractValid=True depth=None raw=159.0849863776172 parent=159.085 fp= | before 0p/12b after 1p/1b cap=0.6882239999999911 maxDisp=0.38404687213932626 moved=50 resid=0.05486266986521663 | global legalization did not reach a feasible fixpoint: 1 violating pairs and 1 boundary pi
[    7.2s] r1-m22-s0: mode=22 exactValid=True contractValid=True depth=159.084 raw=159.08362371460316 parent=159.085 fp=e306d95fe725ac26 | before Nonep/Noneb after Nonep/Noneb cap=None maxDisp=None moved=None resid=None | 
*** ADOPT r1-m22-s0: 159.0849863776172 -> 159.08362371460316 (delta -0.001362663) pin=/var/lib/t3/tmp/orient/pins/pin-159.083623715.json sha=d946363c8712c58b
    attribution {}
[    3.0s] r2-m31-e0.006: mode=31 exactValid=False contractValid=True depth=None raw=159.08362371460316 parent=159.084 fp= | before 0p/11b after 1p/11b cap=0.15001600000005055 maxDisp=0.16308280105516954 moved=49 resid=0.01250455779057158 | global legalization did not reach a feasible fixpoint: 1 violating pairs and 11 boundary p
[    3.0s] r2-m31-e0.012: mode=31 exactValid=False contractValid=True depth=None raw=159.08362371460316 parent=159.084 fp= | before 0p/12b after 1p/0b cap=0.24601599999959944 maxDisp=0.23630488780387088 moved=49 resid=0.020419402392763995 | global legalization did not reach a feasible fixpoint: 1 violating pairs and 0 boundary pi
[    3.0s] r2-m31-e0.025: mode=31 exactValid=False contractValid=True depth=None raw=159.08362371460316 parent=159.084 fp= | before 0p/12b after 1p/1b cap=0.4540159999996831 maxDisp=0.373048254251377 moved=48 resid=0.04132835011055835 | global legalization did not reach a feasible fixpoint: 1 violating pairs and 1 boundary pi
[    3.1s] r2-m31-e0.04: mode=31 exactValid=False contractValid=True depth=None raw=159.08362371460316 parent=159.084 fp= | before 0p/12b after 1p/1b cap=0.6940159999999196 maxDisp=0.3850467504083108 moved=50 resid=0.05621538744261533 | global legalization did not reach a feasible fixpoint: 1 violating pairs and 1 boundary pi
[    4.9s] r2-m22-s0: mode=22 exactValid=True contractValid=True depth=159.084 raw=159.08362371460316 parent=159.084 fp=e306d95fe725ac26 | before Nonep/Noneb after Nonep/Noneb cap=None maxDisp=None moved=None resid=None | 
[    4.4s] r2-m22-s1: mode=22 exactValid=True contractValid=True depth=159.084 raw=159.08362371460316 parent=159.084 fp=e306d95fe725ac26 | before Nonep/Noneb after Nonep/Noneb cap=None maxDisp=None moved=None resid=None | 
[    5.1s] r2-m22-s2: mode=22 exactValid=True contractValid=True depth=159.084 raw=159.08362371460316 parent=159.084 fp=e306d95fe725ac26 | before Nonep/Noneb after Nonep/Noneb cap=None maxDisp=None moved=None resid=None | 
[    4.4s] r2-m22-s3: mode=22 exactValid=True contractValid=True depth=159.084 raw=159.08362371460316 parent=159.084 fp=e306d95fe725ac26 | before Nonep/Noneb after Nonep/Noneb cap=None maxDisp=None moved=None resid=None | 
[   23.8s] r2-m26-d0.3-s0: mode=26 exactValid=True contractValid=True depth=159.084 raw=159.08362371460316 parent=159.084 fp=e306d95fe725ac26 | before Nonep/Noneb after Nonep/Noneb cap=None maxDisp=None moved=None resid=None | 
[   18.4s] r2-m26-d0.3-s1: mode=26 exactValid=True contractValid=True depth=159.084 raw=159.08362371460316 parent=159.084 fp=e306d95fe725ac26 | before Nonep/Noneb after Nonep/Noneb cap=None maxDisp=None moved=None resid=None | 
[   54.0s] r2-m26-d0.55-s0: mode=26 exactValid=True contractValid=True depth=159.084 raw=159.08362371460316 parent=159.084 fp=e306d95fe725ac26 | before Nonep/Noneb after Nonep/Noneb cap=None maxDisp=None moved=None resid=None | 
[   32.0s] r2-m26-d0.55-s1: mode=26 exactValid=True contractValid=True depth=159.084 raw=159.08362371460316 parent=159.084 fp=e306d95fe725ac26 | before Nonep/Noneb after Nonep/Noneb cap=None maxDisp=None moved=None resid=None | 
[   99.0s] r2-m26-d1.0-s0: mode=26 exactValid=True contractValid=True depth=159.084 raw=159.08362371460316 parent=159.084 fp=e306d95fe725ac26 | before Nonep/Noneb after Nonep/Noneb cap=None maxDisp=None moved=None resid=None | 
[   59.8s] r2-m26-d1.0-s1: mode=26 exactValid=True contractValid=True depth=159.084 raw=159.08362371460316 parent=159.084 fp=e306d95fe725ac26 | before Nonep/Noneb after Nonep/Noneb cap=None maxDisp=None moved=None resid=None | 
[    3.5s] r2-flat0.001-m33-p0.05: mode=33 exactValid=False contractValid=True depth=None raw=159.0826237146032 parent=159.083 fp= | before Nonep/Noneb after Nonep/Noneb cap=None maxDisp=None moved=None resid=None | no insertion order re-placed the 1 violation components inside the 159.133624 mm bound
   ~ pairs=1 bnd=0 comp=1 maxComp=2 /7 ej=2 /7 att=True matDef=None orders=2/2 swaps=1 cRep=0 cRef=1 | acceptedAnchorLocal=0 acceptedAngles=[('604bc424-469c-4ab8-93f1-80c0fc4090b3-copy-5', 240.5, 0.0, True), ('604bc424-469c-4ab8-93f1-80c0fc4090b3-copy-5', 240.5, 0.0, True), ('604bc424-469c-4ab8-93f1-80c0fc4090b3-copy-5', 240.5, 0.0, True), ('604bc424-469c-4ab8-93f1-80c0fc4090b3-copy-5', 240.5, 0.0, True), ('604bc424-469c-4ab8-93f1-80c0fc4090b3-copy-5', 240.375, -0.125, False), ('604bc424-469c-4ab8-93f1-80c0fc4090b3-copy-5', 240.375, -0.125, False), ('604bc424-469c-4ab8-93f1-80c0fc4090b3-copy-5', 240.375, -0.125, False), ('604bc424-469c-4ab8-93f1-80c0fc4090b3-copy-5', 240.375, -0.125, False), ('604bc424-469c-4ab8-93f1-80c0fc4090b3-copy-5', 240.375, -0.125, True), ('604bc424-469c-4ab8-93f1-80c0fc4090b3-copy-5', 240.375, -0.125, True), ('604bc424-469c-4ab8-93f1-80c0fc4090b3-copy-5', 240.375, -0.125, True), ('604bc424-469c-4ab8-93f1-80c0fc4090b3-copy-5', 240.375, -0.125, True)] acceptedOrientation=12 acceptedStation=0 acceptedVacated=5 candidates=71050 finalists=48 rows=43836 variants=1015
[    3.3s] r2-flat0.001-m33-p2.0: mode=33 exactValid=True contractValid=True depth=159.159 raw=159.15862371460318 parent=159.083 fp=011fcf0824799d82 | before Nonep/Noneb after Nonep/Noneb cap=None maxDisp=None moved=None resid=None | 
   ~ pairs=1 bnd=0 comp=1 maxComp=2 /7 ej=2 /7 att=True matDef=None orders=1/2 swaps=0 cRep=1 cRef=0 | acceptedAnchorLocal=1 acceptedOrientation=0 acceptedStation=0 acceptedVacated=1 candidates=4060 finalists=3 rows=456 variants=58
[    3.7s] r2-flat0.001-m32-p0.05: mode=32 exactValid=True contractValid=True depth=159.084 raw=159.08362371460316 parent=159.083 fp=aa4870fe9b039b0d | before Nonep/Noneb after Nonep/Noneb cap=None maxDisp=None moved=None resid=None | 
   ~ pairs=1 bnd=0 comp=1 maxComp=2 /7 ej=1 /7 att=True matDef=None replaced=1 | acceptedAnchorLocal=1 acceptedOrientation=0 acceptedStation=0 acceptedVacated=0 candidates=2146 finalists=1 rows=2146 variants=29
[    3.3s] r2-flat0.001-m32-p2.0: mode=32 exactValid=True contractValid=True depth=159.084 raw=159.08362371460316 parent=159.083 fp=aa4870fe9b039b0d | before Nonep/Noneb after Nonep/Noneb cap=None maxDisp=None moved=None resid=None | 
   ~ pairs=1 bnd=0 comp=1 maxComp=2 /7 ej=1 /7 att=True matDef=None replaced=1 | acceptedAnchorLocal=1 acceptedOrientation=0 acceptedStation=0 acceptedVacated=0 candidates=2146 finalists=0 rows=0 variants=29
[    3.3s] r2-flat0.001-m29-p0.05: mode=29 exactValid=False contractValid=True depth=None raw=159.0826237146032 parent=159.083 fp= | before Nonep/Noneb after Nonep/Noneb cap=None maxDisp=None moved=None resid=None | no insertion order re-placed the 1 violation components inside the 159.133624 mm bound
   ~ pairs=1 bnd=0 comp=1 maxComp=2 /7 ej=2 /7 att=True matDef=None orders=2/2 swaps=1 cRep=0 cRef=1
[    3.4s] r2-flat0.001-m29-p2.0: mode=29 exactValid=True contractValid=True depth=159.159 raw=159.15862371460318 parent=159.083 fp=011fcf0824799d82 | before Nonep/Noneb after Nonep/Noneb cap=None maxDisp=None moved=None resid=None | 
   ~ pairs=1 bnd=0 comp=1 maxComp=2 /7 ej=2 /7 att=True matDef=None orders=1/2 swaps=0 cRep=1 cRef=0
[    3.4s] r2-flat0.001-m28-p0.05: mode=28 exactValid=True contractValid=True depth=159.084 raw=159.08362371460316 parent=159.083 fp=aa4870fe9b039b0d | before Nonep/Noneb after Nonep/Noneb cap=None maxDisp=None moved=None resid=None | 
   ~ pairs=1 bnd=0 comp=1 maxComp=2 /7 ej=1 /7 att=True matDef=None replaced=1
[    3.2s] r2-flat0.001-m28-p2.0: mode=28 exactValid=True contractValid=True depth=159.084 raw=159.08362371460316 parent=159.083 fp=aa4870fe9b039b0d | before Nonep/Noneb after Nonep/Noneb cap=None maxDisp=None moved=None resid=None | 
   ~ pairs=1 bnd=0 comp=1 maxComp=2 /7 ej=1 /7 att=True matDef=None replaced=1
[    3.9s] r2-flat0.002-m33-p0.05: mode=33 exactValid=False contractValid=False depth=None raw=159.08162371460315 parent=159.082 fp= | before Nonep/Noneb after Nonep/Noneb cap=None maxDisp=None moved=None resid=None | no insertion order re-placed the 2 violation components inside the 159.133624 mm bound
   ~ pairs=2 bnd=0 comp=2 maxComp=2 /7 ej=4 /7 att=True matDef=0.00014340267822454678 orders=4/4 swaps=2 cRep=0 cRef=2 | acceptedAnchorLocal=4 acceptedAngles=[('604bc424-469c-4ab8-93f1-80c0fc4090b3-copy-5', 240.5, 0.0, True), ('604bc424-469c-4ab8-93f1-80c0fc4090b3-copy-5', 240.5, 0.0, True), ('604bc424-469c-4ab8-93f1-80c0fc4090b3-copy-5', 240.5, 0.0, True), ('604bc424-469c-4ab8-93f1-80c0fc4090b3-copy-5', 240.5, 0.0, True), ('604bc424-469c-4ab8-93f1-80c0fc4090b3-copy-5', 240.375, -0.125, False), ('604bc424-469c-4ab8-93f1-80c0fc4090b3-copy-5', 240.375, -0.125, False), ('604bc424-469c-4ab8-93f1-80c0fc4090b3-copy-5', 240.375, -0.125, False), ('604bc424-469c-4ab8-93f1-80c0fc4090b3-copy-5', 240.375, -0.125, False), ('604bc424-469c-4ab8-93f1-80c0fc4090b3-copy-5', 240.375, -0.125, True), ('604bc424-469c-4ab8-93f1-80c0fc4090b3-copy-5', 240.375, -0.125, True), ('604bc424-469c-4ab8-93f1-80c0fc4090b3-copy-5', 240.375, -0.125, True), ('604bc424-469c-4ab8-93f1-80c0fc4090b3-copy-5', 240.375, -0.125, True), ('28f5a1d1-afd4-46e4-b2b9-f1841386be28-copy-3', 359.944444, 0.0, True), ('28f5a1d1-afd4-46e4-b2b9-f1841386be28-copy-3', 359.944444, 0.0, True), ('28f5a1d1-afd4-46e4-b2b9-f1841386be28-copy-3', 359.944444, 0.0, True), ('28f5a1d1-afd4-46e4-b2b9-f1841386be28-copy-3', 359.944444, 0.0, True), ('28f5a1d1-afd4-46e4-b2b9-f1841386be28-copy-3', 359.944444, 0.0, True), ('28f5a1d1-afd4-46e4-b2b9-f1841386be28-copy-3', 359.944444, 0.0, True), ('28f5a1d1-afd4-46e4-b2b9-f1841386be28-copy-3', 359.944444, 0.0, True), ('28f5a1d1-afd4-46e4-b2b9-f1841386be28-copy-3', 359.944444, 0.0, True)] acceptedOrientation=20 acceptedStation=0 acceptedVacated=10 candidates=142622 finalists=80 rows=81138 variants=2030
[    3.6s] r2-flat0.002-m33-p2.0: mode=33 exactValid=False contractValid=False depth=None raw=159.08162371460315 parent=159.082 fp= | before Nonep/Noneb after Nonep/Noneb cap=None maxDisp=None moved=None resid=None | no insertion order re-placed the 2 violation components inside the 161.083624 mm bound
   ~ pairs=2 bnd=0 comp=2 maxComp=2 /7 ej=4 /7 att=True matDef=0.00014340267822454678 orders=3/4 swaps=1 cRep=1 cRef=1 | acceptedAnchorLocal=5 acceptedAngles=[('28f5a1d1-afd4-46e4-b2b9-f1841386be28-copy-3', 359.944444, 0.0, True), ('28f5a1d1-afd4-46e4-b2b9-f1841386be28-copy-3', 359.944444, 0.0, True), ('28f5a1d1-afd4-46e4-b2b9-f1841386be28-copy-3', 359.944444, 0.0, True), ('28f5a1d1-afd4-46e4-b2b9-f1841386be28-copy-3', 359.944444, 0.0, True), ('28f5a1d1-afd4-46e4-b2b9-f1841386be28-copy-3', 359.944444, 0.0, True), ('28f5a1d1-afd4-46e4-b2b9-f1841386be28-copy-3', 359.944444, 0.0, True), ('28f5a1d1-afd4-46e4-b2b9-f1841386be28-copy-3', 359.944444, 0.0, True), ('28f5a1d1-afd4-46e4-b2b9-f1841386be28-copy-3', 359.944444, 0.0, True)] acceptedOrientation=8 acceptedStation=0 acceptedVacated=6 candidates=75632 finalists=35 rows=37758 variants=1073
[    3.7s] r2-flat0.002-m32-p0.05: mode=32 exactValid=False contractValid=False depth=None raw=159.08162371460315 parent=159.082 fp= | before Nonep/Noneb after Nonep/Noneb cap=None maxDisp=None moved=None resid=None | no exact-valid pose for piece 28f5a1d1-afd4-46e4-b2b9-f1841386be28-copy-3 within the 159.1
   ~ pairs=2 bnd=0 comp=2 maxComp=2 /7 ej=2 /7 att=True matDef=0.00014340267822454678 replaced=0 | acceptedAnchorLocal=0 acceptedOrientation=0 acceptedStation=0 acceptedVacated=0 candidates=2030 finalists=0 rows=2030 variants=29
[    4.2s] r2-flat0.002-m32-p2.0: mode=32 exactValid=False contractValid=False depth=None raw=159.08162371460315 parent=159.082 fp= | before Nonep/Noneb after Nonep/Noneb cap=None maxDisp=None moved=None resid=None | no exact-valid pose for piece 28f5a1d1-afd4-46e4-b2b9-f1841386be28-copy-3 within the 161.0
   ~ pairs=2 bnd=0 comp=2 maxComp=2 /7 ej=2 /7 att=True matDef=0.00014340267822454678 replaced=0 | acceptedAnchorLocal=0 acceptedOrientation=0 acceptedStation=0 acceptedVacated=0 candidates=2030 finalists=0 rows=2030 variants=29
[    4.4s] r2-flat0.002-m29-p0.05: mode=29 exactValid=False contractValid=False depth=None raw=159.08162371460315 parent=159.082 fp= | before Nonep/Noneb after Nonep/Noneb cap=None maxDisp=None moved=None resid=None | no insertion order re-placed the 2 violation components inside the 159.133624 mm bound
   ~ pairs=2 bnd=0 comp=2 maxComp=2 /7 ej=4 /7 att=True matDef=0.00014340267822454678 orders=4/4 swaps=2 cRep=0 cRef=2
[    4.0s] r2-flat0.002-m29-p2.0: mode=29 exactValid=False contractValid=False depth=None raw=159.08162371460315 parent=159.082 fp= | before Nonep/Noneb after Nonep/Noneb cap=None maxDisp=None moved=None resid=None | no insertion order re-placed the 2 violation components inside the 161.083624 mm bound
   ~ pairs=2 bnd=0 comp=2 maxComp=2 /7 ej=4 /7 att=True matDef=0.00014340267822454678 orders=3/4 swaps=1 cRep=1 cRef=1
[    5.6s] r2-flat0.002-m28-p0.05: mode=28 exactValid=False contractValid=False depth=None raw=159.08162371460315 parent=159.082 fp= | before Nonep/Noneb after Nonep/Noneb cap=None maxDisp=None moved=None resid=None | no exact-valid pose for piece 28f5a1d1-afd4-46e4-b2b9-f1841386be28-copy-3 within the 159.1
   ~ pairs=2 bnd=0 comp=2 maxComp=2 /7 ej=2 /7 att=True matDef=0.00014340267822454678 replaced=0
[    3.6s] r2-flat0.002-m28-p2.0: mode=28 exactValid=False contractValid=False depth=None raw=159.08162371460315 parent=159.082 fp= | before Nonep/Noneb after Nonep/Noneb cap=None maxDisp=None moved=None resid=None | no exact-valid pose for piece 28f5a1d1-afd4-46e4-b2b9-f1841386be28-copy-3 within the 161.0
   ~ pairs=2 bnd=0 comp=2 maxComp=2 /7 ej=2 /7 att=True matDef=0.00014340267822454678 replaced=0
[    3.5s] r2-flat0.003-m33-p0.05: mode=33 exactValid=True contractValid=True depth=159.083 raw=159.08263749731248 parent=159.081 fp=145d0ed4b2f53d3f | before Nonep/Noneb after Nonep/Noneb cap=None maxDisp=None moved=None resid=None | 
   ~ pairs=2 bnd=0 comp=2 maxComp=2 /7 ej=4 /7 att=True matDef=0.0011434022081067141 orders=2/4 swaps=0 cRep=2 cRef=0 | acceptedAnchorLocal=2 acceptedOrientation=0 acceptedStation=0 acceptedVacated=2 candidates=14065 finalists=0 rows=0 variants=116
*** ADOPT r2-flat0.003-m33-p0.05: 159.08362371460316 -> 159.08263749731248 (delta -0.000986217) pin=/var/lib/t3/tmp/orient/pins/pin-159.082637497.json sha=4923b49799f167d5
    attribution {"variants": 116, "candidates": 14065, "rows": 0, "finalists": 0, "acceptedVacated": 2, "acceptedAnchorLocal": 2, "acceptedOrientation": 0, "acceptedStation": 0}
[    4.0s] r3-m31-e0.006: mode=31 exactValid=False contractValid=True depth=None raw=159.08263749731248 parent=159.083 fp= | before 0p/12b after 1p/1b cap=0.1658079999997426 maxDisp=0.19165072397463048 moved=48 resid=0.023468805197839067 | global legalization did not reach a feasible fixpoint: 1 violating pairs and 1 boundary pi
[    3.2s] r3-m31-e0.012: mode=31 exactValid=False contractValid=True depth=None raw=159.08263749731248 parent=159.083 fp= | before 0p/12b after 1p/0b cap=0.26180799999974624 maxDisp=0.23879907872519107 moved=49 resid=0.021399272176874328 | global legalization did not reach a feasible fixpoint: 1 violating pairs and 0 boundary pi
[    3.3s] r3-m31-e0.025: mode=31 exactValid=False contractValid=True depth=None raw=159.08263749731248 parent=159.083 fp= | before 0p/12b after 1p/0b cap=0.4698079999998299 maxDisp=0.38104724116571165 moved=48 resid=0.034312554444189035 | global legalization did not reach a feasible fixpoint: 1 violating pairs and 0 boundary pi
[    3.2s] r3-m31-e0.04: mode=31 exactValid=False contractValid=True depth=None raw=159.08263749731248 parent=159.083 fp= | before 0p/12b after 1p/1b cap=0.7098079999996116 maxDisp=0.38204711751301046 moved=50 resid=0.057194350690846184 | global legalization did not reach a feasible fixpoint: 1 violating pairs and 1 boundary pi
[    5.8s] r3-m22-s0: mode=22 exactValid=True contractValid=True depth=159.083 raw=159.08263749731248 parent=159.083 fp=145d0ed4b2f53d3f | before Nonep/Noneb after Nonep/Noneb cap=None maxDisp=None moved=None resid=None | 
[    4.8s] r3-m22-s1: mode=22 exactValid=True contractValid=True depth=159.083 raw=159.08263749731248 parent=159.083 fp=145d0ed4b2f53d3f | before Nonep/Noneb after Nonep/Noneb cap=None maxDisp=None moved=None resid=None | 
[    5.8s] r3-m22-s2: mode=22 exactValid=True contractValid=True depth=159.083 raw=159.08263749731248 parent=159.083 fp=145d0ed4b2f53d3f | before Nonep/Noneb after Nonep/Noneb cap=None maxDisp=None moved=None resid=None | 
[    5.2s] r3-m22-s3: mode=22 exactValid=True contractValid=True depth=159.083 raw=159.08263749731248 parent=159.083 fp=145d0ed4b2f53d3f | before Nonep/Noneb after Nonep/Noneb cap=None maxDisp=None moved=None resid=None | 
[   20.1s] r3-m26-d0.3-s0: mode=26 exactValid=True contractValid=True depth=159.083 raw=159.08263749731248 parent=159.083 fp=145d0ed4b2f53d3f | before Nonep/Noneb after Nonep/Noneb cap=None maxDisp=None moved=None resid=None | 
[   23.2s] r3-m26-d0.3-s1: mode=26 exactValid=True contractValid=True depth=159.083 raw=159.08263749731248 parent=159.083 fp=145d0ed4b2f53d3f | before Nonep/Noneb after Nonep/Noneb cap=None maxDisp=None moved=None resid=None | 
[   40.7s] r3-m26-d0.55-s0: mode=26 exactValid=True contractValid=True depth=159.083 raw=159.08263749731248 parent=159.083 fp=145d0ed4b2f53d3f | before Nonep/Noneb after Nonep/Noneb cap=None maxDisp=None moved=None resid=None | 
[   50.5s] r3-m26-d0.55-s1: mode=26 exactValid=True contractValid=True depth=159.083 raw=159.08263749731248 parent=159.083 fp=145d0ed4b2f53d3f | before Nonep/Noneb after Nonep/Noneb cap=None maxDisp=None moved=None resid=None | 
[   61.1s] r3-m26-d1.0-s0: mode=26 exactValid=True contractValid=True depth=159.083 raw=159.08263749731248 parent=159.083 fp=145d0ed4b2f53d3f | before Nonep/Noneb after Nonep/Noneb cap=None maxDisp=None moved=None resid=None | 
[  100.2s] r3-m26-d1.0-s1: mode=26 exactValid=True contractValid=True depth=159.083 raw=159.08263749731248 parent=159.083 fp=145d0ed4b2f53d3f | before Nonep/Noneb after Nonep/Noneb cap=None maxDisp=None moved=None resid=None | 
[    3.8s] r3-flat0.001-m33-p0.05: mode=33 exactValid=False contractValid=False depth=None raw=159.08163749731247 parent=159.082 fp= | before Nonep/Noneb after Nonep/Noneb cap=None maxDisp=None moved=None resid=None | no insertion order re-placed the 1 violation components inside the 159.132637 mm bound
   ~ pairs=1 bnd=0 comp=1 maxComp=2 /7 ej=2 /7 att=True matDef=0.00012961997538862846 orders=2/2 swaps=1 cRep=0 cRef=1 | acceptedAnchorLocal=4 acceptedAngles=[('28f5a1d1-afd4-46e4-b2b9-f1841386be28-copy-3', 359.944444, 0.0, True), ('28f5a1d1-afd4-46e4-b2b9-f1841386be28-copy-3', 359.944444, 0.0, True), ('28f5a1d1-afd4-46e4-b2b9-f1841386be28-copy-3', 359.944444, 0.0, True), ('28f5a1d1-afd4-46e4-b2b9-f1841386be28-copy-3', 359.944444, 0.0, True), ('28f5a1d1-afd4-46e4-b2b9-f1841386be28-copy-3', 359.944444, 0.0, True), ('28f5a1d1-afd4-46e4-b2b9-f1841386be28-copy-3', 359.944444, 0.0, True), ('28f5a1d1-afd4-46e4-b2b9-f1841386be28-copy-3', 359.944444, 0.0, True), ('28f5a1d1-afd4-46e4-b2b9-f1841386be28-copy-3', 359.944444, 0.0, True)] acceptedOrientation=8 acceptedStation=0 acceptedVacated=5 candidates=71572 finalists=32 rows=37302 variants=1015
[    3.9s] r3-flat0.001-m33-p2.0: mode=33 exactValid=False contractValid=False depth=None raw=159.08163749731247 parent=159.082 fp= | before Nonep/Noneb after Nonep/Noneb cap=None maxDisp=None moved=None resid=None | no insertion order re-placed the 1 violation components inside the 161.082637 mm bound
   ~ pairs=1 bnd=0 comp=1 maxComp=2 /7 ej=2 /7 att=True matDef=0.00012961997538862846 orders=2/2 swaps=1 cRep=0 cRef=1 | acceptedAnchorLocal=4 acceptedAngles=[('28f5a1d1-afd4-46e4-b2b9-f1841386be28-copy-3', 359.944444, 0.0, True), ('28f5a1d1-afd4-46e4-b2b9-f1841386be28-copy-3', 359.944444, 0.0, True), ('28f5a1d1-afd4-46e4-b2b9-f1841386be28-copy-3', 359.944444, 0.0, True), ('28f5a1d1-afd4-46e4-b2b9-f1841386be28-copy-3', 359.944444, 0.0, True), ('28f5a1d1-afd4-46e4-b2b9-f1841386be28-copy-3', 359.944444, 0.0, True), ('28f5a1d1-afd4-46e4-b2b9-f1841386be28-copy-3', 359.944444, 0.0, True), ('28f5a1d1-afd4-46e4-b2b9-f1841386be28-copy-3', 359.944444, 0.0, True), ('28f5a1d1-afd4-46e4-b2b9-f1841386be28-copy-3', 359.944444, 0.0, True)] acceptedOrientation=8 acceptedStation=0 acceptedVacated=5 candidates=71572 finalists=32 rows=37302 variants=1015
[    3.4s] r3-flat0.001-m32-p0.05: mode=32 exactValid=False contractValid=False depth=None raw=159.08163749731247 parent=159.082 fp= | before Nonep/Noneb after Nonep/Noneb cap=None maxDisp=None moved=None resid=None | no exact-valid pose for piece 28f5a1d1-afd4-46e4-b2b9-f1841386be28-copy-3 within the 159.1
   ~ pairs=1 bnd=0 comp=1 maxComp=2 /7 ej=1 /7 att=True matDef=0.00012961997538862846 replaced=0 | acceptedAnchorLocal=0 acceptedOrientation=0 acceptedStation=0 acceptedVacated=0 candidates=2030 finalists=0 rows=2030 variants=29
[    3.7s] r3-flat0.001-m32-p2.0: mode=32 exactValid=False contractValid=False depth=None raw=159.08163749731247 parent=159.082 fp= | before Nonep/Noneb after Nonep/Noneb cap=None maxDisp=None moved=None resid=None | no exact-valid pose for piece 28f5a1d1-afd4-46e4-b2b9-f1841386be28-copy-3 within the 161.0
   ~ pairs=1 bnd=0 comp=1 maxComp=2 /7 ej=1 /7 att=True matDef=0.00012961997538862846 replaced=0 | acceptedAnchorLocal=0 acceptedOrientation=0 acceptedStation=0 acceptedVacated=0 candidates=2030 finalists=0 rows=2030 variants=29
[    3.7s] r3-flat0.001-m29-p0.05: mode=29 exactValid=False contractValid=False depth=None raw=159.08163749731247 parent=159.082 fp= | before Nonep/Noneb after Nonep/Noneb cap=None maxDisp=None moved=None resid=None | no insertion order re-placed the 1 violation components inside the 159.132637 mm bound
   ~ pairs=1 bnd=0 comp=1 maxComp=2 /7 ej=2 /7 att=True matDef=0.00012961997538862846 orders=2/2 swaps=1 cRep=0 cRef=1
[    3.8s] r3-flat0.001-m29-p2.0: mode=29 exactValid=False contractValid=False depth=None raw=159.08163749731247 parent=159.082 fp= | before Nonep/Noneb after Nonep/Noneb cap=None maxDisp=None moved=None resid=None | no insertion order re-placed the 1 violation components inside the 161.082637 mm bound
   ~ pairs=1 bnd=0 comp=1 maxComp=2 /7 ej=2 /7 att=True matDef=0.00012961997538862846 orders=2/2 swaps=1 cRep=0 cRef=1
[    3.6s] r3-flat0.001-m28-p0.05: mode=28 exactValid=False contractValid=False depth=None raw=159.08163749731247 parent=159.082 fp= | before Nonep/Noneb after Nonep/Noneb cap=None maxDisp=None moved=None resid=None | no exact-valid pose for piece 28f5a1d1-afd4-46e4-b2b9-f1841386be28-copy-3 within the 159.1
   ~ pairs=1 bnd=0 comp=1 maxComp=2 /7 ej=1 /7 att=True matDef=0.00012961997538862846 replaced=0
[    3.4s] r3-flat0.001-m28-p2.0: mode=28 exactValid=False contractValid=False depth=None raw=159.08163749731247 parent=159.082 fp= | before Nonep/Noneb after Nonep/Noneb cap=None maxDisp=None moved=None resid=None | no exact-valid pose for piece 28f5a1d1-afd4-46e4-b2b9-f1841386be28-copy-3 within the 161.0
   ~ pairs=1 bnd=0 comp=1 maxComp=2 /7 ej=1 /7 att=True matDef=0.00012961997538862846 replaced=0
[    3.8s] r3-flat0.002-m33-p0.05: mode=33 exactValid=True contractValid=True depth=159.083 raw=159.08263749731248 parent=159.081 fp=30ceed7f68a5b035 | before Nonep/Noneb after Nonep/Noneb cap=None maxDisp=None moved=None resid=None | 
   ~ pairs=1 bnd=0 comp=1 maxComp=2 /7 ej=2 /7 att=True matDef=0.0011296195052992175 orders=1/2 swaps=0 cRep=1 cRef=0 | acceptedAnchorLocal=1 acceptedOrientation=0 acceptedStation=0 acceptedVacated=1 candidates=7047 finalists=0 rows=0 variants=58
