=== FIXPOINT PROBE /var/lib/t3/tmp/orient/pins/pin-159.082637497.json raw=159.08263749731248
[    3.3s] fp-m31-e0.006: mode=31 exactValid=False contractValid=True depth=None raw=159.08263749731248 parent=159.083 fp= | before 0p/12b after 1p/1b cap=0.1658079999997426 maxDisp=0.19165072397463048 moved=48 resid=0.023468805197839067 | global legalization did not reach a feasible fixpoint: 1 violating pairs and 1 boundary pi
[    3.5s] fp-m31-e0.012: mode=31 exactValid=False contractValid=True depth=None raw=159.08263749731248 parent=159.083 fp= | before 0p/12b after 1p/0b cap=0.26180799999974624 maxDisp=0.23879907872519107 moved=49 resid=0.021399272176874328 | global legalization did not reach a feasible fixpoint: 1 violating pairs and 0 boundary pi
[    3.3s] fp-m31-e0.025: mode=31 exactValid=False contractValid=True depth=None raw=159.08263749731248 parent=159.083 fp= | before 0p/12b after 1p/0b cap=0.4698079999998299 maxDisp=0.38104724116571165 moved=48 resid=0.034312554444189035 | global legalization did not reach a feasible fixpoint: 1 violating pairs and 0 boundary pi
[    3.2s] fp-m31-e0.04: mode=31 exactValid=False contractValid=True depth=None raw=159.08263749731248 parent=159.083 fp= | before 0p/12b after 1p/1b cap=0.7098079999996116 maxDisp=0.38204711751301046 moved=50 resid=0.057194350690846184 | global legalization did not reach a feasible fixpoint: 1 violating pairs and 1 boundary pi
[    5.7s] fp-m22-s0: mode=22 exactValid=True contractValid=True depth=159.083 raw=159.08263749731248 parent=159.083 fp=145d0ed4b2f53d3f | before Nonep/Noneb after Nonep/Noneb cap=None maxDisp=None moved=None resid=None | 
[    4.8s] fp-m22-s1: mode=22 exactValid=True contractValid=True depth=159.083 raw=159.08263749731248 parent=159.083 fp=145d0ed4b2f53d3f | before Nonep/Noneb after Nonep/Noneb cap=None maxDisp=None moved=None resid=None | 
[    6.0s] fp-m22-s2: mode=22 exactValid=True contractValid=True depth=159.083 raw=159.08263749731248 parent=159.083 fp=145d0ed4b2f53d3f | before Nonep/Noneb after Nonep/Noneb cap=None maxDisp=None moved=None resid=None | 
[    4.9s] fp-m22-s3: mode=22 exactValid=True contractValid=True depth=159.083 raw=159.08263749731248 parent=159.083 fp=145d0ed4b2f53d3f | before Nonep/Noneb after Nonep/Noneb cap=None maxDisp=None moved=None resid=None | 
[    3.7s] fp-flat0.001-m33-p0.05: mode=33 exactValid=False contractValid=False depth=None raw=159.08163749731247 parent=159.082 fp= | before Nonep/Noneb after Nonep/Noneb cap=None maxDisp=None moved=None resid=None | no insertion order re-placed the 1 violation components inside the 159.132637 mm bound
   ~ pairs=1 bnd=0 comp=1 maxComp=2 /7 ej=2 /7 att=True matDef=0.00012961997538862846 orders=2/2 swaps=1 cRep=0 cRef=1 | acceptedAnchorLocal=4 acceptedAngles=[('28f5a1d1-afd4-46e4-b2b9-f1841386be28-copy-3', 359.944444, 0.0, True), ('28f5a1d1-afd4-46e4-b2b9-f1841386be28-copy-3', 359.944444, 0.0, True), ('28f5a1d1-afd4-46e4-b2b9-f1841386be28-copy-3', 359.944444, 0.0, True), ('28f5a1d1-afd4-46e4-b2b9-f1841386be28-copy-3', 359.944444, 0.0, True), ('28f5a1d1-afd4-46e4-b2b9-f1841386be28-copy-3', 359.944444, 0.0, True), ('28f5a1d1-afd4-46e4-b2b9-f1841386be28-copy-3', 359.944444, 0.0, True), ('28f5a1d1-afd4-46e4-b2b9-f1841386be28-copy-3', 359.944444, 0.0, True), ('28f5a1d1-afd4-46e4-b2b9-f1841386be28-copy-3', 359.944444, 0.0, True)] acceptedOrientation=8 acceptedStation=0 acceptedVacated=5 candidates=71572 finalists=32 rows=37302 variants=1015
[    3.3s] fp-flat0.001-m33-p2.0: mode=33 exactValid=False contractValid=False depth=None raw=159.08163749731247 parent=159.082 fp= | before Nonep/Noneb after Nonep/Noneb cap=None maxDisp=None moved=None resid=None | no insertion order re-placed the 1 violation components inside the 161.082637 mm bound
   ~ pairs=1 bnd=0 comp=1 maxComp=2 /7 ej=2 /7 att=True matDef=0.00012961997538862846 orders=2/2 swaps=1 cRep=0 cRef=1 | acceptedAnchorLocal=4 acceptedAngles=[('28f5a1d1-afd4-46e4-b2b9-f1841386be28-copy-3', 359.944444, 0.0, True), ('28f5a1d1-afd4-46e4-b2b9-f1841386be28-copy-3', 359.944444, 0.0, True), ('28f5a1d1-afd4-46e4-b2b9-f1841386be28-copy-3', 359.944444, 0.0, True), ('28f5a1d1-afd4-46e4-b2b9-f1841386be28-copy-3', 359.944444, 0.0, True), ('28f5a1d1-afd4-46e4-b2b9-f1841386be28-copy-3', 359.944444, 0.0, True), ('28f5a1d1-afd4-46e4-b2b9-f1841386be28-copy-3', 359.944444, 0.0, True), ('28f5a1d1-afd4-46e4-b2b9-f1841386be28-copy-3', 359.944444, 0.0, True), ('28f5a1d1-afd4-46e4-b2b9-f1841386be28-copy-3', 359.944444, 0.0, True)] acceptedOrientation=8 acceptedStation=0 acceptedVacated=5 candidates=71572 finalists=32 rows=37302 variants=1015
[    3.1s] fp-flat0.001-m32-p0.05: mode=32 exactValid=False contractValid=False depth=None raw=159.08163749731247 parent=159.082 fp= | before Nonep/Noneb after Nonep/Noneb cap=None maxDisp=None moved=None resid=None | no exact-valid pose for piece 28f5a1d1-afd4-46e4-b2b9-f1841386be28-copy-3 within the 159.1
   ~ pairs=1 bnd=0 comp=1 maxComp=2 /7 ej=1 /7 att=True matDef=0.00012961997538862846 replaced=0 | acceptedAnchorLocal=0 acceptedOrientation=0 acceptedStation=0 acceptedVacated=0 candidates=2030 finalists=0 rows=2030 variants=29
[    3.4s] fp-flat0.001-m32-p2.0: mode=32 exactValid=False contractValid=False depth=None raw=159.08163749731247 parent=159.082 fp= | before Nonep/Noneb after Nonep/Noneb cap=None maxDisp=None moved=None resid=None | no exact-valid pose for piece 28f5a1d1-afd4-46e4-b2b9-f1841386be28-copy-3 within the 161.0
   ~ pairs=1 bnd=0 comp=1 maxComp=2 /7 ej=1 /7 att=True matDef=0.00012961997538862846 replaced=0 | acceptedAnchorLocal=0 acceptedOrientation=0 acceptedStation=0 acceptedVacated=0 candidates=2030 finalists=0 rows=2030 variants=29
[    3.3s] fp-flat0.001-m29-p0.05: mode=29 exactValid=False contractValid=False depth=None raw=159.08163749731247 parent=159.082 fp= | before Nonep/Noneb after Nonep/Noneb cap=None maxDisp=None moved=None resid=None | no insertion order re-placed the 1 violation components inside the 159.132637 mm bound
   ~ pairs=1 bnd=0 comp=1 maxComp=2 /7 ej=2 /7 att=True matDef=0.00012961997538862846 orders=2/2 swaps=1 cRep=0 cRef=1
[    3.7s] fp-flat0.001-m29-p2.0: mode=29 exactValid=False contractValid=False depth=None raw=159.08163749731247 parent=159.082 fp= | before Nonep/Noneb after Nonep/Noneb cap=None maxDisp=None moved=None resid=None | no insertion order re-placed the 1 violation components inside the 161.082637 mm bound
   ~ pairs=1 bnd=0 comp=1 maxComp=2 /7 ej=2 /7 att=True matDef=0.00012961997538862846 orders=2/2 swaps=1 cRep=0 cRef=1
[    3.3s] fp-flat0.001-m28-p0.05: mode=28 exactValid=False contractValid=False depth=None raw=159.08163749731247 parent=159.082 fp= | before Nonep/Noneb after Nonep/Noneb cap=None maxDisp=None moved=None resid=None | no exact-valid pose for piece 28f5a1d1-afd4-46e4-b2b9-f1841386be28-copy-3 within the 159.1
   ~ pairs=1 bnd=0 comp=1 maxComp=2 /7 ej=1 /7 att=True matDef=0.00012961997538862846 replaced=0
[    3.6s] fp-flat0.001-m28-p2.0: mode=28 exactValid=False contractValid=False depth=None raw=159.08163749731247 parent=159.082 fp= | before Nonep/Noneb after Nonep/Noneb cap=None maxDisp=None moved=None resid=None | no exact-valid pose for piece 28f5a1d1-afd4-46e4-b2b9-f1841386be28-copy-3 within the 161.0
   ~ pairs=1 bnd=0 comp=1 maxComp=2 /7 ej=1 /7 att=True matDef=0.00012961997538862846 replaced=0
[    3.4s] fp-flat0.002-m33-p0.05: mode=33 exactValid=True contractValid=True depth=159.083 raw=159.08263749731248 parent=159.081 fp=30ceed7f68a5b035 | before Nonep/Noneb after Nonep/Noneb cap=None maxDisp=None moved=None resid=None | 
   ~ pairs=1 bnd=0 comp=1 maxComp=2 /7 ej=2 /7 att=True matDef=0.0011296195052992175 orders=1/2 swaps=0 cRep=1 cRef=0 | acceptedAnchorLocal=1 acceptedOrientation=0 acceptedStation=0 acceptedVacated=1 candidates=7047 finalists=0 rows=0 variants=58
[    3.4s] fp-flat0.002-m33-p2.0: mode=33 exactValid=True contractValid=True depth=159.083 raw=159.08263749731248 parent=159.081 fp=30ceed7f68a5b035 | before Nonep/Noneb after Nonep/Noneb cap=None maxDisp=None moved=None resid=None | 
   ~ pairs=1 bnd=0 comp=1 maxComp=2 /7 ej=2 /7 att=True matDef=0.0011296195052992175 orders=1/2 swaps=0 cRep=1 cRef=0 | acceptedAnchorLocal=1 acceptedOrientation=0 acceptedStation=0 acceptedVacated=1 candidates=7047 finalists=0 rows=0 variants=58
[    3.5s] fp-flat0.002-m32-p0.05: mode=32 exactValid=False contractValid=False depth=None raw=159.08063749731247 parent=159.081 fp= | before Nonep/Noneb after Nonep/Noneb cap=None maxDisp=None moved=None resid=None | no exact-valid pose for piece 28f5a1d1-afd4-46e4-b2b9-f1841386be28-copy-3 within the 159.1
   ~ pairs=1 bnd=0 comp=1 maxComp=2 /7 ej=1 /7 att=True matDef=0.0011296195052992175 replaced=0 | acceptedAnchorLocal=0 acceptedOrientation=0 acceptedStation=0 acceptedVacated=0 candidates=3509 finalists=0 rows=3509 variants=29
[    3.5s] fp-flat0.002-m32-p2.0: mode=32 exactValid=False contractValid=False depth=None raw=159.08063749731247 parent=159.081 fp= | before Nonep/Noneb after Nonep/Noneb cap=None maxDisp=None moved=None resid=None | no exact-valid pose for piece 28f5a1d1-afd4-46e4-b2b9-f1841386be28-copy-3 within the 161.0
   ~ pairs=1 bnd=0 comp=1 maxComp=2 /7 ej=1 /7 att=True matDef=0.0011296195052992175 replaced=0 | acceptedAnchorLocal=0 acceptedOrientation=0 acceptedStation=0 acceptedVacated=0 candidates=3509 finalists=0 rows=3509 variants=29
[    3.7s] fp-flat0.002-m29-p0.05: mode=29 exactValid=True contractValid=True depth=159.083 raw=159.08263749731248 parent=159.081 fp=30ceed7f68a5b035 | before Nonep/Noneb after Nonep/Noneb cap=None maxDisp=None moved=None resid=None | 
   ~ pairs=1 bnd=0 comp=1 maxComp=2 /7 ej=2 /7 att=True matDef=0.0011296195052992175 orders=1/2 swaps=0 cRep=1 cRef=0
[    3.5s] fp-flat0.002-m29-p2.0: mode=29 exactValid=True contractValid=True depth=159.083 raw=159.08263749731248 parent=159.081 fp=30ceed7f68a5b035 | before Nonep/Noneb after Nonep/Noneb cap=None maxDisp=None moved=None resid=None | 
   ~ pairs=1 bnd=0 comp=1 maxComp=2 /7 ej=2 /7 att=True matDef=0.0011296195052992175 orders=1/2 swaps=0 cRep=1 cRef=0
[    3.7s] fp-flat0.002-m28-p0.05: mode=28 exactValid=False contractValid=False depth=None raw=159.08063749731247 parent=159.081 fp= | before Nonep/Noneb after Nonep/Noneb cap=None maxDisp=None moved=None resid=None | no exact-valid pose for piece 28f5a1d1-afd4-46e4-b2b9-f1841386be28-copy-3 within the 159.1
   ~ pairs=1 bnd=0 comp=1 maxComp=2 /7 ej=1 /7 att=True matDef=0.0011296195052992175 replaced=0
[    3.5s] fp-flat0.002-m28-p2.0: mode=28 exactValid=False contractValid=False depth=None raw=159.08063749731247 parent=159.081 fp= | before Nonep/Noneb after Nonep/Noneb cap=None maxDisp=None moved=None resid=None | no exact-valid pose for piece 28f5a1d1-afd4-46e4-b2b9-f1841386be28-copy-3 within the 161.0
   ~ pairs=1 bnd=0 comp=1 maxComp=2 /7 ej=1 /7 att=True matDef=0.0011296195052992175 replaced=0
[    3.6s] fp-flat0.003-m33-p0.05: mode=33 exactValid=True contractValid=True depth=159.083 raw=159.08263749731248 parent=159.08 fp=902d49c6421539eb | before Nonep/Noneb after Nonep/Noneb cap=None maxDisp=None moved=None resid=None | 
   ~ pairs=3 bnd=0 comp=2 maxComp=3 /7 ej=5 /7 att=True matDef=0.002129619035181385 orders=2/8 swaps=0 cRep=2 cRef=0 | acceptedAnchorLocal=3 acceptedOrientation=0 acceptedStation=0 acceptedVacated=2 candidates=17864 finalists=2 rows=943 variants=145
[    3.7s] fp-flat0.003-m33-p2.0: mode=33 exactValid=True contractValid=True depth=159.083 raw=159.08263749731248 parent=159.08 fp=902d49c6421539eb | before Nonep/Noneb after Nonep/Noneb cap=None maxDisp=None moved=None resid=None | 
   ~ pairs=3 bnd=0 comp=2 maxComp=3 /7 ej=5 /7 att=True matDef=0.002129619035181385 orders=2/8 swaps=0 cRep=2 cRef=0 | acceptedAnchorLocal=3 acceptedOrientation=0 acceptedStation=0 acceptedVacated=2 candidates=17864 finalists=2 rows=943 variants=145
[    3.5s] fp-flat0.003-m32-p0.05: mode=32 exactValid=False contractValid=False depth=None raw=159.0796374973125 parent=159.08 fp= | before Nonep/Noneb after Nonep/Noneb cap=None maxDisp=None moved=None resid=None | no exact-valid pose for piece 28f5a1d1-afd4-46e4-b2b9-f1841386be28-copy-3 within the 159.1
   ~ pairs=3 bnd=0 comp=2 maxComp=3 /7 ej=2 /7 att=True matDef=0.002129619035181385 replaced=0 | acceptedAnchorLocal=0 acceptedOrientation=0 acceptedStation=0 acceptedVacated=0 candidates=3509 finalists=0 rows=3509 variants=29
[    3.5s] fp-flat0.003-m32-p2.0: mode=32 exactValid=False contractValid=False depth=None raw=159.0796374973125 parent=159.08 fp= | before Nonep/Noneb after Nonep/Noneb cap=None maxDisp=None moved=None resid=None | no exact-valid pose for piece 28f5a1d1-afd4-46e4-b2b9-f1841386be28-copy-3 within the 161.0
   ~ pairs=3 bnd=0 comp=2 maxComp=3 /7 ej=2 /7 att=True matDef=0.002129619035181385 replaced=0 | acceptedAnchorLocal=0 acceptedOrientation=0 acceptedStation=0 acceptedVacated=0 candidates=3509 finalists=0 rows=3509 variants=29
[    3.5s] fp-flat0.003-m29-p0.05: mode=29 exactValid=True contractValid=True depth=159.083 raw=159.08263749731248 parent=159.08 fp=902d49c6421539eb | before Nonep/Noneb after Nonep/Noneb cap=None maxDisp=None moved=None resid=None | 
   ~ pairs=3 bnd=0 comp=2 maxComp=3 /7 ej=5 /7 att=True matDef=0.002129619035181385 orders=2/8 swaps=0 cRep=2 cRef=0
[    3.8s] fp-flat0.003-m29-p2.0: mode=29 exactValid=True contractValid=True depth=159.083 raw=159.08263749731248 parent=159.08 fp=902d49c6421539eb | before Nonep/Noneb after Nonep/Noneb cap=None maxDisp=None moved=None resid=None | 
   ~ pairs=3 bnd=0 comp=2 maxComp=3 /7 ej=5 /7 att=True matDef=0.002129619035181385 orders=2/8 swaps=0 cRep=2 cRef=0
[    3.5s] fp-flat0.003-m28-p0.05: mode=28 exactValid=False contractValid=False depth=None raw=159.0796374973125 parent=159.08 fp= | before Nonep/Noneb after Nonep/Noneb cap=None maxDisp=None moved=None resid=None | no exact-valid pose for piece 28f5a1d1-afd4-46e4-b2b9-f1841386be28-copy-3 within the 159.1
   ~ pairs=3 bnd=0 comp=2 maxComp=3 /7 ej=2 /7 att=True matDef=0.002129619035181385 replaced=0
[    3.7s] fp-flat0.003-m28-p2.0: mode=28 exactValid=False contractValid=False depth=None raw=159.0796374973125 parent=159.08 fp= | before Nonep/Noneb after Nonep/Noneb cap=None maxDisp=None moved=None resid=None | no exact-valid pose for piece 28f5a1d1-afd4-46e4-b2b9-f1841386be28-copy-3 within the 161.0
   ~ pairs=3 bnd=0 comp=2 maxComp=3 /7 ej=2 /7 att=True matDef=0.002129619035181385 replaced=0
[    3.6s] fp-flat0.004-m33-p0.05: mode=33 exactValid=True contractValid=True depth=159.083 raw=159.08263749731248 parent=159.079 fp=e5a4238f9d8a0ae5 | before Nonep/Noneb after Nonep/Noneb cap=None maxDisp=None moved=None resid=None | 
   ~ pairs=3 bnd=0 comp=2 maxComp=3 /7 ej=5 /7 att=True matDef=0.003129618565091974 orders=2/8 swaps=0 cRep=2 cRef=0 | acceptedAnchorLocal=3 acceptedOrientation=0 acceptedStation=0 acceptedVacated=2 candidates=17864 finalists=2 rows=943 variants=145
[    3.4s] fp-flat0.004-m33-p2.0: mode=33 exactValid=True contractValid=True depth=159.083 raw=159.08263749731248 parent=159.079 fp=e5a4238f9d8a0ae5 | before Nonep/Noneb after Nonep/Noneb cap=None maxDisp=None moved=None resid=None | 
   ~ pairs=3 bnd=0 comp=2 maxComp=3 /7 ej=5 /7 att=True matDef=0.003129618565091974 orders=2/8 swaps=0 cRep=2 cRef=0 | acceptedAnchorLocal=3 acceptedOrientation=0 acceptedStation=0 acceptedVacated=2 candidates=17864 finalists=2 rows=943 variants=145
[    3.6s] fp-flat0.004-m32-p0.05: mode=32 exactValid=False contractValid=False depth=None raw=159.07863749731249 parent=159.079 fp= | before Nonep/Noneb after Nonep/Noneb cap=None maxDisp=None moved=None resid=None | no exact-valid pose for piece 28f5a1d1-afd4-46e4-b2b9-f1841386be28-copy-3 within the 159.1
   ~ pairs=3 bnd=0 comp=2 maxComp=3 /7 ej=2 /7 att=True matDef=0.003129618565091974 replaced=0 | acceptedAnchorLocal=0 acceptedOrientation=0 acceptedStation=0 acceptedVacated=0 candidates=3509 finalists=0 rows=3509 variants=29
[    3.5s] fp-flat0.004-m32-p2.0: mode=32 exactValid=False contractValid=False depth=None raw=159.07863749731249 parent=159.079 fp= | before Nonep/Noneb after Nonep/Noneb cap=None maxDisp=None moved=None resid=None | no exact-valid pose for piece 28f5a1d1-afd4-46e4-b2b9-f1841386be28-copy-3 within the 161.0
   ~ pairs=3 bnd=0 comp=2 maxComp=3 /7 ej=2 /7 att=True matDef=0.003129618565091974 replaced=0 | acceptedAnchorLocal=0 acceptedOrientation=0 acceptedStation=0 acceptedVacated=0 candidates=3509 finalists=0 rows=3509 variants=29
[    3.6s] fp-flat0.004-m29-p0.05: mode=29 exactValid=True contractValid=True depth=159.083 raw=159.08263749731248 parent=159.079 fp=e5a4238f9d8a0ae5 | before Nonep/Noneb after Nonep/Noneb cap=None maxDisp=None moved=None resid=None | 
   ~ pairs=3 bnd=0 comp=2 maxComp=3 /7 ej=5 /7 att=True matDef=0.003129618565091974 orders=2/8 swaps=0 cRep=2 cRef=0
[    3.5s] fp-flat0.004-m29-p2.0: mode=29 exactValid=True contractValid=True depth=159.083 raw=159.08263749731248 parent=159.079 fp=e5a4238f9d8a0ae5 | before Nonep/Noneb after Nonep/Noneb cap=None maxDisp=None moved=None resid=None | 
   ~ pairs=3 bnd=0 comp=2 maxComp=3 /7 ej=5 /7 att=True matDef=0.003129618565091974 orders=2/8 swaps=0 cRep=2 cRef=0
[    3.7s] fp-flat0.004-m28-p0.05: mode=28 exactValid=False contractValid=False depth=None raw=159.07863749731249 parent=159.079 fp= | before Nonep/Noneb after Nonep/Noneb cap=None maxDisp=None moved=None resid=None | no exact-valid pose for piece 28f5a1d1-afd4-46e4-b2b9-f1841386be28-copy-3 within the 159.1
   ~ pairs=3 bnd=0 comp=2 maxComp=3 /7 ej=2 /7 att=True matDef=0.003129618565091974 replaced=0
[    3.7s] fp-flat0.004-m28-p2.0: mode=28 exactValid=False contractValid=False depth=None raw=159.07863749731249 parent=159.079 fp= | before Nonep/Noneb after Nonep/Noneb cap=None maxDisp=None moved=None resid=None | no exact-valid pose for piece 28f5a1d1-afd4-46e4-b2b9-f1841386be28-copy-3 within the 161.0
   ~ pairs=3 bnd=0 comp=2 maxComp=3 /7 ej=2 /7 att=True matDef=0.003129618565091974 replaced=0
[    3.7s] fp-flat0.005-m33-p0.05: mode=33 exactValid=True contractValid=True depth=159.085 raw=159.08463749731249 parent=159.078 fp=c85d18e87cdc6112 | before Nonep/Noneb after Nonep/Noneb cap=None maxDisp=None moved=None resid=None | 
   ~ pairs=3 bnd=0 comp=2 maxComp=3 /7 ej=5 /7 att=True matDef=0.004129618094988352 orders=2/8 swaps=0 cRep=2 cRef=0 | acceptedAnchorLocal=3 acceptedOrientation=0 acceptedStation=0 acceptedVacated=2 candidates=17864 finalists=3 rows=4394 variants=145
[    3.7s] fp-flat0.005-m33-p2.0: mode=33 exactValid=True contractValid=True depth=159.085 raw=159.08463749731249 parent=159.078 fp=c85d18e87cdc6112 | before Nonep/Noneb after Nonep/Noneb cap=None maxDisp=None moved=None resid=None | 
   ~ pairs=3 bnd=0 comp=2 maxComp=3 /7 ej=5 /7 att=True matDef=0.004129618094988352 orders=2/8 swaps=0 cRep=2 cRef=0 | acceptedAnchorLocal=3 acceptedOrientation=0 acceptedStation=0 acceptedVacated=2 candidates=17864 finalists=3 rows=4394 variants=145
[    3.5s] fp-flat0.005-m32-p0.05: mode=32 exactValid=False contractValid=False depth=None raw=159.07763749731248 parent=159.078 fp= | before Nonep/Noneb after Nonep/Noneb cap=None maxDisp=None moved=None resid=None | no exact-valid pose for piece 28f5a1d1-afd4-46e4-b2b9-f1841386be28-copy-3 within the 159.1
   ~ pairs=3 bnd=0 comp=2 maxComp=3 /7 ej=2 /7 att=True matDef=0.004129618094988352 replaced=0 | acceptedAnchorLocal=0 acceptedOrientation=0 acceptedStation=0 acceptedVacated=0 candidates=3509 finalists=0 rows=3509 variants=29
[    3.7s] fp-flat0.005-m32-p2.0: mode=32 exactValid=False contractValid=False depth=None raw=159.07763749731248 parent=159.078 fp= | before Nonep/Noneb after Nonep/Noneb cap=None maxDisp=None moved=None resid=None | no exact-valid pose for piece 28f5a1d1-afd4-46e4-b2b9-f1841386be28-copy-3 within the 161.0
   ~ pairs=3 bnd=0 comp=2 maxComp=3 /7 ej=2 /7 att=True matDef=0.004129618094988352 replaced=0 | acceptedAnchorLocal=0 acceptedOrientation=0 acceptedStation=0 acceptedVacated=0 candidates=3509 finalists=0 rows=3509 variants=29
[    3.6s] fp-flat0.005-m29-p0.05: mode=29 exactValid=True contractValid=True depth=159.085 raw=159.08463749731249 parent=159.078 fp=c85d18e87cdc6112 | before Nonep/Noneb after Nonep/Noneb cap=None maxDisp=None moved=None resid=None | 
   ~ pairs=3 bnd=0 comp=2 maxComp=3 /7 ej=5 /7 att=True matDef=0.004129618094988352 orders=2/8 swaps=0 cRep=2 cRef=0
[    3.8s] fp-flat0.005-m29-p2.0: mode=29 exactValid=True contractValid=True depth=159.085 raw=159.08463749731249 parent=159.078 fp=c85d18e87cdc6112 | before Nonep/Noneb after Nonep/Noneb cap=None maxDisp=None moved=None resid=None | 
   ~ pairs=3 bnd=0 comp=2 maxComp=3 /7 ej=5 /7 att=True matDef=0.004129618094988352 orders=2/8 swaps=0 cRep=2 cRef=0
[    3.6s] fp-flat0.005-m28-p0.05: mode=28 exactValid=False contractValid=False depth=None raw=159.07763749731248 parent=159.078 fp= | before Nonep/Noneb after Nonep/Noneb cap=None maxDisp=None moved=None resid=None | no exact-valid pose for piece 28f5a1d1-afd4-46e4-b2b9-f1841386be28-copy-3 within the 159.1
   ~ pairs=3 bnd=0 comp=2 maxComp=3 /7 ej=2 /7 att=True matDef=0.004129618094988352 replaced=0
[    3.5s] fp-flat0.005-m28-p2.0: mode=28 exactValid=False contractValid=False depth=None raw=159.07763749731248 parent=159.078 fp= | before Nonep/Noneb after Nonep/Noneb cap=None maxDisp=None moved=None resid=None | no exact-valid pose for piece 28f5a1d1-afd4-46e4-b2b9-f1841386be28-copy-3 within the 161.0
   ~ pairs=3 bnd=0 comp=2 maxComp=3 /7 ej=2 /7 att=True matDef=0.004129618094988352 replaced=0
[    3.8s] fp-flat0.008-m33-p0.05: mode=33 exactValid=False contractValid=False depth=None raw=159.07463749731247 parent=159.075 fp= | before Nonep/Noneb after Nonep/Noneb cap=None maxDisp=None moved=None resid=None | no insertion order re-placed the 4 violation components inside the 159.132637 mm bound
   ~ pairs=6 bnd=0 comp=4 maxComp=3 /7 ej=10 /7 att=True matDef=0.007129616684720119 orders=9/16 swaps=1 cRep=3 cRef=1 | acceptedAnchorLocal=16 acceptedAngles=[('604bc424-469c-4ab8-93f1-80c0fc4090b3-copy-1', 359.941391, -0.02, False)] acceptedOrientation=1 acceptedStation=0 acceptedVacated=13 candidates=179075 finalists=10 rows=77581 variants=1508
[    3.8s] fp-flat0.008-m33-p2.0: mode=33 exactValid=False contractValid=False depth=None raw=159.07463749731247 parent=159.075 fp= | before Nonep/Noneb after Nonep/Noneb cap=None maxDisp=None moved=None resid=None | no insertion order re-placed the 4 violation components inside the 161.082637 mm bound
   ~ pairs=6 bnd=0 comp=4 maxComp=3 /7 ej=10 /7 att=True matDef=0.007129616684720119 orders=9/16 swaps=1 cRep=3 cRef=1 | acceptedAnchorLocal=17 acceptedOrientation=0 acceptedStation=0 acceptedVacated=13 candidates=179075 finalists=6 rows=76362 variants=1508
[    3.1s] fp-flat0.008-m32-p0.05: mode=32 exactValid=False contractValid=False depth=None raw=159.07463749731247 parent=159.075 fp= | before Nonep/Noneb after Nonep/Noneb cap=None maxDisp=None moved=None resid=None | no exact-valid pose for piece 28f5a1d1-afd4-46e4-b2b9-f1841386be28-copy-3 within the 159.1
   ~ pairs=6 bnd=0 comp=4 maxComp=3 /7 ej=4 /7 att=True matDef=0.007129616684720119 replaced=0 | acceptedAnchorLocal=0 acceptedOrientation=0 acceptedStation=0 acceptedVacated=0 candidates=3509 finalists=0 rows=3509 variants=29
[    3.2s] fp-flat0.008-m32-p2.0: mode=32 exactValid=False contractValid=False depth=None raw=159.07463749731247 parent=159.075 fp= | before Nonep/Noneb after Nonep/Noneb cap=None maxDisp=None moved=None resid=None | no exact-valid pose for piece 28f5a1d1-afd4-46e4-b2b9-f1841386be28-copy-3 within the 161.0
   ~ pairs=6 bnd=0 comp=4 maxComp=3 /7 ej=4 /7 att=True matDef=0.007129616684720119 replaced=0 | acceptedAnchorLocal=0 acceptedOrientation=0 acceptedStation=0 acceptedVacated=0 candidates=3509 finalists=0 rows=3509 variants=29
[    3.4s] fp-flat0.008-m29-p0.05: mode=29 exactValid=False contractValid=False depth=None raw=159.07463749731247 parent=159.075 fp= | before Nonep/Noneb after Nonep/Noneb cap=None maxDisp=None moved=None resid=None | no insertion order re-placed the 4 violation components inside the 159.132637 mm bound
   ~ pairs=6 bnd=0 comp=4 maxComp=3 /7 ej=10 /7 att=True matDef=0.007129616684720119 orders=9/16 swaps=2 cRep=2 cRef=2
[    3.3s] fp-flat0.008-m29-p2.0: mode=29 exactValid=False contractValid=False depth=None raw=159.07463749731247 parent=159.075 fp= | before Nonep/Noneb after Nonep/Noneb cap=None maxDisp=None moved=None resid=None | no insertion order re-placed the 4 violation components inside the 161.082637 mm bound
   ~ pairs=6 bnd=0 comp=4 maxComp=3 /7 ej=10 /7 att=True matDef=0.007129616684720119 orders=9/16 swaps=1 cRep=3 cRef=1
[    3.2s] fp-flat0.008-m28-p0.05: mode=28 exactValid=False contractValid=False depth=None raw=159.07463749731247 parent=159.075 fp= | before Nonep/Noneb after Nonep/Noneb cap=None maxDisp=None moved=None resid=None | no exact-valid pose for piece 28f5a1d1-afd4-46e4-b2b9-f1841386be28-copy-3 within the 159.1
   ~ pairs=6 bnd=0 comp=4 maxComp=3 /7 ej=4 /7 att=True matDef=0.007129616684720119 replaced=0
[    3.2s] fp-flat0.008-m28-p2.0: mode=28 exactValid=False contractValid=False depth=None raw=159.07463749731247 parent=159.075 fp= | before Nonep/Noneb after Nonep/Noneb cap=None maxDisp=None moved=None resid=None | no exact-valid pose for piece 28f5a1d1-afd4-46e4-b2b9-f1841386be28-copy-3 within the 161.0
   ~ pairs=6 bnd=0 comp=4 maxComp=3 /7 ej=4 /7 att=True matDef=0.007129616684720119 replaced=0
[    4.2s] fp-flat0.012-m33-p0.05: mode=33 exactValid=False contractValid=False depth=None raw=159.07063749731248 parent=159.071 fp= | before Nonep/Noneb after Nonep/Noneb cap=None maxDisp=None moved=None resid=None | no insertion order re-placed the 4 violation components inside the 159.132637 mm bound
   ~ pairs=6 bnd=0 comp=4 maxComp=3 /7 ej=10 /7 att=True matDef=0.011129614804333166 orders=9/16 swaps=1 cRep=3 cRef=1 | acceptedAnchorLocal=17 acceptedOrientation=0 acceptedStation=0 acceptedVacated=13 candidates=184991 finalists=11 rows=78962 variants=1508
[    3.9s] fp-flat0.012-m33-p2.0: mode=33 exactValid=False contractValid=False depth=None raw=159.07063749731248 parent=159.071 fp= | before Nonep/Noneb after Nonep/Noneb cap=None maxDisp=None moved=None resid=None | no insertion order re-placed the 4 violation components inside the 161.082637 mm bound
   ~ pairs=6 bnd=0 comp=4 maxComp=3 /7 ej=10 /7 att=True matDef=0.011129614804333166 orders=9/16 swaps=1 cRep=3 cRef=1 | acceptedAnchorLocal=17 acceptedOrientation=0 acceptedStation=0 acceptedVacated=13 candidates=184991 finalists=7 rows=77813 variants=1508
[    3.1s] fp-flat0.012-m32-p0.05: mode=32 exactValid=False contractValid=False depth=None raw=159.07063749731248 parent=159.071 fp= | before Nonep/Noneb after Nonep/Noneb cap=None maxDisp=None moved=None resid=None | no exact-valid pose for piece 28f5a1d1-afd4-46e4-b2b9-f1841386be28-copy-3 within the 159.1
   ~ pairs=6 bnd=0 comp=4 maxComp=3 /7 ej=4 /7 att=True matDef=0.011129614804333166 replaced=0 | acceptedAnchorLocal=0 acceptedOrientation=0 acceptedStation=0 acceptedVacated=0 candidates=3509 finalists=0 rows=3509 variants=29
[    3.2s] fp-flat0.012-m32-p2.0: mode=32 exactValid=False contractValid=False depth=None raw=159.07063749731248 parent=159.071 fp= | before Nonep/Noneb after Nonep/Noneb cap=None maxDisp=None moved=None resid=None | no exact-valid pose for piece 28f5a1d1-afd4-46e4-b2b9-f1841386be28-copy-3 within the 161.0
   ~ pairs=6 bnd=0 comp=4 maxComp=3 /7 ej=4 /7 att=True matDef=0.011129614804333166 replaced=0 | acceptedAnchorLocal=0 acceptedOrientation=0 acceptedStation=0 acceptedVacated=0 candidates=3509 finalists=0 rows=3509 variants=29
[    3.3s] fp-flat0.012-m29-p0.05: mode=29 exactValid=False contractValid=False depth=None raw=159.07063749731248 parent=159.071 fp= | before Nonep/Noneb after Nonep/Noneb cap=None maxDisp=None moved=None resid=None | no insertion order re-placed the 4 violation components inside the 159.132637 mm bound
   ~ pairs=6 bnd=0 comp=4 maxComp=3 /7 ej=10 /7 att=True matDef=0.011129614804333166 orders=9/16 swaps=1 cRep=3 cRef=1
[    3.1s] fp-flat0.012-m29-p2.0: mode=29 exactValid=False contractValid=False depth=None raw=159.07063749731248 parent=159.071 fp= | before Nonep/Noneb after Nonep/Noneb cap=None maxDisp=None moved=None resid=None | no insertion order re-placed the 4 violation components inside the 161.082637 mm bound
   ~ pairs=6 bnd=0 comp=4 maxComp=3 /7 ej=10 /7 att=True matDef=0.011129614804333166 orders=9/16 swaps=1 cRep=3 cRef=1
[    2.9s] fp-flat0.012-m28-p0.05: mode=28 exactValid=False contractValid=False depth=None raw=159.07063749731248 parent=159.071 fp= | before Nonep/Noneb after Nonep/Noneb cap=None maxDisp=None moved=None resid=None | no exact-valid pose for piece 28f5a1d1-afd4-46e4-b2b9-f1841386be28-copy-3 within the 159.1
   ~ pairs=6 bnd=0 comp=4 maxComp=3 /7 ej=4 /7 att=True matDef=0.011129614804333166 replaced=0
[    2.9s] fp-flat0.012-m28-p2.0: mode=28 exactValid=False contractValid=False depth=None raw=159.07063749731248 parent=159.071 fp= | before Nonep/Noneb after Nonep/Noneb cap=None maxDisp=None moved=None resid=None | no exact-valid pose for piece 28f5a1d1-afd4-46e4-b2b9-f1841386be28-copy-3 within the 161.0
   ~ pairs=6 bnd=0 comp=4 maxComp=3 /7 ej=4 /7 att=True matDef=0.011129614804333166 replaced=0
[    5.6s] fp-flat0.02-m33-p0.05: mode=33 exactValid=False contractValid=False depth=None raw=159.06263749731247 parent=159.063 fp= | before Nonep/Noneb after Nonep/Noneb cap=None maxDisp=None moved=None resid=None | no insertion order re-placed the 4 violation components inside the 159.132637 mm bound
   ~ pairs=9 bnd=0 comp=4 maxComp=4 /7 ej=13 /7 att=True matDef=0.019129611043574357 orders=32/56 swaps=7 cRep=2 cRef=2 | acceptedAnchorLocal=30 acceptedOrientation=0 acceptedStation=5 acceptedVacated=58 candidates=535253 finalists=8 rows=217246 variants=4205
[    5.8s] fp-flat0.02-m33-p2.0: mode=33 exactValid=False contractValid=False depth=None raw=159.06263749731247 parent=159.063 fp= | before Nonep/Noneb after Nonep/Noneb cap=None maxDisp=None moved=None resid=None | no insertion order re-placed the 4 violation components inside the 161.082637 mm bound
   ~ pairs=9 bnd=0 comp=4 maxComp=4 /7 ej=13 /7 att=True matDef=0.019129611043574357 orders=32/56 swaps=7 cRep=2 cRef=2 | acceptedAnchorLocal=31 acceptedOrientation=0 acceptedStation=7 acceptedVacated=57 candidates=542996 finalists=2 rows=217531 variants=4263
[    2.9s] fp-flat0.02-m32-p0.05: mode=32 exactValid=False contractValid=False depth=None raw=159.06263749731247 parent=159.063 fp= | before Nonep/Noneb after Nonep/Noneb cap=None maxDisp=None moved=None resid=None | no exact-valid pose for piece 28f5a1d1-afd4-46e4-b2b9-f1841386be28-copy-3 within the 159.1
   ~ pairs=9 bnd=0 comp=4 maxComp=4 /7 ej=5 /7 att=True matDef=0.019129611043574357 replaced=0 | acceptedAnchorLocal=0 acceptedOrientation=0 acceptedStation=0 acceptedVacated=0 candidates=3509 finalists=0 rows=3509 variants=29
[    3.0s] fp-flat0.02-m32-p2.0: mode=32 exactValid=False contractValid=False depth=None raw=159.06263749731247 parent=159.063 fp= | before Nonep/Noneb after Nonep/Noneb cap=None maxDisp=None moved=None resid=None | no exact-valid pose for piece 28f5a1d1-afd4-46e4-b2b9-f1841386be28-copy-3 within the 161.0
   ~ pairs=9 bnd=0 comp=4 maxComp=4 /7 ej=5 /7 att=True matDef=0.019129611043574357 replaced=0 | acceptedAnchorLocal=0 acceptedOrientation=0 acceptedStation=0 acceptedVacated=0 candidates=3509 finalists=0 rows=3509 variants=29
[    3.4s] fp-flat0.02-m29-p0.05: mode=29 exactValid=False contractValid=False depth=None raw=159.06263749731247 parent=159.063 fp= | before Nonep/Noneb after Nonep/Noneb cap=None maxDisp=None moved=None resid=None | no insertion order re-placed the 4 violation components inside the 159.132637 mm bound
   ~ pairs=9 bnd=0 comp=4 maxComp=4 /7 ej=13 /7 att=True matDef=0.019129611043574357 orders=32/56 swaps=7 cRep=2 cRef=2
[    3.4s] fp-flat0.02-m29-p2.0: mode=29 exactValid=False contractValid=False depth=None raw=159.06263749731247 parent=159.063 fp= | before Nonep/Noneb after Nonep/Noneb cap=None maxDisp=None moved=None resid=None | no insertion order re-placed the 4 violation components inside the 161.082637 mm bound
   ~ pairs=9 bnd=0 comp=4 maxComp=4 /7 ej=13 /7 att=True matDef=0.019129611043574357 orders=32/56 swaps=7 cRep=2 cRef=2
[    2.9s] fp-flat0.02-m28-p0.05: mode=28 exactValid=False contractValid=False depth=None raw=159.06263749731247 parent=159.063 fp= | before Nonep/Noneb after Nonep/Noneb cap=None maxDisp=None moved=None resid=None | no exact-valid pose for piece 28f5a1d1-afd4-46e4-b2b9-f1841386be28-copy-3 within the 159.1
   ~ pairs=9 bnd=0 comp=4 maxComp=4 /7 ej=5 /7 att=True matDef=0.019129611043574357 replaced=0
[    2.9s] fp-flat0.02-m28-p2.0: mode=28 exactValid=False contractValid=False depth=None raw=159.06263749731247 parent=159.063 fp= | before Nonep/Noneb after Nonep/Noneb cap=None maxDisp=None moved=None resid=None | no exact-valid pose for piece 28f5a1d1-afd4-46e4-b2b9-f1841386be28-copy-3 within the 161.0
   ~ pairs=9 bnd=0 comp=4 maxComp=4 /7 ej=5 /7 att=True matDef=0.019129611043574357 replaced=0
[    5.8s] fp-flat0.03-m33-p0.05: mode=33 exactValid=False contractValid=False depth=None raw=159.05263749731247 parent=159.053 fp= | before Nonep/Noneb after Nonep/Noneb cap=None maxDisp=None moved=None resid=None | no insertion order re-placed the 4 violation components inside the 159.132637 mm bound
   ~ pairs=10 bnd=0 comp=4 maxComp=4 /7 ej=14 /7 att=True matDef=0.029129606342594094 orders=36/74 swaps=7 cRep=2 cRef=2 | acceptedAnchorLocal=31 acceptedOrientation=0 acceptedStation=7 acceptedVacated=64 candidates=585684 finalists=8 rows=240533 variants=4582
[    6.0s] fp-flat0.03-m33-p2.0: mode=33 exactValid=False contractValid=False depth=None raw=159.05263749731247 parent=159.053 fp= | before Nonep/Noneb after Nonep/Noneb cap=None maxDisp=None moved=None resid=None | no insertion order re-placed the 4 violation components inside the 161.082637 mm bound
   ~ pairs=10 bnd=0 comp=4 maxComp=4 /7 ej=14 /7 att=True matDef=0.029129606342594094 orders=36/74 swaps=7 cRep=2 cRef=2 | acceptedAnchorLocal=32 acceptedAngles=[('54345eb7-a37e-45eb-b0fd-eccffdfa14cc-copy-5', 179.910981, 0.78125, False), ('54345eb7-a37e-45eb-b0fd-eccffdfa14cc-copy-5', 179.910981, 0.78125, False)] acceptedOrientation=2 acceptedStation=7 acceptedVacated=63 candidates=592818 finalists=6 rows=240209 variants=4640
[    2.9s] fp-flat0.03-m32-p0.05: mode=32 exactValid=False contractValid=False depth=None raw=159.05263749731247 parent=159.053 fp= | before Nonep/Noneb after Nonep/Noneb cap=None maxDisp=None moved=None resid=None | no exact-valid pose for piece 28f5a1d1-afd4-46e4-b2b9-f1841386be28-copy-3 within the 159.1
   ~ pairs=10 bnd=0 comp=4 maxComp=4 /7 ej=6 /7 att=True matDef=0.029129606342594094 replaced=0 | acceptedAnchorLocal=0 acceptedOrientation=0 acceptedStation=0 acceptedVacated=0 candidates=3509 finalists=0 rows=3509 variants=29
[    3.0s] fp-flat0.03-m32-p2.0: mode=32 exactValid=False contractValid=False depth=None raw=159.05263749731247 parent=159.053 fp= | before Nonep/Noneb after Nonep/Noneb cap=None maxDisp=None moved=None resid=None | no exact-valid pose for piece 28f5a1d1-afd4-46e4-b2b9-f1841386be28-copy-3 within the 161.0
   ~ pairs=10 bnd=0 comp=4 maxComp=4 /7 ej=6 /7 att=True matDef=0.029129606342594094 replaced=0 | acceptedAnchorLocal=0 acceptedOrientation=0 acceptedStation=0 acceptedVacated=0 candidates=3509 finalists=0 rows=3509 variants=29
[    3.5s] fp-flat0.03-m29-p0.05: mode=29 exactValid=False contractValid=False depth=None raw=159.05263749731247 parent=159.053 fp= | before Nonep/Noneb after Nonep/Noneb cap=None maxDisp=None moved=None resid=None | no insertion order re-placed the 4 violation components inside the 159.132637 mm bound
   ~ pairs=10 bnd=0 comp=4 maxComp=4 /7 ej=14 /7 att=True matDef=0.029129606342594094 orders=36/74 swaps=7 cRep=2 cRef=2
[    3.5s] fp-flat0.03-m29-p2.0: mode=29 exactValid=False contractValid=False depth=None raw=159.05263749731247 parent=159.053 fp= | before Nonep/Noneb after Nonep/Noneb cap=None maxDisp=None moved=None resid=None | no insertion order re-placed the 4 violation components inside the 161.082637 mm bound
   ~ pairs=10 bnd=0 comp=4 maxComp=4 /7 ej=14 /7 att=True matDef=0.029129606342594094 orders=36/74 swaps=7 cRep=2 cRef=2
[    2.9s] fp-flat0.03-m28-p0.05: mode=28 exactValid=False contractValid=False depth=None raw=159.05263749731247 parent=159.053 fp= | before Nonep/Noneb after Nonep/Noneb cap=None maxDisp=None moved=None resid=None | no exact-valid pose for piece 28f5a1d1-afd4-46e4-b2b9-f1841386be28-copy-3 within the 159.1
   ~ pairs=10 bnd=0 comp=4 maxComp=4 /7 ej=6 /7 att=True matDef=0.029129606342594094 replaced=0
[    2.9s] fp-flat0.03-m28-p2.0: mode=28 exactValid=False contractValid=False depth=None raw=159.05263749731247 parent=159.053 fp= | before Nonep/Noneb after Nonep/Noneb cap=None maxDisp=None moved=None resid=None | no exact-valid pose for piece 28f5a1d1-afd4-46e4-b2b9-f1841386be28-copy-3 within the 161.0
   ~ pairs=10 bnd=0 comp=4 maxComp=4 /7 ej=6 /7 att=True matDef=0.029129606342594094 replaced=0
[    2.9s] fp-nudge-r1-d0.002-m33: mode=33 exactValid=True contractValid=True depth=159.083 raw=159.08263749731248 parent=159.082 fp=145d0ed4b2f53d3f | before Nonep/Noneb after Nonep/Noneb cap=None maxDisp=None moved=None resid=None | 
   ~ pairs=1 bnd=0 comp=1 maxComp=2 /7 ej=2 /7 att=True matDef=0.0011296195052992175 orders=1/2 swaps=0 cRep=1 cRef=0 | acceptedAnchorLocal=1 acceptedOrientation=0 acceptedStation=0 acceptedVacated=1 candidates=7047 finalists=0 rows=0 variants=58
[    2.9s] fp-nudge-r1-d0.002-m32: mode=32 exactValid=False contractValid=False depth=None raw=159.08162371460318 parent=159.082 fp= | before Nonep/Noneb after Nonep/Noneb cap=None maxDisp=None moved=None resid=None | no exact-valid pose for piece 28f5a1d1-afd4-46e4-b2b9-f1841386be28-copy-3 within the 161.0
   ~ pairs=1 bnd=0 comp=1 maxComp=2 /7 ej=1 /7 att=True matDef=0.0011296195052992175 replaced=0 | acceptedAnchorLocal=0 acceptedOrientation=0 acceptedStation=0 acceptedVacated=0 candidates=3509 finalists=0 rows=3509 variants=29
[    3.4s] fp-nudge-r1-d0.006-m33: mode=33 exactValid=False contractValid=False depth=None raw=159.08162371460318 parent=159.082 fp= | before Nonep/Noneb after Nonep/Noneb cap=None maxDisp=None moved=None resid=None | no insertion order re-placed the 1 violation components inside the 161.082637 mm bound
   ~ pairs=1 bnd=0 comp=1 maxComp=2 /7 ej=2 /7 att=True matDef=0.005129617624898941 orders=2/2 swaps=1 cRep=0 cRef=1 | acceptedAnchorLocal=12 acceptedOrientation=0 acceptedStation=0 acceptedVacated=5 candidates=123337 finalists=0 rows=63220 variants=1015
[    2.9s] fp-nudge-r1-d0.006-m32: mode=32 exactValid=False contractValid=False depth=None raw=159.08162371460318 parent=159.082 fp= | before Nonep/Noneb after Nonep/Noneb cap=None maxDisp=None moved=None resid=None | no exact-valid pose for piece 28f5a1d1-afd4-46e4-b2b9-f1841386be28-copy-3 within the 161.0
   ~ pairs=1 bnd=0 comp=1 maxComp=2 /7 ej=1 /7 att=True matDef=0.005129617624898941 replaced=0 | acceptedAnchorLocal=0 acceptedOrientation=0 acceptedStation=0 acceptedVacated=0 candidates=3509 finalists=0 rows=3509 variants=29
[    3.4s] fp-nudge-r1-d0.012-m33: mode=33 exactValid=False contractValid=False depth=None raw=159.08162371460318 parent=159.082 fp= | before Nonep/Noneb after Nonep/Noneb cap=None maxDisp=None moved=None resid=None | no insertion order re-placed the 1 violation components inside the 161.082637 mm bound
   ~ pairs=1 bnd=0 comp=1 maxComp=2 /7 ej=2 /7 att=True matDef=0.011129614804333166 orders=2/2 swaps=1 cRep=0 cRef=1 | acceptedAnchorLocal=12 acceptedOrientation=0 acceptedStation=0 acceptedVacated=5 candidates=123337 finalists=0 rows=63220 variants=1015
[    2.9s] fp-nudge-r1-d0.012-m32: mode=32 exactValid=False contractValid=False depth=None raw=159.08162371460318 parent=159.082 fp= | before Nonep/Noneb after Nonep/Noneb cap=None maxDisp=None moved=None resid=None | no exact-valid pose for piece 28f5a1d1-afd4-46e4-b2b9-f1841386be28-copy-3 within the 161.0
   ~ pairs=1 bnd=0 comp=1 maxComp=2 /7 ej=1 /7 att=True matDef=0.011129614804333166 replaced=0 | acceptedAnchorLocal=0 acceptedOrientation=0 acceptedStation=0 acceptedVacated=0 candidates=3509 finalists=0 rows=3509 variants=29
[    3.4s] fp-nudge-r1-d0.02-m33: mode=33 exactValid=False contractValid=False depth=None raw=159.08162371460318 parent=159.082 fp= | before Nonep/Noneb after Nonep/Noneb cap=None maxDisp=None moved=None resid=None | no insertion order re-placed the 1 violation components inside the 161.082637 mm bound
   ~ pairs=1 bnd=0 comp=1 maxComp=2 /7 ej=2 /7 att=True matDef=0.019129611043574357 orders=2/2 swaps=1 cRep=0 cRef=1 | acceptedAnchorLocal=12 acceptedOrientation=0 acceptedStation=0 acceptedVacated=5 candidates=123337 finalists=0 rows=63220 variants=1015
[    3.0s] fp-nudge-r1-d0.02-m32: mode=32 exactValid=False contractValid=False depth=None raw=159.08162371460318 parent=159.082 fp= | before Nonep/Noneb after Nonep/Noneb cap=None maxDisp=None moved=None resid=None | no exact-valid pose for piece 28f5a1d1-afd4-46e4-b2b9-f1841386be28-copy-3 within the 161.0
   ~ pairs=1 bnd=0 comp=1 maxComp=2 /7 ej=1 /7 att=True matDef=0.019129611043574357 replaced=0 | acceptedAnchorLocal=0 acceptedOrientation=0 acceptedStation=0 acceptedVacated=0 candidates=3509 finalists=0 rows=3509 variants=29
[    3.0s] fp-nudge-r2-d0.002-m33: mode=33 exactValid=True contractValid=True depth=159.083 raw=159.08263749731248 parent=159.083 fp=9bdbb28188b7d046 | before Nonep/Noneb after Nonep/Noneb cap=None maxDisp=None moved=None resid=None | 
   ~ pairs=2 bnd=0 comp=1 maxComp=3 /7 ej=3 /7 att=True matDef=None orders=1/6 swaps=0 cRep=1 cRef=0 | acceptedAnchorLocal=2 acceptedOrientation=0 acceptedStation=0 acceptedVacated=1 candidates=10817 finalists=0 rows=0 variants=87
[    2.9s] fp-nudge-r2-d0.002-m32: mode=32 exactValid=True contractValid=True depth=159.084 raw=159.08362371460316 parent=159.083 fp=169014dfea4e6127 | before Nonep/Noneb after Nonep/Noneb cap=None maxDisp=None moved=None resid=None | 
   ~ pairs=2 bnd=0 comp=1 maxComp=3 /7 ej=1 /7 att=True matDef=None replaced=1 | acceptedAnchorLocal=1 acceptedOrientation=0 acceptedStation=0 acceptedVacated=0 candidates=3915 finalists=0 rows=0 variants=29
[    2.9s] fp-nudge-r2-d0.006-m33: mode=33 exactValid=True contractValid=True depth=159.083 raw=159.08263749731248 parent=159.083 fp=145d0ed4b2f53d3f | before Nonep/Noneb after Nonep/Noneb cap=None maxDisp=None moved=None resid=None | 
   ~ pairs=2 bnd=0 comp=1 maxComp=3 /7 ej=3 /7 att=True matDef=None orders=2/6 swaps=0 cRep=1 cRef=0 | acceptedAnchorLocal=2 acceptedOrientation=0 acceptedStation=0 acceptedVacated=3 candidates=21634 finalists=4 rows=4032 variants=174
[    2.9s] fp-nudge-r2-d0.006-m32: mode=32 exactValid=True contractValid=True depth=159.083 raw=159.08263749731248 parent=159.083 fp=9ebc2efba7c38e1e | before Nonep/Noneb after Nonep/Noneb cap=None maxDisp=None moved=None resid=None | 
   ~ pairs=2 bnd=0 comp=1 maxComp=3 /7 ej=1 /7 att=True matDef=None replaced=1 | acceptedAnchorLocal=1 acceptedOrientation=0 acceptedStation=0 acceptedVacated=0 candidates=3944 finalists=0 rows=0 variants=29
[    3.0s] fp-nudge-r2-d0.012-m33: mode=33 exactValid=True contractValid=True depth=159.083 raw=159.08263749731248 parent=159.083 fp=145d0ed4b2f53d3f | before Nonep/Noneb after Nonep/Noneb cap=None maxDisp=None moved=None resid=None | 
   ~ pairs=2 bnd=0 comp=1 maxComp=3 /7 ej=3 /7 att=True matDef=None orders=2/6 swaps=0 cRep=1 cRef=0 | acceptedAnchorLocal=2 acceptedOrientation=0 acceptedStation=0 acceptedVacated=3 candidates=21634 finalists=6 rows=3804 variants=174
[    2.9s] fp-nudge-r2-d0.012-m32: mode=32 exactValid=True contractValid=True depth=159.083 raw=159.08263749731248 parent=159.083 fp=9ebc2efba7c38e1e | before Nonep/Noneb after Nonep/Noneb cap=None maxDisp=None moved=None resid=None | 
   ~ pairs=2 bnd=0 comp=1 maxComp=3 /7 ej=1 /7 att=True matDef=None replaced=1 | acceptedAnchorLocal=1 acceptedOrientation=0 acceptedStation=0 acceptedVacated=0 candidates=3944 finalists=0 rows=0 variants=29
[    2.9s] fp-nudge-r2-d0.02-m33: mode=33 exactValid=True contractValid=True depth=159.083 raw=159.08263749731248 parent=159.083 fp=145d0ed4b2f53d3f | before Nonep/Noneb after Nonep/Noneb cap=None maxDisp=None moved=None resid=None | 
   ~ pairs=2 bnd=0 comp=1 maxComp=3 /7 ej=3 /7 att=True matDef=None orders=2/6 swaps=0 cRep=1 cRef=0 | acceptedAnchorLocal=2 acceptedOrientation=0 acceptedStation=0 acceptedVacated=3 candidates=21634 finalists=6 rows=3804 variants=174
[    2.9s] fp-nudge-r2-d0.02-m32: mode=32 exactValid=True contractValid=True depth=159.083 raw=159.08263749731248 parent=159.083 fp=9ebc2efba7c38e1e | before Nonep/Noneb after Nonep/Noneb cap=None maxDisp=None moved=None resid=None | 
   ~ pairs=2 bnd=0 comp=1 maxComp=3 /7 ej=1 /7 att=True matDef=None replaced=1 | acceptedAnchorLocal=1 acceptedOrientation=0 acceptedStation=0 acceptedVacated=0 candidates=3944 finalists=0 rows=0 variants=29
[    2.9s] fp-nudge-r3-d0.002-m33: mode=33 exactValid=True contractValid=True depth=159.176 raw=159.17599885062 parent=159.083 fp=6a29cc2623699cbf | before Nonep/Noneb after Nonep/Noneb cap=None maxDisp=None moved=None resid=None | 
   ~ pairs=1 bnd=0 comp=1 maxComp=2 /7 ej=2 /7 att=True matDef=None orders=2/2 swaps=0 cRep=1 cRef=0 | acceptedAnchorLocal=1 acceptedOrientation=0 acceptedStation=0 acceptedVacated=2 candidates=8120 finalists=0 rows=2030 variants=116
[    3.0s] fp-nudge-r3-d0.002-m32: mode=32 exactValid=True contractValid=True depth=159.083 raw=159.08263749731248 parent=159.083 fp=fc8ee4c4f5af31c7 | before Nonep/Noneb after Nonep/Noneb cap=None maxDisp=None moved=None resid=None | 
   ~ pairs=1 bnd=0 comp=1 maxComp=2 /7 ej=1 /7 att=True matDef=None replaced=1 | acceptedAnchorLocal=1 acceptedOrientation=0 acceptedStation=0 acceptedVacated=0 candidates=2146 finalists=0 rows=0 variants=29
[    3.0s] fp-nudge-r3-d0.006-m33: mode=33 exactValid=True contractValid=True depth=159.083 raw=159.08263749731248 parent=159.083 fp=991af1ce2015f71f | before Nonep/Noneb after Nonep/Noneb cap=None maxDisp=None moved=None resid=None | 
   ~ pairs=2 bnd=0 comp=1 maxComp=3 /7 ej=3 /7 att=True matDef=None orders=3/6 swaps=0 cRep=1 cRef=0 | acceptedAnchorLocal=2 acceptedOrientation=0 acceptedStation=0 acceptedVacated=3 candidates=25984 finalists=0 rows=7076 variants=203
[    2.9s] fp-nudge-r3-d0.006-m32: mode=32 exactValid=True contractValid=True depth=159.083 raw=159.08263749731248 parent=159.083 fp=fc8ee4c4f5af31c7 | before Nonep/Noneb after Nonep/Noneb cap=None maxDisp=None moved=None resid=None | 
   ~ pairs=2 bnd=0 comp=1 maxComp=3 /7 ej=1 /7 att=True matDef=None replaced=1 | acceptedAnchorLocal=1 acceptedOrientation=0 acceptedStation=0 acceptedVacated=0 candidates=4118 finalists=0 rows=0 variants=29
[    3.0s] fp-nudge-r3-d0.012-m33: mode=33 exactValid=True contractValid=True depth=159.083 raw=159.08263749731248 parent=159.083 fp=98774ae91cff37d8 | before Nonep/Noneb after Nonep/Noneb cap=None maxDisp=None moved=None resid=None | 
   ~ pairs=2 bnd=0 comp=1 maxComp=3 /7 ej=3 /7 att=True matDef=None orders=3/6 swaps=0 cRep=1 cRef=0 | acceptedAnchorLocal=2 acceptedOrientation=0 acceptedStation=0 acceptedVacated=3 candidates=25984 finalists=0 rows=7076 variants=203
[    2.9s] fp-nudge-r3-d0.012-m32: mode=32 exactValid=True contractValid=True depth=159.083 raw=159.08263749731248 parent=159.083 fp=2a72b30757f360f7 | before Nonep/Noneb after Nonep/Noneb cap=None maxDisp=None moved=None resid=None | 
   ~ pairs=2 bnd=0 comp=1 maxComp=3 /7 ej=1 /7 att=True matDef=None replaced=1 | acceptedAnchorLocal=1 acceptedOrientation=0 acceptedStation=0 acceptedVacated=0 candidates=4118 finalists=0 rows=0 variants=29
[    3.0s] fp-nudge-r3-d0.02-m33: mode=33 exactValid=True contractValid=True depth=159.083 raw=159.08263749731248 parent=159.083 fp=c2c97ecf3cb5a7e2 | before Nonep/Noneb after Nonep/Noneb cap=None maxDisp=None moved=None resid=None | 
   ~ pairs=2 bnd=0 comp=1 maxComp=3 /7 ej=3 /7 att=True matDef=None orders=3/6 swaps=0 cRep=1 cRef=0 | acceptedAnchorLocal=2 acceptedOrientation=0 acceptedStation=0 acceptedVacated=3 candidates=25984 finalists=0 rows=7076 variants=203
[    2.9s] fp-nudge-r3-d0.02-m32: mode=32 exactValid=True contractValid=True depth=159.083 raw=159.08263749731248 parent=159.083 fp=2a72b30757f360f7 | before Nonep/Noneb after Nonep/Noneb cap=None maxDisp=None moved=None resid=None | 
   ~ pairs=2 bnd=0 comp=1 maxComp=3 /7 ej=1 /7 att=True matDef=None replaced=1 | acceptedAnchorLocal=1 acceptedOrientation=0 acceptedStation=0 acceptedVacated=0 candidates=4118 finalists=0 rows=0 variants=29
[    2.9s] fp-nudge-r4-d0.002-m33: mode=33 exactValid=True contractValid=True depth=159.128 raw=159.12798637761722 parent=159.083 fp=2cf9dde7a529b32a | before Nonep/Noneb after Nonep/Noneb cap=None maxDisp=None moved=None resid=None | 
   ~ pairs=1 bnd=0 comp=1 maxComp=2 /7 ej=2 /7 att=True matDef=None orders=2/2 swaps=0 cRep=1 cRef=0 | acceptedAnchorLocal=1 acceptedOrientation=0 acceptedStation=0 acceptedVacated=2 candidates=8120 finalists=2 rows=2034 variants=116
[    2.9s] fp-nudge-r4-d0.002-m32: mode=32 exactValid=True contractValid=True depth=159.083 raw=159.08263749731248 parent=159.083 fp=145d0ed4b2f53d3f | before Nonep/Noneb after Nonep/Noneb cap=None maxDisp=None moved=None resid=None | 
   ~ pairs=1 bnd=0 comp=1 maxComp=2 /7 ej=1 /7 att=True matDef=None replaced=1 | acceptedAnchorLocal=1 acceptedOrientation=0 acceptedStation=0 acceptedVacated=0 candidates=2030 finalists=1 rows=2 variants=29
[    3.3s] fp-nudge-r4-d0.006-m33: mode=33 exactValid=True contractValid=True depth=159.083 raw=159.08263749731248 parent=159.083 fp=d2653c8a8decc608 | before Nonep/Noneb after Nonep/Noneb cap=None maxDisp=None moved=None resid=None | 
   ~ pairs=2 bnd=0 comp=1 maxComp=3 /7 ej=3 /7 att=True matDef=None orders=5/6 swaps=0 cRep=1 cRef=0 | acceptedAnchorLocal=2 acceptedOrientation=0 acceptedStation=0 acceptedVacated=7 candidates=49068 finalists=1 rows=17238 variants=377
[    2.9s] fp-nudge-r4-d0.006-m32: mode=32 exactValid=True contractValid=True depth=159.083 raw=159.08263749731248 parent=159.083 fp=145d0ed4b2f53d3f | before Nonep/Noneb after Nonep/Noneb cap=None maxDisp=None moved=None resid=None | 
   ~ pairs=2 bnd=0 comp=1 maxComp=3 /7 ej=1 /7 att=True matDef=None replaced=1 | acceptedAnchorLocal=1 acceptedOrientation=0 acceptedStation=0 acceptedVacated=0 candidates=3944 finalists=0 rows=0 variants=29
[    5.0s] fp-nudge-r4-d0.012-m33: mode=33 exactValid=False contractValid=True depth=None raw=159.08263749731248 parent=159.083 fp= | before Nonep/Noneb after Nonep/Noneb cap=None maxDisp=None moved=None resid=None | no insertion order re-placed the 1 violation components inside the 161.082637 mm bound
   ~ pairs=3 bnd=0 comp=1 maxComp=4 /7 ej=4 /7 att=True matDef=None orders=24/24 swaps=6 cRep=0 cRef=1 | acceptedAnchorLocal=11 acceptedOrientation=0 acceptedStation=7 acceptedVacated=46 candidates=352611 finalists=0 rows=136851 variants=2726
[    2.9s] fp-nudge-r4-d0.012-m32: mode=32 exactValid=True contractValid=True depth=159.083 raw=159.08263749731248 parent=159.083 fp=145d0ed4b2f53d3f | before Nonep/Noneb after Nonep/Noneb cap=None maxDisp=None moved=None resid=None | 
   ~ pairs=3 bnd=0 comp=1 maxComp=4 /7 ej=1 /7 att=True matDef=None replaced=1 | acceptedAnchorLocal=1 acceptedOrientation=0 acceptedStation=0 acceptedVacated=0 candidates=4176 finalists=0 rows=0 variants=29
[    5.0s] fp-nudge-r4-d0.02-m33: mode=33 exactValid=False contractValid=True depth=None raw=159.08263749731248 parent=159.083 fp= | before Nonep/Noneb after Nonep/Noneb cap=None maxDisp=None moved=None resid=None | no insertion order re-placed the 1 violation components inside the 161.082637 mm bound
   ~ pairs=3 bnd=0 comp=1 maxComp=4 /7 ej=4 /7 att=True matDef=None orders=24/24 swaps=6 cRep=0 cRef=1 | acceptedAnchorLocal=11 acceptedOrientation=0 acceptedStation=7 acceptedVacated=46 candidates=352611 finalists=0 rows=136851 variants=2726
[    2.9s] fp-nudge-r4-d0.02-m32: mode=32 exactValid=True contractValid=True depth=159.083 raw=159.08263749731248 parent=159.083 fp=d2653c8a8decc608 | before Nonep/Noneb after Nonep/Noneb cap=None maxDisp=None moved=None resid=None | 
   ~ pairs=3 bnd=0 comp=1 maxComp=4 /7 ej=1 /7 att=True matDef=None replaced=1 | acceptedAnchorLocal=1 acceptedOrientation=0 acceptedStation=0 acceptedVacated=0 candidates=4350 finalists=0 rows=0 variants=29
[    2.9s] fp-nudge-pair-d0.002-m33: mode=33 exactValid=True contractValid=True depth=159.083 raw=159.08263749731248 parent=159.081 fp=9bdbb28188b7d046 | before Nonep/Noneb after Nonep/Noneb cap=None maxDisp=None moved=None resid=None | 
   ~ pairs=3 bnd=0 comp=2 maxComp=3 /7 ej=5 /7 att=True matDef=0.0011296195052992175 orders=2/8 swaps=0 cRep=2 cRef=0 | acceptedAnchorLocal=3 acceptedOrientation=0 acceptedStation=0 acceptedVacated=2 candidates=17864 finalists=0 rows=0 variants=145
[    2.8s] fp-nudge-pair-d0.002-m32: mode=32 exactValid=False contractValid=False depth=None raw=159.08063749731247 parent=159.081 fp= | before Nonep/Noneb after Nonep/Noneb cap=None maxDisp=None moved=None resid=None | no exact-valid pose for piece 28f5a1d1-afd4-46e4-b2b9-f1841386be28-copy-3 within the 161.0
   ~ pairs=3 bnd=0 comp=2 maxComp=3 /7 ej=2 /7 att=True matDef=0.0011296195052992175 replaced=0 | acceptedAnchorLocal=0 acceptedOrientation=0 acceptedStation=0 acceptedVacated=0 candidates=3509 finalists=0 rows=3509 variants=29
[    3.5s] fp-nudge-pair-d0.006-m33: mode=33 exactValid=False contractValid=False depth=None raw=159.07799885062 parent=159.078 fp= | before Nonep/Noneb after Nonep/Noneb cap=None maxDisp=None moved=None resid=None | no insertion order re-placed the 2 violation components inside the 161.082637 mm bound
   ~ pairs=3 bnd=0 comp=2 maxComp=3 /7 ej=5 /7 att=True matDef=0.005129617624898941 orders=4/8 swaps=1 cRep=1 cRef=1 | acceptedAnchorLocal=14 acceptedOrientation=0 acceptedStation=0 acceptedVacated=8 candidates=144971 finalists=4 rows=67252 variants=1189
[    2.9s] fp-nudge-pair-d0.006-m32: mode=32 exactValid=False contractValid=False depth=None raw=159.07799885062 parent=159.078 fp= | before Nonep/Noneb after Nonep/Noneb cap=None maxDisp=None moved=None resid=None | no exact-valid pose for piece 28f5a1d1-afd4-46e4-b2b9-f1841386be28-copy-3 within the 161.0
   ~ pairs=3 bnd=0 comp=2 maxComp=3 /7 ej=2 /7 att=True matDef=0.005129617624898941 replaced=0 | acceptedAnchorLocal=0 acceptedOrientation=0 acceptedStation=0 acceptedVacated=0 candidates=3509 finalists=0 rows=3509 variants=29
[    3.4s] fp-nudge-pair-d0.012-m33: mode=33 exactValid=False contractValid=False depth=None raw=159.07799885062 parent=159.078 fp= | before Nonep/Noneb after Nonep/Noneb cap=None maxDisp=None moved=None resid=None | no insertion order re-placed the 2 violation components inside the 161.082637 mm bound
   ~ pairs=3 bnd=0 comp=2 maxComp=3 /7 ej=5 /7 att=True matDef=0.011129614804333166 orders=4/8 swaps=1 cRep=1 cRef=1 | acceptedAnchorLocal=14 acceptedOrientation=0 acceptedStation=0 acceptedVacated=8 candidates=144971 finalists=6 rows=67024 variants=1189
[    2.9s] fp-nudge-pair-d0.012-m32: mode=32 exactValid=False contractValid=False depth=None raw=159.07799885062 parent=159.078 fp= | before Nonep/Noneb after Nonep/Noneb cap=None maxDisp=None moved=None resid=None | no exact-valid pose for piece 28f5a1d1-afd4-46e4-b2b9-f1841386be28-copy-3 within the 161.0
   ~ pairs=3 bnd=0 comp=2 maxComp=3 /7 ej=2 /7 att=True matDef=0.011129614804333166 replaced=0 | acceptedAnchorLocal=0 acceptedOrientation=0 acceptedStation=0 acceptedVacated=0 candidates=3509 finalists=0 rows=3509 variants=29
[    3.4s] fp-nudge-pair-d0.02-m33: mode=33 exactValid=False contractValid=False depth=None raw=159.07799885062 parent=159.078 fp= | before Nonep/Noneb after Nonep/Noneb cap=None maxDisp=None moved=None resid=None | no insertion order re-placed the 2 violation components inside the 161.082637 mm bound
   ~ pairs=3 bnd=0 comp=2 maxComp=3 /7 ej=5 /7 att=True matDef=0.019129611043574357 orders=4/8 swaps=1 cRep=1 cRef=1 | acceptedAnchorLocal=14 acceptedOrientation=0 acceptedStation=0 acceptedVacated=8 candidates=144971 finalists=6 rows=67024 variants=1189
[    2.9s] fp-nudge-pair-d0.02-m32: mode=32 exactValid=False contractValid=False depth=None raw=159.07799885062 parent=159.078 fp= | before Nonep/Noneb after Nonep/Noneb cap=None maxDisp=None moved=None resid=None | no exact-valid pose for piece 28f5a1d1-afd4-46e4-b2b9-f1841386be28-copy-3 within the 161.0
   ~ pairs=3 bnd=0 comp=2 maxComp=3 /7 ej=2 /7 att=True matDef=0.019129611043574357 replaced=0 | acceptedAnchorLocal=0 acceptedOrientation=0 acceptedStation=0 acceptedVacated=0 candidates=3509 finalists=0 rows=3509 variants=29
=== FIXPOINT PROBE: 120 arms, 0 below the incumbent
