== rec parent raw 159.09233022733062 bound 161.09233022733062
   frontier: 54345eb7-a37@154.092330, 604bc424-469@154.085986, 54345eb7-a37@154.083624, 54345eb7-a37@154.077999, d06db288-d2d@154.065523, d06db288-d2d@154.060294
-- flatten 0.002: depth 159.090330, 1 pieces moved
[    2.3s] rec-flat0.002-m28: mode=28 exactValid=False contractValid=False depth=None raw=159.0903302273306 parent=159.09 fp= | before Nonep/Noneb after Nonep/Noneb cap=None maxDisp=None moved=None resid=None | no exact-valid pose for piece 28f5a1d1-afd4-46e4-b2b9-f1841386be28-copy-3 within the 161.0
   ~ pairs=1 bnd=0 comp=1 maxComp=2 /7 ej=1 /7 att=True matDef=0.001043177565179576 replaced=0
[    2.3s] rec-flat0.002-m29: mode=29 exactValid=True contractValid=True depth=159.092 raw=159.09233022733062 parent=159.09 fp=fa01012af1d559ae | before Nonep/Noneb after Nonep/Noneb cap=None maxDisp=None moved=None resid=None | 
   ~ pairs=1 bnd=0 comp=1 maxComp=2 /7 ej=2 /7 att=True matDef=0.001043177565179576 orders=1/2 swaps=0 cRep=1 cRef=0
[    2.3s] rec-flat0.002-m32: mode=32 exactValid=False contractValid=False depth=None raw=159.0903302273306 parent=159.09 fp= | before Nonep/Noneb after Nonep/Noneb cap=None maxDisp=None moved=None resid=None | no exact-valid pose for piece 28f5a1d1-afd4-46e4-b2b9-f1841386be28-copy-3 within the 161.0
   ~ pairs=1 bnd=0 comp=1 maxComp=2 /7 ej=1 /7 att=True matDef=0.001043177565179576 replaced=0
[    2.3s] rec-flat0.002-m33: mode=33 exactValid=True contractValid=True depth=159.092 raw=159.09233022733062 parent=159.09 fp=fa01012af1d559ae | before Nonep/Noneb after Nonep/Noneb cap=None maxDisp=None moved=None resid=None | 
   ~ pairs=1 bnd=0 comp=1 maxComp=2 /7 ej=2 /7 att=True matDef=0.001043177565179576 orders=1/2 swaps=0 cRep=1 cRef=0
-- flatten 0.004: depth 159.088330, 1 pieces moved
[    2.4s] rec-flat0.004-m28: mode=28 exactValid=False contractValid=False depth=None raw=159.08833022733063 parent=159.088 fp= | before Nonep/Noneb after Nonep/Noneb cap=None maxDisp=None moved=None resid=None | no exact-valid pose for piece 28f5a1d1-afd4-46e4-b2b9-f1841386be28-copy-3 within the 161.0
   ~ pairs=1 bnd=0 comp=1 maxComp=2 /7 ej=1 /7 att=True matDef=0.0030431766249581216 replaced=0
[    2.4s] rec-flat0.004-m29: mode=29 exactValid=False contractValid=False depth=None raw=159.08833022733063 parent=159.088 fp= | before Nonep/Noneb after Nonep/Noneb cap=None maxDisp=None moved=None resid=None | no insertion order re-placed the 1 violation components inside the 161.09233 mm bound
   ~ pairs=1 bnd=0 comp=1 maxComp=2 /7 ej=2 /7 att=True matDef=0.0030431766249581216 orders=2/2 swaps=1 cRep=0 cRef=1
[    2.3s] rec-flat0.004-m32: mode=32 exactValid=False contractValid=False depth=None raw=159.08833022733063 parent=159.088 fp= | before Nonep/Noneb after Nonep/Noneb cap=None maxDisp=None moved=None resid=None | no exact-valid pose for piece 28f5a1d1-afd4-46e4-b2b9-f1841386be28-copy-3 within the 161.0
   ~ pairs=1 bnd=0 comp=1 maxComp=2 /7 ej=1 /7 att=True matDef=0.0030431766249581216 replaced=0
[    2.3s] rec-flat0.004-m33: mode=33 exactValid=True contractValid=True depth=159.09 raw=159.08963749731248 parent=159.088 fp=82852f3ed36d1dc1 | before Nonep/Noneb after Nonep/Noneb cap=None maxDisp=None moved=None resid=None | 
   ~ pairs=1 bnd=0 comp=1 maxComp=2 /7 ej=2 /7 att=True matDef=0.0030431766249581216 orders=1/2 swaps=0 cRep=1 cRef=0
-- flatten 0.01: depth 159.082330, 3 pieces moved
[    2.3s] rec-flat0.01-m28: mode=28 exactValid=False contractValid=False depth=None raw=159.08233022733066 parent=159.082 fp= | before Nonep/Noneb after Nonep/Noneb cap=None maxDisp=None moved=None resid=None | no exact-valid pose for piece 28f5a1d1-afd4-46e4-b2b9-f1841386be28-copy-3 within the 161.0
   ~ pairs=3 bnd=0 comp=3 maxComp=2 /7 ej=3 /7 att=True matDef=0.009043173804392346 replaced=0
[    2.5s] rec-flat0.01-m29: mode=29 exactValid=False contractValid=False depth=None raw=159.08233022733066 parent=159.082 fp= | before Nonep/Noneb after Nonep/Noneb cap=None maxDisp=None moved=None resid=None | no insertion order re-placed the 3 violation components inside the 161.09233 mm bound
   ~ pairs=3 bnd=0 comp=3 maxComp=2 /7 ej=6 /7 att=True matDef=0.009043173804392346 orders=5/6 swaps=2 cRep=1 cRef=2
[    2.4s] rec-flat0.01-m32: mode=32 exactValid=False contractValid=False depth=None raw=159.08233022733066 parent=159.082 fp= | before Nonep/Noneb after Nonep/Noneb cap=None maxDisp=None moved=None resid=None | no exact-valid pose for piece 28f5a1d1-afd4-46e4-b2b9-f1841386be28-copy-3 within the 161.0
   ~ pairs=3 bnd=0 comp=3 maxComp=2 /7 ej=3 /7 att=True matDef=0.009043173804392346 replaced=0
[    2.4s] rec-flat0.01-m33: mode=33 exactValid=True contractValid=True depth=159.159 raw=159.15862371460318 parent=159.082 fp=a7f82ef18560821b | before Nonep/Noneb after Nonep/Noneb cap=None maxDisp=None moved=None resid=None | 
   ~ pairs=3 bnd=0 comp=3 maxComp=2 /7 ej=6 /7 att=True matDef=0.009043173804392346 orders=3/6 swaps=0 cRep=3 cRef=0
-- flatten 0.02: depth 159.072330, 4 pieces moved
[    2.3s] rec-flat0.02-m28: mode=28 exactValid=False contractValid=False depth=None raw=159.0723302273306 parent=159.072 fp= | before Nonep/Noneb after Nonep/Noneb cap=None maxDisp=None moved=None resid=None | no exact-valid pose for piece 28f5a1d1-afd4-46e4-b2b9-f1841386be28-copy-3 within the 161.0
   ~ pairs=8 bnd=0 comp=4 maxComp=4 /7 ej=4 /7 att=True matDef=0.019043169103440505 replaced=0
[    2.7s] rec-flat0.02-m29: mode=29 exactValid=False contractValid=False depth=None raw=159.0723302273306 parent=159.072 fp= | before Nonep/Noneb after Nonep/Noneb cap=None maxDisp=None moved=None resid=None | no insertion order re-placed the 4 violation components inside the 161.09233 mm bound
   ~ pairs=8 bnd=0 comp=4 maxComp=4 /7 ej=12 /7 att=True matDef=0.019043169103440505 orders=31/38 swaps=7 cRep=2 cRef=2
[    2.3s] rec-flat0.02-m32: mode=32 exactValid=False contractValid=False depth=None raw=159.0723302273306 parent=159.072 fp= | before Nonep/Noneb after Nonep/Noneb cap=None maxDisp=None moved=None resid=None | no exact-valid pose for piece 28f5a1d1-afd4-46e4-b2b9-f1841386be28-copy-3 within the 161.0
   ~ pairs=8 bnd=0 comp=4 maxComp=4 /7 ej=4 /7 att=True matDef=0.019043169103440505 replaced=0
[    4.6s] rec-flat0.02-m33: mode=33 exactValid=False contractValid=False depth=None raw=159.0723302273306 parent=159.072 fp= | before Nonep/Noneb after Nonep/Noneb cap=None maxDisp=None moved=None resid=None | no insertion order re-placed the 4 violation components inside the 161.09233 mm bound
   ~ pairs=8 bnd=0 comp=4 maxComp=4 /7 ej=12 /7 att=True matDef=0.019043169103440505 orders=30/38 swaps=6 cRep=3 cRef=1
-- nudge rank 1 (54345eb7-a37) by 0.002: depth 159.090330
[    2.3s] rec-nudge-r1-d0.002-m28: mode=28 exactValid=False contractValid=False depth=None raw=159.0903302273306 parent=159.09 fp= | before Nonep/Noneb after Nonep/Noneb cap=None maxDisp=None moved=None resid=None | no exact-valid pose for piece 28f5a1d1-afd4-46e4-b2b9-f1841386be28-copy-3 within the 161.0
   ~ pairs=1 bnd=0 comp=1 maxComp=2 /7 ej=1 /7 att=True matDef=0.001043177565179576 replaced=0
[    2.3s] rec-nudge-r1-d0.002-m29: mode=29 exactValid=True contractValid=True depth=159.092 raw=159.09233022733062 parent=159.09 fp=fa01012af1d559ae | before Nonep/Noneb after Nonep/Noneb cap=None maxDisp=None moved=None resid=None | 
   ~ pairs=1 bnd=0 comp=1 maxComp=2 /7 ej=2 /7 att=True matDef=0.001043177565179576 orders=1/2 swaps=0 cRep=1 cRef=0
[    2.4s] rec-nudge-r1-d0.002-m32: mode=32 exactValid=False contractValid=False depth=None raw=159.0903302273306 parent=159.09 fp= | before Nonep/Noneb after Nonep/Noneb cap=None maxDisp=None moved=None resid=None | no exact-valid pose for piece 28f5a1d1-afd4-46e4-b2b9-f1841386be28-copy-3 within the 161.0
   ~ pairs=1 bnd=0 comp=1 maxComp=2 /7 ej=1 /7 att=True matDef=0.001043177565179576 replaced=0
[    2.3s] rec-nudge-r1-d0.002-m33: mode=33 exactValid=True contractValid=True depth=159.092 raw=159.09233022733062 parent=159.09 fp=fa01012af1d559ae | before Nonep/Noneb after Nonep/Noneb cap=None maxDisp=None moved=None resid=None | 
   ~ pairs=1 bnd=0 comp=1 maxComp=2 /7 ej=2 /7 att=True matDef=0.001043177565179576 orders=1/2 swaps=0 cRep=1 cRef=0
-- nudge rank 1 (54345eb7-a37) by 0.006: depth 159.086330
[    2.3s] rec-nudge-r1-d0.006-m28: mode=28 exactValid=False contractValid=False depth=None raw=159.08633022733062 parent=159.086 fp= | before Nonep/Noneb after Nonep/Noneb cap=None maxDisp=None moved=None resid=None | no exact-valid pose for piece 28f5a1d1-afd4-46e4-b2b9-f1841386be28-copy-3 within the 161.0
   ~ pairs=1 bnd=0 comp=1 maxComp=2 /7 ej=1 /7 att=True matDef=0.0050431756847793 replaced=0
[    2.3s] rec-nudge-r1-d0.006-m29: mode=29 exactValid=False contractValid=False depth=None raw=159.08633022733062 parent=159.086 fp= | before Nonep/Noneb after Nonep/Noneb cap=None maxDisp=None moved=None resid=None | no insertion order re-placed the 1 violation components inside the 161.09233 mm bound
   ~ pairs=1 bnd=0 comp=1 maxComp=2 /7 ej=2 /7 att=True matDef=0.0050431756847793 orders=2/2 swaps=1 cRep=0 cRef=1
[    2.3s] rec-nudge-r1-d0.006-m32: mode=32 exactValid=False contractValid=False depth=None raw=159.08633022733062 parent=159.086 fp= | before Nonep/Noneb after Nonep/Noneb cap=None maxDisp=None moved=None resid=None | no exact-valid pose for piece 28f5a1d1-afd4-46e4-b2b9-f1841386be28-copy-3 within the 161.0
   ~ pairs=1 bnd=0 comp=1 maxComp=2 /7 ej=1 /7 att=True matDef=0.0050431756847793 replaced=0
[    2.3s] rec-nudge-r1-d0.006-m33: mode=33 exactValid=True contractValid=True depth=159.09 raw=159.08963749731248 parent=159.086 fp=72a4f9801ff19146 | before Nonep/Noneb after Nonep/Noneb cap=None maxDisp=None moved=None resid=None | 
   ~ pairs=1 bnd=0 comp=1 maxComp=2 /7 ej=2 /7 att=True matDef=0.0050431756847793 orders=1/2 swaps=0 cRep=1 cRef=0
-- nudge rank 1 (54345eb7-a37) by 0.02: depth 159.085986
[    2.2s] rec-nudge-r1-d0.02-m28: mode=28 exactValid=False contractValid=False depth=None raw=159.0859863776172 parent=159.086 fp= | before Nonep/Noneb after Nonep/Noneb cap=None maxDisp=None moved=None resid=None | no exact-valid pose for piece 28f5a1d1-afd4-46e4-b2b9-f1841386be28-copy-3 within the 161.0
   ~ pairs=1 bnd=0 comp=1 maxComp=2 /7 ej=1 /7 att=True matDef=0.019043169103440505 replaced=0
[    2.3s] rec-nudge-r1-d0.02-m29: mode=29 exactValid=False contractValid=False depth=None raw=159.0859863776172 parent=159.086 fp= | before Nonep/Noneb after Nonep/Noneb cap=None maxDisp=None moved=None resid=None | no insertion order re-placed the 1 violation components inside the 161.09233 mm bound
   ~ pairs=1 bnd=0 comp=1 maxComp=2 /7 ej=2 /7 att=True matDef=0.019043169103440505 orders=2/2 swaps=1 cRep=0 cRef=1
[    2.3s] rec-nudge-r1-d0.02-m32: mode=32 exactValid=False contractValid=False depth=None raw=159.0859863776172 parent=159.086 fp= | before Nonep/Noneb after Nonep/Noneb cap=None maxDisp=None moved=None resid=None | no exact-valid pose for piece 28f5a1d1-afd4-46e4-b2b9-f1841386be28-copy-3 within the 161.0
   ~ pairs=1 bnd=0 comp=1 maxComp=2 /7 ej=1 /7 att=True matDef=0.019043169103440505 replaced=0
[    2.3s] rec-nudge-r1-d0.02-m33: mode=33 exactValid=True contractValid=True depth=159.086 raw=159.0859863776172 parent=159.086 fp=b89bd96ec8dc7b75 | before Nonep/Noneb after Nonep/Noneb cap=None maxDisp=None moved=None resid=None | 
   ~ pairs=1 bnd=0 comp=1 maxComp=2 /7 ej=2 /7 att=True matDef=0.019043169103440505 orders=1/2 swaps=0 cRep=1 cRef=0
-- nudge rank 2 (604bc424-469) by 0.002: depth 159.092330
[    2.3s] rec-nudge-r2-d0.002-m28: mode=28 exactValid=False contractValid=True depth=None raw=159.09233022733062 parent=159.092 fp= | before Nonep/Noneb after Nonep/Noneb cap=None maxDisp=None moved=None resid=None | no exact-valid pose for piece 0aff79d8-47d7-49b2-958b-8f8648eafc07-copy-3 within the 161.0
   ~ pairs=1 bnd=0 comp=1 maxComp=2 /7 ej=1 /7 att=True matDef=None replaced=0
[    2.3s] rec-nudge-r2-d0.002-m29: mode=29 exactValid=True contractValid=True depth=159.138 raw=159.1379863776172 parent=159.092 fp=2ddf74f94c7c5ad9 | before Nonep/Noneb after Nonep/Noneb cap=None maxDisp=None moved=None resid=None | 
   ~ pairs=1 bnd=0 comp=1 maxComp=2 /7 ej=2 /7 att=True matDef=None orders=2/2 swaps=1 cRep=1 cRef=0
[    2.3s] rec-nudge-r2-d0.002-m32: mode=32 exactValid=True contractValid=True depth=159.092 raw=159.09233022733062 parent=159.092 fp=3b77f867cf4555c6 | before Nonep/Noneb after Nonep/Noneb cap=None maxDisp=None moved=None resid=None | 
   ~ pairs=1 bnd=0 comp=1 maxComp=2 /7 ej=1 /7 att=True matDef=None replaced=1
[    2.3s] rec-nudge-r2-d0.002-m33: mode=33 exactValid=True contractValid=True depth=159.092 raw=159.09233022733062 parent=159.092 fp=3b77f867cf4555c6 | before Nonep/Noneb after Nonep/Noneb cap=None maxDisp=None moved=None resid=None | 
   ~ pairs=1 bnd=0 comp=1 maxComp=2 /7 ej=2 /7 att=True matDef=None orders=1/2 swaps=0 cRep=1 cRef=0
-- nudge rank 2 (604bc424-469) by 0.006: depth 159.092330
[    2.3s] rec-nudge-r2-d0.006-m28: mode=28 exactValid=False contractValid=True depth=None raw=159.09233022733062 parent=159.092 fp= | before Nonep/Noneb after Nonep/Noneb cap=None maxDisp=None moved=None resid=None | no exact-valid pose for piece 0aff79d8-47d7-49b2-958b-8f8648eafc07-copy-3 within the 161.0
   ~ pairs=1 bnd=0 comp=1 maxComp=2 /7 ej=1 /7 att=True matDef=None replaced=0
[    2.4s] rec-nudge-r2-d0.006-m29: mode=29 exactValid=False contractValid=True depth=None raw=159.09233022733062 parent=159.092 fp= | before Nonep/Noneb after Nonep/Noneb cap=None maxDisp=None moved=None resid=None | no insertion order re-placed the 1 violation components inside the 161.09233 mm bound
   ~ pairs=1 bnd=0 comp=1 maxComp=2 /7 ej=2 /7 att=True matDef=None orders=2/2 swaps=1 cRep=0 cRef=1
[    2.3s] rec-nudge-r2-d0.006-m32: mode=32 exactValid=True contractValid=True depth=159.092 raw=159.09233022733062 parent=159.092 fp=bb10142278bdf50b | before Nonep/Noneb after Nonep/Noneb cap=None maxDisp=None moved=None resid=None | 
   ~ pairs=1 bnd=0 comp=1 maxComp=2 /7 ej=1 /7 att=True matDef=None replaced=1
[    2.3s] rec-nudge-r2-d0.006-m33: mode=33 exactValid=True contractValid=True depth=159.092 raw=159.09233022733062 parent=159.092 fp=bb10142278bdf50b | before Nonep/Noneb after Nonep/Noneb cap=None maxDisp=None moved=None resid=None | 
   ~ pairs=1 bnd=0 comp=1 maxComp=2 /7 ej=2 /7 att=True matDef=None orders=1/2 swaps=0 cRep=1 cRef=0
-- nudge rank 2 (604bc424-469) by 0.02: depth 159.092330
[    2.2s] rec-nudge-r2-d0.02-m28: mode=28 exactValid=True contractValid=True depth=159.092 raw=159.09233022733062 parent=159.092 fp=d7e2cbd793995f80 | before Nonep/Noneb after Nonep/Noneb cap=None maxDisp=None moved=None resid=None | 
   ~ pairs=3 bnd=0 comp=1 maxComp=4 /7 ej=1 /7 att=True matDef=None replaced=1
[    2.6s] rec-nudge-r2-d0.02-m29: mode=29 exactValid=False contractValid=True depth=None raw=159.09233022733062 parent=159.092 fp= | before Nonep/Noneb after Nonep/Noneb cap=None maxDisp=None moved=None resid=None | no insertion order re-placed the 1 violation components inside the 161.09233 mm bound
   ~ pairs=3 bnd=0 comp=1 maxComp=4 /7 ej=4 /7 att=True matDef=None orders=24/24 swaps=6 cRep=0 cRef=1
[    2.2s] rec-nudge-r2-d0.02-m32: mode=32 exactValid=True contractValid=True depth=159.092 raw=159.09233022733062 parent=159.092 fp=d7e2cbd793995f80 | before Nonep/Noneb after Nonep/Noneb cap=None maxDisp=None moved=None resid=None | 
   ~ pairs=3 bnd=0 comp=1 maxComp=4 /7 ej=1 /7 att=True matDef=None replaced=1
[    4.5s] rec-nudge-r2-d0.02-m33: mode=33 exactValid=False contractValid=True depth=None raw=159.09233022733062 parent=159.092 fp= | before Nonep/Noneb after Nonep/Noneb cap=None maxDisp=None moved=None resid=None | no insertion order re-placed the 1 violation components inside the 161.09233 mm bound
   ~ pairs=3 bnd=0 comp=1 maxComp=4 /7 ej=4 /7 att=True matDef=None orders=24/24 swaps=6 cRep=0 cRef=1
-- nudge rank 3 (54345eb7-a37) by 0.002: depth 159.092330
[    2.3s] rec-nudge-r3-d0.002-m28: mode=28 exactValid=True contractValid=True depth=159.092 raw=159.09233022733062 parent=159.092 fp=d2442e2c5a6550ab | before Nonep/Noneb after Nonep/Noneb cap=None maxDisp=None moved=None resid=None | 
   ~ pairs=1 bnd=0 comp=1 maxComp=2 /7 ej=1 /7 att=True matDef=None replaced=1
[    2.3s] rec-nudge-r3-d0.002-m29: mode=29 exactValid=True contractValid=True depth=159.158 raw=159.15762371460318 parent=159.092 fp=4f660aa79a13f596 | before Nonep/Noneb after Nonep/Noneb cap=None maxDisp=None moved=None resid=None | 
   ~ pairs=1 bnd=0 comp=1 maxComp=2 /7 ej=2 /7 att=True matDef=None orders=1/2 swaps=0 cRep=1 cRef=0
[    2.3s] rec-nudge-r3-d0.002-m32: mode=32 exactValid=True contractValid=True depth=159.092 raw=159.09233022733062 parent=159.092 fp=d2442e2c5a6550ab | before Nonep/Noneb after Nonep/Noneb cap=None maxDisp=None moved=None resid=None | 
   ~ pairs=1 bnd=0 comp=1 maxComp=2 /7 ej=1 /7 att=True matDef=None replaced=1
[    2.3s] rec-nudge-r3-d0.002-m33: mode=33 exactValid=True contractValid=True depth=159.158 raw=159.15762371460318 parent=159.092 fp=4f660aa79a13f596 | before Nonep/Noneb after Nonep/Noneb cap=None maxDisp=None moved=None resid=None | 
   ~ pairs=1 bnd=0 comp=1 maxComp=2 /7 ej=2 /7 att=True matDef=None orders=1/2 swaps=0 cRep=1 cRef=0
-- nudge rank 3 (54345eb7-a37) by 0.006: depth 159.092330
[    2.2s] rec-nudge-r3-d0.006-m28: mode=28 exactValid=True contractValid=True depth=159.092 raw=159.09233022733062 parent=159.092 fp=8fa945fc6dc818a9 | before Nonep/Noneb after Nonep/Noneb cap=None maxDisp=None moved=None resid=None | 
   ~ pairs=2 bnd=0 comp=1 maxComp=3 /7 ej=1 /7 att=True matDef=None replaced=1
[    2.2s] rec-nudge-r3-d0.006-m29: mode=29 exactValid=True contractValid=True depth=159.092 raw=159.09233022733062 parent=159.092 fp=1526ab0e8853fc33 | before Nonep/Noneb after Nonep/Noneb cap=None maxDisp=None moved=None resid=None | 
   ~ pairs=2 bnd=0 comp=1 maxComp=3 /7 ej=3 /7 att=True matDef=None orders=1/6 swaps=0 cRep=1 cRef=0
[    2.3s] rec-nudge-r3-d0.006-m32: mode=32 exactValid=True contractValid=True depth=159.092 raw=159.09233022733062 parent=159.092 fp=8fa945fc6dc818a9 | before Nonep/Noneb after Nonep/Noneb cap=None maxDisp=None moved=None resid=None | 
   ~ pairs=2 bnd=0 comp=1 maxComp=3 /7 ej=1 /7 att=True matDef=None replaced=1
[    2.3s] rec-nudge-r3-d0.006-m33: mode=33 exactValid=True contractValid=True depth=159.092 raw=159.09233022733062 parent=159.092 fp=1526ab0e8853fc33 | before Nonep/Noneb after Nonep/Noneb cap=None maxDisp=None moved=None resid=None | 
   ~ pairs=2 bnd=0 comp=1 maxComp=3 /7 ej=3 /7 att=True matDef=None orders=1/6 swaps=0 cRep=1 cRef=0
-- nudge rank 3 (54345eb7-a37) by 0.02: depth 159.092330
[    2.3s] rec-nudge-r3-d0.02-m28: mode=28 exactValid=True contractValid=True depth=159.092 raw=159.09233022733062 parent=159.092 fp=026a5b5f4b67c17c | before Nonep/Noneb after Nonep/Noneb cap=None maxDisp=None moved=None resid=None | 
   ~ pairs=2 bnd=0 comp=1 maxComp=3 /7 ej=1 /7 att=True matDef=None replaced=1
[    2.3s] rec-nudge-r3-d0.02-m29: mode=29 exactValid=True contractValid=True depth=159.092 raw=159.09233022733062 parent=159.092 fp=fa01012af1d559ae | before Nonep/Noneb after Nonep/Noneb cap=None maxDisp=None moved=None resid=None | 
   ~ pairs=2 bnd=0 comp=1 maxComp=3 /7 ej=3 /7 att=True matDef=None orders=2/6 swaps=0 cRep=1 cRef=0
[    2.3s] rec-nudge-r3-d0.02-m32: mode=32 exactValid=True contractValid=True depth=159.092 raw=159.09233022733062 parent=159.092 fp=026a5b5f4b67c17c | before Nonep/Noneb after Nonep/Noneb cap=None maxDisp=None moved=None resid=None | 
   ~ pairs=2 bnd=0 comp=1 maxComp=3 /7 ej=1 /7 att=True matDef=None replaced=1
[    2.3s] rec-nudge-r3-d0.02-m33: mode=33 exactValid=True contractValid=True depth=159.092 raw=159.09233022733062 parent=159.092 fp=fa01012af1d559ae | before Nonep/Noneb after Nonep/Noneb cap=None maxDisp=None moved=None resid=None | 
   ~ pairs=2 bnd=0 comp=1 maxComp=3 /7 ej=3 /7 att=True matDef=None orders=2/6 swaps=0 cRep=1 cRef=0
-- nudge ranks 1+2 by 0.002: depth 159.090330
[    2.3s] rec-nudge-pair12-d0.002-m28: mode=28 exactValid=False contractValid=False depth=None raw=159.0903302273306 parent=159.09 fp= | before Nonep/Noneb after Nonep/Noneb cap=None maxDisp=None moved=None resid=None | no exact-valid pose for piece 28f5a1d1-afd4-46e4-b2b9-f1841386be28-copy-3 within the 161.0
   ~ pairs=2 bnd=0 comp=2 maxComp=2 /7 ej=2 /7 att=True matDef=0.001043177565179576 replaced=0
[    2.4s] rec-nudge-pair12-d0.002-m29: mode=29 exactValid=True contractValid=True depth=159.138 raw=159.1379863776172 parent=159.09 fp=2ddf74f94c7c5ad9 | before Nonep/Noneb after Nonep/Noneb cap=None maxDisp=None moved=None resid=None | 
   ~ pairs=2 bnd=0 comp=2 maxComp=2 /7 ej=4 /7 att=True matDef=0.001043177565179576 orders=3/4 swaps=1 cRep=2 cRef=0
[    2.3s] rec-nudge-pair12-d0.002-m32: mode=32 exactValid=False contractValid=False depth=None raw=159.0903302273306 parent=159.09 fp= | before Nonep/Noneb after Nonep/Noneb cap=None maxDisp=None moved=None resid=None | no exact-valid pose for piece 28f5a1d1-afd4-46e4-b2b9-f1841386be28-copy-3 within the 161.0
   ~ pairs=2 bnd=0 comp=2 maxComp=2 /7 ej=2 /7 att=True matDef=0.001043177565179576 replaced=0
[    2.3s] rec-nudge-pair12-d0.002-m33: mode=33 exactValid=True contractValid=True depth=159.092 raw=159.09233022733062 parent=159.09 fp=3b77f867cf4555c6 | before Nonep/Noneb after Nonep/Noneb cap=None maxDisp=None moved=None resid=None | 
   ~ pairs=2 bnd=0 comp=2 maxComp=2 /7 ej=4 /7 att=True matDef=0.001043177565179576 orders=2/4 swaps=0 cRep=2 cRef=0
-- nudge ranks 1+2 by 0.006: depth 159.086330
[    2.3s] rec-nudge-pair12-d0.006-m28: mode=28 exactValid=False contractValid=False depth=None raw=159.08633022733062 parent=159.086 fp= | before Nonep/Noneb after Nonep/Noneb cap=None maxDisp=None moved=None resid=None | no exact-valid pose for piece 28f5a1d1-afd4-46e4-b2b9-f1841386be28-copy-3 within the 161.0
   ~ pairs=2 bnd=0 comp=2 maxComp=2 /7 ej=2 /7 att=True matDef=0.0050431756847793 replaced=0
[    2.6s] rec-nudge-pair12-d0.006-m29: mode=29 exactValid=False contractValid=False depth=None raw=159.08633022733062 parent=159.086 fp= | before Nonep/Noneb after Nonep/Noneb cap=None maxDisp=None moved=None resid=None | no insertion order re-placed the 2 violation components inside the 161.09233 mm bound
   ~ pairs=2 bnd=0 comp=2 maxComp=2 /7 ej=4 /7 att=True matDef=0.0050431756847793 orders=4/4 swaps=2 cRep=0 cRef=2
[    2.3s] rec-nudge-pair12-d0.006-m32: mode=32 exactValid=False contractValid=False depth=None raw=159.08633022733062 parent=159.086 fp= | before Nonep/Noneb after Nonep/Noneb cap=None maxDisp=None moved=None resid=None | no exact-valid pose for piece 28f5a1d1-afd4-46e4-b2b9-f1841386be28-copy-3 within the 161.0
   ~ pairs=2 bnd=0 comp=2 maxComp=2 /7 ej=2 /7 att=True matDef=0.0050431756847793 replaced=0
[    2.3s] rec-nudge-pair12-d0.006-m33: mode=33 exactValid=True contractValid=True depth=159.09 raw=159.08963749731248 parent=159.086 fp=d8a7a95fcd2e6e6e | before Nonep/Noneb after Nonep/Noneb cap=None maxDisp=None moved=None resid=None | 
   ~ pairs=2 bnd=0 comp=2 maxComp=2 /7 ej=4 /7 att=True matDef=0.0050431756847793 orders=2/4 swaps=0 cRep=2 cRef=0
-- nudge ranks 1+2 by 0.02: depth 159.083624
[    2.3s] rec-nudge-pair12-d0.02-m28: mode=28 exactValid=False contractValid=False depth=None raw=159.08362371460316 parent=159.084 fp= | before Nonep/Noneb after Nonep/Noneb cap=None maxDisp=None moved=None resid=None | no exact-valid pose for piece 28f5a1d1-afd4-46e4-b2b9-f1841386be28-copy-3 within the 161.0
   ~ pairs=4 bnd=0 comp=2 maxComp=4 /7 ej=2 /7 att=True matDef=0.019043169103440505 replaced=0
[    2.8s] rec-nudge-pair12-d0.02-m29: mode=29 exactValid=False contractValid=False depth=None raw=159.08362371460316 parent=159.084 fp= | before Nonep/Noneb after Nonep/Noneb cap=None maxDisp=None moved=None resid=None | no insertion order re-placed the 2 violation components inside the 161.09233 mm bound
   ~ pairs=4 bnd=0 comp=2 maxComp=4 /7 ej=6 /7 att=True matDef=0.019043169103440505 orders=26/26 swaps=7 cRep=0 cRef=2
[    2.3s] rec-nudge-pair12-d0.02-m32: mode=32 exactValid=False contractValid=False depth=None raw=159.08362371460316 parent=159.084 fp= | before Nonep/Noneb after Nonep/Noneb cap=None maxDisp=None moved=None resid=None | no exact-valid pose for piece 28f5a1d1-afd4-46e4-b2b9-f1841386be28-copy-3 within the 161.0
   ~ pairs=4 bnd=0 comp=2 maxComp=4 /7 ej=2 /7 att=True matDef=0.019043169103440505 replaced=0
[    4.5s] rec-nudge-pair12-d0.02-m33: mode=33 exactValid=False contractValid=False depth=None raw=159.08362371460316 parent=159.084 fp= | before Nonep/Noneb after Nonep/Noneb cap=None maxDisp=None moved=None resid=None | no insertion order re-placed the 2 violation components inside the 161.09233 mm bound
   ~ pairs=4 bnd=0 comp=2 maxComp=4 /7 ej=6 /7 att=True matDef=0.019043169103440505 orders=25/26 swaps=6 cRep=1 cRef=1
== rec: 64 arms, 4 sub-parent publications
   RECORD {"line": "rec", "perturbation": "flat0.004", "mode": 33, "published": 159.08963749731248, "record": true, "attribution": {}, "failure": null}
   RECORD {"line": "rec", "perturbation": "nudge-r1-d0.006", "mode": 33, "published": 159.08963749731248, "record": true, "attribution": {}, "failure": null}
   RECORD {"line": "rec", "perturbation": "nudge-r1-d0.02", "mode": 33, "published": 159.0859863776172, "record": true, "attribution": {}, "failure": null}
   RECORD {"line": "rec", "perturbation": "nudge-pair12-d0.006", "mode": 33, "published": 159.08963749731248, "record": true, "attribution": {}, "failure": null}
== fs parent raw 164.03856779906783 bound 166.03856779906783
   frontier: 68c5a4cc-cf2@159.038568, d06db288-d2d@159.037568, 28f5a1d1-afd@159.035992, 28f5a1d1-afd@159.033993, 54345eb7-a37@159.033978, d06db288-d2d@159.029486
-- flatten 0.002: depth 164.036568, 2 pieces moved
[    2.7s] fs-flat0.002-m28: mode=28 exactValid=False contractValid=True depth=None raw=164.03656779906783 parent=164.037 fp= | before Nonep/Noneb after Nonep/Noneb cap=None maxDisp=None moved=None resid=None | no exact-valid pose for piece c5135087-12f0-44f9-bd91-4bcf67affd8b-copy-1 within the 166.0
   ~ pairs=3 bnd=0 comp=1 maxComp=4 /7 ej=2 /7 att=True matDef=None replaced=0
[    2.6s] fs-flat0.002-m29: mode=29 exactValid=True contractValid=True depth=164.039 raw=164.03856779906783 parent=164.037 fp=181c28e717ff6ef8 | before Nonep/Noneb after Nonep/Noneb cap=None maxDisp=None moved=None resid=None | 
   ~ pairs=3 bnd=0 comp=1 maxComp=4 /7 ej=4 /7 att=True matDef=None orders=1/24 swaps=0 cRep=1 cRef=0
[    3.0s] fs-flat0.002-m32: mode=32 exactValid=True contractValid=True depth=164.176 raw=164.17556779906784 parent=164.037 fp=f5c37cb7233f849f | before Nonep/Noneb after Nonep/Noneb cap=None maxDisp=None moved=None resid=None | 
   ~ pairs=3 bnd=0 comp=1 maxComp=4 /7 ej=2 /7 att=True matDef=None replaced=2 | acceptedAnchorLocal=1 acceptedAngles=[('c5135087-12f0-44f9-bd91-4bcf67affd8b-copy-1', 9.348799, -0.02, False)] acceptedOrientation=1 acceptedStation=0 acceptedVacated=0 candidates=7888 finalists=4 rows=1409 variants=58
[    3.3s] fs-flat0.002-m33: mode=33 exactValid=True contractValid=True depth=164.039 raw=164.03856779906783 parent=164.037 fp=181c28e717ff6ef8 | before Nonep/Noneb after Nonep/Noneb cap=None maxDisp=None moved=None resid=None | 
   ~ pairs=3 bnd=0 comp=1 maxComp=4 /7 ej=4 /7 att=True matDef=None orders=1/24 swaps=0 cRep=1 cRef=0 | acceptedAnchorLocal=2 acceptedOrientation=0 acceptedStation=0 acceptedVacated=2 candidates=15399 finalists=1 rows=3567 variants=116
-- flatten 0.004: depth 164.034568, 3 pieces moved
[    2.6s] fs-flat0.004-m28: mode=28 exactValid=False contractValid=True depth=None raw=164.03456779906784 parent=164.035 fp= | before Nonep/Noneb after Nonep/Noneb cap=None maxDisp=None moved=None resid=None | no exact-valid pose for piece c5135087-12f0-44f9-bd91-4bcf67affd8b-copy-1 within the 166.0
   ~ pairs=3 bnd=1 comp=2 maxComp=4 /7 ej=2 /7 att=True matDef=None replaced=0
[    2.4s] fs-flat0.004-m29: mode=29 exactValid=True contractValid=True depth=164.041 raw=164.04056779906784 parent=164.035 fp=0cf2d975be44050c | before Nonep/Noneb after Nonep/Noneb cap=None maxDisp=None moved=None resid=None | 
   ~ pairs=3 bnd=1 comp=2 maxComp=4 /7 ej=4 /7 att=True matDef=None orders=4/24 swaps=0 cRep=1 cRef=0
[    2.4s] fs-flat0.004-m32: mode=32 exactValid=True contractValid=True depth=164.122 raw=164.1215677990678 parent=164.035 fp=372df7f540c8d6ec | before Nonep/Noneb after Nonep/Noneb cap=None maxDisp=None moved=None resid=None | 
   ~ pairs=3 bnd=1 comp=2 maxComp=4 /7 ej=2 /7 att=True matDef=None replaced=2 | acceptedAnchorLocal=1 acceptedAngles=[('c5135087-12f0-44f9-bd91-4bcf67affd8b-copy-1', 9.348799, -0.02, False)] acceptedOrientation=1 acceptedStation=0 acceptedVacated=0 candidates=8352 finalists=4 rows=655 variants=58
[    2.5s] fs-flat0.004-m33: mode=33 exactValid=True contractValid=True depth=164.041 raw=164.04056779906784 parent=164.035 fp=0cf2d975be44050c | before Nonep/Noneb after Nonep/Noneb cap=None maxDisp=None moved=None resid=None | 
   ~ pairs=3 bnd=1 comp=2 maxComp=4 /7 ej=4 /7 att=True matDef=None orders=4/24 swaps=0 cRep=1 cRef=0 | acceptedAnchorLocal=7 acceptedOrientation=0 acceptedStation=0 acceptedVacated=5 candidates=58029 finalists=0 rows=10701 variants=435
-- flatten 0.01: depth 164.028568, 6 pieces moved
[    2.3s] fs-flat0.01-m28: mode=28 exactValid=False contractValid=False depth=None raw=164.02856779906784 parent=164.029 fp= | before Nonep/Noneb after Nonep/Noneb cap=None maxDisp=None moved=None resid=None | no exact-valid pose for piece d06db288-d2d6-4f40-874e-98287f516d93-copy-10 within the 166.
   ~ pairs=7 bnd=2 comp=5 maxComp=6 /7 ej=5 /7 att=True matDef=None replaced=3
[    2.5s] fs-flat0.01-m29: mode=29 exactValid=False contractValid=False depth=None raw=164.02856779906784 parent=164.029 fp= | before Nonep/Noneb after Nonep/Noneb cap=None maxDisp=None moved=None resid=None | no insertion order re-placed the 3 violation components inside the 166.038568 mm bound
   ~ pairs=7 bnd=2 comp=5 maxComp=6 /7 ej=10 /7 att=True matDef=None orders=9/10 swaps=15 cRep=2 cRef=1
[    2.3s] fs-flat0.01-m32: mode=32 exactValid=True contractValid=True depth=164.045 raw=164.04458495038523 parent=164.029 fp=a03651e3b4d7b831 | before Nonep/Noneb after Nonep/Noneb cap=None maxDisp=None moved=None resid=None | 
   ~ pairs=7 bnd=2 comp=5 maxComp=6 /7 ej=5 /7 att=True matDef=None replaced=5 | acceptedAnchorLocal=3 acceptedAngles=[('d06db288-d2d6-4f40-874e-98287f516d93-copy-10', 329.273582, 0.02, False)] acceptedOrientation=1 acceptedStation=0 acceptedVacated=1 candidates=19691 finalists=4 rows=828 variants=145
[    4.1s] fs-flat0.01-m33: mode=33 exactValid=False contractValid=False depth=None raw=164.02856779906784 parent=164.029 fp= | before Nonep/Noneb after Nonep/Noneb cap=None maxDisp=None moved=None resid=None | no insertion order re-placed the 3 violation components inside the 166.038568 mm bound
   ~ pairs=7 bnd=2 comp=5 maxComp=6 /7 ej=10 /7 att=True matDef=None orders=9/10 swaps=15 cRep=2 cRef=1 | acceptedAnchorLocal=15 acceptedOrientation=0 acceptedStation=26 acceptedVacated=37 candidates=384714 finalists=17 rows=191531 variants=2900
-- flatten 0.02: depth 164.018568, 7 pieces moved
[    2.6s] fs-flat0.02-m28: mode=28 exactValid=False contractValid=False depth=None raw=164.01856779906785 parent=164.019 fp= | before Nonep/Noneb after Nonep/Noneb cap=None maxDisp=None moved=None resid=None | no exact-valid pose for piece 68c5a4cc-cf24-447c-ad54-974a021198a8-copy-1 within the 166.0
   ~ pairs=8 bnd=2 comp=5 maxComp=7 /7 ej=6 /7 att=True matDef=None replaced=1
[    2.8s] fs-flat0.02-m29: mode=29 exactValid=False contractValid=False depth=None raw=164.01856779906785 parent=164.019 fp= | before Nonep/Noneb after Nonep/Noneb cap=None maxDisp=None moved=None resid=None | no insertion order re-placed the 3 violation components inside the 166.038568 mm bound
   ~ pairs=8 bnd=2 comp=5 maxComp=7 /7 ej=11 /7 att=True matDef=None orders=10/11 swaps=21 cRep=2 cRef=1
[    2.6s] fs-flat0.02-m32: mode=32 exactValid=True contractValid=True depth=164.052 raw=164.0515677990678 parent=164.019 fp=ead2413bbedd13bb | before Nonep/Noneb after Nonep/Noneb cap=None maxDisp=None moved=None resid=None | 
   ~ pairs=8 bnd=2 comp=5 maxComp=7 /7 ej=6 /7 att=True matDef=None replaced=6 | acceptedAnchorLocal=3 acceptedAngles=[('68c5a4cc-cf24-447c-ad54-974a021198a8-copy-1', 27.868117, -0.02, False), ('d06db288-d2d6-4f40-874e-98287f516d93-copy-10', 329.566082, 0.3125, False)] acceptedOrientation=2 acceptedStation=0 acceptedVacated=1 candidates=23606 finalists=8 rows=2665 variants=174
[    4.4s] fs-flat0.02-m33: mode=33 exactValid=False contractValid=False depth=None raw=164.01856779906785 parent=164.019 fp= | before Nonep/Noneb after Nonep/Noneb cap=None maxDisp=None moved=None resid=None | no insertion order re-placed the 3 violation components inside the 166.038568 mm bound
   ~ pairs=8 bnd=2 comp=5 maxComp=7 /7 ej=11 /7 att=True matDef=None orders=10/11 swaps=21 cRep=2 cRef=1 | acceptedAnchorLocal=19 acceptedOrientation=0 acceptedStation=22 acceptedVacated=52 candidates=484416 finalists=21 rows=206456 variants=3538
-- nudge rank 1 (68c5a4cc-cf2) by 0.002: depth 164.037568
[    2.6s] fs-nudge-r1-d0.002-m28: mode=28 exactValid=True contractValid=True depth=164.042 raw=164.04156779906782 parent=164.038 fp=2ab564421613bf42 | before Nonep/Noneb after Nonep/Noneb cap=None maxDisp=None moved=None resid=None | 
   ~ pairs=2 bnd=0 comp=1 maxComp=3 /7 ej=1 /7 att=True matDef=None replaced=1
[    2.6s] fs-nudge-r1-d0.002-m29: mode=29 exactValid=True contractValid=True depth=164.039 raw=164.03856779906783 parent=164.038 fp=181c28e717ff6ef8 | before Nonep/Noneb after Nonep/Noneb cap=None maxDisp=None moved=None resid=None | 
   ~ pairs=2 bnd=0 comp=1 maxComp=3 /7 ej=3 /7 att=True matDef=None orders=1/6 swaps=0 cRep=1 cRef=0
[    2.6s] fs-nudge-r1-d0.002-m32: mode=32 exactValid=True contractValid=True depth=164.042 raw=164.04156779906782 parent=164.038 fp=2ab564421613bf42 | before Nonep/Noneb after Nonep/Noneb cap=None maxDisp=None moved=None resid=None | 
   ~ pairs=2 bnd=0 comp=1 maxComp=3 /7 ej=1 /7 att=True matDef=None replaced=1 | acceptedAnchorLocal=1 acceptedOrientation=0 acceptedStation=0 acceptedVacated=0 candidates=3915 finalists=0 rows=0 variants=29
[    2.7s] fs-nudge-r1-d0.002-m33: mode=33 exactValid=True contractValid=True depth=164.039 raw=164.03856779906783 parent=164.038 fp=181c28e717ff6ef8 | before Nonep/Noneb after Nonep/Noneb cap=None maxDisp=None moved=None resid=None | 
   ~ pairs=2 bnd=0 comp=1 maxComp=3 /7 ej=3 /7 att=True matDef=None orders=1/6 swaps=0 cRep=1 cRef=0 | acceptedAnchorLocal=1 acceptedOrientation=0 acceptedStation=0 acceptedVacated=2 candidates=11281 finalists=1 rows=3538 variants=87
-- nudge rank 1 (68c5a4cc-cf2) by 0.006: depth 164.037568
[    2.7s] fs-nudge-r1-d0.006-m28: mode=28 exactValid=True contractValid=True depth=164.042 raw=164.04156779906782 parent=164.038 fp=2ab564421613bf42 | before Nonep/Noneb after Nonep/Noneb cap=None maxDisp=None moved=None resid=None | 
   ~ pairs=2 bnd=0 comp=1 maxComp=3 /7 ej=1 /7 att=True matDef=None replaced=1
[    2.7s] fs-nudge-r1-d0.006-m29: mode=29 exactValid=True contractValid=True depth=164.041 raw=164.04056779906784 parent=164.038 fp=afed98eb93e67a2c | before Nonep/Noneb after Nonep/Noneb cap=None maxDisp=None moved=None resid=None | 
   ~ pairs=2 bnd=0 comp=1 maxComp=3 /7 ej=3 /7 att=True matDef=None orders=2/6 swaps=0 cRep=1 cRef=0
[    2.7s] fs-nudge-r1-d0.006-m32: mode=32 exactValid=True contractValid=True depth=164.042 raw=164.04156779906782 parent=164.038 fp=2ab564421613bf42 | before Nonep/Noneb after Nonep/Noneb cap=None maxDisp=None moved=None resid=None | 
   ~ pairs=2 bnd=0 comp=1 maxComp=3 /7 ej=1 /7 att=True matDef=None replaced=1 | acceptedAnchorLocal=1 acceptedOrientation=0 acceptedStation=0 acceptedVacated=0 candidates=3915 finalists=0 rows=0 variants=29
[    3.1s] fs-nudge-r1-d0.006-m33: mode=33 exactValid=True contractValid=True depth=164.041 raw=164.04056779906784 parent=164.038 fp=afed98eb93e67a2c | before Nonep/Noneb after Nonep/Noneb cap=None maxDisp=None moved=None resid=None | 
   ~ pairs=2 bnd=0 comp=1 maxComp=3 /7 ej=3 /7 att=True matDef=None orders=2/6 swaps=0 cRep=1 cRef=0 | acceptedAnchorLocal=2 acceptedOrientation=0 acceptedStation=0 acceptedVacated=3 candidates=22562 finalists=6 rows=3862 variants=174
-- nudge rank 1 (68c5a4cc-cf2) by 0.02: depth 164.037568
[    2.7s] fs-nudge-r1-d0.02-m28: mode=28 exactValid=True contractValid=True depth=164.042 raw=164.04156779906782 parent=164.038 fp=2ab564421613bf42 | before Nonep/Noneb after Nonep/Noneb cap=None maxDisp=None moved=None resid=None | 
   ~ pairs=3 bnd=0 comp=1 maxComp=4 /7 ej=1 /7 att=True matDef=None replaced=1
[    3.8s] fs-nudge-r1-d0.02-m29: mode=29 exactValid=True contractValid=True depth=164.053 raw=164.05256779906784 parent=164.038 fp=0c17c4ab4fa042b4 | before Nonep/Noneb after Nonep/Noneb cap=None maxDisp=None moved=None resid=None | 
   ~ pairs=3 bnd=0 comp=1 maxComp=4 /7 ej=4 /7 att=True matDef=None orders=1/24 swaps=0 cRep=1 cRef=0
[    2.7s] fs-nudge-r1-d0.02-m32: mode=32 exactValid=True contractValid=True depth=164.042 raw=164.04156779906782 parent=164.038 fp=2ab564421613bf42 | before Nonep/Noneb after Nonep/Noneb cap=None maxDisp=None moved=None resid=None | 
   ~ pairs=3 bnd=0 comp=1 maxComp=4 /7 ej=1 /7 att=True matDef=None replaced=1 | acceptedAnchorLocal=1 acceptedOrientation=0 acceptedStation=0 acceptedVacated=0 candidates=4118 finalists=0 rows=0 variants=29
[    2.6s] fs-nudge-r1-d0.02-m33: mode=33 exactValid=True contractValid=True depth=164.053 raw=164.05256779906784 parent=164.038 fp=0c17c4ab4fa042b4 | before Nonep/Noneb after Nonep/Noneb cap=None maxDisp=None moved=None resid=None | 
   ~ pairs=3 bnd=0 comp=1 maxComp=4 /7 ej=4 /7 att=True matDef=None orders=1/24 swaps=0 cRep=1 cRef=0 | acceptedAnchorLocal=1 acceptedOrientation=0 acceptedStation=0 acceptedVacated=3 candidates=15138 finalists=5 rows=510 variants=116
-- nudge rank 2 (d06db288-d2d) by 0.002: depth 164.038568
[    2.4s] fs-nudge-r2-d0.002-m28: mode=28 exactValid=False contractValid=True depth=None raw=164.03856779906783 parent=164.039 fp= | before Nonep/Noneb after Nonep/Noneb cap=None maxDisp=None moved=None resid=None | no exact-valid pose for piece c5135087-12f0-44f9-bd91-4bcf67affd8b-copy-1 within the 166.0
   ~ pairs=1 bnd=0 comp=1 maxComp=2 /7 ej=1 /7 att=True matDef=None replaced=0
[    2.8s] fs-nudge-r2-d0.002-m29: mode=29 exactValid=True contractValid=True depth=164.039 raw=164.03856779906783 parent=164.039 fp=8e56054dee89574f | before Nonep/Noneb after Nonep/Noneb cap=None maxDisp=None moved=None resid=None | 
   ~ pairs=1 bnd=0 comp=1 maxComp=2 /7 ej=2 /7 att=True matDef=None orders=1/2 swaps=0 cRep=1 cRef=0
[    2.7s] fs-nudge-r2-d0.002-m32: mode=32 exactValid=False contractValid=True depth=None raw=164.03856779906783 parent=164.039 fp= | before Nonep/Noneb after Nonep/Noneb cap=None maxDisp=None moved=None resid=None | no exact-valid pose for piece c5135087-12f0-44f9-bd91-4bcf67affd8b-copy-1 within the 166.0
   ~ pairs=1 bnd=0 comp=1 maxComp=2 /7 ej=1 /7 att=True matDef=None replaced=0 | acceptedAnchorLocal=0 acceptedOrientation=0 acceptedStation=0 acceptedVacated=0 candidates=3828 finalists=0 rows=3828 variants=29
[    2.6s] fs-nudge-r2-d0.002-m33: mode=33 exactValid=True contractValid=True depth=164.039 raw=164.03856779906783 parent=164.039 fp=8e56054dee89574f | before Nonep/Noneb after Nonep/Noneb cap=None maxDisp=None moved=None resid=None | 
   ~ pairs=1 bnd=0 comp=1 maxComp=2 /7 ej=2 /7 att=True matDef=None orders=1/2 swaps=0 cRep=1 cRef=0 | acceptedAnchorLocal=1 acceptedOrientation=0 acceptedStation=0 acceptedVacated=1 candidates=7337 finalists=0 rows=0 variants=58
-- nudge rank 2 (d06db288-d2d) by 0.006: depth 164.038568
[    2.6s] fs-nudge-r2-d0.006-m28: mode=28 exactValid=False contractValid=True depth=None raw=164.03856779906783 parent=164.039 fp= | before Nonep/Noneb after Nonep/Noneb cap=None maxDisp=None moved=None resid=None | no exact-valid pose for piece c5135087-12f0-44f9-bd91-4bcf67affd8b-copy-1 within the 166.0
   ~ pairs=1 bnd=0 comp=1 maxComp=2 /7 ej=1 /7 att=True matDef=None replaced=0
[    2.4s] fs-nudge-r2-d0.006-m29: mode=29 exactValid=True contractValid=True depth=164.039 raw=164.03856779906783 parent=164.039 fp=4f60896442888cdf | before Nonep/Noneb after Nonep/Noneb cap=None maxDisp=None moved=None resid=None | 
   ~ pairs=1 bnd=0 comp=1 maxComp=2 /7 ej=2 /7 att=True matDef=None orders=1/2 swaps=0 cRep=1 cRef=0
[    2.7s] fs-nudge-r2-d0.006-m32: mode=32 exactValid=False contractValid=True depth=None raw=164.03856779906783 parent=164.039 fp= | before Nonep/Noneb after Nonep/Noneb cap=None maxDisp=None moved=None resid=None | no exact-valid pose for piece c5135087-12f0-44f9-bd91-4bcf67affd8b-copy-1 within the 166.0
   ~ pairs=1 bnd=0 comp=1 maxComp=2 /7 ej=1 /7 att=True matDef=None replaced=0 | acceptedAnchorLocal=0 acceptedOrientation=0 acceptedStation=0 acceptedVacated=0 candidates=3770 finalists=0 rows=3770 variants=29
[    2.6s] fs-nudge-r2-d0.006-m33: mode=33 exactValid=True contractValid=True depth=164.039 raw=164.03856779906783 parent=164.039 fp=4f60896442888cdf | before Nonep/Noneb after Nonep/Noneb cap=None maxDisp=None moved=None resid=None | 
   ~ pairs=1 bnd=0 comp=1 maxComp=2 /7 ej=2 /7 att=True matDef=None orders=1/2 swaps=0 cRep=1 cRef=0 | acceptedAnchorLocal=1 acceptedOrientation=0 acceptedStation=0 acceptedVacated=1 candidates=7337 finalists=0 rows=0 variants=58
-- nudge rank 2 (d06db288-d2d) by 0.02: depth 164.038568
[    2.8s] fs-nudge-r2-d0.02-m28: mode=28 exactValid=True contractValid=True depth=164.04 raw=164.03958495038523 parent=164.039 fp=99139f9bc3f0f4ea | before Nonep/Noneb after Nonep/Noneb cap=None maxDisp=None moved=None resid=None | 
   ~ pairs=2 bnd=0 comp=1 maxComp=3 /7 ej=1 /7 att=True matDef=None replaced=1
[    2.9s] fs-nudge-r2-d0.02-m29: mode=29 exactValid=False contractValid=True depth=None raw=164.03856779906783 parent=164.039 fp= | before Nonep/Noneb after Nonep/Noneb cap=None maxDisp=None moved=None resid=None | no insertion order re-placed the 1 violation components inside the 166.038568 mm bound
   ~ pairs=2 bnd=0 comp=1 maxComp=3 /7 ej=3 /7 att=True matDef=None orders=6/6 swaps=3 cRep=0 cRef=1
[    2.7s] fs-nudge-r2-d0.02-m32: mode=32 exactValid=True contractValid=True depth=164.04 raw=164.03958495038523 parent=164.039 fp=99139f9bc3f0f4ea | before Nonep/Noneb after Nonep/Noneb cap=None maxDisp=None moved=None resid=None | 
   ~ pairs=2 bnd=0 comp=1 maxComp=3 /7 ej=1 /7 att=True matDef=None replaced=1 | acceptedAnchorLocal=1 acceptedOrientation=0 acceptedStation=0 acceptedVacated=0 candidates=4118 finalists=0 rows=0 variants=29
[    4.8s] fs-nudge-r2-d0.02-m33: mode=33 exactValid=False contractValid=True depth=None raw=164.03856779906783 parent=164.039 fp= | before Nonep/Noneb after Nonep/Noneb cap=None maxDisp=None moved=None resid=None | no insertion order re-placed the 1 violation components inside the 166.038568 mm bound
   ~ pairs=2 bnd=0 comp=1 maxComp=3 /7 ej=3 /7 att=True matDef=None orders=6/6 swaps=3 cRep=0 cRef=1 | acceptedAnchorLocal=97 acceptedOrientation=0 acceptedStation=2 acceptedVacated=39 candidates=793962 finalists=0 rows=290522 variants=6090
-- nudge rank 3 (28f5a1d1-afd) by 0.002: depth 164.038568
[    2.7s] fs-nudge-r3-d0.002-m28: mode=28 exactValid=False contractValid=True depth=None raw=164.03856779906783 parent=164.039 fp= | before Nonep/Noneb after Nonep/Noneb cap=None maxDisp=None moved=None resid=None | no violating pair to target with a re-placement
   ~ pairs=0 bnd=1 comp=1 maxComp=1 /7 ej=0 /7 att=False matDef=None replaced=0 | skip=no violating pair to target with a re-placement
[    2.6s] fs-nudge-r3-d0.002-m29: mode=29 exactValid=False contractValid=True depth=None raw=164.03856779906783 parent=164.039 fp= | before Nonep/Noneb after Nonep/Noneb cap=None maxDisp=None moved=None resid=None | no violating pair to target with a joint re-placement
   ~ pairs=0 bnd=1 comp=1 maxComp=1 /7 ej=0 /7 att=False matDef=None orders=0/0 swaps=0 cRep=0 cRef=0 | skip=no violating pair to target with a joint re-placement
[    2.5s] fs-nudge-r3-d0.002-m32: mode=32 exactValid=False contractValid=True depth=None raw=164.03856779906783 parent=164.039 fp= | before Nonep/Noneb after Nonep/Noneb cap=None maxDisp=None moved=None resid=None | no violating pair to target with a re-placement
   ~ pairs=0 bnd=1 comp=1 maxComp=1 /7 ej=0 /7 att=False matDef=None replaced=0 | skip=no violating pair to target with a re-placement
[    2.3s] fs-nudge-r3-d0.002-m33: mode=33 exactValid=False contractValid=True depth=None raw=164.03856779906783 parent=164.039 fp= | before Nonep/Noneb after Nonep/Noneb cap=None maxDisp=None moved=None resid=None | no violating pair to target with a joint re-placement
   ~ pairs=0 bnd=1 comp=1 maxComp=1 /7 ej=0 /7 att=False matDef=None orders=0/0 swaps=0 cRep=0 cRef=0 | skip=no violating pair to target with a joint re-placement
-- nudge rank 3 (28f5a1d1-afd) by 0.006: depth 164.038568
[    2.6s] fs-nudge-r3-d0.006-m28: mode=28 exactValid=False contractValid=False depth=None raw=164.03856779906783 parent=164.039 fp= | before Nonep/Noneb after Nonep/Noneb cap=None maxDisp=None moved=None resid=None | no violating pair to target with a re-placement
   ~ pairs=0 bnd=1 comp=1 maxComp=1 /7 ej=0 /7 att=False matDef=None replaced=0 | skip=no violating pair to target with a re-placement
[    2.8s] fs-nudge-r3-d0.006-m29: mode=29 exactValid=False contractValid=False depth=None raw=164.03856779906783 parent=164.039 fp= | before Nonep/Noneb after Nonep/Noneb cap=None maxDisp=None moved=None resid=None | no violating pair to target with a joint re-placement
   ~ pairs=0 bnd=1 comp=1 maxComp=1 /7 ej=0 /7 att=False matDef=None orders=0/0 swaps=0 cRep=0 cRef=0 | skip=no violating pair to target with a joint re-placement
[    2.6s] fs-nudge-r3-d0.006-m32: mode=32 exactValid=False contractValid=False depth=None raw=164.03856779906783 parent=164.039 fp= | before Nonep/Noneb after Nonep/Noneb cap=None maxDisp=None moved=None resid=None | no violating pair to target with a re-placement
   ~ pairs=0 bnd=1 comp=1 maxComp=1 /7 ej=0 /7 att=False matDef=None replaced=0 | skip=no violating pair to target with a re-placement
[    2.7s] fs-nudge-r3-d0.006-m33: mode=33 exactValid=False contractValid=False depth=None raw=164.03856779906783 parent=164.039 fp= | before Nonep/Noneb after Nonep/Noneb cap=None maxDisp=None moved=None resid=None | no violating pair to target with a joint re-placement
   ~ pairs=0 bnd=1 comp=1 maxComp=1 /7 ej=0 /7 att=False matDef=None orders=0/0 swaps=0 cRep=0 cRef=0 | skip=no violating pair to target with a joint re-placement
-- nudge rank 3 (28f5a1d1-afd) by 0.02: depth 164.038568
[    2.7s] fs-nudge-r3-d0.02-m28: mode=28 exactValid=False contractValid=False depth=None raw=164.03856779906783 parent=164.039 fp= | before Nonep/Noneb after Nonep/Noneb cap=None maxDisp=None moved=None resid=None | no violating pair to target with a re-placement
   ~ pairs=0 bnd=1 comp=1 maxComp=1 /7 ej=0 /7 att=False matDef=None replaced=0 | skip=no violating pair to target with a re-placement
[    2.5s] fs-nudge-r3-d0.02-m29: mode=29 exactValid=False contractValid=False depth=None raw=164.03856779906783 parent=164.039 fp= | before Nonep/Noneb after Nonep/Noneb cap=None maxDisp=None moved=None resid=None | no violating pair to target with a joint re-placement
   ~ pairs=0 bnd=1 comp=1 maxComp=1 /7 ej=0 /7 att=False matDef=None orders=0/0 swaps=0 cRep=0 cRef=0 | skip=no violating pair to target with a joint re-placement
[    2.6s] fs-nudge-r3-d0.02-m32: mode=32 exactValid=False contractValid=False depth=None raw=164.03856779906783 parent=164.039 fp= | before Nonep/Noneb after Nonep/Noneb cap=None maxDisp=None moved=None resid=None | no violating pair to target with a re-placement
   ~ pairs=0 bnd=1 comp=1 maxComp=1 /7 ej=0 /7 att=False matDef=None replaced=0 | skip=no violating pair to target with a re-placement
[    2.7s] fs-nudge-r3-d0.02-m33: mode=33 exactValid=False contractValid=False depth=None raw=164.03856779906783 parent=164.039 fp= | before Nonep/Noneb after Nonep/Noneb cap=None maxDisp=None moved=None resid=None | no violating pair to target with a joint re-placement
   ~ pairs=0 bnd=1 comp=1 maxComp=1 /7 ej=0 /7 att=False matDef=None orders=0/0 swaps=0 cRep=0 cRef=0 | skip=no violating pair to target with a joint re-placement
-- nudge ranks 1+2 by 0.002: depth 164.036568
[    2.5s] fs-nudge-pair12-d0.002-m28: mode=28 exactValid=False contractValid=True depth=None raw=164.03656779906783 parent=164.037 fp= | before Nonep/Noneb after Nonep/Noneb cap=None maxDisp=None moved=None resid=None | no exact-valid pose for piece c5135087-12f0-44f9-bd91-4bcf67affd8b-copy-1 within the 166.0
   ~ pairs=3 bnd=0 comp=1 maxComp=4 /7 ej=2 /7 att=True matDef=None replaced=0
[    2.8s] fs-nudge-pair12-d0.002-m29: mode=29 exactValid=True contractValid=True depth=164.039 raw=164.03856779906783 parent=164.037 fp=181c28e717ff6ef8 | before Nonep/Noneb after Nonep/Noneb cap=None maxDisp=None moved=None resid=None | 
   ~ pairs=3 bnd=0 comp=1 maxComp=4 /7 ej=4 /7 att=True matDef=None orders=1/24 swaps=0 cRep=1 cRef=0
[    2.7s] fs-nudge-pair12-d0.002-m32: mode=32 exactValid=True contractValid=True depth=164.176 raw=164.17556779906784 parent=164.037 fp=16c81812c70e13c5 | before Nonep/Noneb after Nonep/Noneb cap=None maxDisp=None moved=None resid=None | 
   ~ pairs=3 bnd=0 comp=1 maxComp=4 /7 ej=2 /7 att=True matDef=None replaced=2 | acceptedAnchorLocal=1 acceptedAngles=[('c5135087-12f0-44f9-bd91-4bcf67affd8b-copy-1', 9.348799, -0.02, False)] acceptedOrientation=1 acceptedStation=0 acceptedVacated=0 candidates=8091 finalists=4 rows=945 variants=58
[    2.8s] fs-nudge-pair12-d0.002-m33: mode=33 exactValid=True contractValid=True depth=164.039 raw=164.03856779906783 parent=164.037 fp=181c28e717ff6ef8 | before Nonep/Noneb after Nonep/Noneb cap=None maxDisp=None moved=None resid=None | 
   ~ pairs=3 bnd=0 comp=1 maxComp=4 /7 ej=4 /7 att=True matDef=None orders=1/24 swaps=0 cRep=1 cRef=0 | acceptedAnchorLocal=2 acceptedOrientation=0 acceptedStation=0 acceptedVacated=2 candidates=15399 finalists=1 rows=3567 variants=116
-- nudge ranks 1+2 by 0.006: depth 164.035992
[    2.9s] fs-nudge-pair12-d0.006-m28: mode=28 exactValid=False contractValid=True depth=None raw=164.0359918302575 parent=164.036 fp= | before Nonep/Noneb after Nonep/Noneb cap=None maxDisp=None moved=None resid=None | no exact-valid pose for piece c5135087-12f0-44f9-bd91-4bcf67affd8b-copy-1 within the 166.0
   ~ pairs=3 bnd=0 comp=1 maxComp=4 /7 ej=2 /7 att=True matDef=None replaced=0
[    2.7s] fs-nudge-pair12-d0.006-m29: mode=29 exactValid=True contractValid=True depth=164.043 raw=164.0425677990678 parent=164.036 fp=e67d662f7c6191c6 | before Nonep/Noneb after Nonep/Noneb cap=None maxDisp=None moved=None resid=None | 
   ~ pairs=3 bnd=0 comp=1 maxComp=4 /7 ej=4 /7 att=True matDef=None orders=4/24 swaps=0 cRep=1 cRef=0
[    2.6s] fs-nudge-pair12-d0.006-m32: mode=32 exactValid=True contractValid=True depth=164.136 raw=164.13556779906781 parent=164.036 fp=c52e49dc06b3ff78 | before Nonep/Noneb after Nonep/Noneb cap=None maxDisp=None moved=None resid=None | 
   ~ pairs=3 bnd=0 comp=1 maxComp=4 /7 ej=2 /7 att=True matDef=None replaced=2 | acceptedAnchorLocal=1 acceptedAngles=[('c5135087-12f0-44f9-bd91-4bcf67affd8b-copy-1', 9.348799, -0.02, False)] acceptedOrientation=1 acceptedStation=0 acceptedVacated=0 candidates=8323 finalists=4 rows=394 variants=58
[    2.9s] fs-nudge-pair12-d0.006-m33: mode=33 exactValid=True contractValid=True depth=164.043 raw=164.0425677990678 parent=164.036 fp=e67d662f7c6191c6 | before Nonep/Noneb after Nonep/Noneb cap=None maxDisp=None moved=None resid=None | 
   ~ pairs=3 bnd=0 comp=1 maxComp=4 /7 ej=4 /7 att=True matDef=None orders=4/24 swaps=0 cRep=1 cRef=0 | acceptedAnchorLocal=7 acceptedOrientation=0 acceptedStation=0 acceptedVacated=5 candidates=58029 finalists=0 rows=10701 variants=435
-- nudge ranks 1+2 by 0.02: depth 164.035992
[    3.2s] fs-nudge-pair12-d0.02-m28: mode=28 exactValid=True contractValid=True depth=164.055 raw=164.0545677990678 parent=164.036 fp=c9291e828da529f6 | before Nonep/Noneb after Nonep/Noneb cap=None maxDisp=None moved=None resid=None | 
   ~ pairs=5 bnd=0 comp=1 maxComp=6 /7 ej=3 /7 att=True matDef=None replaced=3
[    3.0s] fs-nudge-pair12-d0.02-m29: mode=29 exactValid=False contractValid=True depth=None raw=164.0359918302575 parent=164.036 fp= | before Nonep/Noneb after Nonep/Noneb cap=None maxDisp=None moved=None resid=None | no insertion order re-placed the 1 violation components inside the 166.038568 mm bound
   ~ pairs=5 bnd=0 comp=1 maxComp=6 /7 ej=6 /7 att=True matDef=None orders=6/6 swaps=15 cRep=0 cRef=1
[    2.7s] fs-nudge-pair12-d0.02-m32: mode=32 exactValid=True contractValid=True depth=164.055 raw=164.0545677990678 parent=164.036 fp=c9291e828da529f6 | before Nonep/Noneb after Nonep/Noneb cap=None maxDisp=None moved=None resid=None | 
   ~ pairs=5 bnd=0 comp=1 maxComp=6 /7 ej=3 /7 att=True matDef=None replaced=3 | acceptedAnchorLocal=2 acceptedOrientation=0 acceptedStation=0 acceptedVacated=1 candidates=12644 finalists=0 rows=0 variants=87
[    3.8s] fs-nudge-pair12-d0.02-m33: mode=33 exactValid=False contractValid=True depth=None raw=164.0359918302575 parent=164.036 fp= | before Nonep/Noneb after Nonep/Noneb cap=None maxDisp=None moved=None resid=None | no insertion order re-placed the 1 violation components inside the 166.038568 mm bound
   ~ pairs=5 bnd=0 comp=1 maxComp=6 /7 ej=6 /7 att=True matDef=None orders=6/6 swaps=15 cRep=0 cRef=1 | acceptedAnchorLocal=11 acceptedOrientation=0 acceptedStation=22 acceptedVacated=34 candidates=344027 finalists=18 rows=170783 variants=2552
== fs: 64 arms, 0 sub-parent publications
