== 28 pads, incumbent raw 164.03856779906783
[    3.5s] pad164.038568-181c28e7-f0.002-m33: mode=33 exactValid=True contractValid=True depth=164.039 raw=164.03856779906783 parent=164.037 fp=181c28e717ff6ef8 | before Nonep/Noneb after Nonep/Noneb cap=None maxDisp=None moved=None resid=None | 
   ~ pairs=3 bnd=0 comp=1 maxComp=4 /7 ej=4 /7 att=True matDef=None orders=4/24 swaps=0 cRep=1 cRef=0 | acceptedAnchorLocal=7 acceptedOrientation=0 acceptedStation=0 acceptedVacated=5 candidates=58029 finalists=0 rows=10701 variants=435
[    3.8s] pad164.038568-181c28e7-f0.002-m32: mode=32 exactValid=True contractValid=True depth=164.176 raw=164.17556779906784 parent=164.037 fp=41c585f9adf29a06 | before Nonep/Noneb after Nonep/Noneb cap=None maxDisp=None moved=None resid=None | 
   ~ pairs=3 bnd=0 comp=1 maxComp=4 /7 ej=2 /7 att=True matDef=None replaced=2 | acceptedAnchorLocal=1 acceptedAngles=[('c5135087-12f0-44f9-bd91-4bcf67affd8b-copy-1', 9.348799, -0.02, False)] acceptedOrientation=1 acceptedStation=0 acceptedVacated=0 candidates=7888 finalists=4 rows=1409 variants=58
[    3.4s] pad164.038568-181c28e7-f0.002-m29: mode=29 exactValid=True contractValid=True depth=164.039 raw=164.03856779906783 parent=164.037 fp=181c28e717ff6ef8 | before Nonep/Noneb after Nonep/Noneb cap=None maxDisp=None moved=None resid=None | 
   ~ pairs=3 bnd=0 comp=1 maxComp=4 /7 ej=4 /7 att=True matDef=None orders=4/24 swaps=0 cRep=1 cRef=0
[    3.3s] pad164.038568-181c28e7-f0.002-m28: mode=28 exactValid=False contractValid=True depth=None raw=164.03656779906783 parent=164.037 fp= | before Nonep/Noneb after Nonep/Noneb cap=None maxDisp=None moved=None resid=None | no exact-valid pose for piece c5135087-12f0-44f9-bd91-4bcf67affd8b-copy-1 within the 166.0
   ~ pairs=3 bnd=0 comp=1 maxComp=4 /7 ej=2 /7 att=True matDef=None replaced=0
[    3.6s] pad164.038568-181c28e7-f0.004-m33: mode=33 exactValid=True contractValid=True depth=164.041 raw=164.04056779906784 parent=164.035 fp=10c49465dcb4e4cb | before Nonep/Noneb after Nonep/Noneb cap=None maxDisp=None moved=None resid=None | 
   ~ pairs=3 bnd=1 comp=2 maxComp=4 /7 ej=4 /7 att=True matDef=None orders=4/24 swaps=0 cRep=1 cRef=0 | acceptedAnchorLocal=7 acceptedOrientation=0 acceptedStation=0 acceptedVacated=5 candidates=58029 finalists=0 rows=10701 variants=435
[    3.6s] pad164.038568-181c28e7-f0.004-m32: mode=32 exactValid=True contractValid=True depth=164.138 raw=164.13756779906782 parent=164.035 fp=d2ce276248862608 | before Nonep/Noneb after Nonep/Noneb cap=None maxDisp=None moved=None resid=None | 
   ~ pairs=3 bnd=1 comp=2 maxComp=4 /7 ej=2 /7 att=True matDef=None replaced=2 | acceptedAnchorLocal=1 acceptedAngles=[('c5135087-12f0-44f9-bd91-4bcf67affd8b-copy-1', 9.348799, -0.02, False)] acceptedOrientation=1 acceptedStation=0 acceptedVacated=0 candidates=8352 finalists=4 rows=655 variants=58
[    3.5s] pad164.038568-181c28e7-f0.004-m29: mode=29 exactValid=True contractValid=True depth=164.041 raw=164.04056779906784 parent=164.035 fp=10c49465dcb4e4cb | before Nonep/Noneb after Nonep/Noneb cap=None maxDisp=None moved=None resid=None | 
   ~ pairs=3 bnd=1 comp=2 maxComp=4 /7 ej=4 /7 att=True matDef=None orders=4/24 swaps=0 cRep=1 cRef=0
[    3.3s] pad164.038568-181c28e7-f0.004-m28: mode=28 exactValid=False contractValid=True depth=None raw=164.03456779906784 parent=164.035 fp= | before Nonep/Noneb after Nonep/Noneb cap=None maxDisp=None moved=None resid=None | no exact-valid pose for piece c5135087-12f0-44f9-bd91-4bcf67affd8b-copy-1 within the 166.0
   ~ pairs=3 bnd=1 comp=2 maxComp=4 /7 ej=2 /7 att=True matDef=None replaced=0
[    3.2s] pad164.038568-8e56054d-f0.002-m33: mode=33 exactValid=True contractValid=True depth=164.039 raw=164.03856779906783 parent=164.037 fp=181c28e717ff6ef8 | before Nonep/Noneb after Nonep/Noneb cap=None maxDisp=None moved=None resid=None | 
   ~ pairs=3 bnd=0 comp=1 maxComp=4 /7 ej=4 /7 att=True matDef=None orders=1/24 swaps=0 cRep=1 cRef=0 | acceptedAnchorLocal=2 acceptedOrientation=0 acceptedStation=0 acceptedVacated=2 candidates=15399 finalists=1 rows=3567 variants=116
[    3.5s] pad164.038568-8e56054d-f0.002-m32: mode=32 exactValid=True contractValid=True depth=164.176 raw=164.17556779906784 parent=164.037 fp=f5c37cb7233f849f | before Nonep/Noneb after Nonep/Noneb cap=None maxDisp=None moved=None resid=None | 
   ~ pairs=3 bnd=0 comp=1 maxComp=4 /7 ej=2 /7 att=True matDef=None replaced=2 | acceptedAnchorLocal=1 acceptedAngles=[('c5135087-12f0-44f9-bd91-4bcf67affd8b-copy-1', 9.348799, -0.02, False)] acceptedOrientation=1 acceptedStation=0 acceptedVacated=0 candidates=7888 finalists=4 rows=1409 variants=58
[    3.5s] pad164.038568-8e56054d-f0.002-m29: mode=29 exactValid=True contractValid=True depth=164.039 raw=164.03856779906783 parent=164.037 fp=181c28e717ff6ef8 | before Nonep/Noneb after Nonep/Noneb cap=None maxDisp=None moved=None resid=None | 
   ~ pairs=3 bnd=0 comp=1 maxComp=4 /7 ej=4 /7 att=True matDef=None orders=1/24 swaps=0 cRep=1 cRef=0
[    3.2s] pad164.038568-8e56054d-f0.002-m28: mode=28 exactValid=False contractValid=True depth=None raw=164.03656779906783 parent=164.037 fp= | before Nonep/Noneb after Nonep/Noneb cap=None maxDisp=None moved=None resid=None | no exact-valid pose for piece c5135087-12f0-44f9-bd91-4bcf67affd8b-copy-1 within the 166.0
   ~ pairs=3 bnd=0 comp=1 maxComp=4 /7 ej=2 /7 att=True matDef=None replaced=0
[    3.3s] pad164.038568-8e56054d-f0.004-m33: mode=33 exactValid=True contractValid=True depth=164.041 raw=164.04056779906784 parent=164.035 fp=0cf2d975be44050c | before Nonep/Noneb after Nonep/Noneb cap=None maxDisp=None moved=None resid=None | 
   ~ pairs=3 bnd=1 comp=2 maxComp=4 /7 ej=4 /7 att=True matDef=None orders=4/24 swaps=0 cRep=1 cRef=0 | acceptedAnchorLocal=7 acceptedOrientation=0 acceptedStation=0 acceptedVacated=5 candidates=58029 finalists=0 rows=10701 variants=435
[    3.2s] pad164.038568-8e56054d-f0.004-m32: mode=32 exactValid=True contractValid=True depth=164.122 raw=164.1215677990678 parent=164.035 fp=372df7f540c8d6ec | before Nonep/Noneb after Nonep/Noneb cap=None maxDisp=None moved=None resid=None | 
   ~ pairs=3 bnd=1 comp=2 maxComp=4 /7 ej=2 /7 att=True matDef=None replaced=2 | acceptedAnchorLocal=1 acceptedAngles=[('c5135087-12f0-44f9-bd91-4bcf67affd8b-copy-1', 9.348799, -0.02, False)] acceptedOrientation=1 acceptedStation=0 acceptedVacated=0 candidates=8352 finalists=4 rows=655 variants=58
[    3.3s] pad164.038568-8e56054d-f0.004-m29: mode=29 exactValid=True contractValid=True depth=164.041 raw=164.04056779906784 parent=164.035 fp=0cf2d975be44050c | before Nonep/Noneb after Nonep/Noneb cap=None maxDisp=None moved=None resid=None | 
   ~ pairs=3 bnd=1 comp=2 maxComp=4 /7 ej=4 /7 att=True matDef=None orders=4/24 swaps=0 cRep=1 cRef=0
[    3.3s] pad164.038568-8e56054d-f0.004-m28: mode=28 exactValid=False contractValid=True depth=None raw=164.03456779906784 parent=164.035 fp= | before Nonep/Noneb after Nonep/Noneb cap=None maxDisp=None moved=None resid=None | no exact-valid pose for piece c5135087-12f0-44f9-bd91-4bcf67affd8b-copy-1 within the 166.0
   ~ pairs=3 bnd=1 comp=2 maxComp=4 /7 ej=2 /7 att=True matDef=None replaced=0
[    3.1s] pad164.039568-85a1df68-f0.002-m33: mode=33 exactValid=True contractValid=True depth=164.039 raw=164.03856779906783 parent=164.038 fp=8e56054dee89574f | before Nonep/Noneb after Nonep/Noneb cap=None maxDisp=None moved=None resid=None | 
   ~ pairs=1 bnd=0 comp=1 maxComp=2 /7 ej=2 /7 att=True matDef=None orders=1/2 swaps=0 cRep=1 cRef=0 | acceptedAnchorLocal=1 acceptedOrientation=0 acceptedStation=0 acceptedVacated=1 candidates=7279 finalists=0 rows=0 variants=58
[    3.3s] pad164.039568-85a1df68-f0.002-m32: mode=32 exactValid=True contractValid=True depth=164.041 raw=164.04056779906784 parent=164.038 fp=e56f34ea043f3533 | before Nonep/Noneb after Nonep/Noneb cap=None maxDisp=None moved=None resid=None | 
   ~ pairs=1 bnd=0 comp=1 maxComp=2 /7 ej=1 /7 att=True matDef=None replaced=1 | acceptedAnchorLocal=1 acceptedOrientation=0 acceptedStation=0 acceptedVacated=0 candidates=3712 finalists=0 rows=0 variants=29
[    3.9s] pad164.039568-85a1df68-f0.002-m29: mode=29 exactValid=True contractValid=True depth=164.039 raw=164.03856779906783 parent=164.038 fp=8e56054dee89574f | before Nonep/Noneb after Nonep/Noneb cap=None maxDisp=None moved=None resid=None | 
   ~ pairs=1 bnd=0 comp=1 maxComp=2 /7 ej=2 /7 att=True matDef=None orders=1/2 swaps=0 cRep=1 cRef=0
[    4.1s] pad164.039568-85a1df68-f0.002-m28: mode=28 exactValid=True contractValid=True depth=164.041 raw=164.04056779906784 parent=164.038 fp=e56f34ea043f3533 | before Nonep/Noneb after Nonep/Noneb cap=None maxDisp=None moved=None resid=None | 
   ~ pairs=1 bnd=0 comp=1 maxComp=2 /7 ej=1 /7 att=True matDef=None replaced=1
[    4.4s] pad164.039568-85a1df68-f0.004-m33: mode=33 exactValid=True contractValid=True depth=164.039 raw=164.03856779906783 parent=164.036 fp=181c28e717ff6ef8 | before Nonep/Noneb after Nonep/Noneb cap=None maxDisp=None moved=None resid=None | 
   ~ pairs=3 bnd=0 comp=1 maxComp=4 /7 ej=4 /7 att=True matDef=None orders=1/24 swaps=0 cRep=1 cRef=0 | acceptedAnchorLocal=2 acceptedOrientation=0 acceptedStation=0 acceptedVacated=2 candidates=15399 finalists=1 rows=3567 variants=116
[    4.3s] pad164.039568-85a1df68-f0.004-m32: mode=32 exactValid=True contractValid=True depth=164.175 raw=164.1745677990678 parent=164.036 fp=23f4fa323113f9fe | before Nonep/Noneb after Nonep/Noneb cap=None maxDisp=None moved=None resid=None | 
   ~ pairs=3 bnd=0 comp=1 maxComp=4 /7 ej=2 /7 att=True matDef=None replaced=2 | acceptedAnchorLocal=1 acceptedAngles=[('c5135087-12f0-44f9-bd91-4bcf67affd8b-copy-1', 9.348799, -0.02, False)] acceptedOrientation=1 acceptedStation=0 acceptedVacated=0 candidates=8091 finalists=4 rows=945 variants=58
[    5.9s] pad164.039568-85a1df68-f0.004-m29: mode=29 exactValid=True contractValid=True depth=164.039 raw=164.03856779906783 parent=164.036 fp=181c28e717ff6ef8 | before Nonep/Noneb after Nonep/Noneb cap=None maxDisp=None moved=None resid=None | 
   ~ pairs=3 bnd=0 comp=1 maxComp=4 /7 ej=4 /7 att=True matDef=None orders=1/24 swaps=0 cRep=1 cRef=0
[    3.7s] pad164.039568-85a1df68-f0.004-m28: mode=28 exactValid=False contractValid=True depth=None raw=164.0355677990678 parent=164.036 fp= | before Nonep/Noneb after Nonep/Noneb cap=None maxDisp=None moved=None resid=None | no exact-valid pose for piece c5135087-12f0-44f9-bd91-4bcf67affd8b-copy-1 within the 166.0
   ~ pairs=3 bnd=0 comp=1 maxComp=4 /7 ej=2 /7 att=True matDef=None replaced=0
[    3.5s] pad164.039568-edce9a61-f0.002-m33: mode=33 exactValid=True contractValid=True depth=164.039 raw=164.03856779906783 parent=164.038 fp=181c28e717ff6ef8 | before Nonep/Noneb after Nonep/Noneb cap=None maxDisp=None moved=None resid=None | 
   ~ pairs=2 bnd=0 comp=1 maxComp=3 /7 ej=3 /7 att=True matDef=None orders=1/6 swaps=0 cRep=1 cRef=0 | acceptedAnchorLocal=1 acceptedOrientation=0 acceptedStation=0 acceptedVacated=2 candidates=11281 finalists=1 rows=3538 variants=87
[    3.9s] pad164.039568-edce9a61-f0.002-m32: mode=32 exactValid=True contractValid=True depth=164.042 raw=164.04156779906782 parent=164.038 fp=2ab564421613bf42 | before Nonep/Noneb after Nonep/Noneb cap=None maxDisp=None moved=None resid=None | 
   ~ pairs=2 bnd=0 comp=1 maxComp=3 /7 ej=1 /7 att=True matDef=None replaced=1 | acceptedAnchorLocal=1 acceptedOrientation=0 acceptedStation=0 acceptedVacated=0 candidates=4118 finalists=0 rows=0 variants=29
[    3.2s] pad164.039568-edce9a61-f0.002-m29: mode=29 exactValid=True contractValid=True depth=164.039 raw=164.03856779906783 parent=164.038 fp=181c28e717ff6ef8 | before Nonep/Noneb after Nonep/Noneb cap=None maxDisp=None moved=None resid=None | 
   ~ pairs=2 bnd=0 comp=1 maxComp=3 /7 ej=3 /7 att=True matDef=None orders=1/6 swaps=0 cRep=1 cRef=0
[    3.1s] pad164.039568-edce9a61-f0.002-m28: mode=28 exactValid=True contractValid=True depth=164.042 raw=164.04156779906782 parent=164.038 fp=2ab564421613bf42 | before Nonep/Noneb after Nonep/Noneb cap=None maxDisp=None moved=None resid=None | 
   ~ pairs=2 bnd=0 comp=1 maxComp=3 /7 ej=1 /7 att=True matDef=None replaced=1
[    3.3s] pad164.039568-edce9a61-f0.004-m33: mode=33 exactValid=True contractValid=True depth=164.04 raw=164.0395677990678 parent=164.036 fp=b82b80350c0bb508 | before Nonep/Noneb after Nonep/Noneb cap=None maxDisp=None moved=None resid=None | 
   ~ pairs=3 bnd=0 comp=1 maxComp=4 /7 ej=4 /7 att=True matDef=None orders=4/24 swaps=0 cRep=1 cRef=0 | acceptedAnchorLocal=7 acceptedOrientation=0 acceptedStation=0 acceptedVacated=5 candidates=58029 finalists=0 rows=10701 variants=435
[    3.2s] pad164.039568-edce9a61-f0.004-m32: mode=32 exactValid=True contractValid=True depth=164.123 raw=164.12256779906784 parent=164.036 fp=e396ebd9396524bb | before Nonep/Noneb after Nonep/Noneb cap=None maxDisp=None moved=None resid=None | 
   ~ pairs=3 bnd=0 comp=1 maxComp=4 /7 ej=2 /7 att=True matDef=None replaced=2 | acceptedAnchorLocal=1 acceptedAngles=[('c5135087-12f0-44f9-bd91-4bcf67affd8b-copy-1', 9.348799, -0.02, False)] acceptedOrientation=1 acceptedStation=0 acceptedVacated=0 candidates=8294 finalists=4 rows=945 variants=58
[    3.2s] pad164.039568-edce9a61-f0.004-m29: mode=29 exactValid=True contractValid=True depth=164.04 raw=164.0395677990678 parent=164.036 fp=b82b80350c0bb508 | before Nonep/Noneb after Nonep/Noneb cap=None maxDisp=None moved=None resid=None | 
   ~ pairs=3 bnd=0 comp=1 maxComp=4 /7 ej=4 /7 att=True matDef=None orders=4/24 swaps=0 cRep=1 cRef=0
[    3.3s] pad164.039568-edce9a61-f0.004-m28: mode=28 exactValid=False contractValid=True depth=None raw=164.03556779906785 parent=164.036 fp= | before Nonep/Noneb after Nonep/Noneb cap=None maxDisp=None moved=None resid=None | no exact-valid pose for piece c5135087-12f0-44f9-bd91-4bcf67affd8b-copy-1 within the 166.0
   ~ pairs=3 bnd=0 comp=1 maxComp=4 /7 ej=2 /7 att=True matDef=None replaced=0
[    3.2s] pad164.040568-0cf2d975-f0.002-m33: mode=33 exactValid=True contractValid=True depth=164.077 raw=164.07656779906785 parent=164.039 fp=a5de11b8d85d3429 | before Nonep/Noneb after Nonep/Noneb cap=None maxDisp=None moved=None resid=None | 
   ~ pairs=1 bnd=0 comp=1 maxComp=2 /7 ej=2 /7 att=True matDef=None orders=1/2 swaps=0 cRep=1 cRef=0 | acceptedAnchorLocal=1 acceptedOrientation=0 acceptedStation=0 acceptedVacated=1 candidates=4234 finalists=3 rows=302 variants=58
[    3.3s] pad164.040568-0cf2d975-f0.002-m32: mode=32 exactValid=True contractValid=True depth=164.041 raw=164.04056779906784 parent=164.039 fp=10c49465dcb4e4cb | before Nonep/Noneb after Nonep/Noneb cap=None maxDisp=None moved=None resid=None | 
   ~ pairs=1 bnd=0 comp=1 maxComp=2 /7 ej=1 /7 att=True matDef=None replaced=1 | acceptedAnchorLocal=1 acceptedOrientation=0 acceptedStation=0 acceptedVacated=0 candidates=2146 finalists=0 rows=0 variants=29
[    3.6s] pad164.040568-0cf2d975-f0.002-m29: mode=29 exactValid=True contractValid=True depth=164.077 raw=164.07656779906785 parent=164.039 fp=a5de11b8d85d3429 | before Nonep/Noneb after Nonep/Noneb cap=None maxDisp=None moved=None resid=None | 
   ~ pairs=1 bnd=0 comp=1 maxComp=2 /7 ej=2 /7 att=True matDef=None orders=1/2 swaps=0 cRep=1 cRef=0
[    3.5s] pad164.040568-0cf2d975-f0.002-m28: mode=28 exactValid=True contractValid=True depth=164.041 raw=164.04056779906784 parent=164.039 fp=10c49465dcb4e4cb | before Nonep/Noneb after Nonep/Noneb cap=None maxDisp=None moved=None resid=None | 
   ~ pairs=1 bnd=0 comp=1 maxComp=2 /7 ej=1 /7 att=True matDef=None replaced=1
[    3.6s] pad164.040568-0cf2d975-f0.004-m33: mode=33 exactValid=True contractValid=True depth=164.039 raw=164.03856779906783 parent=164.037 fp=1c588249869b9a43 | before Nonep/Noneb after Nonep/Noneb cap=None maxDisp=None moved=None resid=None | 
   ~ pairs=2 bnd=0 comp=1 maxComp=3 /7 ej=3 /7 att=True matDef=None orders=1/6 swaps=0 cRep=1 cRef=0 | acceptedAnchorLocal=2 acceptedOrientation=0 acceptedStation=0 acceptedVacated=1 candidates=11339 finalists=0 rows=0 variants=87
[    3.6s] pad164.040568-0cf2d975-f0.004-m32: mode=32 exactValid=True contractValid=True depth=164.075 raw=164.07456779906784 parent=164.037 fp=da9d4503c27c2dea | before Nonep/Noneb after Nonep/Noneb cap=None maxDisp=None moved=None resid=None | 
   ~ pairs=2 bnd=0 comp=1 maxComp=3 /7 ej=2 /7 att=True matDef=None replaced=2 | acceptedAnchorLocal=1 acceptedAngles=[('c5135087-12f0-44f9-bd91-4bcf67affd8b-copy-1', 9.348799, -0.02, False)] acceptedOrientation=1 acceptedStation=0 acceptedVacated=0 candidates=7627 finalists=4 rows=1438 variants=58
[    3.7s] pad164.040568-0cf2d975-f0.004-m29: mode=29 exactValid=True contractValid=True depth=164.039 raw=164.03856779906783 parent=164.037 fp=1c588249869b9a43 | before Nonep/Noneb after Nonep/Noneb cap=None maxDisp=None moved=None resid=None | 
   ~ pairs=2 bnd=0 comp=1 maxComp=3 /7 ej=3 /7 att=True matDef=None orders=1/6 swaps=0 cRep=1 cRef=0
[    3.7s] pad164.040568-0cf2d975-f0.004-m28: mode=28 exactValid=False contractValid=True depth=None raw=164.03656779906785 parent=164.037 fp= | before Nonep/Noneb after Nonep/Noneb cap=None maxDisp=None moved=None resid=None | no exact-valid pose for piece c5135087-12f0-44f9-bd91-4bcf67affd8b-copy-1 within the 166.0
   ~ pairs=2 bnd=0 comp=1 maxComp=3 /7 ej=2 /7 att=True matDef=None replaced=0
[    3.6s] pad164.040568-bad0f74d-f0.002-m33: mode=33 exactValid=True contractValid=True depth=164.077 raw=164.07656779906785 parent=164.039 fp=ae32a174afd4265e | before Nonep/Noneb after Nonep/Noneb cap=None maxDisp=None moved=None resid=None | 
   ~ pairs=1 bnd=0 comp=1 maxComp=2 /7 ej=2 /7 att=True matDef=None orders=1/2 swaps=0 cRep=1 cRef=0 | acceptedAnchorLocal=1 acceptedOrientation=0 acceptedStation=0 acceptedVacated=1 candidates=4234 finalists=3 rows=302 variants=58
[    3.6s] pad164.040568-bad0f74d-f0.002-m32: mode=32 exactValid=True contractValid=True depth=164.041 raw=164.04056779906784 parent=164.039 fp=0cf2d975be44050c | before Nonep/Noneb after Nonep/Noneb cap=None maxDisp=None moved=None resid=None | 
   ~ pairs=1 bnd=0 comp=1 maxComp=2 /7 ej=1 /7 att=True matDef=None replaced=1 | acceptedAnchorLocal=1 acceptedOrientation=0 acceptedStation=0 acceptedVacated=0 candidates=2146 finalists=0 rows=0 variants=29
[    4.4s] pad164.040568-bad0f74d-f0.002-m29: mode=29 exactValid=True contractValid=True depth=164.077 raw=164.07656779906785 parent=164.039 fp=ae32a174afd4265e | before Nonep/Noneb after Nonep/Noneb cap=None maxDisp=None moved=None resid=None | 
   ~ pairs=1 bnd=0 comp=1 maxComp=2 /7 ej=2 /7 att=True matDef=None orders=1/2 swaps=0 cRep=1 cRef=0
[    4.3s] pad164.040568-bad0f74d-f0.002-m28: mode=28 exactValid=True contractValid=True depth=164.041 raw=164.04056779906784 parent=164.039 fp=0cf2d975be44050c | before Nonep/Noneb after Nonep/Noneb cap=None maxDisp=None moved=None resid=None | 
   ~ pairs=1 bnd=0 comp=1 maxComp=2 /7 ej=1 /7 att=True matDef=None replaced=1
[    4.3s] pad164.040568-bad0f74d-f0.004-m33: mode=33 exactValid=True contractValid=True depth=164.04 raw=164.0395677990678 parent=164.037 fp=2a98c50842ce14dd | before Nonep/Noneb after Nonep/Noneb cap=None maxDisp=None moved=None resid=None | 
   ~ pairs=2 bnd=0 comp=1 maxComp=3 /7 ej=3 /7 att=True matDef=None orders=1/6 swaps=0 cRep=1 cRef=0 | acceptedAnchorLocal=2 acceptedOrientation=0 acceptedStation=0 acceptedVacated=1 candidates=11339 finalists=0 rows=0 variants=87
[    4.7s] pad164.040568-bad0f74d-f0.004-m32: mode=32 exactValid=False contractValid=True depth=None raw=164.03656779906785 parent=164.037 fp= | before Nonep/Noneb after Nonep/Noneb cap=None maxDisp=None moved=None resid=None | no exact-valid pose for piece c5135087-12f0-44f9-bd91-4bcf67affd8b-copy-1 within the 166.0
   ~ pairs=2 bnd=0 comp=1 maxComp=3 /7 ej=1 /7 att=True matDef=None replaced=0 | acceptedAnchorLocal=0 acceptedOrientation=0 acceptedStation=0 acceptedVacated=0 candidates=4292 finalists=0 rows=4292 variants=29
[    5.5s] pad164.040568-bad0f74d-f0.004-m29: mode=29 exactValid=True contractValid=True depth=164.04 raw=164.0395677990678 parent=164.037 fp=2a98c50842ce14dd | before Nonep/Noneb after Nonep/Noneb cap=None maxDisp=None moved=None resid=None | 
   ~ pairs=2 bnd=0 comp=1 maxComp=3 /7 ej=3 /7 att=True matDef=None orders=1/6 swaps=0 cRep=1 cRef=0
[    4.2s] pad164.040568-bad0f74d-f0.004-m28: mode=28 exactValid=False contractValid=True depth=None raw=164.03656779906785 parent=164.037 fp= | before Nonep/Noneb after Nonep/Noneb cap=None maxDisp=None moved=None resid=None | no exact-valid pose for piece c5135087-12f0-44f9-bd91-4bcf67affd8b-copy-1 within the 166.0
   ~ pairs=2 bnd=0 comp=1 maxComp=3 /7 ej=1 /7 att=True matDef=None replaced=0
[    3.9s] pad164.040568-e56f34ea-f0.002-m33: mode=33 exactValid=False contractValid=True depth=None raw=164.03856779906783 parent=164.039 fp= | before Nonep/Noneb after Nonep/Noneb cap=None maxDisp=None moved=None resid=None | no violating pair to target with a joint re-placement
   ~ pairs=0 bnd=0 comp=0 maxComp=0 /7 ej=0 /7 att=False matDef=None orders=0/0 swaps=0 cRep=0 cRef=0 | skip=no violating pair to target with a joint re-placement
[    4.1s] pad164.040568-e56f34ea-f0.002-m32: mode=32 exactValid=False contractValid=True depth=None raw=164.03856779906783 parent=164.039 fp= | before Nonep/Noneb after Nonep/Noneb cap=None maxDisp=None moved=None resid=None | no violating pair to target with a re-placement
   ~ pairs=0 bnd=0 comp=0 maxComp=0 /7 ej=0 /7 att=False matDef=None replaced=0 | skip=no violating pair to target with a re-placement
[    4.0s] pad164.040568-e56f34ea-f0.002-m29: mode=29 exactValid=False contractValid=True depth=None raw=164.03856779906783 parent=164.039 fp= | before Nonep/Noneb after Nonep/Noneb cap=None maxDisp=None moved=None resid=None | no violating pair to target with a joint re-placement
   ~ pairs=0 bnd=0 comp=0 maxComp=0 /7 ej=0 /7 att=False matDef=None orders=0/0 swaps=0 cRep=0 cRef=0 | skip=no violating pair to target with a joint re-placement
[    4.1s] pad164.040568-e56f34ea-f0.002-m28: mode=28 exactValid=False contractValid=True depth=None raw=164.03856779906783 parent=164.039 fp= | before Nonep/Noneb after Nonep/Noneb cap=None maxDisp=None moved=None resid=None | no violating pair to target with a re-placement
   ~ pairs=0 bnd=0 comp=0 maxComp=0 /7 ej=0 /7 att=False matDef=None replaced=0 | skip=no violating pair to target with a re-placement
[    4.1s] pad164.040568-e56f34ea-f0.004-m33: mode=33 exactValid=True contractValid=True depth=164.039 raw=164.03856779906783 parent=164.037 fp=181c28e717ff6ef8 | before Nonep/Noneb after Nonep/Noneb cap=None maxDisp=None moved=None resid=None | 
   ~ pairs=3 bnd=0 comp=1 maxComp=4 /7 ej=4 /7 att=True matDef=None orders=1/24 swaps=0 cRep=1 cRef=0 | acceptedAnchorLocal=2 acceptedOrientation=0 acceptedStation=0 acceptedVacated=2 candidates=15399 finalists=1 rows=3567 variants=116
[    4.0s] pad164.040568-e56f34ea-f0.004-m32: mode=32 exactValid=True contractValid=True depth=164.176 raw=164.17556779906784 parent=164.037 fp=f5c37cb7233f849f | before Nonep/Noneb after Nonep/Noneb cap=None maxDisp=None moved=None resid=None | 
   ~ pairs=3 bnd=0 comp=1 maxComp=4 /7 ej=2 /7 att=True matDef=None replaced=2 | acceptedAnchorLocal=1 acceptedAngles=[('c5135087-12f0-44f9-bd91-4bcf67affd8b-copy-1', 9.348799, -0.02, False)] acceptedOrientation=1 acceptedStation=0 acceptedVacated=0 candidates=7888 finalists=4 rows=1409 variants=58
[    3.7s] pad164.040568-e56f34ea-f0.004-m29: mode=29 exactValid=True contractValid=True depth=164.039 raw=164.03856779906783 parent=164.037 fp=181c28e717ff6ef8 | before Nonep/Noneb after Nonep/Noneb cap=None maxDisp=None moved=None resid=None | 
   ~ pairs=3 bnd=0 comp=1 maxComp=4 /7 ej=4 /7 att=True matDef=None orders=1/24 swaps=0 cRep=1 cRef=0
[    3.6s] pad164.040568-e56f34ea-f0.004-m28: mode=28 exactValid=False contractValid=True depth=None raw=164.03656779906785 parent=164.037 fp= | before Nonep/Noneb after Nonep/Noneb cap=None maxDisp=None moved=None resid=None | no exact-valid pose for piece c5135087-12f0-44f9-bd91-4bcf67affd8b-copy-1 within the 166.0
   ~ pairs=3 bnd=0 comp=1 maxComp=4 /7 ej=2 /7 att=True matDef=None replaced=0
[    3.7s] pad164.041568-2ab56442-f0.002-m33: mode=33 exactValid=False contractValid=True depth=None raw=164.0395677990678 parent=164.04 fp= | before Nonep/Noneb after Nonep/Noneb cap=None maxDisp=None moved=None resid=None | no violating pair to target with a joint re-placement
   ~ pairs=0 bnd=0 comp=0 maxComp=0 /7 ej=0 /7 att=False matDef=None orders=0/0 swaps=0 cRep=0 cRef=0 | skip=no violating pair to target with a joint re-placement
[    3.5s] pad164.041568-2ab56442-f0.002-m32: mode=32 exactValid=False contractValid=True depth=None raw=164.0395677990678 parent=164.04 fp= | before Nonep/Noneb after Nonep/Noneb cap=None maxDisp=None moved=None resid=None | no violating pair to target with a re-placement
   ~ pairs=0 bnd=0 comp=0 maxComp=0 /7 ej=0 /7 att=False matDef=None replaced=0 | skip=no violating pair to target with a re-placement
[    3.9s] pad164.041568-2ab56442-f0.002-m29: mode=29 exactValid=False contractValid=True depth=None raw=164.0395677990678 parent=164.04 fp= | before Nonep/Noneb after Nonep/Noneb cap=None maxDisp=None moved=None resid=None | no violating pair to target with a joint re-placement
   ~ pairs=0 bnd=0 comp=0 maxComp=0 /7 ej=0 /7 att=False matDef=None orders=0/0 swaps=0 cRep=0 cRef=0 | skip=no violating pair to target with a joint re-placement
[    3.7s] pad164.041568-2ab56442-f0.002-m28: mode=28 exactValid=False contractValid=True depth=None raw=164.0395677990678 parent=164.04 fp= | before Nonep/Noneb after Nonep/Noneb cap=None maxDisp=None moved=None resid=None | no violating pair to target with a re-placement
   ~ pairs=0 bnd=0 comp=0 maxComp=0 /7 ej=0 /7 att=False matDef=None replaced=0 | skip=no violating pair to target with a re-placement
[    3.7s] pad164.041568-2ab56442-f0.004-m33: mode=33 exactValid=True contractValid=True depth=164.076 raw=164.0755677990678 parent=164.038 fp=afe69c355b90fe77 | before Nonep/Noneb after Nonep/Noneb cap=None maxDisp=None moved=None resid=None | 
   ~ pairs=1 bnd=0 comp=1 maxComp=2 /7 ej=2 /7 att=True matDef=None orders=1/2 swaps=0 cRep=1 cRef=0 | acceptedAnchorLocal=1 acceptedOrientation=0 acceptedStation=0 acceptedVacated=1 candidates=4234 finalists=3 rows=302 variants=58
[    3.7s] pad164.041568-2ab56442-f0.004-m32: mode=32 exactValid=True contractValid=True depth=164.04 raw=164.0395677990678 parent=164.038 fp=edce9a61ca313c6d | before Nonep/Noneb after Nonep/Noneb cap=None maxDisp=None moved=None resid=None | 
   ~ pairs=1 bnd=0 comp=1 maxComp=2 /7 ej=1 /7 att=True matDef=None replaced=1 | acceptedAnchorLocal=1 acceptedOrientation=0 acceptedStation=0 acceptedVacated=0 candidates=2146 finalists=0 rows=0 variants=29
[    3.5s] pad164.041568-2ab56442-f0.004-m29: mode=29 exactValid=True contractValid=True depth=164.076 raw=164.0755677990678 parent=164.038 fp=afe69c355b90fe77 | before Nonep/Noneb after Nonep/Noneb cap=None maxDisp=None moved=None resid=None | 
   ~ pairs=1 bnd=0 comp=1 maxComp=2 /7 ej=2 /7 att=True matDef=None orders=1/2 swaps=0 cRep=1 cRef=0
[    3.0s] pad164.041568-2ab56442-f0.004-m28: mode=28 exactValid=True contractValid=True depth=164.04 raw=164.0395677990678 parent=164.038 fp=edce9a61ca313c6d | before Nonep/Noneb after Nonep/Noneb cap=None maxDisp=None moved=None resid=None | 
   ~ pairs=1 bnd=0 comp=1 maxComp=2 /7 ej=1 /7 att=True matDef=None replaced=1
[    3.1s] pad164.041568-3362a072-f0.002-m33: mode=33 exactValid=False contractValid=True depth=None raw=164.0395677990678 parent=164.04 fp= | before Nonep/Noneb after Nonep/Noneb cap=None maxDisp=None moved=None resid=None | no violating pair to target with a joint re-placement
   ~ pairs=0 bnd=0 comp=0 maxComp=0 /7 ej=0 /7 att=False matDef=None orders=0/0 swaps=0 cRep=0 cRef=0 | skip=no violating pair to target with a joint re-placement
[    3.1s] pad164.041568-3362a072-f0.002-m32: mode=32 exactValid=False contractValid=True depth=None raw=164.0395677990678 parent=164.04 fp= | before Nonep/Noneb after Nonep/Noneb cap=None maxDisp=None moved=None resid=None | no violating pair to target with a re-placement
   ~ pairs=0 bnd=0 comp=0 maxComp=0 /7 ej=0 /7 att=False matDef=None replaced=0 | skip=no violating pair to target with a re-placement
[    3.1s] pad164.041568-3362a072-f0.002-m29: mode=29 exactValid=False contractValid=True depth=None raw=164.0395677990678 parent=164.04 fp= | before Nonep/Noneb after Nonep/Noneb cap=None maxDisp=None moved=None resid=None | no violating pair to target with a joint re-placement
   ~ pairs=0 bnd=0 comp=0 maxComp=0 /7 ej=0 /7 att=False matDef=None orders=0/0 swaps=0 cRep=0 cRef=0 | skip=no violating pair to target with a joint re-placement
[    3.1s] pad164.041568-3362a072-f0.002-m28: mode=28 exactValid=False contractValid=True depth=None raw=164.0395677990678 parent=164.04 fp= | before Nonep/Noneb after Nonep/Noneb cap=None maxDisp=None moved=None resid=None | no violating pair to target with a re-placement
   ~ pairs=0 bnd=0 comp=0 maxComp=0 /7 ej=0 /7 att=False matDef=None replaced=0 | skip=no violating pair to target with a re-placement
[    3.1s] pad164.041568-3362a072-f0.004-m33: mode=33 exactValid=True contractValid=True depth=164.04 raw=164.0395677990678 parent=164.038 fp=7c97143a9a36ce94 | before Nonep/Noneb after Nonep/Noneb cap=None maxDisp=None moved=None resid=None | 
   ~ pairs=1 bnd=0 comp=1 maxComp=2 /7 ej=2 /7 att=True matDef=None orders=1/2 swaps=0 cRep=1 cRef=0 | acceptedAnchorLocal=1 acceptedOrientation=0 acceptedStation=0 acceptedVacated=1 candidates=7279 finalists=0 rows=0 variants=58
[    3.2s] pad164.041568-3362a072-f0.004-m32: mode=32 exactValid=True contractValid=True depth=164.041 raw=164.04056779906784 parent=164.038 fp=20697ec915e22cd1 | before Nonep/Noneb after Nonep/Noneb cap=None maxDisp=None moved=None resid=None | 
   ~ pairs=1 bnd=0 comp=1 maxComp=2 /7 ej=1 /7 att=True matDef=None replaced=1 | acceptedAnchorLocal=1 acceptedOrientation=0 acceptedStation=0 acceptedVacated=0 candidates=3712 finalists=0 rows=0 variants=29
[    3.1s] pad164.041568-3362a072-f0.004-m29: mode=29 exactValid=True contractValid=True depth=164.04 raw=164.0395677990678 parent=164.038 fp=7c97143a9a36ce94 | before Nonep/Noneb after Nonep/Noneb cap=None maxDisp=None moved=None resid=None | 
   ~ pairs=1 bnd=0 comp=1 maxComp=2 /7 ej=2 /7 att=True matDef=None orders=1/2 swaps=0 cRep=1 cRef=0
[    3.1s] pad164.041568-3362a072-f0.004-m28: mode=28 exactValid=True contractValid=True depth=164.041 raw=164.04056779906784 parent=164.038 fp=20697ec915e22cd1 | before Nonep/Noneb after Nonep/Noneb cap=None maxDisp=None moved=None resid=None | 
   ~ pairs=1 bnd=0 comp=1 maxComp=2 /7 ej=1 /7 att=True matDef=None replaced=1
[    3.1s] pad164.041568-8044cef5-f0.002-m33: mode=33 exactValid=True contractValid=True depth=164.336 raw=164.3355677990678 parent=164.04 fp=65d364a86cad9097 | before Nonep/Noneb after Nonep/Noneb cap=None maxDisp=None moved=None resid=None | 
   ~ pairs=1 bnd=0 comp=1 maxComp=2 /7 ej=2 /7 att=True matDef=None orders=1/2 swaps=0 cRep=1 cRef=0 | acceptedAnchorLocal=1 acceptedOrientation=0 acceptedStation=0 acceptedVacated=1 candidates=4234 finalists=3 rows=302 variants=58
[    3.1s] pad164.041568-8044cef5-f0.002-m32: mode=32 exactValid=True contractValid=True depth=164.042 raw=164.04156779906782 parent=164.04 fp=7d6b83e583dbd613 | before Nonep/Noneb after Nonep/Noneb cap=None maxDisp=None moved=None resid=None | 
   ~ pairs=1 bnd=0 comp=1 maxComp=2 /7 ej=1 /7 att=True matDef=None replaced=1 | acceptedAnchorLocal=1 acceptedOrientation=0 acceptedStation=0 acceptedVacated=0 candidates=2146 finalists=0 rows=0 variants=29
[    3.2s] pad164.041568-8044cef5-f0.002-m29: mode=29 exactValid=True contractValid=True depth=164.336 raw=164.3355677990678 parent=164.04 fp=65d364a86cad9097 | before Nonep/Noneb after Nonep/Noneb cap=None maxDisp=None moved=None resid=None | 
   ~ pairs=1 bnd=0 comp=1 maxComp=2 /7 ej=2 /7 att=True matDef=None orders=1/2 swaps=0 cRep=1 cRef=0
[    3.1s] pad164.041568-8044cef5-f0.002-m28: mode=28 exactValid=True contractValid=True depth=164.042 raw=164.04156779906782 parent=164.04 fp=7d6b83e583dbd613 | before Nonep/Noneb after Nonep/Noneb cap=None maxDisp=None moved=None resid=None | 
   ~ pairs=1 bnd=0 comp=1 maxComp=2 /7 ej=1 /7 att=True matDef=None replaced=1
[    3.1s] pad164.041568-8044cef5-f0.004-m33: mode=33 exactValid=True contractValid=True depth=164.04 raw=164.0395677990678 parent=164.038 fp=8a80f89545d23cdc | before Nonep/Noneb after Nonep/Noneb cap=None maxDisp=None moved=None resid=None | 
   ~ pairs=1 bnd=0 comp=1 maxComp=2 /7 ej=2 /7 att=True matDef=None orders=1/2 swaps=0 cRep=1 cRef=0 | acceptedAnchorLocal=1 acceptedOrientation=0 acceptedStation=0 acceptedVacated=1 candidates=7279 finalists=0 rows=0 variants=58
[    3.1s] pad164.041568-8044cef5-f0.004-m32: mode=32 exactValid=True contractValid=True depth=164.041 raw=164.04056779906784 parent=164.038 fp=0cf2d975be44050c | before Nonep/Noneb after Nonep/Noneb cap=None maxDisp=None moved=None resid=None | 
   ~ pairs=1 bnd=0 comp=1 maxComp=2 /7 ej=1 /7 att=True matDef=None replaced=1 | acceptedAnchorLocal=1 acceptedOrientation=0 acceptedStation=0 acceptedVacated=0 candidates=3712 finalists=0 rows=0 variants=29
[    3.1s] pad164.041568-8044cef5-f0.004-m29: mode=29 exactValid=True contractValid=True depth=164.04 raw=164.0395677990678 parent=164.038 fp=8a80f89545d23cdc | before Nonep/Noneb after Nonep/Noneb cap=None maxDisp=None moved=None resid=None | 
   ~ pairs=1 bnd=0 comp=1 maxComp=2 /7 ej=2 /7 att=True matDef=None orders=1/2 swaps=0 cRep=1 cRef=0
[    3.0s] pad164.041568-8044cef5-f0.004-m28: mode=28 exactValid=True contractValid=True depth=164.041 raw=164.04056779906784 parent=164.038 fp=0cf2d975be44050c | before Nonep/Noneb after Nonep/Noneb cap=None maxDisp=None moved=None resid=None | 
   ~ pairs=1 bnd=0 comp=1 maxComp=2 /7 ej=1 /7 att=True matDef=None replaced=1
[    3.1s] pad164.041568-90909834-f0.002-m33: mode=33 exactValid=True contractValid=True depth=164.336 raw=164.3355677990678 parent=164.04 fp=234a8cbe206c98b3 | before Nonep/Noneb after Nonep/Noneb cap=None maxDisp=None moved=None resid=None | 
   ~ pairs=1 bnd=0 comp=1 maxComp=2 /7 ej=2 /7 att=True matDef=None orders=1/2 swaps=0 cRep=1 cRef=0 | acceptedAnchorLocal=1 acceptedOrientation=0 acceptedStation=0 acceptedVacated=1 candidates=4234 finalists=3 rows=302 variants=58
[    3.1s] pad164.041568-90909834-f0.002-m32: mode=32 exactValid=True contractValid=True depth=164.042 raw=164.04156779906782 parent=164.04 fp=3362a0720322e403 | before Nonep/Noneb after Nonep/Noneb cap=None maxDisp=None moved=None resid=None | 
   ~ pairs=1 bnd=0 comp=1 maxComp=2 /7 ej=1 /7 att=True matDef=None replaced=1 | acceptedAnchorLocal=1 acceptedOrientation=0 acceptedStation=0 acceptedVacated=0 candidates=2146 finalists=0 rows=0 variants=29
[    3.2s] pad164.041568-90909834-f0.002-m29: mode=29 exactValid=True contractValid=True depth=164.336 raw=164.3355677990678 parent=164.04 fp=234a8cbe206c98b3 | before Nonep/Noneb after Nonep/Noneb cap=None maxDisp=None moved=None resid=None | 
   ~ pairs=1 bnd=0 comp=1 maxComp=2 /7 ej=2 /7 att=True matDef=None orders=1/2 swaps=0 cRep=1 cRef=0
[    3.1s] pad164.041568-90909834-f0.002-m28: mode=28 exactValid=True contractValid=True depth=164.042 raw=164.04156779906782 parent=164.04 fp=3362a0720322e403 | before Nonep/Noneb after Nonep/Noneb cap=None maxDisp=None moved=None resid=None | 
   ~ pairs=1 bnd=0 comp=1 maxComp=2 /7 ej=1 /7 att=True matDef=None replaced=1
[    3.1s] pad164.041568-90909834-f0.004-m33: mode=33 exactValid=True contractValid=True depth=164.04 raw=164.0395677990678 parent=164.038 fp=077f30d254e34e63 | before Nonep/Noneb after Nonep/Noneb cap=None maxDisp=None moved=None resid=None | 
   ~ pairs=1 bnd=0 comp=1 maxComp=2 /7 ej=2 /7 att=True matDef=None orders=1/2 swaps=0 cRep=1 cRef=0 | acceptedAnchorLocal=1 acceptedOrientation=0 acceptedStation=0 acceptedVacated=1 candidates=7279 finalists=0 rows=0 variants=58
[    3.4s] pad164.041568-90909834-f0.004-m32: mode=32 exactValid=True contractValid=True depth=164.041 raw=164.04056779906784 parent=164.038 fp=06def74a4baa4c6d | before Nonep/Noneb after Nonep/Noneb cap=None maxDisp=None moved=None resid=None | 
   ~ pairs=1 bnd=0 comp=1 maxComp=2 /7 ej=1 /7 att=True matDef=None replaced=1 | acceptedAnchorLocal=1 acceptedOrientation=0 acceptedStation=0 acceptedVacated=0 candidates=3712 finalists=0 rows=0 variants=29
[    3.2s] pad164.041568-90909834-f0.004-m29: mode=29 exactValid=True contractValid=True depth=164.04 raw=164.0395677990678 parent=164.038 fp=077f30d254e34e63 | before Nonep/Noneb after Nonep/Noneb cap=None maxDisp=None moved=None resid=None | 
   ~ pairs=1 bnd=0 comp=1 maxComp=2 /7 ej=2 /7 att=True matDef=None orders=1/2 swaps=0 cRep=1 cRef=0
[    3.1s] pad164.041568-90909834-f0.004-m28: mode=28 exactValid=True contractValid=True depth=164.041 raw=164.04056779906784 parent=164.038 fp=06def74a4baa4c6d | before Nonep/Noneb after Nonep/Noneb cap=None maxDisp=None moved=None resid=None | 
   ~ pairs=1 bnd=0 comp=1 maxComp=2 /7 ej=1 /7 att=True matDef=None replaced=1
[    3.1s] pad164.041568-d57f9af7-f0.002-m33: mode=33 exactValid=True contractValid=True depth=164.336 raw=164.3355677990678 parent=164.04 fp=4a82fd48899146c3 | before Nonep/Noneb after Nonep/Noneb cap=None maxDisp=None moved=None resid=None | 
   ~ pairs=1 bnd=0 comp=1 maxComp=2 /7 ej=2 /7 att=True matDef=None orders=1/2 swaps=0 cRep=1 cRef=0 | acceptedAnchorLocal=1 acceptedOrientation=0 acceptedStation=0 acceptedVacated=1 candidates=4234 finalists=3 rows=315 variants=58
[    3.3s] pad164.041568-d57f9af7-f0.002-m32: mode=32 exactValid=True contractValid=True depth=164.042 raw=164.04156779906782 parent=164.04 fp=3458662a3679890f | before Nonep/Noneb after Nonep/Noneb cap=None maxDisp=None moved=None resid=None | 
   ~ pairs=1 bnd=0 comp=1 maxComp=2 /7 ej=1 /7 att=True matDef=None replaced=1 | acceptedAnchorLocal=1 acceptedOrientation=0 acceptedStation=0 acceptedVacated=0 candidates=2146 finalists=0 rows=0 variants=29
[    3.2s] pad164.041568-d57f9af7-f0.002-m29: mode=29 exactValid=True contractValid=True depth=164.336 raw=164.3355677990678 parent=164.04 fp=4a82fd48899146c3 | before Nonep/Noneb after Nonep/Noneb cap=None maxDisp=None moved=None resid=None | 
   ~ pairs=1 bnd=0 comp=1 maxComp=2 /7 ej=2 /7 att=True matDef=None orders=1/2 swaps=0 cRep=1 cRef=0
[    3.2s] pad164.041568-d57f9af7-f0.002-m28: mode=28 exactValid=True contractValid=True depth=164.042 raw=164.04156779906782 parent=164.04 fp=3458662a3679890f | before Nonep/Noneb after Nonep/Noneb cap=None maxDisp=None moved=None resid=None | 
   ~ pairs=1 bnd=0 comp=1 maxComp=2 /7 ej=1 /7 att=True matDef=None replaced=1
[    3.4s] pad164.041568-d57f9af7-f0.004-m33: mode=33 exactValid=True contractValid=True depth=164.04 raw=164.0395677990678 parent=164.038 fp=65ae72c999c5c4c3 | before Nonep/Noneb after Nonep/Noneb cap=None maxDisp=None moved=None resid=None | 
   ~ pairs=1 bnd=0 comp=1 maxComp=2 /7 ej=2 /7 att=True matDef=None orders=1/2 swaps=0 cRep=1 cRef=0 | acceptedAnchorLocal=1 acceptedOrientation=0 acceptedStation=0 acceptedVacated=1 candidates=7279 finalists=3 rows=508 variants=58
[    4.0s] pad164.041568-d57f9af7-f0.004-m32: mode=32 exactValid=True contractValid=True depth=164.041 raw=164.04056779906784 parent=164.038 fp=cd29ba3c0b1b09c9 | before Nonep/Noneb after Nonep/Noneb cap=None maxDisp=None moved=None resid=None | 
   ~ pairs=1 bnd=0 comp=1 maxComp=2 /7 ej=1 /7 att=True matDef=None replaced=1 | acceptedAnchorLocal=1 acceptedOrientation=0 acceptedStation=0 acceptedVacated=0 candidates=3712 finalists=0 rows=0 variants=29
[    4.0s] pad164.041568-d57f9af7-f0.004-m29: mode=29 exactValid=True contractValid=True depth=164.04 raw=164.0395677990678 parent=164.038 fp=65ae72c999c5c4c3 | before Nonep/Noneb after Nonep/Noneb cap=None maxDisp=None moved=None resid=None | 
   ~ pairs=1 bnd=0 comp=1 maxComp=2 /7 ej=2 /7 att=True matDef=None orders=1/2 swaps=0 cRep=1 cRef=0
[    3.0s] pad164.041568-d57f9af7-f0.004-m28: mode=28 exactValid=True contractValid=True depth=164.041 raw=164.04056779906784 parent=164.038 fp=cd29ba3c0b1b09c9 | before Nonep/Noneb after Nonep/Noneb cap=None maxDisp=None moved=None resid=None | 
   ~ pairs=1 bnd=0 comp=1 maxComp=2 /7 ej=1 /7 att=True matDef=None replaced=1
[    3.0s] pad164.042568-05bb379a-f0.002-m33: mode=33 exactValid=False contractValid=True depth=None raw=164.0405677990678 parent=164.041 fp= | before Nonep/Noneb after Nonep/Noneb cap=None maxDisp=None moved=None resid=None | no violating pair to target with a joint re-placement
   ~ pairs=0 bnd=0 comp=0 maxComp=0 /7 ej=0 /7 att=False matDef=None orders=0/0 swaps=0 cRep=0 cRef=0 | skip=no violating pair to target with a joint re-placement
[    2.9s] pad164.042568-05bb379a-f0.002-m32: mode=32 exactValid=False contractValid=True depth=None raw=164.0405677990678 parent=164.041 fp= | before Nonep/Noneb after Nonep/Noneb cap=None maxDisp=None moved=None resid=None | no violating pair to target with a re-placement
   ~ pairs=0 bnd=0 comp=0 maxComp=0 /7 ej=0 /7 att=False matDef=None replaced=0 | skip=no violating pair to target with a re-placement
[    3.2s] pad164.042568-05bb379a-f0.002-m29: mode=29 exactValid=False contractValid=True depth=None raw=164.0405677990678 parent=164.041 fp= | before Nonep/Noneb after Nonep/Noneb cap=None maxDisp=None moved=None resid=None | no violating pair to target with a joint re-placement
   ~ pairs=0 bnd=0 comp=0 maxComp=0 /7 ej=0 /7 att=False matDef=None orders=0/0 swaps=0 cRep=0 cRef=0 | skip=no violating pair to target with a joint re-placement
[    3.1s] pad164.042568-05bb379a-f0.002-m28: mode=28 exactValid=False contractValid=True depth=None raw=164.0405677990678 parent=164.041 fp= | before Nonep/Noneb after Nonep/Noneb cap=None maxDisp=None moved=None resid=None | no violating pair to target with a re-placement
   ~ pairs=0 bnd=0 comp=0 maxComp=0 /7 ej=0 /7 att=False matDef=None replaced=0 | skip=no violating pair to target with a re-placement
[    3.1s] pad164.042568-05bb379a-f0.004-m33: mode=33 exactValid=True contractValid=True depth=164.04 raw=164.0395677990678 parent=164.039 fp=4180dfaea89db2d9 | before Nonep/Noneb after Nonep/Noneb cap=None maxDisp=None moved=None resid=None | 
   ~ pairs=1 bnd=0 comp=1 maxComp=2 /7 ej=2 /7 att=True matDef=None orders=1/2 swaps=0 cRep=1 cRef=0 | acceptedAnchorLocal=1 acceptedOrientation=0 acceptedStation=0 acceptedVacated=1 candidates=7279 finalists=0 rows=0 variants=58
[    3.1s] pad164.042568-05bb379a-f0.004-m32: mode=32 exactValid=True contractValid=True depth=164.042 raw=164.04156779906782 parent=164.039 fp=921c2bdcbe335cc6 | before Nonep/Noneb after Nonep/Noneb cap=None maxDisp=None moved=None resid=None | 
   ~ pairs=1 bnd=0 comp=1 maxComp=2 /7 ej=1 /7 att=True matDef=None replaced=1 | acceptedAnchorLocal=1 acceptedOrientation=0 acceptedStation=0 acceptedVacated=0 candidates=3712 finalists=0 rows=0 variants=29
[    3.1s] pad164.042568-05bb379a-f0.004-m29: mode=29 exactValid=True contractValid=True depth=164.04 raw=164.0395677990678 parent=164.039 fp=4180dfaea89db2d9 | before Nonep/Noneb after Nonep/Noneb cap=None maxDisp=None moved=None resid=None | 
   ~ pairs=1 bnd=0 comp=1 maxComp=2 /7 ej=2 /7 att=True matDef=None orders=1/2 swaps=0 cRep=1 cRef=0
[    3.2s] pad164.042568-05bb379a-f0.004-m28: mode=28 exactValid=True contractValid=True depth=164.042 raw=164.04156779906782 parent=164.039 fp=921c2bdcbe335cc6 | before Nonep/Noneb after Nonep/Noneb cap=None maxDisp=None moved=None resid=None | 
   ~ pairs=1 bnd=0 comp=1 maxComp=2 /7 ej=1 /7 att=True matDef=None replaced=1
[    3.1s] pad164.042568-22eddbf0-f0.002-m33: mode=33 exactValid=False contractValid=True depth=None raw=164.0405677990678 parent=164.041 fp= | before Nonep/Noneb after Nonep/Noneb cap=None maxDisp=None moved=None resid=None | no violating pair to target with a joint re-placement
   ~ pairs=0 bnd=0 comp=0 maxComp=0 /7 ej=0 /7 att=False matDef=None orders=0/0 swaps=0 cRep=0 cRef=0 | skip=no violating pair to target with a joint re-placement
[    3.1s] pad164.042568-22eddbf0-f0.002-m32: mode=32 exactValid=False contractValid=True depth=None raw=164.0405677990678 parent=164.041 fp= | before Nonep/Noneb after Nonep/Noneb cap=None maxDisp=None moved=None resid=None | no violating pair to target with a re-placement
   ~ pairs=0 bnd=0 comp=0 maxComp=0 /7 ej=0 /7 att=False matDef=None replaced=0 | skip=no violating pair to target with a re-placement
[    3.2s] pad164.042568-22eddbf0-f0.002-m29: mode=29 exactValid=False contractValid=True depth=None raw=164.0405677990678 parent=164.041 fp= | before Nonep/Noneb after Nonep/Noneb cap=None maxDisp=None moved=None resid=None | no violating pair to target with a joint re-placement
   ~ pairs=0 bnd=0 comp=0 maxComp=0 /7 ej=0 /7 att=False matDef=None orders=0/0 swaps=0 cRep=0 cRef=0 | skip=no violating pair to target with a joint re-placement
[    3.1s] pad164.042568-22eddbf0-f0.002-m28: mode=28 exactValid=False contractValid=True depth=None raw=164.0405677990678 parent=164.041 fp= | before Nonep/Noneb after Nonep/Noneb cap=None maxDisp=None moved=None resid=None | no violating pair to target with a re-placement
   ~ pairs=0 bnd=0 comp=0 maxComp=0 /7 ej=0 /7 att=False matDef=None replaced=0 | skip=no violating pair to target with a re-placement
[    3.0s] pad164.042568-22eddbf0-f0.004-m33: mode=33 exactValid=True contractValid=True depth=164.041 raw=164.04056779906784 parent=164.039 fp=79464c679302c4fc | before Nonep/Noneb after Nonep/Noneb cap=None maxDisp=None moved=None resid=None | 
   ~ pairs=1 bnd=0 comp=1 maxComp=2 /7 ej=2 /7 att=True matDef=None orders=1/2 swaps=0 cRep=1 cRef=0 | acceptedAnchorLocal=1 acceptedOrientation=0 acceptedStation=0 acceptedVacated=1 candidates=7279 finalists=3 rows=508 variants=58
[    3.2s] pad164.042568-22eddbf0-f0.004-m32: mode=32 exactValid=True contractValid=True depth=164.042 raw=164.04156779906782 parent=164.039 fp=54133ca597f6f6c4 | before Nonep/Noneb after Nonep/Noneb cap=None maxDisp=None moved=None resid=None | 
   ~ pairs=1 bnd=0 comp=1 maxComp=2 /7 ej=1 /7 att=True matDef=None replaced=1 | acceptedAnchorLocal=1 acceptedOrientation=0 acceptedStation=0 acceptedVacated=0 candidates=3712 finalists=0 rows=0 variants=29
[    3.0s] pad164.042568-22eddbf0-f0.004-m29: mode=29 exactValid=True contractValid=True depth=164.041 raw=164.04056779906784 parent=164.039 fp=79464c679302c4fc | before Nonep/Noneb after Nonep/Noneb cap=None maxDisp=None moved=None resid=None | 
   ~ pairs=1 bnd=0 comp=1 maxComp=2 /7 ej=2 /7 att=True matDef=None orders=1/2 swaps=0 cRep=1 cRef=0
[    3.1s] pad164.042568-22eddbf0-f0.004-m28: mode=28 exactValid=True contractValid=True depth=164.042 raw=164.04156779906782 parent=164.039 fp=54133ca597f6f6c4 | before Nonep/Noneb after Nonep/Noneb cap=None maxDisp=None moved=None resid=None | 
   ~ pairs=1 bnd=0 comp=1 maxComp=2 /7 ej=1 /7 att=True matDef=None replaced=1
[    3.1s] pad164.042568-901b74da-f0.002-m33: mode=33 exactValid=False contractValid=True depth=None raw=164.0405677990678 parent=164.041 fp= | before Nonep/Noneb after Nonep/Noneb cap=None maxDisp=None moved=None resid=None | no violating pair to target with a joint re-placement
   ~ pairs=0 bnd=0 comp=0 maxComp=0 /7 ej=0 /7 att=False matDef=None orders=0/0 swaps=0 cRep=0 cRef=0 | skip=no violating pair to target with a joint re-placement
[    3.8s] pad164.042568-901b74da-f0.002-m32: mode=32 exactValid=False contractValid=True depth=None raw=164.0405677990678 parent=164.041 fp= | before Nonep/Noneb after Nonep/Noneb cap=None maxDisp=None moved=None resid=None | no violating pair to target with a re-placement
   ~ pairs=0 bnd=0 comp=0 maxComp=0 /7 ej=0 /7 att=False matDef=None replaced=0 | skip=no violating pair to target with a re-placement
[    3.6s] pad164.042568-901b74da-f0.002-m29: mode=29 exactValid=False contractValid=True depth=None raw=164.0405677990678 parent=164.041 fp= | before Nonep/Noneb after Nonep/Noneb cap=None maxDisp=None moved=None resid=None | no violating pair to target with a joint re-placement
   ~ pairs=0 bnd=0 comp=0 maxComp=0 /7 ej=0 /7 att=False matDef=None orders=0/0 swaps=0 cRep=0 cRef=0 | skip=no violating pair to target with a joint re-placement
[    3.8s] pad164.042568-901b74da-f0.002-m28: mode=28 exactValid=False contractValid=True depth=None raw=164.0405677990678 parent=164.041 fp= | before Nonep/Noneb after Nonep/Noneb cap=None maxDisp=None moved=None resid=None | no violating pair to target with a re-placement
   ~ pairs=0 bnd=0 comp=0 maxComp=0 /7 ej=0 /7 att=False matDef=None replaced=0 | skip=no violating pair to target with a re-placement
[    3.7s] pad164.042568-901b74da-f0.004-m33: mode=33 exactValid=True contractValid=True depth=164.135 raw=164.13456779906784 parent=164.039 fp=e674f47640b7e168 | before Nonep/Noneb after Nonep/Noneb cap=None maxDisp=None moved=None resid=None | 
   ~ pairs=1 bnd=0 comp=1 maxComp=2 /7 ej=2 /7 att=True matDef=None orders=2/2 swaps=0 cRep=1 cRef=0 | acceptedAnchorLocal=1 acceptedOrientation=0 acceptedStation=0 acceptedVacated=2 candidates=8120 finalists=0 rows=2030 variants=116
[    3.9s] pad164.042568-901b74da-f0.004-m32: mode=32 exactValid=True contractValid=True depth=164.041 raw=164.04056779906784 parent=164.039 fp=e56f34ea043f3533 | before Nonep/Noneb after Nonep/Noneb cap=None maxDisp=None moved=None resid=None | 
   ~ pairs=1 bnd=0 comp=1 maxComp=2 /7 ej=1 /7 att=True matDef=None replaced=1 | acceptedAnchorLocal=1 acceptedOrientation=0 acceptedStation=0 acceptedVacated=0 candidates=2030 finalists=0 rows=0 variants=29
[    3.8s] pad164.042568-901b74da-f0.004-m29: mode=29 exactValid=True contractValid=True depth=164.135 raw=164.13456779906784 parent=164.039 fp=e674f47640b7e168 | before Nonep/Noneb after Nonep/Noneb cap=None maxDisp=None moved=None resid=None | 
   ~ pairs=1 bnd=0 comp=1 maxComp=2 /7 ej=2 /7 att=True matDef=None orders=2/2 swaps=0 cRep=1 cRef=0
[    3.9s] pad164.042568-901b74da-f0.004-m28: mode=28 exactValid=True contractValid=True depth=164.041 raw=164.04056779906784 parent=164.039 fp=e56f34ea043f3533 | before Nonep/Noneb after Nonep/Noneb cap=None maxDisp=None moved=None resid=None | 
   ~ pairs=1 bnd=0 comp=1 maxComp=2 /7 ej=1 /7 att=True matDef=None replaced=1
[    3.7s] pad164.042568-e8168bc2-f0.002-m33: mode=33 exactValid=False contractValid=True depth=None raw=164.0405677990678 parent=164.041 fp= | before Nonep/Noneb after Nonep/Noneb cap=None maxDisp=None moved=None resid=None | no violating pair to target with a joint re-placement
   ~ pairs=0 bnd=0 comp=0 maxComp=0 /7 ej=0 /7 att=False matDef=None orders=0/0 swaps=0 cRep=0 cRef=0 | skip=no violating pair to target with a joint re-placement
[    3.3s] pad164.042568-e8168bc2-f0.002-m32: mode=32 exactValid=False contractValid=True depth=None raw=164.0405677990678 parent=164.041 fp= | before Nonep/Noneb after Nonep/Noneb cap=None maxDisp=None moved=None resid=None | no violating pair to target with a re-placement
   ~ pairs=0 bnd=0 comp=0 maxComp=0 /7 ej=0 /7 att=False matDef=None replaced=0 | skip=no violating pair to target with a re-placement
[    3.5s] pad164.042568-e8168bc2-f0.002-m29: mode=29 exactValid=False contractValid=True depth=None raw=164.0405677990678 parent=164.041 fp= | before Nonep/Noneb after Nonep/Noneb cap=None maxDisp=None moved=None resid=None | no violating pair to target with a joint re-placement
   ~ pairs=0 bnd=0 comp=0 maxComp=0 /7 ej=0 /7 att=False matDef=None orders=0/0 swaps=0 cRep=0 cRef=0 | skip=no violating pair to target with a joint re-placement
[    3.6s] pad164.042568-e8168bc2-f0.002-m28: mode=28 exactValid=False contractValid=True depth=None raw=164.0405677990678 parent=164.041 fp= | before Nonep/Noneb after Nonep/Noneb cap=None maxDisp=None moved=None resid=None | no violating pair to target with a re-placement
   ~ pairs=0 bnd=0 comp=0 maxComp=0 /7 ej=0 /7 att=False matDef=None replaced=0 | skip=no violating pair to target with a re-placement
[    3.7s] pad164.042568-e8168bc2-f0.004-m33: mode=33 exactValid=True contractValid=True depth=164.04 raw=164.0395677990678 parent=164.039 fp=f3c83d58383c5e3e | before Nonep/Noneb after Nonep/Noneb cap=None maxDisp=None moved=None resid=None | 
   ~ pairs=1 bnd=0 comp=1 maxComp=2 /7 ej=2 /7 att=True matDef=None orders=1/2 swaps=0 cRep=1 cRef=0 | acceptedAnchorLocal=1 acceptedOrientation=0 acceptedStation=0 acceptedVacated=1 candidates=7279 finalists=0 rows=0 variants=58
[    3.7s] pad164.042568-e8168bc2-f0.004-m32: mode=32 exactValid=True contractValid=True depth=164.042 raw=164.04156779906782 parent=164.039 fp=28cc4098928243f4 | before Nonep/Noneb after Nonep/Noneb cap=None maxDisp=None moved=None resid=None | 
   ~ pairs=1 bnd=0 comp=1 maxComp=2 /7 ej=1 /7 att=True matDef=None replaced=1 | acceptedAnchorLocal=1 acceptedOrientation=0 acceptedStation=0 acceptedVacated=0 candidates=3712 finalists=0 rows=0 variants=29
[    3.8s] pad164.042568-e8168bc2-f0.004-m29: mode=29 exactValid=True contractValid=True depth=164.04 raw=164.0395677990678 parent=164.039 fp=f3c83d58383c5e3e | before Nonep/Noneb after Nonep/Noneb cap=None maxDisp=None moved=None resid=None | 
   ~ pairs=1 bnd=0 comp=1 maxComp=2 /7 ej=2 /7 att=True matDef=None orders=1/2 swaps=0 cRep=1 cRef=0
[    3.5s] pad164.042568-e8168bc2-f0.004-m28: mode=28 exactValid=True contractValid=True depth=164.042 raw=164.04156779906782 parent=164.039 fp=28cc4098928243f4 | before Nonep/Noneb after Nonep/Noneb cap=None maxDisp=None moved=None resid=None | 
   ~ pairs=1 bnd=0 comp=1 maxComp=2 /7 ej=1 /7 att=True matDef=None replaced=1
[    3.5s] pad164.042568-f01ac748-f0.002-m33: mode=33 exactValid=False contractValid=True depth=None raw=164.0405677990678 parent=164.041 fp= | before Nonep/Noneb after Nonep/Noneb cap=None maxDisp=None moved=None resid=None | no violating pair to target with a joint re-placement
   ~ pairs=0 bnd=0 comp=0 maxComp=0 /7 ej=0 /7 att=False matDef=None orders=0/0 swaps=0 cRep=0 cRef=0 | skip=no violating pair to target with a joint re-placement
[    3.5s] pad164.042568-f01ac748-f0.002-m32: mode=32 exactValid=False contractValid=True depth=None raw=164.0405677990678 parent=164.041 fp= | before Nonep/Noneb after Nonep/Noneb cap=None maxDisp=None moved=None resid=None | no violating pair to target with a re-placement
   ~ pairs=0 bnd=0 comp=0 maxComp=0 /7 ej=0 /7 att=False matDef=None replaced=0 | skip=no violating pair to target with a re-placement
[    3.2s] pad164.042568-f01ac748-f0.002-m29: mode=29 exactValid=False contractValid=True depth=None raw=164.0405677990678 parent=164.041 fp= | before Nonep/Noneb after Nonep/Noneb cap=None maxDisp=None moved=None resid=None | no violating pair to target with a joint re-placement
   ~ pairs=0 bnd=0 comp=0 maxComp=0 /7 ej=0 /7 att=False matDef=None orders=0/0 swaps=0 cRep=0 cRef=0 | skip=no violating pair to target with a joint re-placement
[    3.1s] pad164.042568-f01ac748-f0.002-m28: mode=28 exactValid=False contractValid=True depth=None raw=164.0405677990678 parent=164.041 fp= | before Nonep/Noneb after Nonep/Noneb cap=None maxDisp=None moved=None resid=None | no violating pair to target with a re-placement
   ~ pairs=0 bnd=0 comp=0 maxComp=0 /7 ej=0 /7 att=False matDef=None replaced=0 | skip=no violating pair to target with a re-placement
[    3.1s] pad164.042568-f01ac748-f0.004-m33: mode=33 exactValid=True contractValid=True depth=164.04 raw=164.0395677990678 parent=164.039 fp=2638b05d40f9aa41 | before Nonep/Noneb after Nonep/Noneb cap=None maxDisp=None moved=None resid=None | 
   ~ pairs=1 bnd=0 comp=1 maxComp=2 /7 ej=2 /7 att=True matDef=None orders=1/2 swaps=0 cRep=1 cRef=0 | acceptedAnchorLocal=1 acceptedOrientation=0 acceptedStation=0 acceptedVacated=1 candidates=7279 finalists=3 rows=508 variants=58
[    3.8s] pad164.042568-f01ac748-f0.004-m32: mode=32 exactValid=True contractValid=True depth=164.042 raw=164.04156779906782 parent=164.039 fp=35f8283b8dc3b166 | before Nonep/Noneb after Nonep/Noneb cap=None maxDisp=None moved=None resid=None | 
   ~ pairs=1 bnd=0 comp=1 maxComp=2 /7 ej=1 /7 att=True matDef=None replaced=1 | acceptedAnchorLocal=1 acceptedOrientation=0 acceptedStation=0 acceptedVacated=0 candidates=3712 finalists=0 rows=0 variants=29
[    4.0s] pad164.042568-f01ac748-f0.004-m29: mode=29 exactValid=True contractValid=True depth=164.04 raw=164.0395677990678 parent=164.039 fp=2638b05d40f9aa41 | before Nonep/Noneb after Nonep/Noneb cap=None maxDisp=None moved=None resid=None | 
   ~ pairs=1 bnd=0 comp=1 maxComp=2 /7 ej=2 /7 att=True matDef=None orders=1/2 swaps=0 cRep=1 cRef=0
[    3.2s] pad164.042568-f01ac748-f0.004-m28: mode=28 exactValid=True contractValid=True depth=164.042 raw=164.04156779906782 parent=164.039 fp=35f8283b8dc3b166 | before Nonep/Noneb after Nonep/Noneb cap=None maxDisp=None moved=None resid=None | 
   ~ pairs=1 bnd=0 comp=1 maxComp=2 /7 ej=1 /7 att=True matDef=None replaced=1
[    3.0s] pad164.043568-d3ff28e6-f0.002-m33: mode=33 exactValid=False contractValid=True depth=None raw=164.04156779906782 parent=164.042 fp= | before Nonep/Noneb after Nonep/Noneb cap=None maxDisp=None moved=None resid=None | no violating pair to target with a joint re-placement
   ~ pairs=0 bnd=0 comp=0 maxComp=0 /7 ej=0 /7 att=False matDef=None orders=0/0 swaps=0 cRep=0 cRef=0 | skip=no violating pair to target with a joint re-placement
[    3.1s] pad164.043568-d3ff28e6-f0.002-m32: mode=32 exactValid=False contractValid=True depth=None raw=164.04156779906782 parent=164.042 fp= | before Nonep/Noneb after Nonep/Noneb cap=None maxDisp=None moved=None resid=None | no violating pair to target with a re-placement
   ~ pairs=0 bnd=0 comp=0 maxComp=0 /7 ej=0 /7 att=False matDef=None replaced=0 | skip=no violating pair to target with a re-placement
[    3.0s] pad164.043568-d3ff28e6-f0.002-m29: mode=29 exactValid=False contractValid=True depth=None raw=164.04156779906782 parent=164.042 fp= | before Nonep/Noneb after Nonep/Noneb cap=None maxDisp=None moved=None resid=None | no violating pair to target with a joint re-placement
   ~ pairs=0 bnd=0 comp=0 maxComp=0 /7 ej=0 /7 att=False matDef=None orders=0/0 swaps=0 cRep=0 cRef=0 | skip=no violating pair to target with a joint re-placement
[    3.1s] pad164.043568-d3ff28e6-f0.002-m28: mode=28 exactValid=False contractValid=True depth=None raw=164.04156779906782 parent=164.042 fp= | before Nonep/Noneb after Nonep/Noneb cap=None maxDisp=None moved=None resid=None | no violating pair to target with a re-placement
   ~ pairs=0 bnd=0 comp=0 maxComp=0 /7 ej=0 /7 att=False matDef=None replaced=0 | skip=no violating pair to target with a re-placement
[    3.1s] pad164.043568-d3ff28e6-f0.004-m33: mode=33 exactValid=True contractValid=True depth=164.336 raw=164.3355677990678 parent=164.04 fp=b482bb9ba65afe6b | before Nonep/Noneb after Nonep/Noneb cap=None maxDisp=None moved=None resid=None | 
   ~ pairs=1 bnd=0 comp=1 maxComp=2 /7 ej=2 /7 att=True matDef=None orders=1/2 swaps=0 cRep=1 cRef=0 | acceptedAnchorLocal=1 acceptedOrientation=0 acceptedStation=0 acceptedVacated=1 candidates=4234 finalists=3 rows=302 variants=58
[    3.0s] pad164.043568-d3ff28e6-f0.004-m32: mode=32 exactValid=True contractValid=True depth=164.042 raw=164.04156779906782 parent=164.04 fp=10d24f1f162aa049 | before Nonep/Noneb after Nonep/Noneb cap=None maxDisp=None moved=None resid=None | 
   ~ pairs=1 bnd=0 comp=1 maxComp=2 /7 ej=1 /7 att=True matDef=None replaced=1 | acceptedAnchorLocal=1 acceptedOrientation=0 acceptedStation=0 acceptedVacated=0 candidates=2146 finalists=0 rows=0 variants=29
[    2.9s] pad164.043568-d3ff28e6-f0.004-m29: mode=29 exactValid=True contractValid=True depth=164.336 raw=164.3355677990678 parent=164.04 fp=b482bb9ba65afe6b | before Nonep/Noneb after Nonep/Noneb cap=None maxDisp=None moved=None resid=None | 
   ~ pairs=1 bnd=0 comp=1 maxComp=2 /7 ej=2 /7 att=True matDef=None orders=1/2 swaps=0 cRep=1 cRef=0
[    2.9s] pad164.043568-d3ff28e6-f0.004-m28: mode=28 exactValid=True contractValid=True depth=164.042 raw=164.04156779906782 parent=164.04 fp=10d24f1f162aa049 | before Nonep/Noneb after Nonep/Noneb cap=None maxDisp=None moved=None resid=None | 
   ~ pairs=1 bnd=0 comp=1 maxComp=2 /7 ej=1 /7 att=True matDef=None replaced=1
[    2.9s] pad164.044568-69078fa5-f0.002-m33: mode=33 exactValid=False contractValid=True depth=None raw=164.0425677990678 parent=164.043 fp= | before Nonep/Noneb after Nonep/Noneb cap=None maxDisp=None moved=None resid=None | no violating pair to target with a joint re-placement
   ~ pairs=0 bnd=0 comp=0 maxComp=0 /7 ej=0 /7 att=False matDef=None orders=0/0 swaps=0 cRep=0 cRef=0 | skip=no violating pair to target with a joint re-placement
[    2.9s] pad164.044568-69078fa5-f0.002-m32: mode=32 exactValid=False contractValid=True depth=None raw=164.0425677990678 parent=164.043 fp= | before Nonep/Noneb after Nonep/Noneb cap=None maxDisp=None moved=None resid=None | no violating pair to target with a re-placement
   ~ pairs=0 bnd=0 comp=0 maxComp=0 /7 ej=0 /7 att=False matDef=None replaced=0 | skip=no violating pair to target with a re-placement
[    2.9s] pad164.044568-69078fa5-f0.002-m29: mode=29 exactValid=False contractValid=True depth=None raw=164.0425677990678 parent=164.043 fp= | before Nonep/Noneb after Nonep/Noneb cap=None maxDisp=None moved=None resid=None | no violating pair to target with a joint re-placement
   ~ pairs=0 bnd=0 comp=0 maxComp=0 /7 ej=0 /7 att=False matDef=None orders=0/0 swaps=0 cRep=0 cRef=0 | skip=no violating pair to target with a joint re-placement
[    2.9s] pad164.044568-69078fa5-f0.002-m28: mode=28 exactValid=False contractValid=True depth=None raw=164.0425677990678 parent=164.043 fp= | before Nonep/Noneb after Nonep/Noneb cap=None maxDisp=None moved=None resid=None | no violating pair to target with a re-placement
   ~ pairs=0 bnd=0 comp=0 maxComp=0 /7 ej=0 /7 att=False matDef=None replaced=0 | skip=no violating pair to target with a re-placement
[    3.0s] pad164.044568-69078fa5-f0.004-m33: mode=33 exactValid=False contractValid=True depth=None raw=164.04056779906784 parent=164.041 fp= | before Nonep/Noneb after Nonep/Noneb cap=None maxDisp=None moved=None resid=None | no violating pair to target with a joint re-placement
   ~ pairs=0 bnd=0 comp=0 maxComp=0 /7 ej=0 /7 att=False matDef=None orders=0/0 swaps=0 cRep=0 cRef=0 | skip=no violating pair to target with a joint re-placement
[    3.0s] pad164.044568-69078fa5-f0.004-m32: mode=32 exactValid=False contractValid=True depth=None raw=164.04056779906784 parent=164.041 fp= | before Nonep/Noneb after Nonep/Noneb cap=None maxDisp=None moved=None resid=None | no violating pair to target with a re-placement
   ~ pairs=0 bnd=0 comp=0 maxComp=0 /7 ej=0 /7 att=False matDef=None replaced=0 | skip=no violating pair to target with a re-placement
[    2.9s] pad164.044568-69078fa5-f0.004-m29: mode=29 exactValid=False contractValid=True depth=None raw=164.04056779906784 parent=164.041 fp= | before Nonep/Noneb after Nonep/Noneb cap=None maxDisp=None moved=None resid=None | no violating pair to target with a joint re-placement
   ~ pairs=0 bnd=0 comp=0 maxComp=0 /7 ej=0 /7 att=False matDef=None orders=0/0 swaps=0 cRep=0 cRef=0 | skip=no violating pair to target with a joint re-placement
[    2.9s] pad164.044568-69078fa5-f0.004-m28: mode=28 exactValid=False contractValid=True depth=None raw=164.04056779906784 parent=164.041 fp= | before Nonep/Noneb after Nonep/Noneb cap=None maxDisp=None moved=None resid=None | no violating pair to target with a re-placement
   ~ pairs=0 bnd=0 comp=0 maxComp=0 /7 ej=0 /7 att=False matDef=None replaced=0 | skip=no violating pair to target with a re-placement
[    2.9s] pad164.045568-fb7ac88d-f0.002-m33: mode=33 exactValid=False contractValid=True depth=None raw=164.04356779906783 parent=164.044 fp= | before Nonep/Noneb after Nonep/Noneb cap=None maxDisp=None moved=None resid=None | no violating pair to target with a joint re-placement
   ~ pairs=0 bnd=0 comp=0 maxComp=0 /7 ej=0 /7 att=False matDef=None orders=0/0 swaps=0 cRep=0 cRef=0 | skip=no violating pair to target with a joint re-placement
[    2.9s] pad164.045568-fb7ac88d-f0.002-m32: mode=32 exactValid=False contractValid=True depth=None raw=164.04356779906783 parent=164.044 fp= | before Nonep/Noneb after Nonep/Noneb cap=None maxDisp=None moved=None resid=None | no violating pair to target with a re-placement
   ~ pairs=0 bnd=0 comp=0 maxComp=0 /7 ej=0 /7 att=False matDef=None replaced=0 | skip=no violating pair to target with a re-placement
[    3.1s] pad164.045568-fb7ac88d-f0.002-m29: mode=29 exactValid=False contractValid=True depth=None raw=164.04356779906783 parent=164.044 fp= | before Nonep/Noneb after Nonep/Noneb cap=None maxDisp=None moved=None resid=None | no violating pair to target with a joint re-placement
   ~ pairs=0 bnd=0 comp=0 maxComp=0 /7 ej=0 /7 att=False matDef=None orders=0/0 swaps=0 cRep=0 cRef=0 | skip=no violating pair to target with a joint re-placement
[    2.9s] pad164.045568-fb7ac88d-f0.002-m28: mode=28 exactValid=False contractValid=True depth=None raw=164.04356779906783 parent=164.044 fp= | before Nonep/Noneb after Nonep/Noneb cap=None maxDisp=None moved=None resid=None | no violating pair to target with a re-placement
   ~ pairs=0 bnd=0 comp=0 maxComp=0 /7 ej=0 /7 att=False matDef=None replaced=0 | skip=no violating pair to target with a re-placement
[    2.9s] pad164.045568-fb7ac88d-f0.004-m33: mode=33 exactValid=False contractValid=True depth=None raw=164.04156779906782 parent=164.042 fp= | before Nonep/Noneb after Nonep/Noneb cap=None maxDisp=None moved=None resid=None | no violating pair to target with a joint re-placement
   ~ pairs=0 bnd=0 comp=0 maxComp=0 /7 ej=0 /7 att=False matDef=None orders=0/0 swaps=0 cRep=0 cRef=0 | skip=no violating pair to target with a joint re-placement
[    2.9s] pad164.045568-fb7ac88d-f0.004-m32: mode=32 exactValid=False contractValid=True depth=None raw=164.04156779906782 parent=164.042 fp= | before Nonep/Noneb after Nonep/Noneb cap=None maxDisp=None moved=None resid=None | no violating pair to target with a re-placement
   ~ pairs=0 bnd=0 comp=0 maxComp=0 /7 ej=0 /7 att=False matDef=None replaced=0 | skip=no violating pair to target with a re-placement
[    3.1s] pad164.045568-fb7ac88d-f0.004-m29: mode=29 exactValid=False contractValid=True depth=None raw=164.04156779906782 parent=164.042 fp= | before Nonep/Noneb after Nonep/Noneb cap=None maxDisp=None moved=None resid=None | no violating pair to target with a joint re-placement
   ~ pairs=0 bnd=0 comp=0 maxComp=0 /7 ej=0 /7 att=False matDef=None orders=0/0 swaps=0 cRep=0 cRef=0 | skip=no violating pair to target with a joint re-placement
[    3.6s] pad164.045568-fb7ac88d-f0.004-m28: mode=28 exactValid=False contractValid=True depth=None raw=164.04156779906782 parent=164.042 fp= | before Nonep/Noneb after Nonep/Noneb cap=None maxDisp=None moved=None resid=None | no violating pair to target with a re-placement
   ~ pairs=0 bnd=0 comp=0 maxComp=0 /7 ej=0 /7 att=False matDef=None replaced=0 | skip=no violating pair to target with a re-placement
[    3.1s] pad164.062585-46d8bd7c-f0.002-m33: mode=33 exactValid=False contractValid=True depth=None raw=164.06058495038522 parent=164.061 fp= | before Nonep/Noneb after Nonep/Noneb cap=None maxDisp=None moved=None resid=None | no violating pair to target with a joint re-placement
   ~ pairs=0 bnd=0 comp=0 maxComp=0 /7 ej=0 /7 att=False matDef=None orders=0/0 swaps=0 cRep=0 cRef=0 | skip=no violating pair to target with a joint re-placement
[    3.1s] pad164.062585-46d8bd7c-f0.002-m32: mode=32 exactValid=False contractValid=True depth=None raw=164.06058495038522 parent=164.061 fp= | before Nonep/Noneb after Nonep/Noneb cap=None maxDisp=None moved=None resid=None | no violating pair to target with a re-placement
   ~ pairs=0 bnd=0 comp=0 maxComp=0 /7 ej=0 /7 att=False matDef=None replaced=0 | skip=no violating pair to target with a re-placement
[    3.1s] pad164.062585-46d8bd7c-f0.002-m29: mode=29 exactValid=False contractValid=True depth=None raw=164.06058495038522 parent=164.061 fp= | before Nonep/Noneb after Nonep/Noneb cap=None maxDisp=None moved=None resid=None | no violating pair to target with a joint re-placement
   ~ pairs=0 bnd=0 comp=0 maxComp=0 /7 ej=0 /7 att=False matDef=None orders=0/0 swaps=0 cRep=0 cRef=0 | skip=no violating pair to target with a joint re-placement
[    3.2s] pad164.062585-46d8bd7c-f0.002-m28: mode=28 exactValid=False contractValid=True depth=None raw=164.06058495038522 parent=164.061 fp= | before Nonep/Noneb after Nonep/Noneb cap=None maxDisp=None moved=None resid=None | no violating pair to target with a re-placement
   ~ pairs=0 bnd=0 comp=0 maxComp=0 /7 ej=0 /7 att=False matDef=None replaced=0 | skip=no violating pair to target with a re-placement
[    3.0s] pad164.062585-46d8bd7c-f0.004-m33: mode=33 exactValid=False contractValid=True depth=None raw=164.05858495038524 parent=164.059 fp= | before Nonep/Noneb after Nonep/Noneb cap=None maxDisp=None moved=None resid=None | no violating pair to target with a joint re-placement
   ~ pairs=0 bnd=0 comp=0 maxComp=0 /7 ej=0 /7 att=False matDef=None orders=0/0 swaps=0 cRep=0 cRef=0 | skip=no violating pair to target with a joint re-placement
[    3.3s] pad164.062585-46d8bd7c-f0.004-m32: mode=32 exactValid=False contractValid=True depth=None raw=164.05858495038524 parent=164.059 fp= | before Nonep/Noneb after Nonep/Noneb cap=None maxDisp=None moved=None resid=None | no violating pair to target with a re-placement
   ~ pairs=0 bnd=0 comp=0 maxComp=0 /7 ej=0 /7 att=False matDef=None replaced=0 | skip=no violating pair to target with a re-placement
[    3.3s] pad164.062585-46d8bd7c-f0.004-m29: mode=29 exactValid=False contractValid=True depth=None raw=164.05858495038524 parent=164.059 fp= | before Nonep/Noneb after Nonep/Noneb cap=None maxDisp=None moved=None resid=None | no violating pair to target with a joint re-placement
   ~ pairs=0 bnd=0 comp=0 maxComp=0 /7 ej=0 /7 att=False matDef=None orders=0/0 swaps=0 cRep=0 cRef=0 | skip=no violating pair to target with a joint re-placement
[    3.1s] pad164.062585-46d8bd7c-f0.004-m28: mode=28 exactValid=False contractValid=True depth=None raw=164.05858495038524 parent=164.059 fp= | before Nonep/Noneb after Nonep/Noneb cap=None maxDisp=None moved=None resid=None | no violating pair to target with a re-placement
   ~ pairs=0 bnd=0 comp=0 maxComp=0 /7 ej=0 /7 att=False matDef=None replaced=0 | skip=no violating pair to target with a re-placement
[    3.7s] pad164.062585-f9d7a3a1-f0.002-m33: mode=33 exactValid=False contractValid=True depth=None raw=164.06058495038522 parent=164.061 fp= | before Nonep/Noneb after Nonep/Noneb cap=None maxDisp=None moved=None resid=None | no violating pair to target with a joint re-placement
   ~ pairs=0 bnd=0 comp=0 maxComp=0 /7 ej=0 /7 att=False matDef=None orders=0/0 swaps=0 cRep=0 cRef=0 | skip=no violating pair to target with a joint re-placement
[    3.7s] pad164.062585-f9d7a3a1-f0.002-m32: mode=32 exactValid=False contractValid=True depth=None raw=164.06058495038522 parent=164.061 fp= | before Nonep/Noneb after Nonep/Noneb cap=None maxDisp=None moved=None resid=None | no violating pair to target with a re-placement
   ~ pairs=0 bnd=0 comp=0 maxComp=0 /7 ej=0 /7 att=False matDef=None replaced=0 | skip=no violating pair to target with a re-placement
[    3.0s] pad164.062585-f9d7a3a1-f0.002-m29: mode=29 exactValid=False contractValid=True depth=None raw=164.06058495038522 parent=164.061 fp= | before Nonep/Noneb after Nonep/Noneb cap=None maxDisp=None moved=None resid=None | no violating pair to target with a joint re-placement
   ~ pairs=0 bnd=0 comp=0 maxComp=0 /7 ej=0 /7 att=False matDef=None orders=0/0 swaps=0 cRep=0 cRef=0 | skip=no violating pair to target with a joint re-placement
[    3.1s] pad164.062585-f9d7a3a1-f0.002-m28: mode=28 exactValid=False contractValid=True depth=None raw=164.06058495038522 parent=164.061 fp= | before Nonep/Noneb after Nonep/Noneb cap=None maxDisp=None moved=None resid=None | no violating pair to target with a re-placement
   ~ pairs=0 bnd=0 comp=0 maxComp=0 /7 ej=0 /7 att=False matDef=None replaced=0 | skip=no violating pair to target with a re-placement
[    3.6s] pad164.062585-f9d7a3a1-f0.004-m33: mode=33 exactValid=False contractValid=True depth=None raw=164.05858495038524 parent=164.059 fp= | before Nonep/Noneb after Nonep/Noneb cap=None maxDisp=None moved=None resid=None | no violating pair to target with a joint re-placement
   ~ pairs=0 bnd=0 comp=0 maxComp=0 /7 ej=0 /7 att=False matDef=None orders=0/0 swaps=0 cRep=0 cRef=0 | skip=no violating pair to target with a joint re-placement
[    3.3s] pad164.062585-f9d7a3a1-f0.004-m32: mode=32 exactValid=False contractValid=True depth=None raw=164.05858495038524 parent=164.059 fp= | before Nonep/Noneb after Nonep/Noneb cap=None maxDisp=None moved=None resid=None | no violating pair to target with a re-placement
   ~ pairs=0 bnd=0 comp=0 maxComp=0 /7 ej=0 /7 att=False matDef=None replaced=0 | skip=no violating pair to target with a re-placement
[    3.6s] pad164.062585-f9d7a3a1-f0.004-m29: mode=29 exactValid=False contractValid=True depth=None raw=164.05858495038524 parent=164.059 fp= | before Nonep/Noneb after Nonep/Noneb cap=None maxDisp=None moved=None resid=None | no violating pair to target with a joint re-placement
   ~ pairs=0 bnd=0 comp=0 maxComp=0 /7 ej=0 /7 att=False matDef=None orders=0/0 swaps=0 cRep=0 cRef=0 | skip=no violating pair to target with a joint re-placement
[    3.6s] pad164.062585-f9d7a3a1-f0.004-m28: mode=28 exactValid=False contractValid=True depth=None raw=164.05858495038524 parent=164.059 fp= | before Nonep/Noneb after Nonep/Noneb cap=None maxDisp=None moved=None resid=None | no violating pair to target with a re-placement
   ~ pairs=0 bnd=0 comp=0 maxComp=0 /7 ej=0 /7 att=False matDef=None replaced=0 | skip=no violating pair to target with a re-placement
[    3.7s] pad164.075568-5a4eeaee-f0.002-m33: mode=33 exactValid=False contractValid=True depth=None raw=164.0735677990678 parent=164.074 fp= | before Nonep/Noneb after Nonep/Noneb cap=None maxDisp=None moved=None resid=None | no violating pair to target with a joint re-placement
   ~ pairs=0 bnd=0 comp=0 maxComp=0 /7 ej=0 /7 att=False matDef=None orders=0/0 swaps=0 cRep=0 cRef=0 | skip=no violating pair to target with a joint re-placement
[    3.7s] pad164.075568-5a4eeaee-f0.002-m32: mode=32 exactValid=False contractValid=True depth=None raw=164.0735677990678 parent=164.074 fp= | before Nonep/Noneb after Nonep/Noneb cap=None maxDisp=None moved=None resid=None | no violating pair to target with a re-placement
   ~ pairs=0 bnd=0 comp=0 maxComp=0 /7 ej=0 /7 att=False matDef=None replaced=0 | skip=no violating pair to target with a re-placement
[    3.6s] pad164.075568-5a4eeaee-f0.002-m29: mode=29 exactValid=False contractValid=True depth=None raw=164.0735677990678 parent=164.074 fp= | before Nonep/Noneb after Nonep/Noneb cap=None maxDisp=None moved=None resid=None | no violating pair to target with a joint re-placement
   ~ pairs=0 bnd=0 comp=0 maxComp=0 /7 ej=0 /7 att=False matDef=None orders=0/0 swaps=0 cRep=0 cRef=0 | skip=no violating pair to target with a joint re-placement
[    3.6s] pad164.075568-5a4eeaee-f0.002-m28: mode=28 exactValid=False contractValid=True depth=None raw=164.0735677990678 parent=164.074 fp= | before Nonep/Noneb after Nonep/Noneb cap=None maxDisp=None moved=None resid=None | no violating pair to target with a re-placement
   ~ pairs=0 bnd=0 comp=0 maxComp=0 /7 ej=0 /7 att=False matDef=None replaced=0 | skip=no violating pair to target with a re-placement
[    3.4s] pad164.075568-5a4eeaee-f0.004-m33: mode=33 exactValid=False contractValid=True depth=None raw=164.07156779906785 parent=164.072 fp= | before Nonep/Noneb after Nonep/Noneb cap=None maxDisp=None moved=None resid=None | no violating pair to target with a joint re-placement
   ~ pairs=0 bnd=0 comp=0 maxComp=0 /7 ej=0 /7 att=False matDef=None orders=0/0 swaps=0 cRep=0 cRef=0 | skip=no violating pair to target with a joint re-placement
[    3.6s] pad164.075568-5a4eeaee-f0.004-m32: mode=32 exactValid=False contractValid=True depth=None raw=164.07156779906785 parent=164.072 fp= | before Nonep/Noneb after Nonep/Noneb cap=None maxDisp=None moved=None resid=None | no violating pair to target with a re-placement
   ~ pairs=0 bnd=0 comp=0 maxComp=0 /7 ej=0 /7 att=False matDef=None replaced=0 | skip=no violating pair to target with a re-placement
[    3.5s] pad164.075568-5a4eeaee-f0.004-m29: mode=29 exactValid=False contractValid=True depth=None raw=164.07156779906785 parent=164.072 fp= | before Nonep/Noneb after Nonep/Noneb cap=None maxDisp=None moved=None resid=None | no violating pair to target with a joint re-placement
   ~ pairs=0 bnd=0 comp=0 maxComp=0 /7 ej=0 /7 att=False matDef=None orders=0/0 swaps=0 cRep=0 cRef=0 | skip=no violating pair to target with a joint re-placement
[    3.6s] pad164.075568-5a4eeaee-f0.004-m28: mode=28 exactValid=False contractValid=True depth=None raw=164.07156779906785 parent=164.072 fp= | before Nonep/Noneb after Nonep/Noneb cap=None maxDisp=None moved=None resid=None | no violating pair to target with a re-placement
   ~ pairs=0 bnd=0 comp=0 maxComp=0 /7 ej=0 /7 att=False matDef=None replaced=0 | skip=no violating pair to target with a re-placement
[    3.6s] pad164.075568-afe69c35-f0.002-m33: mode=33 exactValid=False contractValid=True depth=None raw=164.0735677990678 parent=164.074 fp= | before Nonep/Noneb after Nonep/Noneb cap=None maxDisp=None moved=None resid=None | no violating pair to target with a joint re-placement
   ~ pairs=0 bnd=0 comp=0 maxComp=0 /7 ej=0 /7 att=False matDef=None orders=0/0 swaps=0 cRep=0 cRef=0 | skip=no violating pair to target with a joint re-placement
[    3.6s] pad164.075568-afe69c35-f0.002-m32: mode=32 exactValid=False contractValid=True depth=None raw=164.0735677990678 parent=164.074 fp= | before Nonep/Noneb after Nonep/Noneb cap=None maxDisp=None moved=None resid=None | no violating pair to target with a re-placement
   ~ pairs=0 bnd=0 comp=0 maxComp=0 /7 ej=0 /7 att=False matDef=None replaced=0 | skip=no violating pair to target with a re-placement
[    3.6s] pad164.075568-afe69c35-f0.002-m29: mode=29 exactValid=False contractValid=True depth=None raw=164.0735677990678 parent=164.074 fp= | before Nonep/Noneb after Nonep/Noneb cap=None maxDisp=None moved=None resid=None | no violating pair to target with a joint re-placement
   ~ pairs=0 bnd=0 comp=0 maxComp=0 /7 ej=0 /7 att=False matDef=None orders=0/0 swaps=0 cRep=0 cRef=0 | skip=no violating pair to target with a joint re-placement
[    3.6s] pad164.075568-afe69c35-f0.002-m28: mode=28 exactValid=False contractValid=True depth=None raw=164.0735677990678 parent=164.074 fp= | before Nonep/Noneb after Nonep/Noneb cap=None maxDisp=None moved=None resid=None | no violating pair to target with a re-placement
   ~ pairs=0 bnd=0 comp=0 maxComp=0 /7 ej=0 /7 att=False matDef=None replaced=0 | skip=no violating pair to target with a re-placement
[    3.5s] pad164.075568-afe69c35-f0.004-m33: mode=33 exactValid=False contractValid=True depth=None raw=164.07156779906785 parent=164.072 fp= | before Nonep/Noneb after Nonep/Noneb cap=None maxDisp=None moved=None resid=None | no violating pair to target with a joint re-placement
   ~ pairs=0 bnd=0 comp=0 maxComp=0 /7 ej=0 /7 att=False matDef=None orders=0/0 swaps=0 cRep=0 cRef=0 | skip=no violating pair to target with a joint re-placement
[    3.4s] pad164.075568-afe69c35-f0.004-m32: mode=32 exactValid=False contractValid=True depth=None raw=164.07156779906785 parent=164.072 fp= | before Nonep/Noneb after Nonep/Noneb cap=None maxDisp=None moved=None resid=None | no violating pair to target with a re-placement
   ~ pairs=0 bnd=0 comp=0 maxComp=0 /7 ej=0 /7 att=False matDef=None replaced=0 | skip=no violating pair to target with a re-placement
[    3.9s] pad164.075568-afe69c35-f0.004-m29: mode=29 exactValid=False contractValid=True depth=None raw=164.07156779906785 parent=164.072 fp= | before Nonep/Noneb after Nonep/Noneb cap=None maxDisp=None moved=None resid=None | no violating pair to target with a joint re-placement
   ~ pairs=0 bnd=0 comp=0 maxComp=0 /7 ej=0 /7 att=False matDef=None orders=0/0 swaps=0 cRep=0 cRef=0 | skip=no violating pair to target with a joint re-placement
[    3.6s] pad164.075568-afe69c35-f0.004-m28: mode=28 exactValid=False contractValid=True depth=None raw=164.07156779906785 parent=164.072 fp= | before Nonep/Noneb after Nonep/Noneb cap=None maxDisp=None moved=None resid=None | no violating pair to target with a re-placement
   ~ pairs=0 bnd=0 comp=0 maxComp=0 /7 ej=0 /7 att=False matDef=None replaced=0 | skip=no violating pair to target with a re-placement
[    3.6s] pad164.076568-c11f5014-f0.002-m33: mode=33 exactValid=False contractValid=True depth=None raw=164.07456779906784 parent=164.075 fp= | before Nonep/Noneb after Nonep/Noneb cap=None maxDisp=None moved=None resid=None | no violating pair to target with a joint re-placement
   ~ pairs=0 bnd=0 comp=0 maxComp=0 /7 ej=0 /7 att=False matDef=None orders=0/0 swaps=0 cRep=0 cRef=0 | skip=no violating pair to target with a joint re-placement
[    3.5s] pad164.076568-c11f5014-f0.002-m32: mode=32 exactValid=False contractValid=True depth=None raw=164.07456779906784 parent=164.075 fp= | before Nonep/Noneb after Nonep/Noneb cap=None maxDisp=None moved=None resid=None | no violating pair to target with a re-placement
   ~ pairs=0 bnd=0 comp=0 maxComp=0 /7 ej=0 /7 att=False matDef=None replaced=0 | skip=no violating pair to target with a re-placement
[    3.5s] pad164.076568-c11f5014-f0.002-m29: mode=29 exactValid=False contractValid=True depth=None raw=164.07456779906784 parent=164.075 fp= | before Nonep/Noneb after Nonep/Noneb cap=None maxDisp=None moved=None resid=None | no violating pair to target with a joint re-placement
   ~ pairs=0 bnd=0 comp=0 maxComp=0 /7 ej=0 /7 att=False matDef=None orders=0/0 swaps=0 cRep=0 cRef=0 | skip=no violating pair to target with a joint re-placement
[    3.6s] pad164.076568-c11f5014-f0.002-m28: mode=28 exactValid=False contractValid=True depth=None raw=164.07456779906784 parent=164.075 fp= | before Nonep/Noneb after Nonep/Noneb cap=None maxDisp=None moved=None resid=None | no violating pair to target with a re-placement
   ~ pairs=0 bnd=0 comp=0 maxComp=0 /7 ej=0 /7 att=False matDef=None replaced=0 | skip=no violating pair to target with a re-placement
[    3.4s] pad164.076568-c11f5014-f0.004-m33: mode=33 exactValid=False contractValid=True depth=None raw=164.07256779906783 parent=164.073 fp= | before Nonep/Noneb after Nonep/Noneb cap=None maxDisp=None moved=None resid=None | no violating pair to target with a joint re-placement
   ~ pairs=0 bnd=0 comp=0 maxComp=0 /7 ej=0 /7 att=False matDef=None orders=0/0 swaps=0 cRep=0 cRef=0 | skip=no violating pair to target with a joint re-placement
[    3.6s] pad164.076568-c11f5014-f0.004-m32: mode=32 exactValid=False contractValid=True depth=None raw=164.07256779906783 parent=164.073 fp= | before Nonep/Noneb after Nonep/Noneb cap=None maxDisp=None moved=None resid=None | no violating pair to target with a re-placement
   ~ pairs=0 bnd=0 comp=0 maxComp=0 /7 ej=0 /7 att=False matDef=None replaced=0 | skip=no violating pair to target with a re-placement
[    3.5s] pad164.076568-c11f5014-f0.004-m29: mode=29 exactValid=False contractValid=True depth=None raw=164.07256779906783 parent=164.073 fp= | before Nonep/Noneb after Nonep/Noneb cap=None maxDisp=None moved=None resid=None | no violating pair to target with a joint re-placement
   ~ pairs=0 bnd=0 comp=0 maxComp=0 /7 ej=0 /7 att=False matDef=None orders=0/0 swaps=0 cRep=0 cRef=0 | skip=no violating pair to target with a joint re-placement
[    3.7s] pad164.076568-c11f5014-f0.004-m28: mode=28 exactValid=False contractValid=True depth=None raw=164.07256779906783 parent=164.073 fp= | before Nonep/Noneb after Nonep/Noneb cap=None maxDisp=None moved=None resid=None | no violating pair to target with a re-placement
   ~ pairs=0 bnd=0 comp=0 maxComp=0 /7 ej=0 /7 att=False matDef=None replaced=0 | skip=no violating pair to target with a re-placement
[    3.8s] pad164.077568-df008611-f0.002-m33: mode=33 exactValid=False contractValid=True depth=None raw=164.0755677990678 parent=164.076 fp= | before Nonep/Noneb after Nonep/Noneb cap=None maxDisp=None moved=None resid=None | no violating pair to target with a joint re-placement
   ~ pairs=0 bnd=0 comp=0 maxComp=0 /7 ej=0 /7 att=False matDef=None orders=0/0 swaps=0 cRep=0 cRef=0 | skip=no violating pair to target with a joint re-placement
[    3.6s] pad164.077568-df008611-f0.002-m32: mode=32 exactValid=False contractValid=True depth=None raw=164.0755677990678 parent=164.076 fp= | before Nonep/Noneb after Nonep/Noneb cap=None maxDisp=None moved=None resid=None | no violating pair to target with a re-placement
   ~ pairs=0 bnd=0 comp=0 maxComp=0 /7 ej=0 /7 att=False matDef=None replaced=0 | skip=no violating pair to target with a re-placement
[    3.7s] pad164.077568-df008611-f0.002-m29: mode=29 exactValid=False contractValid=True depth=None raw=164.0755677990678 parent=164.076 fp= | before Nonep/Noneb after Nonep/Noneb cap=None maxDisp=None moved=None resid=None | no violating pair to target with a joint re-placement
   ~ pairs=0 bnd=0 comp=0 maxComp=0 /7 ej=0 /7 att=False matDef=None orders=0/0 swaps=0 cRep=0 cRef=0 | skip=no violating pair to target with a joint re-placement
[    3.5s] pad164.077568-df008611-f0.002-m28: mode=28 exactValid=False contractValid=True depth=None raw=164.0755677990678 parent=164.076 fp= | before Nonep/Noneb after Nonep/Noneb cap=None maxDisp=None moved=None resid=None | no violating pair to target with a re-placement
   ~ pairs=0 bnd=0 comp=0 maxComp=0 /7 ej=0 /7 att=False matDef=None replaced=0 | skip=no violating pair to target with a re-placement
[    3.7s] pad164.077568-df008611-f0.004-m33: mode=33 exactValid=False contractValid=True depth=None raw=164.07356779906786 parent=164.074 fp= | before Nonep/Noneb after Nonep/Noneb cap=None maxDisp=None moved=None resid=None | no violating pair to target with a joint re-placement
   ~ pairs=0 bnd=0 comp=0 maxComp=0 /7 ej=0 /7 att=False matDef=None orders=0/0 swaps=0 cRep=0 cRef=0 | skip=no violating pair to target with a joint re-placement
[    3.6s] pad164.077568-df008611-f0.004-m32: mode=32 exactValid=False contractValid=True depth=None raw=164.07356779906786 parent=164.074 fp= | before Nonep/Noneb after Nonep/Noneb cap=None maxDisp=None moved=None resid=None | no violating pair to target with a re-placement
   ~ pairs=0 bnd=0 comp=0 maxComp=0 /7 ej=0 /7 att=False matDef=None replaced=0 | skip=no violating pair to target with a re-placement
[    3.6s] pad164.077568-df008611-f0.004-m29: mode=29 exactValid=False contractValid=True depth=None raw=164.07356779906786 parent=164.074 fp= | before Nonep/Noneb after Nonep/Noneb cap=None maxDisp=None moved=None resid=None | no violating pair to target with a joint re-placement
   ~ pairs=0 bnd=0 comp=0 maxComp=0 /7 ej=0 /7 att=False matDef=None orders=0/0 swaps=0 cRep=0 cRef=0 | skip=no violating pair to target with a joint re-placement
[    3.6s] pad164.077568-df008611-f0.004-m28: mode=28 exactValid=False contractValid=True depth=None raw=164.07356779906786 parent=164.074 fp= | before Nonep/Noneb after Nonep/Noneb cap=None maxDisp=None moved=None resid=None | no violating pair to target with a re-placement
   ~ pairs=0 bnd=0 comp=0 maxComp=0 /7 ej=0 /7 att=False matDef=None replaced=0 | skip=no violating pair to target with a re-placement
[    3.4s] pad164.078585-8d174a82-f0.002-m33: mode=33 exactValid=False contractValid=True depth=None raw=164.07658495038524 parent=164.077 fp= | before Nonep/Noneb after Nonep/Noneb cap=None maxDisp=None moved=None resid=None | no violating pair to target with a joint re-placement
   ~ pairs=0 bnd=0 comp=0 maxComp=0 /7 ej=0 /7 att=False matDef=None orders=0/0 swaps=0 cRep=0 cRef=0 | skip=no violating pair to target with a joint re-placement
[    3.3s] pad164.078585-8d174a82-f0.002-m32: mode=32 exactValid=False contractValid=True depth=None raw=164.07658495038524 parent=164.077 fp= | before Nonep/Noneb after Nonep/Noneb cap=None maxDisp=None moved=None resid=None | no violating pair to target with a re-placement
   ~ pairs=0 bnd=0 comp=0 maxComp=0 /7 ej=0 /7 att=False matDef=None replaced=0 | skip=no violating pair to target with a re-placement
[    3.1s] pad164.078585-8d174a82-f0.002-m29: mode=29 exactValid=False contractValid=True depth=None raw=164.07658495038524 parent=164.077 fp= | before Nonep/Noneb after Nonep/Noneb cap=None maxDisp=None moved=None resid=None | no violating pair to target with a joint re-placement
   ~ pairs=0 bnd=0 comp=0 maxComp=0 /7 ej=0 /7 att=False matDef=None orders=0/0 swaps=0 cRep=0 cRef=0 | skip=no violating pair to target with a joint re-placement
[    3.1s] pad164.078585-8d174a82-f0.002-m28: mode=28 exactValid=False contractValid=True depth=None raw=164.07658495038524 parent=164.077 fp= | before Nonep/Noneb after Nonep/Noneb cap=None maxDisp=None moved=None resid=None | no violating pair to target with a re-placement
   ~ pairs=0 bnd=0 comp=0 maxComp=0 /7 ej=0 /7 att=False matDef=None replaced=0 | skip=no violating pair to target with a re-placement
[    3.1s] pad164.078585-8d174a82-f0.004-m33: mode=33 exactValid=False contractValid=True depth=None raw=164.07458495038526 parent=164.075 fp= | before Nonep/Noneb after Nonep/Noneb cap=None maxDisp=None moved=None resid=None | no violating pair to target with a joint re-placement
   ~ pairs=0 bnd=0 comp=0 maxComp=0 /7 ej=0 /7 att=False matDef=None orders=0/0 swaps=0 cRep=0 cRef=0 | skip=no violating pair to target with a joint re-placement
[    3.2s] pad164.078585-8d174a82-f0.004-m32: mode=32 exactValid=False contractValid=True depth=None raw=164.07458495038526 parent=164.075 fp= | before Nonep/Noneb after Nonep/Noneb cap=None maxDisp=None moved=None resid=None | no violating pair to target with a re-placement
   ~ pairs=0 bnd=0 comp=0 maxComp=0 /7 ej=0 /7 att=False matDef=None replaced=0 | skip=no violating pair to target with a re-placement
[    3.1s] pad164.078585-8d174a82-f0.004-m29: mode=29 exactValid=False contractValid=True depth=None raw=164.07458495038526 parent=164.075 fp= | before Nonep/Noneb after Nonep/Noneb cap=None maxDisp=None moved=None resid=None | no violating pair to target with a joint re-placement
   ~ pairs=0 bnd=0 comp=0 maxComp=0 /7 ej=0 /7 att=False matDef=None orders=0/0 swaps=0 cRep=0 cRef=0 | skip=no violating pair to target with a joint re-placement
[    3.1s] pad164.078585-8d174a82-f0.004-m28: mode=28 exactValid=False contractValid=True depth=None raw=164.07458495038526 parent=164.075 fp= | before Nonep/Noneb after Nonep/Noneb cap=None maxDisp=None moved=None resid=None | no violating pair to target with a re-placement
   ~ pairs=0 bnd=0 comp=0 maxComp=0 /7 ej=0 /7 att=False matDef=None replaced=0 | skip=no violating pair to target with a re-placement
[    3.1s] pad164.078585-b081f6bd-f0.002-m33: mode=33 exactValid=False contractValid=True depth=None raw=164.07658495038524 parent=164.077 fp= | before Nonep/Noneb after Nonep/Noneb cap=None maxDisp=None moved=None resid=None | no violating pair to target with a joint re-placement
   ~ pairs=0 bnd=0 comp=0 maxComp=0 /7 ej=0 /7 att=False matDef=None orders=0/0 swaps=0 cRep=0 cRef=0 | skip=no violating pair to target with a joint re-placement
[    3.1s] pad164.078585-b081f6bd-f0.002-m32: mode=32 exactValid=False contractValid=True depth=None raw=164.07658495038524 parent=164.077 fp= | before Nonep/Noneb after Nonep/Noneb cap=None maxDisp=None moved=None resid=None | no violating pair to target with a re-placement
   ~ pairs=0 bnd=0 comp=0 maxComp=0 /7 ej=0 /7 att=False matDef=None replaced=0 | skip=no violating pair to target with a re-placement
[    3.3s] pad164.078585-b081f6bd-f0.002-m29: mode=29 exactValid=False contractValid=True depth=None raw=164.07658495038524 parent=164.077 fp= | before Nonep/Noneb after Nonep/Noneb cap=None maxDisp=None moved=None resid=None | no violating pair to target with a joint re-placement
   ~ pairs=0 bnd=0 comp=0 maxComp=0 /7 ej=0 /7 att=False matDef=None orders=0/0 swaps=0 cRep=0 cRef=0 | skip=no violating pair to target with a joint re-placement
[    3.2s] pad164.078585-b081f6bd-f0.002-m28: mode=28 exactValid=False contractValid=True depth=None raw=164.07658495038524 parent=164.077 fp= | before Nonep/Noneb after Nonep/Noneb cap=None maxDisp=None moved=None resid=None | no violating pair to target with a re-placement
   ~ pairs=0 bnd=0 comp=0 maxComp=0 /7 ej=0 /7 att=False matDef=None replaced=0 | skip=no violating pair to target with a re-placement
[    3.1s] pad164.078585-b081f6bd-f0.004-m33: mode=33 exactValid=False contractValid=True depth=None raw=164.07458495038526 parent=164.075 fp= | before Nonep/Noneb after Nonep/Noneb cap=None maxDisp=None moved=None resid=None | no violating pair to target with a joint re-placement
   ~ pairs=0 bnd=0 comp=0 maxComp=0 /7 ej=0 /7 att=False matDef=None orders=0/0 swaps=0 cRep=0 cRef=0 | skip=no violating pair to target with a joint re-placement
[    3.2s] pad164.078585-b081f6bd-f0.004-m32: mode=32 exactValid=False contractValid=True depth=None raw=164.07458495038526 parent=164.075 fp= | before Nonep/Noneb after Nonep/Noneb cap=None maxDisp=None moved=None resid=None | no violating pair to target with a re-placement
   ~ pairs=0 bnd=0 comp=0 maxComp=0 /7 ej=0 /7 att=False matDef=None replaced=0 | skip=no violating pair to target with a re-placement
[    3.2s] pad164.078585-b081f6bd-f0.004-m29: mode=29 exactValid=False contractValid=True depth=None raw=164.07458495038526 parent=164.075 fp= | before Nonep/Noneb after Nonep/Noneb cap=None maxDisp=None moved=None resid=None | no violating pair to target with a joint re-placement
   ~ pairs=0 bnd=0 comp=0 maxComp=0 /7 ej=0 /7 att=False matDef=None orders=0/0 swaps=0 cRep=0 cRef=0 | skip=no violating pair to target with a joint re-placement
[    3.1s] pad164.078585-b081f6bd-f0.004-m28: mode=28 exactValid=False contractValid=True depth=None raw=164.07458495038526 parent=164.075 fp= | before Nonep/Noneb after Nonep/Noneb cap=None maxDisp=None moved=None resid=None | no violating pair to target with a re-placement
   ~ pairs=0 bnd=0 comp=0 maxComp=0 /7 ej=0 /7 att=False matDef=None replaced=0 | skip=no violating pair to target with a re-placement
== 224 arms, 0 below the 164.038568 incumbent
