   Compiling polygon-nesting-core v0.3.0 (/var/lib/t3/worktrees/polygon-nesting/t3code-ae6e3e8a/crates/polygon-nesting-core)
warning: unused variable: `settings`
    --> crates/polygon-nesting-core/src/search/general_persistent_vacancy.rs:4519:5
     |
4519 |     settings: GeneralFastSettings,
     |     ^^^^^^^^ help: if this is intentional, prefix it with an underscore: `_settings`
     |
     = note: `#[warn(unused_variables)]` (part of `#[warn(unused)]`) on by default

warning: function `continuous_rotation_report_armed` is never used
    --> crates/polygon-nesting-core/src/search/general_relaxed.rs:3862:4
     |
3862 | fn continuous_rotation_report_armed(relaxed_settings: GeneralRelaxedSettings) -> bool {
     |    ^^^^^^^^^^^^^^^^^^^^^^^^^^^^^^^^
     |
     = note: `#[warn(dead_code)]` (part of `#[warn(unused)]`) on by default

warning: method `resolved_pair_collides` is never used
     --> crates/polygon-nesting-core/src/search/general_relaxed.rs:17261:8
      |
13155 | impl<'a, K: ExplorationKernel<Shape = OrientedSurrogate> + Default> LaneSearch<'a, K> {
      | ------------------------------------------------------------------------------------- method in this implementation
...
17261 |     fn resolved_pair_collides(
      |        ^^^^^^^^^^^^^^^^^^^^^^

warning: multiple fields are never read
   --> crates/polygon-nesting-core/src/search/general_persistent_vacancy.rs:468:5
    |
467 | struct VacancyQuotas {
    |        ------------- fields in this struct
468 |     piece_count: usize,
    |     ^^^^^^^^^^^
...
473 |     settle_selected_piece_slots: usize,
    |     ^^^^^^^^^^^^^^^^^^^^^^^^^^^
474 |     reconstruction_selected_piece_slots: usize,
    |     ^^^^^^^^^^^^^^^^^^^^^^^^^^^^^^^^^^^
475 |     lns_settle_selected_piece_slots: usize,
    |     ^^^^^^^^^^^^^^^^^^^^^^^^^^^^^^^
476 |     construction_selected_piece_slots: usize,
    |     ^^^^^^^^^^^^^^^^^^^^^^^^^^^^^^^^^
477 |     construction_void_scan_cap: usize,
    |     ^^^^^^^^^^^^^^^^^^^^^^^^^^
478 |     bridge_void_scan_cap: usize,
    |     ^^^^^^^^^^^^^^^^^^^^
479 |     group_drop_pair_visits: usize,
    |     ^^^^^^^^^^^^^^^^^^^^^^
480 |     separation_pair_visits: usize,
    |     ^^^^^^^^^^^^^^^^^^^^^^
    |
    = note: `VacancyQuotas` has derived impls for the traits `Debug` and `Clone`, but these are intentionally ignored during dead code analysis

warning: struct `SettleKey` is never constructed
    --> crates/polygon-nesting-core/src/search/general_persistent_vacancy.rs:4298:8
     |
4298 | struct SettleKey {
     |        ^^^^^^^^^

warning: function `settle_key_for` is never used
    --> crates/polygon-nesting-core/src/search/general_persistent_vacancy.rs:4304:4
     |
4304 | fn settle_key_for(
     |    ^^^^^^^^^^^^^^

warning: function `settle_key_less` is never used
    --> crates/polygon-nesting-core/src/search/general_persistent_vacancy.rs:4318:4
     |
4318 | fn settle_key_less(first: SettleKey, second: SettleKey) -> bool {
     |    ^^^^^^^^^^^^^^^

warning: method `proven_overlap` is never used
   --> crates/polygon-nesting-core/src/search/construction_reject_certificate.rs:643:23
    |
613 |     impl RejectCertificates {
    |     ----------------------- method in this implementation
...
643 |         pub(crate) fn proven_overlap(&self, active: &[bool], discs: usize) -> Option<f64> {
    |                       ^^^^^^^^^^^^^^

warning: field `wall_target_seconds` is never read
    --> crates/polygon-nesting-core/src/search/portfolio.rs:3156:5
     |
3132 | struct BudgetMeter {
     |        ----------- field in this struct
...
3156 |     wall_target_seconds: Option<f64>,
     |     ^^^^^^^^^^^^^^^^^^^

warning: constant `SCHEDULE_RUNGS` is never used
    --> crates/polygon-nesting-core/src/search/portfolio.rs:5903:7
     |
5903 | const SCHEDULE_RUNGS: usize = 9;
     |       ^^^^^^^^^^^^^^

warning: variable does not need to be mutable
     --> crates/polygon-nesting-core/src/search/portfolio.rs:10104:13
      |
10104 |         let mut settings = PortfolioSettings::new(
      |             ----^^^^^^^^
      |             |
      |             help: remove this `mut`
      |
      = note: `#[warn(unused_mut)]` (part of `#[warn(unused)]`) on by default

warning: `polygon-nesting-core` (lib) generated 10 warnings (run `cargo fix --lib -p polygon-nesting-core` to apply 1 suggestion)
   Compiling polygon-nesting-cli v0.3.0 (/var/lib/t3/worktrees/polygon-nesting/t3code-ae6e3e8a/crates/polygon-nesting-cli)
   Compiling polygon-nesting-napi v0.3.0 (/var/lib/t3/worktrees/polygon-nesting/t3code-ae6e3e8a/crates/polygon-nesting-napi)
warning: `polygon-nesting-core` (lib test) generated 7 warnings (6 duplicates) (run `cargo fix --lib -p polygon-nesting-core --tests` to apply 1 suggestion)
    Finished `test` profile [unoptimized + debuginfo] target(s) in 2.62s
     Running unittests src/lib.rs (target/debug/deps/polygon_nesting_cli-1a0fbb257feb09e0)

running 0 tests

test result: ok. 0 passed; 0 failed; 0 ignored; 0 measured; 17 filtered out; finished in 0.00s

     Running unittests src/lib.rs (target/debug/deps/polygon_nesting_core-93d596cd61151161)

running 14 tests
test validation::round_envelope::tests::a_coordinate_outside_the_domain_gets_no_certificate ... ok
test validation::round_envelope::tests::a_diagonal_gap_is_measured_as_a_distance_and_not_per_axis ... ok
test validation::round_envelope::tests::crossing_rings_are_refused_at_the_smallest_certified_radius ... ok
test validation::round_envelope::tests::the_interior_projection_branch_is_exact_at_the_micron ... ok
test validation::round_envelope::tests::the_kernel_does_not_certify_at_zero_expansion ... ok
test validation::round_envelope::tests::the_domain_bound_keeps_every_intermediate_inside_i128 ... ok
test validation::round_envelope::tests::the_kernel_is_disarmed_by_default_and_the_mode_round_trips ... ok
test validation::round_envelope::tests::a_contained_piece_is_refused_at_every_radius ... ok
test validation::round_envelope::tests::the_boundary_half_flips_at_one_micron ... ok
test validation::round_envelope::tests::a_piece_inside_a_wide_hole_is_admissible_and_a_narrow_hole_is_not ... ok
test validation::round_envelope::tests::envelopes_that_exactly_touch_are_admissible_and_one_micron_closer_is_not ... ok
test validation::round_envelope::tests::touching_material_is_refused_from_one_micron_up ... ok
test validation::round_envelope::tests::the_pair_predicate_is_monotone_in_the_radius ... ok
test validation::round_envelope::tests::the_box_certificate_never_disagrees_with_the_narrow_scan ... ok

test result: ok. 14 passed; 0 failed; 0 ignored; 0 measured; 884 filtered out; finished in 0.03s

     Running unittests src/lib.rs (target/debug/deps/polygon_nesting_dxf-054f5d818e6f566a)

running 0 tests

test result: ok. 0 passed; 0 failed; 0 ignored; 0 measured; 7 filtered out; finished in 0.00s

     Running unittests src/lib.rs (target/debug/deps/polygon_nesting_napi-2e05601c64ff5330)

running 0 tests

test result: ok. 0 passed; 0 failed; 0 ignored; 0 measured; 40 filtered out; finished in 0.00s

     Running unittests src/lib.rs (target/debug/deps/polygon_nesting_protocol-6918c2c169b37578)

running 0 tests

test result: ok. 0 passed; 0 failed; 0 ignored; 0 measured; 0 filtered out; finished in 0.00s

