1788768416 5.43 2.47 1.61 9/579 2556586
1788768421 5.63 2.56 1.64 10/575 2559744
1788768426 5.98 2.69 1.69 2/568 2567637
1788768431 5.58 2.66 1.69 12/567 2571609
1788768436 5.78 2.75 1.72 15/613 2579345
1788768441 5.96 2.83 1.75 12/537 2583672
1788768446 6.12 2.92 1.79 9/537 2587617
1788768451 6.27 3.00 1.82 9/537 2590828
1788768456 6.17 3.04 1.84 9/537 2595273
1788768461 6.32 3.12 1.87 6/532 2597926
1788768466 6.45 3.20 1.91 9/537 2602020
1788768471 6.09 3.18 1.91 10/537 2604791
1788768476 6.17 3.24 1.93 3/531 2608752
1788768481 6.31 3.32 1.97 2/530 2611443
1788768486 5.89 3.28 1.96 8/534 2615752
1788768491 5.66 3.28 1.97 10/544 2618833
1788768496 5.92 3.37 2.01 11/537 2628327
1788768501 6.09 3.45 2.04 9/543 2636703
1788768506 6.16 3.51 2.06 9/543 2646764
1788768511 6.07 3.54 2.08 8/542 2655959
1788768516 6.23 3.61 2.11 11/542 2666276
1788768521 6.21 3.65 2.13 2/535 2673144
1788768526 6.51 3.76 2.18 9/542 2682205
1788768531 6.63 3.83 2.21 8/541 2690976
1788768536 6.74 3.90 2.24 9/541 2702259
1788768541 6.84 3.96 2.27 9/541 2708697
1788768546 6.61 3.97 2.28 8/538 2718214
1788768551 6.08 3.90 2.27 8/543 2725569
1788768556 6.00 3.92 2.28 11/542 2733684
1788768561 6.16 3.99 2.31 9/542 2740655
1788768566 6.14 4.02 2.33 9/542 2749444
1788768571 6.29 4.09 2.36 2/534 2759256
1788768576 6.35 4.13 2.39 2/534 2770349
1788768581 6.24 4.15 2.40 9/541 2778489
1788768586 6.38 4.21 2.43 11/542 2783766
1788768591 6.51 4.28 2.46 10/542 2788665
1788768596 6.71 4.35 2.50 7/540 2795810
1788768601 6.82 4.42 2.53 9/542 2801317
1788768606 6.51 4.39 2.53 6/536 2809738
1788768611 6.31 4.38 2.54 2/533 2814418
1788768616 6.44 4.44 2.57 9/542 2820790
1788768621 6.73 4.54 2.61 9/542 2826121
1788768626 7.23 4.68 2.67 5/538 2831598
1788768631 7.13 4.70 2.68 9/541 2840289
1788768636 6.88 4.69 2.69 9/540 2845526
1788768641 7.13 4.78 2.73 9/541 2850027
1788768646 6.64 4.71 2.72 5/540 2855478
1788768651 6.75 4.77 2.75 9/544 2861009
1788768656 6.53 4.75 2.76 9/543 2867133
1788768661 6.33 4.74 2.76 9/543 2872800
1788768666 6.22 4.75 2.78 9/542 2879013
1788768671 6.28 4.78 2.80 7/540 2884486
1788768676 6.10 4.77 2.81 2/534 2895649
1788768681 6.25 4.82 2.83 10/543 2904077
1788768686 5.83 4.76 2.82 12/543 2913578
1788768691 5.76 4.77 2.84 6/539 2923093
1788768696 5.38 4.70 2.83 9/541 2933098
1788768701 5.03 4.64 2.81 14/541 2940254
1788768706 4.71 4.58 2.81 9/542 2948804
1788768711 5.21 4.69 2.85 9/543 2958024
1788768716 4.87 4.63 2.84 10/541 2967109
1788768721 5.13 4.68 2.87 7/538 2974383
1788768726 4.79 4.62 2.86 3/535 2982901
1788768731 4.81 4.63 2.87 9/541 2991102
1788768736 4.51 4.57 2.86 2/535 2998071
1788768741 4.55 4.57 2.87 7/536 3005410
1788768746 4.26 4.51 2.86 11/537 3013567
1788768751 4.00 4.45 2.85 9/536 3022594
1788768756 4.16 4.48 2.87 9/536 3031743
1788768761 4.47 4.54 2.89 6/533 3040347
1788768766 4.19 4.48 2.88 11/536 3045576
1788768771 4.58 4.56 2.92 9/537 3050300
1788768776 4.29 4.50 2.91 7/534 3058071
1788768781 4.59 4.56 2.93 9/537 3063650
1788768786 4.30 4.50 2.92 9/537 3071063
1788768791 4.68 4.57 2.96 5/531 3075755
1788768796 4.94 4.63 2.98 9/536 3081322
1788768801 5.19 4.68 3.01 11/537 3086694
1788768806 5.57 4.77 3.05 10/537 3092275
1788768811 5.45 4.76 3.05 13/536 3099869
1788768816 5.73 4.83 3.09 9/535 3105842
1788768821 5.91 4.88 3.11 10/536 3110351
1788768826 6.08 4.93 3.14 9/536 3115260
1788768831 6.23 4.99 3.17 3/530 3121000
1788768836 6.38 5.04 3.19 9/537 3126955
1788768841 6.11 5.00 3.19 9/536 3132950
1788768846 5.86 4.97 3.19 5/532 3139484
1788768851 6.11 5.04 3.22 9/536 3144605
1788768856 6.26 5.09 3.25 9/535 3153021
1788768861 6.32 5.12 3.27 9/536 3162698
1788768866 5.89 5.05 3.25 7/533 3171999
1788768871 6.06 5.10 3.28 17/536 3180938
1788768876 6.30 5.16 3.31 6/533 3187167
1788768881 6.43 5.21 3.34 12/535 3194500
1788768886 6.08 5.16 3.33 9/535 3209481
1788768891 6.23 5.20 3.35 3/529 3217502
1788768896 6.45 5.27 3.39 4/531 3224017
1788768901 6.58 5.31 3.41 3/529 3233747
1788768906 6.69 5.36 3.44 2/527 3239912
1788768911 6.72 5.39 3.45 8/535 3246715
1788768916 6.82 5.43 3.48 9/536 3254351
1788768921 6.76 5.44 3.49 9/537 3263547
1788768926 6.61 5.43 3.50 9/537 3270616
1788768931 6.81 5.49 3.53 9/535 3282171
1788768936 6.90 5.53 3.56 9/536 3289288
1788768941 6.99 5.57 3.58 8/535 3298236
1788768946 7.07 5.61 3.60 10/540 3303388
1788768951 6.99 5.62 3.62 9/540 3306260
1788768956 6.99 5.64 3.64 12/539 3311052
1788768961 7.07 5.68 3.66 9/539 3313943
1788768966 7.14 5.72 3.68 3/533 3318356
1788768971 7.21 5.76 3.71 5/533 3321165
1788768976 7.28 5.80 3.73 10/556 3328546
1788768981 7.49 5.87 3.76 9/537 3331555
1788768986 7.53 5.90 3.79 7/535 3335000
1788768991 7.57 5.94 3.81 3/529 3338254
1788768996 7.29 5.91 3.81 13/536 3342767
1788769001 7.10 5.89 3.82 9/536 3345684
1788769006 7.09 5.91 3.83 9/537 3349370
1788769011 7.33 5.98 3.87 4/532 3352493
1788769016 7.38 6.01 3.89 9/537 3356162
1788769021 7.43 6.04 3.91 9/537 3359269
1788769026 7.48 6.08 3.93 5/531 3363235
1788769031 7.52 6.11 3.96 9/536 3366188
1788769036 7.72 6.17 3.99 9/536 3371650
1788769041 7.74 6.21 4.01 14/537 3381649
1788769046 7.60 6.20 4.02 15/662 3389384
1788769051 7.63 6.23 4.04 5/553 3399060
1788769056 7.66 6.26 4.07 10/557 3404937
1788769061 7.29 6.21 4.06 7/554 3412752
1788769066 7.03 6.17 4.06 9/553 3425341
1788769071 6.78 6.13 4.06 12/556 3434481
1788769076 6.72 6.13 4.07 10/555 3440222
1788769081 6.58 6.11 4.07 8/538 3450625
1788769086 6.70 6.14 4.10 3/533 3459661
1788769091 6.80 6.18 4.12 9/539 3467862
1788769096 6.90 6.21 4.14 9/539 3474579
1788769102 7.23 6.29 4.18 7/537 3484741
1788769107 7.53 6.37 4.21 9/540 3489954
1788769112 7.49 6.38 4.23 13/539 3502965
1788769117 7.21 6.34 4.23 5/536 3508970
1788769122 6.79 6.26 4.21 2/532 3518661
1788769127 6.89 6.29 4.23 2/532 3523946
1788769132 6.74 6.27 4.24 9/540 3527324
1788769137 6.52 6.23 4.24 2/532 3531821
1788769142 6.56 6.25 4.25 11/539 3535152
1788769147 6.59 6.26 4.27 2/532 3538860
1788769152 6.06 6.16 4.24 10/541 3541924
1788769157 6.06 6.15 4.25 2/532 3548850
1788769162 5.73 6.08 4.24 3/534 3552460
1788769167 5.43 6.02 4.23 3/532 3555697
1788769172 5.48 6.02 4.24 11/542 3559106
1788769177 5.68 6.05 4.26 2/534 3563408
1788769182 5.71 6.05 4.27 9/542 3566701
1788769187 5.97 6.10 4.30 2/534 3569916
1788769192 5.97 6.09 4.31 10/539 3573178
1788769197 5.49 5.99 4.28 2/539 3577208
1788769202 5.54 5.99 4.29 9/542 3580711
1788769207 5.65 6.01 4.31 6/534 3584534
1788769212 5.84 6.04 4.33 8/541 3587770
1788769217 6.01 6.08 4.35 2/536 3592332
1788769222 5.77 6.03 4.34 4/538 3602428
1788769227 5.95 6.06 4.36 3/536 3610143
1788769232 5.79 6.02 4.36 8/543 3621010
1788769237 5.41 5.94 4.34 2/536 3629699
1788769242 5.06 5.86 4.32 23/544 3639626
1788769247 4.97 5.83 4.32 2/539 3646601
1788769252 5.21 5.86 4.34 4/542 3656553
1788769257 5.60 5.93 4.37 2/539 3664797
1788769262 5.63 5.93 4.38 6/544 3674602
1788769267 5.90 5.99 4.40 2/539 3680811
1788769272 5.99 6.00 4.42 3/537 3690170
1788769277 6.15 6.04 4.44 2/537 3696468
1788769282 6.22 6.05 4.45 11/558 3705587
1788769287 6.52 6.12 4.48 11/558 3711259
1788769292 6.80 6.18 4.51 10/558 3720949
1788769297 6.82 6.20 4.52 9/546 3731995
1788769302 6.67 6.18 4.53 9/544 3741037
1788769307 6.54 6.16 4.53 9/545 3748156
1788769312 6.89 6.24 4.57 5/543 3752566
1788769317 7.54 6.38 4.62 10/563 3758574
1788769322 7.58 6.41 4.64 8/561 3763905
1788769327 7.13 6.34 4.63 9/560 3771808
1788769332 7.20 6.36 4.64 9/561 3776858
1788769337 6.79 6.29 4.63 15/553 3782915
1788769342 6.88 6.32 4.65 9/553 3787657
1788769347 6.97 6.35 4.67 9/537 3794159
1788769352 6.89 6.34 4.67 10/536 3800404
1788769357 6.90 6.35 4.69 5/532 3807894
1788769362 7.07 6.40 4.71 9/537 3812484
1788769367 6.91 6.37 4.71 10/537 3817591
1788769372 7.07 6.42 4.73 3/531 3822583
1788769377 7.31 6.48 4.76 12/536 3828280
1788769382 7.12 6.45 4.76 9/537 3834478
1788769387 7.11 6.46 4.78 11/537 3840630
1788769392 7.02 6.45 4.78 9/537 3845578
1788769397 6.94 6.45 4.79 3/531 3854421
1788769402 6.47 6.36 4.77 1/546 3855794
1788769407 5.95 6.25 4.74 1/526 3855801
1788769412 5.47 6.15 4.72 1/525 3855804
1788769417 5.43 6.13 4.72 1/524 3855807
1788769422 5.00 6.02 4.69 1/524 3855811
1788769427 4.60 5.92 4.67 1/525 3855815
1788769432 4.23 5.83 4.64 1/525 3855818
1788769437 3.89 5.73 4.62 1/525 3855859
1788769442 3.58 5.63 4.59 1/527 3855885
1788769447 3.29 5.54 4.57 1/527 3856009
1788769452 3.03 5.45 4.54 1/527 3856109
1788769457 2.79 5.36 4.52 1/527 3856165
1788769462 2.64 5.28 4.50 1/527 3856168
1788769467 2.43 5.20 4.48 1/526 3856298
1788769472 2.24 5.11 4.45 1/527 3856302
1788769477 2.06 5.02 4.43 6/527 3856305
1788769482 1.89 4.94 4.40 1/526 3856309
1788769487 1.74 4.86 4.38 1/525 3856312
1788769492 1.68 4.79 4.36 1/525 3856354
1788769497 1.63 4.73 4.34 2/527 3856371
1788769502 1.50 4.65 4.32 1/527 3856746
1788769507 1.37 4.57 4.30 1/527 3856806
1788769512 1.26 4.50 4.27 1/527 3856852
1788769517 1.24 4.44 4.25 1/527 3856908
1788769522 1.14 4.37 4.23 2/526 3856911
1788769527 1.05 4.29 4.21 1/527 3857041
1788769532 0.97 4.22 4.19 1/528 3857046
1788769537 0.89 4.15 4.16 1/528 3857088
1788769542 0.82 4.08 4.14 1/528 3857092
1788769547 0.75 4.02 4.12 1/529 3857139
1788769552 0.69 3.95 4.10 6/529 3857142
1788769557 0.64 3.88 4.07 1/527 3857150
1788769562 0.58 3.82 4.05 1/528 3857222
1788769567 0.54 3.75 4.03 1/525 3857225
1788769572 0.49 3.69 4.01 2/525 3857243
1788769577 0.45 3.63 3.99 1/525 3857299
1788769582 0.42 3.57 3.96 1/525 3857351
1788769587 0.38 3.51 3.94 1/525 3857480
1788769592 0.35 3.45 3.92 1/525 3857483
1788769597 0.32 3.39 3.90 1/524 3857486
1788769602 0.30 3.34 3.88 1/523 3857490
1788769607 0.27 3.28 3.86 1/525 3857495
1788769612 0.25 3.23 3.84 1/525 3857498
1788769617 0.23 3.17 3.82 1/525 3857501
1788769622 0.21 3.12 3.79 1/525 3857855
1788769627 0.60 3.15 3.80 2/525 3857872
1788769632 0.63 3.12 3.79 1/527 3857946
1788769637 0.58 3.06 3.77 1/527 3858004
1788769642 0.53 3.01 3.75 1/525 3858015
1788769647 0.57 2.98 3.73 1/525 3858142
1788769652 0.52 2.93 3.71 1/525 3858241
1788769657 0.48 2.88 3.69 1/525 3858271
1788769662 0.44 2.83 3.67 1/524 3858290
1788769667 0.41 2.79 3.65 1/524 3858294
1788769672 0.37 2.74 3.63 1/524 3858318
1788769677 0.34 2.69 3.61 1/524 3858360
1788769682 0.32 2.65 3.59 1/526 3858460
1788769687 0.29 2.60 3.57 1/526 3858491
1788769692 0.27 2.56 3.55 2/538 3858556
1788769697 0.33 2.53 3.54 2/538 3858618
1788769702 0.38 2.51 3.52 2/541 3858624
1788769707 0.43 2.48 3.51 2/541 3858748
1788769712 0.48 2.46 3.50 2/541 3858751
1788769717 0.52 2.43 3.48 2/541 3858754
1788769722 0.56 2.41 3.47 2/539 3858812
1788769727 0.59 2.39 3.46 4/538 3858822
1788769732 0.63 2.36 3.44 3/539 3858827
1788769737 0.82 2.37 3.44 2/538 3858879
1788769742 0.83 2.35 3.43 2/537 3859278
1788769747 0.84 2.33 3.41 2/538 3859282
1788769752 0.86 2.31 3.40 2/545 3859348
1788769757 0.87 2.28 3.39 2/545 3859414
1788769762 0.88 2.26 3.37 3/544 3859417
1788769767 0.89 2.24 3.36 2/544 3859587
1788769772 0.90 2.22 3.35 2/544 3859590
1788769777 0.91 2.20 3.33 2/546 3859625
1788769782 0.91 2.18 3.32 7/550 3859695
1788769787 0.92 2.16 3.31 2/545 3859700
1788769792 0.93 2.14 3.30 2/545 3859703
1788769797 0.93 2.12 3.28 3/547 3859735
1788769802 0.94 2.10 3.27 3/552 3860085
1788769807 0.94 2.08 3.26 2/538 3862277
1788769812 1.59 2.20 3.29 9/545 3872839
1788769817 1.86 2.25 3.30 2/537 3883403
1788769822 2.03 2.27 3.30 9/547 3893596
1788769827 2.51 2.37 3.33 2/559 3899182
1788769832 2.71 2.41 3.34 6/547 3907461
1788769837 3.14 2.51 3.36 2/543 3920368
1788769842 3.85 2.66 3.41 11/567 3929088
1788769847 4.26 2.77 3.44 2/560 3935104
1788769852 4.48 2.84 3.46 9/567 3945951
1788769857 4.28 2.83 3.45 2/560 3951446
1788769862 4.02 2.79 3.44 7/570 3957312
1788769867 4.34 2.88 3.46 9/566 3964661
1788769872 4.31 2.90 3.47 9/550 3973426
1788769877 4.60 2.99 3.49 3/542 3983156
1788769882 4.88 3.07 3.52 2/540 3988988
1788769887 4.49 3.02 3.50 1/531 3989553
1788769892 4.13 2.97 3.48 1/531 3989683
1788769897 3.88 2.93 3.46 1/527 3989773
1788769902 3.65 2.90 3.45 1/527 3989870
1788769907 3.35 2.85 3.43 1/528 3989874
1788769912 3.08 2.81 3.41 1/528 3989928
1788769917 2.84 2.76 3.39 1/528 3989931
1788769922 3.01 2.80 3.40 1/528 3989974
1788769927 2.77 2.75 3.38 1/528 3989977
1788769932 2.55 2.70 3.37 1/532 3990054
1788769937 2.42 2.68 3.35 1/532 3990151
1788769942 2.23 2.63 3.33 1/530 3990158
1788769947 2.13 2.60 3.32 1/529 3990200
1788769952 1.96 2.56 3.30 1/529 3990331
1788769957 1.80 2.52 3.29 1/528 3990335
1788769962 1.66 2.48 3.27 2/528 3990339
1788769967 1.53 2.43 3.25 1/529 3990343
1788769972 1.40 2.39 3.23 1/529 3990346
1788769978 1.29 2.35 3.21 1/527 3990349
1788769983 1.19 2.31 3.20 1/525 3990391
1788769988 1.09 2.28 3.18 2/539 3990486
1788769993 1.08 2.25 3.17 3/541 3990883
1788769998 1.08 2.23 3.16 3/543 3991528
1788770003 1.07 2.21 3.14 2/543 3991531
1788770008 1.15 2.21 3.14 2/543 3991534
1788770013 1.13 2.19 3.13 2/543 3991661
1788770018 1.12 2.17 3.11 2/543 3991664
1788770023 1.11 2.15 3.10 2/543 3991676
1788770028 1.10 2.13 3.09 2/541 3991728
1788770033 1.18 2.13 3.08 3/538 3991777
1788770038 1.16 2.11 3.07 2/540 3991821
1788770043 1.15 2.09 3.06 2/546 3991960
1788770048 1.14 2.07 3.05 3/546 3991963
1788770053 1.12 2.05 3.04 2/546 3991968
1788770058 1.11 2.03 3.03 2/546 3992033
1788770063 1.11 2.02 3.02 2/546 3992067
1788770068 1.10 2.00 3.01 2/546 3992070
1788770073 1.09 1.98 3.00 3/545 3992254
1788770078 1.08 1.97 2.98 2/545 3992257
1788770083 1.07 1.95 2.97 2/545 3992302
1788770088 1.07 1.93 2.96 2/545 3992328
1788770093 1.06 1.92 2.95 2/545 3993487
1788770098 1.06 1.90 2.94 1/530 3996238
1788770103 0.97 1.87 2.93 1/528 3996281
1788770108 0.89 1.84 2.91 1/528 3996309
1788770113 0.82 1.81 2.89 1/528 3996312
1788770118 0.76 1.78 2.88 1/529 3996369
1788770123 0.70 1.75 2.86 1/525 4000912
1788770128 0.64 1.72 2.85 1/525 4000954
1788770133 0.59 1.69 2.83 1/525 4000984
1788770138 0.54 1.66 2.81 1/525 4000987
1788770143 0.50 1.64 2.80 2/525 4000991
1788770148 0.46 1.61 2.78 1/525 4000994
1788770153 0.42 1.58 2.77 1/525 4000997
1788770158 0.39 1.55 2.75 2/532 4001066
1788770163 0.44 1.55 2.74 2/641 4001625
1788770168 0.48 1.54 2.73 2/658 4001668
1788770173 0.52 1.53 2.72 3/654 4001748
1788770178 0.56 1.52 2.72 2/655 4001870
1788770183 1.80 1.76 2.79 3/684 4002008
1788774863 2.46 1.04 0.58 8/584 4175378
1788774868 3.06 1.19 0.63 9/583 1464
1788774873 3.38 1.29 0.67 13/585 14934
1788774878 4.23 1.50 0.74 10/586 30718
1788774883 4.13 1.52 0.75 8/584 45698
1788774888 4.84 1.71 0.82 9/585 57643
1788774893 4.53 1.70 0.82 6/582 72179
1788774898 5.05 1.86 0.87 3/576 85287
1788774903 4.73 1.84 0.87 9/581 98025
1788774908 4.67 1.88 0.89 15/581 114955
1788774913 4.93 1.98 0.93 6/577 130003
1788774918 5.26 2.10 0.97 4/577 142444
1788774923 5.24 2.15 1.00 2/575 157655
1788774928 5.46 2.24 1.03 8/579 171142
1788774933 5.58 2.32 1.07 10/602 184633
1788774938 5.78 2.42 1.10 9/584 196701
1788774943 5.96 2.51 1.14 3/630 211874
1788774948 6.04 2.58 1.17 2/576 223653
1788774953 5.96 2.62 1.19 3/597 239084
1788774958 6.20 2.73 1.23 11/642 251223
1788774963 6.18 2.79 1.26 21/682 262517
1788774968 6.33 2.87 1.30 5/698 276455
1788774973 6.78 3.02 1.35 11/731 288730
1788774978 6.64 3.06 1.37 9/732 299464
1788774983 6.83 3.16 1.42 14/735 309193
1788774988 7.16 3.29 1.47 6/736 318922
1788774993 7.55 3.43 1.52 13/741 329293
1788774998 7.75 3.54 1.57 11/709 346318
1788775003 7.61 3.58 1.59 8/662 363417
1788775008 7.56 3.64 1.62 27/827 377847
1788775013 8.96 3.99 1.75 15/847 383840
1788775018 9.44 4.18 1.82 12/867 396086
1788775023 9.41 4.26 1.86 18/841 406173
1788775028 11.78 4.83 2.06 27/845 415025
1788775033 11.71 4.94 2.11 6/715 436104
1788775038 11.42 4.99 2.14 9/596 452559
1788775043 11.22 5.06 2.18 4/591 475932
1788775048 10.32 4.97 2.16 11/596 500986
1788775053 9.50 4.89 2.15 9/597 514940
1788775058 9.38 4.94 2.18 8/592 529642
1788775063 8.95 4.92 2.19 3/614 545925
1788775068 8.87 4.98 2.23 2/592 558144
1788775073 8.80 5.03 2.26 6/605 574044
1788775078 8.73 5.08 2.29 9/597 588222
1788775083 8.52 5.09 2.31 8/596 600963
1788775088 8.07 5.06 2.31 9/601 616688
1788775093 8.07 5.11 2.34 12/601 633354
1788775098 7.50 5.04 2.34 8/663 645856
1788775103 7.62 5.10 2.37 3/685 660904
1788775108 8.21 5.27 2.44 10/751 674088
1788775113 8.04 5.28 2.46 10/751 687395
1788775118 7.55 5.23 2.46 14/752 698946
1788775123 7.43 5.24 2.47 10/736 713530
1788775128 6.91 5.17 2.47 3/721 725197
1788775133 6.84 5.18 2.49 6/724 739935
1788775138 6.45 5.13 2.48 12/736 753246
1788775143 6.41 5.14 2.50 10/679 765693
1788775148 6.14 5.11 2.50 8/722 779229
1788775153 7.17 5.34 2.59 5/781 791563
1788775158 6.76 5.28 2.59 9/785 804171
1788775163 6.62 5.28 2.60 7/782 813784
1788775168 6.25 5.22 2.60 3/779 826047
1788775173 5.91 5.17 2.60 8/782 836954
1788775178 5.59 5.12 2.59 12/786 853407
1788775183 5.79 5.17 2.62 11/786 870431
1788775188 5.48 5.11 2.62 7/783 887601
1788775193 5.76 5.18 2.65 6/734 900185
1788775198 5.46 5.12 2.65 7/816 913053
1788775203 5.83 5.21 2.69 10/831 925530
1788775208 5.52 5.15 2.69 5/817 944489
1788775213 5.80 5.22 2.72 8/816 967078
1788775218 5.49 5.16 2.72 4/813 982252
1788775223 5.37 5.14 2.72 9/818 1001457
1788775228 5.18 5.11 2.72 9/818 1024848
1788775233 5.41 5.16 2.75 5/811 1040149
1788775238 5.38 5.15 2.77 6/699 1053734
1788775243 5.75 5.23 2.81 5/698 1070614
1788775248 6.01 5.30 2.84 13/699 1083475
1788775253 5.61 5.22 2.83 2/691 1097042
1788775258 5.80 5.27 2.86 2/691 1110801
1788775263 5.97 5.32 2.88 10/700 1124220
1788775268 6.14 5.36 2.91 9/702 1138452
1788775273 6.29 5.41 2.94 9/702 1156309
1788775278 6.58 5.48 2.98 9/703 1168547
1788775283 6.46 5.47 2.99 3/697 1183145
1788775288 6.42 5.48 3.01 5/702 1196495
1788775293 6.55 5.52 3.03 10/705 1210761
1788775298 6.98 5.63 3.08 13/891 1222171
1788775303 7.15 5.69 3.11 10/975 1236215
1788775308 7.29 5.74 3.14 4/974 1248844
1788775313 7.19 5.75 3.16 10/1221 1263801
1788775318 7.82 5.90 3.22 12/902 1277794
1788775323 7.43 5.85 3.22 9/857 1290646
1788775328 7.00 5.79 3.22 12/859 1305754
1788775333 7.00 5.81 3.24 8/1012 1318625
1788775338 7.00 5.83 3.26 8/1100 1330398
1788775343 6.84 5.82 3.27 6/1104 1340125
1788775348 7.41 5.95 3.32 12/1351 1352655
1788775353 7.54 6.00 3.36 15/1110 1364089
1788775359 7.73 6.07 3.39 5/1114 1381072
1788775364 7.52 6.05 3.40 9/1355 1400057
1788775369 7.15 6.00 3.40 9/980 1418690
1788775374 7.14 6.02 3.42 1/973 1431118
1788775379 7.13 6.03 3.44 9/1124 1444440
1788775384 6.88 6.00 3.44 7/1224 1456955
1788775389 7.21 6.08 3.48 16/1495 1475012
1788775394 6.95 6.05 3.48 11/1217 1498841
1788775399 6.71 6.01 3.49 2/1103 1513358
1788775404 6.26 5.93 3.47 2/1153 1513676
1788775409 5.84 5.85 3.46 2/1104 1513696
1788775414 5.45 5.77 3.45 2/1104 1514079
1788775419 5.09 5.69 3.43 2/1104 1514082
1788775424 4.84 5.63 3.43 2/1127 1514302
1788775429 4.62 5.57 3.42 2/1127 1514305
1788775434 4.33 5.49 3.40 2/1126 1514406
1788775439 4.06 5.41 3.39 4/1127 1514458
1788775444 3.81 5.34 3.38 2/1125 1514463
1788775449 3.59 5.27 3.36 2/1125 1514573
1788775454 3.38 5.20 3.35 2/1128 1514608
1788775459 3.19 5.13 3.34 2/1130 1514754
1788775464 3.01 5.06 3.33 3/1129 1514759
1788775469 2.85 4.99 3.31 2/1127 1514821
1788775474 2.70 4.92 3.30 2/1127 1515128
1788775479 2.73 4.89 3.30 3/1127 1515185
1788775484 2.59 4.83 3.29 4/1128 1515242
1788775489 2.46 4.76 3.27 2/1125 1515249
1788775494 2.35 4.70 3.26 2/1129 1515369
1788775499 2.24 4.64 3.25 2/1129 1515372
1788775504 2.14 4.58 3.24 2/1128 1515437
1788775509 2.05 4.52 3.22 2/1116 1520858
1788775514 2.60 4.59 3.26 9/1126 1545740
1788775519 2.80 4.60 3.27 5/1122 1566963
1788775524 2.97 4.61 3.27 11/1126 1585998
1788775529 2.81 4.55 3.26 9/1145 1614893
1788775534 2.99 4.56 3.27 9/1128 1633656
1788775539 2.91 4.51 3.27 2/1127 1641803
1788775544 2.76 4.45 3.25 2/1125 1641820
1788775549 2.62 4.40 3.24 2/1128 1641854
1788775554 2.49 4.34 3.23 2/1128 1641951
1788775559 2.37 4.28 3.22 2/1130 1642015
1788775564 2.26 4.23 3.20 2/1130 1642022
1788775569 2.16 4.18 3.19 9/1129 1642069
1788775574 2.06 4.12 3.18 2/1129 1642082
1788775579 1.98 4.07 3.17 4/1130 1642173
1788775584 1.98 4.04 3.16 2/1125 1642226
1788775589 1.90 3.99 3.15 3/1125 1642326
1788775594 1.91 3.95 3.14 3/1125 1642646
1788775599 1.84 3.90 3.13 3/1127 1642657
1788775604 2.01 3.91 3.14 2/1126 1642719
1788775609 1.93 3.86 3.12 2/1126 1642724
1788775614 1.93 3.83 3.12 3/1131 1642827
1788775619 1.86 3.78 3.11 2/1131 1642830
1788775624 1.79 3.73 3.10 2/1131 1642841
1788775629 1.89 3.72 3.09 2/1135 1643174
1788775634 2.06 3.72 3.10 3/1132 1643223
1788775639 1.97 3.68 3.09 2/1129 1643398
1788775644 1.97 3.65 3.08 3/1129 1643405
1788775649 1.90 3.61 3.07 9/1158 1645841
1788775654 1.90 3.58 3.06 3/1117 1647583
1788775659 1.91 3.55 3.06 2/1111 1648565
1788775664 1.92 3.53 3.05 2/1111 1648627
1788775669 1.85 3.49 3.04 3/1108 1648912
1788775674 1.70 3.43 3.02 1/1105 1649018
1788775679 1.56 3.37 3.01 1/1104 1649084
1788775684 1.52 3.33 3.00 3/1108 1649119
1788775689 1.47 3.29 2.99 4/1129 1649225
1788775694 1.44 3.25 2.98 1/1102 1649318
1788775699 1.32 3.20 2.96 1/1103 1649536
1788775704 1.22 3.15 2.94 1/1104 1649542
1788775709 1.12 3.09 2.93 1/1104 1649578
1788775714 1.11 3.06 2.92 1/1105 1649648
1788775719 1.34 3.07 2.92 2/1107 1651780
1788775724 1.31 3.04 2.91 2/1107 1651885
1788775729 1.29 3.01 2.90 1/1105 1652031
1788775734 1.18 2.96 2.89 1/1106 1652119
1788775739 1.09 2.91 2.87 1/1106 1652155
1788775744 1.00 2.86 2.85 11/1138 1666810
1788775749 0.92 2.81 2.84 1/1104 1668406
1788775754 0.85 2.76 2.82 1/1103 1668409
1788775759 0.78 2.72 2.81 1/1103 1668449
1788775764 0.72 2.67 2.79 1/1104 1668459
1788775769 0.66 2.63 2.78 1/1105 1668463
1788775774 0.61 2.58 2.76 1/1104 1668504
1788775779 0.56 2.54 2.75 1/1104 1668507
1788775784 0.51 2.50 2.73 1/1105 1668512
1788775789 0.55 2.47 2.72 1/1105 1668670
1788775794 0.51 2.43 2.71 1/1106 1668756
1788775799 0.55 2.41 2.70 1/1106 1675326
1788775804 0.50 2.37 2.68 1/1106 1675331
1788775809 0.54 2.34 2.67 1/1105 1675360
1788775814 0.50 2.31 2.66 1/1105 1675363
1788775819 0.46 2.27 2.64 1/1105 1675503
